Archive member included to satisfy reference by file (symbol)

build-mega-atmega2560/libcore.a(wiring.c.o)
                              build-mega-atmega2560/internally_implemented.cpp.o (micros)
build-mega-atmega2560/libcore.a(HardwareSerial.cpp.o)
                              build-mega-atmega2560/avr_gcc.ino.o (_ZN14HardwareSerial9availableEv)
build-mega-atmega2560/libcore.a(HardwareSerial0.cpp.o)
                              build-mega-atmega2560/submitter_implemented.cpp.o (Serial)
build-mega-atmega2560/libcore.a(main.cpp.o)
                              e:/installs/arduino_1_8_16/hardware/tools/avr/bin/../lib/gcc/avr/7.3.0/../../../../avr/lib/avr6/crtatmega2560.o (main)
build-mega-atmega2560/libcore.a(Print.cpp.o)
                              build-mega-atmega2560/libcore.a(HardwareSerial.cpp.o) (_ZN5Print5writeEPKhj)
build-mega-atmega2560/libcore.a(hooks.c.o)
                              build-mega-atmega2560/libcore.a(wiring.c.o) (yield)
build-mega-atmega2560/libcore.a(abi.cpp.o)
                              build-mega-atmega2560/libcore.a(Print.cpp.o) (__cxa_pure_virtual)
e:/installs/arduino_1_8_16/hardware/tools/avr/bin/../lib/gcc/avr/7.3.0/../../../../avr/lib/avr6\libc.a(abort.o)
                              build-mega-atmega2560/libcore.a(abi.cpp.o) (abort)
e:/installs/arduino_1_8_16/hardware/tools/avr/bin/../lib/gcc/avr/7.3.0/../../../../avr/lib/avr6\libc.a(atoi.o)
                              build-mega-atmega2560/internally_implemented.cpp.o (atoi)
e:/installs/arduino_1_8_16/hardware/tools/avr/bin/../lib/gcc/avr/7.3.0/../../../../avr/lib/avr6\libc.a(exit.o)
                              e:/installs/arduino_1_8_16/hardware/tools/avr/bin/../lib/gcc/avr/7.3.0/../../../../avr/lib/avr6/crtatmega2560.o (exit)
e:/installs/arduino_1_8_16/hardware/tools/avr/bin/../lib/gcc/avr/7.3.0/../../../../avr/lib/avr6\libc.a(strtok.o)
                              build-mega-atmega2560/internally_implemented.cpp.o (strtok)
e:/installs/arduino_1_8_16/hardware/tools/avr/bin/../lib/gcc/avr/7.3.0/../../../../avr/lib/avr6\libc.a(memcpy.o)
                              build-mega-atmega2560/internally_implemented.cpp.o (memcpy)
e:/installs/arduino_1_8_16/hardware/tools/avr/bin/../lib/gcc/avr/7.3.0/../../../../avr/lib/avr6\libc.a(strncmp.o)
                              build-mega-atmega2560/internally_implemented.cpp.o (strncmp)
e:/installs/arduino_1_8_16/hardware/tools/avr/bin/../lib/gcc/avr/7.3.0/../../../../avr/lib/avr6\libc.a(strnlen.o)
                              build-mega-atmega2560/submitter_implemented.cpp.o (strnlen)
e:/installs/arduino_1_8_16/hardware/tools/avr/bin/../lib/gcc/avr/7.3.0/../../../../avr/lib/avr6\libc.a(strtok_r.o)
                              e:/installs/arduino_1_8_16/hardware/tools/avr/bin/../lib/gcc/avr/7.3.0/../../../../avr/lib/avr6\libc.a(strtok.o) (strtok_r)
e:/installs/arduino_1_8_16/hardware/tools/avr/bin/../lib/gcc/avr/7.3.0/../../../../avr/lib/avr6\libc.a(mul10.o)
                              e:/installs/arduino_1_8_16/hardware/tools/avr/bin/../lib/gcc/avr/7.3.0/../../../../avr/lib/avr6\libc.a(atoi.o) (__mulhi_const_10)
e:/installs/arduino_1_8_16/hardware/tools/avr/bin/../lib/gcc/avr/7.3.0/../../../../avr/lib/avr6\libc.a(vsnprintf.o)
                              build-mega-atmega2560/submitter_implemented.cpp.o (vsnprintf)
e:/installs/arduino_1_8_16/hardware/tools/avr/bin/../lib/gcc/avr/7.3.0/../../../../avr/lib/avr6\libc.a(addsf3.o)
                              build-mega-atmega2560/libcore.a(Print.cpp.o) (__subsf3)
e:/installs/arduino_1_8_16/hardware/tools/avr/bin/../lib/gcc/avr/7.3.0/../../../../avr/lib/avr6\libc.a(addsf3x.o)
                              e:/installs/arduino_1_8_16/hardware/tools/avr/bin/../lib/gcc/avr/7.3.0/../../../../avr/lib/avr6\libc.a(addsf3.o) (__addsf3x)
e:/installs/arduino_1_8_16/hardware/tools/avr/bin/../lib/gcc/avr/7.3.0/../../../../avr/lib/avr6\libc.a(cmpsf2.o)
                              build-mega-atmega2560/internally_implemented.cpp.o (__ltsf2)
e:/installs/arduino_1_8_16/hardware/tools/avr/bin/../lib/gcc/avr/7.3.0/../../../../avr/lib/avr6\libc.a(divsf3.o)
                              build-mega-atmega2560/internally_implemented.cpp.o (__divsf3)
e:/installs/arduino_1_8_16/hardware/tools/avr/bin/../lib/gcc/avr/7.3.0/../../../../avr/lib/avr6\libc.a(divsf3x.o)
                              e:/installs/arduino_1_8_16/hardware/tools/avr/bin/../lib/gcc/avr/7.3.0/../../../../avr/lib/avr6\libc.a(divsf3.o) (__divsf3x)
e:/installs/arduino_1_8_16/hardware/tools/avr/bin/../lib/gcc/avr/7.3.0/../../../../avr/lib/avr6\libc.a(fixsfsi.o)
                              build-mega-atmega2560/internally_implemented.cpp.o (__fixsfsi)
e:/installs/arduino_1_8_16/hardware/tools/avr/bin/../lib/gcc/avr/7.3.0/../../../../avr/lib/avr6\libc.a(fixunssfsi.o)
                              build-mega-atmega2560/libcore.a(Print.cpp.o) (__fixunssfsi)
e:/installs/arduino_1_8_16/hardware/tools/avr/bin/../lib/gcc/avr/7.3.0/../../../../avr/lib/avr6\libc.a(floatsisf.o)
                              build-mega-atmega2560/libcore.a(Print.cpp.o) (__floatunsisf)
e:/installs/arduino_1_8_16/hardware/tools/avr/bin/../lib/gcc/avr/7.3.0/../../../../avr/lib/avr6\libc.a(fp_cmp.o)
                              e:/installs/arduino_1_8_16/hardware/tools/avr/bin/../lib/gcc/avr/7.3.0/../../../../avr/lib/avr6\libc.a(cmpsf2.o) (__fp_cmp)
e:/installs/arduino_1_8_16/hardware/tools/avr/bin/../lib/gcc/avr/7.3.0/../../../../avr/lib/avr6\libc.a(fp_inf.o)
                              e:/installs/arduino_1_8_16/hardware/tools/avr/bin/../lib/gcc/avr/7.3.0/../../../../avr/lib/avr6\libc.a(addsf3x.o) (__fp_inf)
e:/installs/arduino_1_8_16/hardware/tools/avr/bin/../lib/gcc/avr/7.3.0/../../../../avr/lib/avr6\libc.a(fp_nan.o)
                              e:/installs/arduino_1_8_16/hardware/tools/avr/bin/../lib/gcc/avr/7.3.0/../../../../avr/lib/avr6\libc.a(addsf3x.o) (__fp_nan)
e:/installs/arduino_1_8_16/hardware/tools/avr/bin/../lib/gcc/avr/7.3.0/../../../../avr/lib/avr6\libc.a(fp_pscA.o)
                              e:/installs/arduino_1_8_16/hardware/tools/avr/bin/../lib/gcc/avr/7.3.0/../../../../avr/lib/avr6\libc.a(addsf3x.o) (__fp_pscA)
e:/installs/arduino_1_8_16/hardware/tools/avr/bin/../lib/gcc/avr/7.3.0/../../../../avr/lib/avr6\libc.a(fp_pscB.o)
                              e:/installs/arduino_1_8_16/hardware/tools/avr/bin/../lib/gcc/avr/7.3.0/../../../../avr/lib/avr6\libc.a(addsf3x.o) (__fp_pscB)
e:/installs/arduino_1_8_16/hardware/tools/avr/bin/../lib/gcc/avr/7.3.0/../../../../avr/lib/avr6\libc.a(fp_round.o)
                              e:/installs/arduino_1_8_16/hardware/tools/avr/bin/../lib/gcc/avr/7.3.0/../../../../avr/lib/avr6\libc.a(addsf3.o) (__fp_round)
e:/installs/arduino_1_8_16/hardware/tools/avr/bin/../lib/gcc/avr/7.3.0/../../../../avr/lib/avr6\libc.a(fp_split3.o)
                              e:/installs/arduino_1_8_16/hardware/tools/avr/bin/../lib/gcc/avr/7.3.0/../../../../avr/lib/avr6\libc.a(addsf3x.o) (__fp_split3)
e:/installs/arduino_1_8_16/hardware/tools/avr/bin/../lib/gcc/avr/7.3.0/../../../../avr/lib/avr6\libc.a(fp_zero.o)
                              e:/installs/arduino_1_8_16/hardware/tools/avr/bin/../lib/gcc/avr/7.3.0/../../../../avr/lib/avr6\libc.a(addsf3x.o) (__fp_zero)
e:/installs/arduino_1_8_16/hardware/tools/avr/bin/../lib/gcc/avr/7.3.0/../../../../avr/lib/avr6\libc.a(gesf2.o)
                              build-mega-atmega2560/libcore.a(Print.cpp.o) (__gtsf2)
e:/installs/arduino_1_8_16/hardware/tools/avr/bin/../lib/gcc/avr/7.3.0/../../../../avr/lib/avr6\libc.a(mulsf3.o)
                              build-mega-atmega2560/libcore.a(Print.cpp.o) (__mulsf3)
e:/installs/arduino_1_8_16/hardware/tools/avr/bin/../lib/gcc/avr/7.3.0/../../../../avr/lib/avr6\libc.a(mulsf3x.o)
                              e:/installs/arduino_1_8_16/hardware/tools/avr/bin/../lib/gcc/avr/7.3.0/../../../../avr/lib/avr6\libc.a(mulsf3.o) (__mulsf3x)
e:/installs/arduino_1_8_16/hardware/tools/avr/bin/../lib/gcc/avr/7.3.0/../../../../avr/lib/avr6\libc.a(unordsf2.o)
                              build-mega-atmega2560/libcore.a(Print.cpp.o) (__unordsf2)
e:/installs/arduino_1_8_16/hardware/tools/avr/bin/../lib/gcc/avr/7.3.0/../../../../avr/lib/avr6\libc.a(vfprintf_std.o)
                              e:/installs/arduino_1_8_16/hardware/tools/avr/bin/../lib/gcc/avr/7.3.0/../../../../avr/lib/avr6\libc.a(vsnprintf.o) (vfprintf)
e:/installs/arduino_1_8_16/hardware/tools/avr/bin/../lib/gcc/avr/7.3.0/../../../../avr/lib/avr6\libc.a(strnlen_P.o)
                              e:/installs/arduino_1_8_16/hardware/tools/avr/bin/../lib/gcc/avr/7.3.0/../../../../avr/lib/avr6\libc.a(vfprintf_std.o) (strnlen_P)
e:/installs/arduino_1_8_16/hardware/tools/avr/bin/../lib/gcc/avr/7.3.0/../../../../avr/lib/avr6\libc.a(fputc.o)
                              e:/installs/arduino_1_8_16/hardware/tools/avr/bin/../lib/gcc/avr/7.3.0/../../../../avr/lib/avr6\libc.a(vfprintf_std.o) (fputc)
e:/installs/arduino_1_8_16/hardware/tools/avr/bin/../lib/gcc/avr/7.3.0/../../../../avr/lib/avr6\libc.a(ultoa_invert.o)
                              e:/installs/arduino_1_8_16/hardware/tools/avr/bin/../lib/gcc/avr/7.3.0/../../../../avr/lib/avr6\libc.a(vfprintf_std.o) (__ultoa_invert)
e:/installs/arduino_1_8_16/hardware/tools/avr/bin/../lib/gcc/avr/7.3.0/avr6\libgcc.a(_udivmodsi4.o)
                              build-mega-atmega2560/libcore.a(HardwareSerial.cpp.o) (__udivmodsi4)
e:/installs/arduino_1_8_16/hardware/tools/avr/bin/../lib/gcc/avr/7.3.0/avr6\libgcc.a(_exit.o)
                              e:/installs/arduino_1_8_16/hardware/tools/avr/bin/../lib/gcc/avr/7.3.0/../../../../avr/lib/avr6\libc.a(abort.o) (_exit)
e:/installs/arduino_1_8_16/hardware/tools/avr/bin/../lib/gcc/avr/7.3.0/avr6\libgcc.a(_copy_data.o)
                              build-mega-atmega2560/internally_implemented.cpp.o (__do_copy_data)
e:/installs/arduino_1_8_16/hardware/tools/avr/bin/../lib/gcc/avr/7.3.0/avr6\libgcc.a(_clear_bss.o)
                              build-mega-atmega2560/internally_implemented.cpp.o (__do_clear_bss)
e:/installs/arduino_1_8_16/hardware/tools/avr/bin/../lib/gcc/avr/7.3.0/avr6\libgcc.a(_ctors.o)
                              build-mega-atmega2560/libcore.a(HardwareSerial0.cpp.o) (__do_global_ctors)
e:/installs/arduino_1_8_16/hardware/tools/avr/bin/../lib/gcc/avr/7.3.0/avr6\libgcc.a(_tablejump2.o)
                              e:/installs/arduino_1_8_16/hardware/tools/avr/bin/../lib/gcc/avr/7.3.0/avr6\libgcc.a(_ctors.o) (__tablejump2__)

Discarded input sections

 .data          0x00000000        0x0 e:/installs/arduino_1_8_16/hardware/tools/avr/bin/../lib/gcc/avr/7.3.0/../../../../avr/lib/avr6/crtatmega2560.o
 .bss           0x00000000        0x0 e:/installs/arduino_1_8_16/hardware/tools/avr/bin/../lib/gcc/avr/7.3.0/../../../../avr/lib/avr6/crtatmega2560.o
 .text          0x00000000        0x0 build-mega-atmega2560/internally_implemented.cpp.o
 .data          0x00000000        0x0 build-mega-atmega2560/internally_implemented.cpp.o
 .bss           0x00000000        0x0 build-mega-atmega2560/internally_implemented.cpp.o
 .text.eml_trees_predict_tree.isra.0
                0x00000000       0x7a build-mega-atmega2560/internally_implemented.cpp.o
 .text.eml_trees_regress.part.2
                0x00000000       0xf8 build-mega-atmega2560/internally_implemented.cpp.o
 .text.eml_error_valid
                0x00000000        0xc build-mega-atmega2560/internally_implemented.cpp.o
 .rodata.eml_error_str.str1.1
                0x00000000       0x13 build-mega-atmega2560/internally_implemented.cpp.o
 .text.eml_error_str
                0x00000000       0x1c build-mega-atmega2560/internally_implemented.cpp.o
 .text.eml_trees_predict
                0x00000000      0x14e build-mega-atmega2560/internally_implemented.cpp.o
 .text.eml_trees_regress
                0x00000000       0x16 build-mega-atmega2560/internally_implemented.cpp.o
 .text.eml_trees_regress1
                0x00000000       0x3a build-mega-atmega2560/internally_implemented.cpp.o
 .data.model    0x00000000        0xc build-mega-atmega2560/internally_implemented.cpp.o
 .bss.model_tree_roots
                0x00000000        0x4 build-mega-atmega2560/internally_implemented.cpp.o
 .data.model_nodes
                0x00000000      0xa3b build-mega-atmega2560/internally_implemented.cpp.o
 .rodata.str1.1
                0x00000000       0x72 build-mega-atmega2560/internally_implemented.cpp.o
 .data.eml_trees_errors
                0x00000000        0x8 build-mega-atmega2560/internally_implemented.cpp.o
 .rodata._ZL14eml_error_strs
                0x00000000        0xc build-mega-atmega2560/internally_implemented.cpp.o
 .text          0x00000000        0x0 build-mega-atmega2560/submitter_implemented.cpp.o
 .data          0x00000000        0x0 build-mega-atmega2560/submitter_implemented.cpp.o
 .bss           0x00000000        0x0 build-mega-atmega2560/submitter_implemented.cpp.o
 .text._Z6th_prev
                0x00000000        0x2 build-mega-atmega2560/submitter_implemented.cpp.o
 .text._Z7th_postv
                0x00000000        0x2 build-mega-atmega2560/submitter_implemented.cpp.o
 .text          0x00000000        0x0 build-mega-atmega2560/avr_gcc.ino.o
 .data          0x00000000        0x0 build-mega-atmega2560/avr_gcc.ino.o
 .bss           0x00000000        0x0 build-mega-atmega2560/avr_gcc.ino.o
 .text          0x00000000        0x0 build-mega-atmega2560/libcore.a(wiring.c.o)
 .data          0x00000000        0x0 build-mega-atmega2560/libcore.a(wiring.c.o)
 .bss           0x00000000        0x0 build-mega-atmega2560/libcore.a(wiring.c.o)
 .text.millis   0x00000000       0x18 build-mega-atmega2560/libcore.a(wiring.c.o)
 .text.delay    0x00000000       0x72 build-mega-atmega2560/libcore.a(wiring.c.o)
 .text.delayMicroseconds
                0x00000000       0x16 build-mega-atmega2560/libcore.a(wiring.c.o)
 .group         0x00000000        0x8 build-mega-atmega2560/libcore.a(HardwareSerial.cpp.o)
 .text          0x00000000        0x0 build-mega-atmega2560/libcore.a(HardwareSerial.cpp.o)
 .data          0x00000000        0x0 build-mega-atmega2560/libcore.a(HardwareSerial.cpp.o)
 .bss           0x00000000        0x0 build-mega-atmega2560/libcore.a(HardwareSerial.cpp.o)
 .text._ZN14HardwareSerial3endEv
                0x00000000       0x44 build-mega-atmega2560/libcore.a(HardwareSerial.cpp.o)
 .text          0x00000000        0x0 build-mega-atmega2560/libcore.a(HardwareSerial0.cpp.o)
 .data          0x00000000        0x0 build-mega-atmega2560/libcore.a(HardwareSerial0.cpp.o)
 .bss           0x00000000        0x0 build-mega-atmega2560/libcore.a(HardwareSerial0.cpp.o)
 .text          0x00000000        0x0 build-mega-atmega2560/libcore.a(main.cpp.o)
 .data          0x00000000        0x0 build-mega-atmega2560/libcore.a(main.cpp.o)
 .bss           0x00000000        0x0 build-mega-atmega2560/libcore.a(main.cpp.o)
 .text.atexit   0x00000000        0x6 build-mega-atmega2560/libcore.a(main.cpp.o)
 .text._Z8setupUSBv
                0x00000000        0x2 build-mega-atmega2560/libcore.a(main.cpp.o)
 .group         0x00000000        0x8 build-mega-atmega2560/libcore.a(Print.cpp.o)
 .group         0x00000000        0x8 build-mega-atmega2560/libcore.a(Print.cpp.o)
 .group         0x00000000        0x8 build-mega-atmega2560/libcore.a(Print.cpp.o)
 .text          0x00000000        0x0 build-mega-atmega2560/libcore.a(Print.cpp.o)
 .data          0x00000000        0x0 build-mega-atmega2560/libcore.a(Print.cpp.o)
 .bss           0x00000000        0x0 build-mega-atmega2560/libcore.a(Print.cpp.o)
 .text._ZN5Print17availableForWriteEv
                0x00000000        0x6 build-mega-atmega2560/libcore.a(Print.cpp.o)
 .text._ZN5Print5flushEv
                0x00000000        0x2 build-mega-atmega2560/libcore.a(Print.cpp.o)
 .text._ZN5Print5printEPK19__FlashStringHelper
                0x00000000       0x48 build-mega-atmega2560/libcore.a(Print.cpp.o)
 .text._ZN5Print5printERK6String
                0x00000000       0x1c build-mega-atmega2560/libcore.a(Print.cpp.o)
 .text._ZN5Print5printEc
                0x00000000        0xe build-mega-atmega2560/libcore.a(Print.cpp.o)
 .text._ZN5Print5printERK9Printable
                0x00000000       0x14 build-mega-atmega2560/libcore.a(Print.cpp.o)
 .rodata._ZN5Print7printlnEv.str1.1
                0x00000000        0x3 build-mega-atmega2560/libcore.a(Print.cpp.o)
 .text._ZN5Print7printlnEv
                0x00000000        0x8 build-mega-atmega2560/libcore.a(Print.cpp.o)
 .text._ZN5Print7printlnEPK19__FlashStringHelper
                0x00000000       0x24 build-mega-atmega2560/libcore.a(Print.cpp.o)
 .text._ZN5Print7printlnERK6String
                0x00000000       0x24 build-mega-atmega2560/libcore.a(Print.cpp.o)
 .text._ZN5Print7printlnEPKc
                0x00000000       0x2e build-mega-atmega2560/libcore.a(Print.cpp.o)
 .text._ZN5Print7printlnEc
                0x00000000       0x24 build-mega-atmega2560/libcore.a(Print.cpp.o)
 .text._ZN5Print7printlnERK9Printable
                0x00000000       0x24 build-mega-atmega2560/libcore.a(Print.cpp.o)
 .text._ZN5Print11printNumberEmh
                0x00000000       0x98 build-mega-atmega2560/libcore.a(Print.cpp.o)
 .text._ZN5Print5printEli
                0x00000000       0x90 build-mega-atmega2560/libcore.a(Print.cpp.o)
 .text._ZN5Print5printEii
                0x00000000        0xe build-mega-atmega2560/libcore.a(Print.cpp.o)
 .text._ZN5Print7printlnEii
                0x00000000       0x24 build-mega-atmega2560/libcore.a(Print.cpp.o)
 .text._ZN5Print7printlnEli
                0x00000000       0x24 build-mega-atmega2560/libcore.a(Print.cpp.o)
 .text._ZN5Print5printEmi
                0x00000000       0x1a build-mega-atmega2560/libcore.a(Print.cpp.o)
 .text._ZN5Print5printEhi
                0x00000000        0xe build-mega-atmega2560/libcore.a(Print.cpp.o)
 .text._ZN5Print7printlnEhi
                0x00000000       0x24 build-mega-atmega2560/libcore.a(Print.cpp.o)
 .text._ZN5Print5printEji
                0x00000000        0xc build-mega-atmega2560/libcore.a(Print.cpp.o)
 .text._ZN5Print7printlnEji
                0x00000000       0x24 build-mega-atmega2560/libcore.a(Print.cpp.o)
 .text._ZN5Print7printlnEmi
                0x00000000       0x24 build-mega-atmega2560/libcore.a(Print.cpp.o)
 .rodata._ZN5Print10printFloatEdh.str1.1
                0x00000000        0xc build-mega-atmega2560/libcore.a(Print.cpp.o)
 .text._ZN5Print10printFloatEdh
                0x00000000      0x1c8 build-mega-atmega2560/libcore.a(Print.cpp.o)
 .text._ZN5Print5printEdi
                0x00000000        0x4 build-mega-atmega2560/libcore.a(Print.cpp.o)
 .text._ZN5Print7printlnEdi
                0x00000000       0x24 build-mega-atmega2560/libcore.a(Print.cpp.o)
 .rodata._ZTV5Print
                0x00000000        0xc build-mega-atmega2560/libcore.a(Print.cpp.o)
 .text          0x00000000        0x0 build-mega-atmega2560/libcore.a(hooks.c.o)
 .data          0x00000000        0x0 build-mega-atmega2560/libcore.a(hooks.c.o)
 .bss           0x00000000        0x0 build-mega-atmega2560/libcore.a(hooks.c.o)
 .text.__empty  0x00000000        0x2 build-mega-atmega2560/libcore.a(hooks.c.o)
 .comment       0x00000000       0x12 build-mega-atmega2560/libcore.a(hooks.c.o)
 .text          0x00000000        0x0 build-mega-atmega2560/libcore.a(abi.cpp.o)
 .data          0x00000000        0x0 build-mega-atmega2560/libcore.a(abi.cpp.o)
 .bss           0x00000000        0x0 build-mega-atmega2560/libcore.a(abi.cpp.o)
 .text.__cxa_pure_virtual
                0x00000000        0x4 build-mega-atmega2560/libcore.a(abi.cpp.o)
 .text.__cxa_deleted_virtual
                0x00000000        0x4 build-mega-atmega2560/libcore.a(abi.cpp.o)
 .comment       0x00000000       0x12 build-mega-atmega2560/libcore.a(abi.cpp.o)
 .text          0x00000000        0x0 e:/installs/arduino_1_8_16/hardware/tools/avr/bin/../lib/gcc/avr/7.3.0/../../../../avr/lib/avr6\libc.a(abort.o)
 .data          0x00000000        0x0 e:/installs/arduino_1_8_16/hardware/tools/avr/bin/../lib/gcc/avr/7.3.0/../../../../avr/lib/avr6\libc.a(abort.o)
 .bss           0x00000000        0x0 e:/installs/arduino_1_8_16/hardware/tools/avr/bin/../lib/gcc/avr/7.3.0/../../../../avr/lib/avr6\libc.a(abort.o)
 .text.avr-libc
                0x00000000        0xa e:/installs/arduino_1_8_16/hardware/tools/avr/bin/../lib/gcc/avr/7.3.0/../../../../avr/lib/avr6\libc.a(abort.o)
 .text          0x00000000        0x0 e:/installs/arduino_1_8_16/hardware/tools/avr/bin/../lib/gcc/avr/7.3.0/../../../../avr/lib/avr6\libc.a(atoi.o)
 .data          0x00000000        0x0 e:/installs/arduino_1_8_16/hardware/tools/avr/bin/../lib/gcc/avr/7.3.0/../../../../avr/lib/avr6\libc.a(atoi.o)
 .bss           0x00000000        0x0 e:/installs/arduino_1_8_16/hardware/tools/avr/bin/../lib/gcc/avr/7.3.0/../../../../avr/lib/avr6\libc.a(atoi.o)
 .text          0x00000000        0x0 e:/installs/arduino_1_8_16/hardware/tools/avr/bin/../lib/gcc/avr/7.3.0/../../../../avr/lib/avr6\libc.a(exit.o)
 .data          0x00000000        0x0 e:/installs/arduino_1_8_16/hardware/tools/avr/bin/../lib/gcc/avr/7.3.0/../../../../avr/lib/avr6\libc.a(exit.o)
 .bss           0x00000000        0x0 e:/installs/arduino_1_8_16/hardware/tools/avr/bin/../lib/gcc/avr/7.3.0/../../../../avr/lib/avr6\libc.a(exit.o)
 .text          0x00000000        0x0 e:/installs/arduino_1_8_16/hardware/tools/avr/bin/../lib/gcc/avr/7.3.0/../../../../avr/lib/avr6\libc.a(strtok.o)
 .data          0x00000000        0x0 e:/installs/arduino_1_8_16/hardware/tools/avr/bin/../lib/gcc/avr/7.3.0/../../../../avr/lib/avr6\libc.a(strtok.o)
 .text          0x00000000        0x0 e:/installs/arduino_1_8_16/hardware/tools/avr/bin/../lib/gcc/avr/7.3.0/../../../../avr/lib/avr6\libc.a(memcpy.o)
 .data          0x00000000        0x0 e:/installs/arduino_1_8_16/hardware/tools/avr/bin/../lib/gcc/avr/7.3.0/../../../../avr/lib/avr6\libc.a(memcpy.o)
 .bss           0x00000000        0x0 e:/installs/arduino_1_8_16/hardware/tools/avr/bin/../lib/gcc/avr/7.3.0/../../../../avr/lib/avr6\libc.a(memcpy.o)
 .text          0x00000000        0x0 e:/installs/arduino_1_8_16/hardware/tools/avr/bin/../lib/gcc/avr/7.3.0/../../../../avr/lib/avr6\libc.a(strncmp.o)
 .data          0x00000000        0x0 e:/installs/arduino_1_8_16/hardware/tools/avr/bin/../lib/gcc/avr/7.3.0/../../../../avr/lib/avr6\libc.a(strncmp.o)
 .bss           0x00000000        0x0 e:/installs/arduino_1_8_16/hardware/tools/avr/bin/../lib/gcc/avr/7.3.0/../../../../avr/lib/avr6\libc.a(strncmp.o)
 .text          0x00000000        0x0 e:/installs/arduino_1_8_16/hardware/tools/avr/bin/../lib/gcc/avr/7.3.0/../../../../avr/lib/avr6\libc.a(strnlen.o)
 .data          0x00000000        0x0 e:/installs/arduino_1_8_16/hardware/tools/avr/bin/../lib/gcc/avr/7.3.0/../../../../avr/lib/avr6\libc.a(strnlen.o)
 .bss           0x00000000        0x0 e:/installs/arduino_1_8_16/hardware/tools/avr/bin/../lib/gcc/avr/7.3.0/../../../../avr/lib/avr6\libc.a(strnlen.o)
 .text          0x00000000        0x0 e:/installs/arduino_1_8_16/hardware/tools/avr/bin/../lib/gcc/avr/7.3.0/../../../../avr/lib/avr6\libc.a(strtok_r.o)
 .data          0x00000000        0x0 e:/installs/arduino_1_8_16/hardware/tools/avr/bin/../lib/gcc/avr/7.3.0/../../../../avr/lib/avr6\libc.a(strtok_r.o)
 .bss           0x00000000        0x0 e:/installs/arduino_1_8_16/hardware/tools/avr/bin/../lib/gcc/avr/7.3.0/../../../../avr/lib/avr6\libc.a(strtok_r.o)
 .text          0x00000000        0x0 e:/installs/arduino_1_8_16/hardware/tools/avr/bin/../lib/gcc/avr/7.3.0/../../../../avr/lib/avr6\libc.a(mul10.o)
 .data          0x00000000        0x0 e:/installs/arduino_1_8_16/hardware/tools/avr/bin/../lib/gcc/avr/7.3.0/../../../../avr/lib/avr6\libc.a(mul10.o)
 .bss           0x00000000        0x0 e:/installs/arduino_1_8_16/hardware/tools/avr/bin/../lib/gcc/avr/7.3.0/../../../../avr/lib/avr6\libc.a(mul10.o)
 .text          0x00000000        0x0 e:/installs/arduino_1_8_16/hardware/tools/avr/bin/../lib/gcc/avr/7.3.0/../../../../avr/lib/avr6\libc.a(vsnprintf.o)
 .data          0x00000000        0x0 e:/installs/arduino_1_8_16/hardware/tools/avr/bin/../lib/gcc/avr/7.3.0/../../../../avr/lib/avr6\libc.a(vsnprintf.o)
 .bss           0x00000000        0x0 e:/installs/arduino_1_8_16/hardware/tools/avr/bin/../lib/gcc/avr/7.3.0/../../../../avr/lib/avr6\libc.a(vsnprintf.o)
 .text          0x00000000        0x0 e:/installs/arduino_1_8_16/hardware/tools/avr/bin/../lib/gcc/avr/7.3.0/../../../../avr/lib/avr6\libc.a(addsf3.o)
 .data          0x00000000        0x0 e:/installs/arduino_1_8_16/hardware/tools/avr/bin/../lib/gcc/avr/7.3.0/../../../../avr/lib/avr6\libc.a(addsf3.o)
 .bss           0x00000000        0x0 e:/installs/arduino_1_8_16/hardware/tools/avr/bin/../lib/gcc/avr/7.3.0/../../../../avr/lib/avr6\libc.a(addsf3.o)
 .text.avr-libc.fplib
                0x00000000        0xe e:/installs/arduino_1_8_16/hardware/tools/avr/bin/../lib/gcc/avr/7.3.0/../../../../avr/lib/avr6\libc.a(addsf3.o)
 .text          0x00000000        0x0 e:/installs/arduino_1_8_16/hardware/tools/avr/bin/../lib/gcc/avr/7.3.0/../../../../avr/lib/avr6\libc.a(addsf3x.o)
 .data          0x00000000        0x0 e:/installs/arduino_1_8_16/hardware/tools/avr/bin/../lib/gcc/avr/7.3.0/../../../../avr/lib/avr6\libc.a(addsf3x.o)
 .bss           0x00000000        0x0 e:/installs/arduino_1_8_16/hardware/tools/avr/bin/../lib/gcc/avr/7.3.0/../../../../avr/lib/avr6\libc.a(addsf3x.o)
 .text.avr-libc.fplib
                0x00000000       0xcc e:/installs/arduino_1_8_16/hardware/tools/avr/bin/../lib/gcc/avr/7.3.0/../../../../avr/lib/avr6\libc.a(addsf3x.o)
 .text          0x00000000        0x0 e:/installs/arduino_1_8_16/hardware/tools/avr/bin/../lib/gcc/avr/7.3.0/../../../../avr/lib/avr6\libc.a(cmpsf2.o)
 .data          0x00000000        0x0 e:/installs/arduino_1_8_16/hardware/tools/avr/bin/../lib/gcc/avr/7.3.0/../../../../avr/lib/avr6\libc.a(cmpsf2.o)
 .bss           0x00000000        0x0 e:/installs/arduino_1_8_16/hardware/tools/avr/bin/../lib/gcc/avr/7.3.0/../../../../avr/lib/avr6\libc.a(cmpsf2.o)
 .text          0x00000000        0x0 e:/installs/arduino_1_8_16/hardware/tools/avr/bin/../lib/gcc/avr/7.3.0/../../../../avr/lib/avr6\libc.a(divsf3.o)
 .data          0x00000000        0x0 e:/installs/arduino_1_8_16/hardware/tools/avr/bin/../lib/gcc/avr/7.3.0/../../../../avr/lib/avr6\libc.a(divsf3.o)
 .bss           0x00000000        0x0 e:/installs/arduino_1_8_16/hardware/tools/avr/bin/../lib/gcc/avr/7.3.0/../../../../avr/lib/avr6\libc.a(divsf3.o)
 .text.avr-libc.fplib
                0x00000000        0x8 e:/installs/arduino_1_8_16/hardware/tools/avr/bin/../lib/gcc/avr/7.3.0/../../../../avr/lib/avr6\libc.a(divsf3.o)
 .text          0x00000000        0x0 e:/installs/arduino_1_8_16/hardware/tools/avr/bin/../lib/gcc/avr/7.3.0/../../../../avr/lib/avr6\libc.a(divsf3x.o)
 .data          0x00000000        0x0 e:/installs/arduino_1_8_16/hardware/tools/avr/bin/../lib/gcc/avr/7.3.0/../../../../avr/lib/avr6\libc.a(divsf3x.o)
 .bss           0x00000000        0x0 e:/installs/arduino_1_8_16/hardware/tools/avr/bin/../lib/gcc/avr/7.3.0/../../../../avr/lib/avr6\libc.a(divsf3x.o)
 .text.avr-libc.fplib
                0x00000000       0xdc e:/installs/arduino_1_8_16/hardware/tools/avr/bin/../lib/gcc/avr/7.3.0/../../../../avr/lib/avr6\libc.a(divsf3x.o)
 .text          0x00000000        0x0 e:/installs/arduino_1_8_16/hardware/tools/avr/bin/../lib/gcc/avr/7.3.0/../../../../avr/lib/avr6\libc.a(fixsfsi.o)
 .data          0x00000000        0x0 e:/installs/arduino_1_8_16/hardware/tools/avr/bin/../lib/gcc/avr/7.3.0/../../../../avr/lib/avr6\libc.a(fixsfsi.o)
 .bss           0x00000000        0x0 e:/installs/arduino_1_8_16/hardware/tools/avr/bin/../lib/gcc/avr/7.3.0/../../../../avr/lib/avr6\libc.a(fixsfsi.o)
 .text.avr-libc.fplib
                0x00000000        0xe e:/installs/arduino_1_8_16/hardware/tools/avr/bin/../lib/gcc/avr/7.3.0/../../../../avr/lib/avr6\libc.a(fixsfsi.o)
 .text          0x00000000        0x0 e:/installs/arduino_1_8_16/hardware/tools/avr/bin/../lib/gcc/avr/7.3.0/../../../../avr/lib/avr6\libc.a(fixunssfsi.o)
 .data          0x00000000        0x0 e:/installs/arduino_1_8_16/hardware/tools/avr/bin/../lib/gcc/avr/7.3.0/../../../../avr/lib/avr6\libc.a(fixunssfsi.o)
 .bss           0x00000000        0x0 e:/installs/arduino_1_8_16/hardware/tools/avr/bin/../lib/gcc/avr/7.3.0/../../../../avr/lib/avr6\libc.a(fixunssfsi.o)
 .text.avr-libc.fplib
                0x00000000       0x5e e:/installs/arduino_1_8_16/hardware/tools/avr/bin/../lib/gcc/avr/7.3.0/../../../../avr/lib/avr6\libc.a(fixunssfsi.o)
 .text          0x00000000        0x0 e:/installs/arduino_1_8_16/hardware/tools/avr/bin/../lib/gcc/avr/7.3.0/../../../../avr/lib/avr6\libc.a(floatsisf.o)
 .data          0x00000000        0x0 e:/installs/arduino_1_8_16/hardware/tools/avr/bin/../lib/gcc/avr/7.3.0/../../../../avr/lib/avr6\libc.a(floatsisf.o)
 .bss           0x00000000        0x0 e:/installs/arduino_1_8_16/hardware/tools/avr/bin/../lib/gcc/avr/7.3.0/../../../../avr/lib/avr6\libc.a(floatsisf.o)
 .text.avr-libc.fplib
                0x00000000       0x7a e:/installs/arduino_1_8_16/hardware/tools/avr/bin/../lib/gcc/avr/7.3.0/../../../../avr/lib/avr6\libc.a(floatsisf.o)
 .text          0x00000000        0x0 e:/installs/arduino_1_8_16/hardware/tools/avr/bin/../lib/gcc/avr/7.3.0/../../../../avr/lib/avr6\libc.a(fp_cmp.o)
 .data          0x00000000        0x0 e:/installs/arduino_1_8_16/hardware/tools/avr/bin/../lib/gcc/avr/7.3.0/../../../../avr/lib/avr6\libc.a(fp_cmp.o)
 .bss           0x00000000        0x0 e:/installs/arduino_1_8_16/hardware/tools/avr/bin/../lib/gcc/avr/7.3.0/../../../../avr/lib/avr6\libc.a(fp_cmp.o)
 .text          0x00000000        0x0 e:/installs/arduino_1_8_16/hardware/tools/avr/bin/../lib/gcc/avr/7.3.0/../../../../avr/lib/avr6\libc.a(fp_inf.o)
 .data          0x00000000        0x0 e:/installs/arduino_1_8_16/hardware/tools/avr/bin/../lib/gcc/avr/7.3.0/../../../../avr/lib/avr6\libc.a(fp_inf.o)
 .bss           0x00000000        0x0 e:/installs/arduino_1_8_16/hardware/tools/avr/bin/../lib/gcc/avr/7.3.0/../../../../avr/lib/avr6\libc.a(fp_inf.o)
 .text.avr-libc.fplib
                0x00000000        0xc e:/installs/arduino_1_8_16/hardware/tools/avr/bin/../lib/gcc/avr/7.3.0/../../../../avr/lib/avr6\libc.a(fp_inf.o)
 .text          0x00000000        0x0 e:/installs/arduino_1_8_16/hardware/tools/avr/bin/../lib/gcc/avr/7.3.0/../../../../avr/lib/avr6\libc.a(fp_nan.o)
 .data          0x00000000        0x0 e:/installs/arduino_1_8_16/hardware/tools/avr/bin/../lib/gcc/avr/7.3.0/../../../../avr/lib/avr6\libc.a(fp_nan.o)
 .bss           0x00000000        0x0 e:/installs/arduino_1_8_16/hardware/tools/avr/bin/../lib/gcc/avr/7.3.0/../../../../avr/lib/avr6\libc.a(fp_nan.o)
 .text.avr-libc.fplib
                0x00000000        0x6 e:/installs/arduino_1_8_16/hardware/tools/avr/bin/../lib/gcc/avr/7.3.0/../../../../avr/lib/avr6\libc.a(fp_nan.o)
 .text          0x00000000        0x0 e:/installs/arduino_1_8_16/hardware/tools/avr/bin/../lib/gcc/avr/7.3.0/../../../../avr/lib/avr6\libc.a(fp_pscA.o)
 .data          0x00000000        0x0 e:/installs/arduino_1_8_16/hardware/tools/avr/bin/../lib/gcc/avr/7.3.0/../../../../avr/lib/avr6\libc.a(fp_pscA.o)
 .bss           0x00000000        0x0 e:/installs/arduino_1_8_16/hardware/tools/avr/bin/../lib/gcc/avr/7.3.0/../../../../avr/lib/avr6\libc.a(fp_pscA.o)
 .text.avr-libc.fplib
                0x00000000        0xe e:/installs/arduino_1_8_16/hardware/tools/avr/bin/../lib/gcc/avr/7.3.0/../../../../avr/lib/avr6\libc.a(fp_pscA.o)
 .text          0x00000000        0x0 e:/installs/arduino_1_8_16/hardware/tools/avr/bin/../lib/gcc/avr/7.3.0/../../../../avr/lib/avr6\libc.a(fp_pscB.o)
 .data          0x00000000        0x0 e:/installs/arduino_1_8_16/hardware/tools/avr/bin/../lib/gcc/avr/7.3.0/../../../../avr/lib/avr6\libc.a(fp_pscB.o)
 .bss           0x00000000        0x0 e:/installs/arduino_1_8_16/hardware/tools/avr/bin/../lib/gcc/avr/7.3.0/../../../../avr/lib/avr6\libc.a(fp_pscB.o)
 .text.avr-libc.fplib
                0x00000000        0xe e:/installs/arduino_1_8_16/hardware/tools/avr/bin/../lib/gcc/avr/7.3.0/../../../../avr/lib/avr6\libc.a(fp_pscB.o)
 .text          0x00000000        0x0 e:/installs/arduino_1_8_16/hardware/tools/avr/bin/../lib/gcc/avr/7.3.0/../../../../avr/lib/avr6\libc.a(fp_round.o)
 .data          0x00000000        0x0 e:/installs/arduino_1_8_16/hardware/tools/avr/bin/../lib/gcc/avr/7.3.0/../../../../avr/lib/avr6\libc.a(fp_round.o)
 .bss           0x00000000        0x0 e:/installs/arduino_1_8_16/hardware/tools/avr/bin/../lib/gcc/avr/7.3.0/../../../../avr/lib/avr6\libc.a(fp_round.o)
 .text.avr-libc.fplib
                0x00000000       0x22 e:/installs/arduino_1_8_16/hardware/tools/avr/bin/../lib/gcc/avr/7.3.0/../../../../avr/lib/avr6\libc.a(fp_round.o)
 .text          0x00000000        0x0 e:/installs/arduino_1_8_16/hardware/tools/avr/bin/../lib/gcc/avr/7.3.0/../../../../avr/lib/avr6\libc.a(fp_split3.o)
 .data          0x00000000        0x0 e:/installs/arduino_1_8_16/hardware/tools/avr/bin/../lib/gcc/avr/7.3.0/../../../../avr/lib/avr6\libc.a(fp_split3.o)
 .bss           0x00000000        0x0 e:/installs/arduino_1_8_16/hardware/tools/avr/bin/../lib/gcc/avr/7.3.0/../../../../avr/lib/avr6\libc.a(fp_split3.o)
 .text.avr-libc.fplib
                0x00000000       0x44 e:/installs/arduino_1_8_16/hardware/tools/avr/bin/../lib/gcc/avr/7.3.0/../../../../avr/lib/avr6\libc.a(fp_split3.o)
 .text          0x00000000        0x0 e:/installs/arduino_1_8_16/hardware/tools/avr/bin/../lib/gcc/avr/7.3.0/../../../../avr/lib/avr6\libc.a(fp_zero.o)
 .data          0x00000000        0x0 e:/installs/arduino_1_8_16/hardware/tools/avr/bin/../lib/gcc/avr/7.3.0/../../../../avr/lib/avr6\libc.a(fp_zero.o)
 .bss           0x00000000        0x0 e:/installs/arduino_1_8_16/hardware/tools/avr/bin/../lib/gcc/avr/7.3.0/../../../../avr/lib/avr6\libc.a(fp_zero.o)
 .text.avr-libc.fplib
                0x00000000        0xe e:/installs/arduino_1_8_16/hardware/tools/avr/bin/../lib/gcc/avr/7.3.0/../../../../avr/lib/avr6\libc.a(fp_zero.o)
 .text          0x00000000        0x0 e:/installs/arduino_1_8_16/hardware/tools/avr/bin/../lib/gcc/avr/7.3.0/../../../../avr/lib/avr6\libc.a(gesf2.o)
 .data          0x00000000        0x0 e:/installs/arduino_1_8_16/hardware/tools/avr/bin/../lib/gcc/avr/7.3.0/../../../../avr/lib/avr6\libc.a(gesf2.o)
 .bss           0x00000000        0x0 e:/installs/arduino_1_8_16/hardware/tools/avr/bin/../lib/gcc/avr/7.3.0/../../../../avr/lib/avr6\libc.a(gesf2.o)
 .text.avr-libc.fplib
                0x00000000        0xa e:/installs/arduino_1_8_16/hardware/tools/avr/bin/../lib/gcc/avr/7.3.0/../../../../avr/lib/avr6\libc.a(gesf2.o)
 .text          0x00000000        0x0 e:/installs/arduino_1_8_16/hardware/tools/avr/bin/../lib/gcc/avr/7.3.0/../../../../avr/lib/avr6\libc.a(mulsf3.o)
 .data          0x00000000        0x0 e:/installs/arduino_1_8_16/hardware/tools/avr/bin/../lib/gcc/avr/7.3.0/../../../../avr/lib/avr6\libc.a(mulsf3.o)
 .bss           0x00000000        0x0 e:/installs/arduino_1_8_16/hardware/tools/avr/bin/../lib/gcc/avr/7.3.0/../../../../avr/lib/avr6\libc.a(mulsf3.o)
 .text.avr-libc.fplib
                0x00000000        0x8 e:/installs/arduino_1_8_16/hardware/tools/avr/bin/../lib/gcc/avr/7.3.0/../../../../avr/lib/avr6\libc.a(mulsf3.o)
 .text          0x00000000        0x0 e:/installs/arduino_1_8_16/hardware/tools/avr/bin/../lib/gcc/avr/7.3.0/../../../../avr/lib/avr6\libc.a(mulsf3x.o)
 .data          0x00000000        0x0 e:/installs/arduino_1_8_16/hardware/tools/avr/bin/../lib/gcc/avr/7.3.0/../../../../avr/lib/avr6\libc.a(mulsf3x.o)
 .bss           0x00000000        0x0 e:/installs/arduino_1_8_16/hardware/tools/avr/bin/../lib/gcc/avr/7.3.0/../../../../avr/lib/avr6\libc.a(mulsf3x.o)
 .text.avr-libc.fplib
                0x00000000       0xd2 e:/installs/arduino_1_8_16/hardware/tools/avr/bin/../lib/gcc/avr/7.3.0/../../../../avr/lib/avr6\libc.a(mulsf3x.o)
 .text          0x00000000        0x0 e:/installs/arduino_1_8_16/hardware/tools/avr/bin/../lib/gcc/avr/7.3.0/../../../../avr/lib/avr6\libc.a(unordsf2.o)
 .data          0x00000000        0x0 e:/installs/arduino_1_8_16/hardware/tools/avr/bin/../lib/gcc/avr/7.3.0/../../../../avr/lib/avr6\libc.a(unordsf2.o)
 .bss           0x00000000        0x0 e:/installs/arduino_1_8_16/hardware/tools/avr/bin/../lib/gcc/avr/7.3.0/../../../../avr/lib/avr6\libc.a(unordsf2.o)
 .text.avr-libc.fplib
                0x00000000        0xa e:/installs/arduino_1_8_16/hardware/tools/avr/bin/../lib/gcc/avr/7.3.0/../../../../avr/lib/avr6\libc.a(unordsf2.o)
 .text          0x00000000        0x0 e:/installs/arduino_1_8_16/hardware/tools/avr/bin/../lib/gcc/avr/7.3.0/../../../../avr/lib/avr6\libc.a(vfprintf_std.o)
 .data          0x00000000        0x0 e:/installs/arduino_1_8_16/hardware/tools/avr/bin/../lib/gcc/avr/7.3.0/../../../../avr/lib/avr6\libc.a(vfprintf_std.o)
 .bss           0x00000000        0x0 e:/installs/arduino_1_8_16/hardware/tools/avr/bin/../lib/gcc/avr/7.3.0/../../../../avr/lib/avr6\libc.a(vfprintf_std.o)
 .text          0x00000000        0x0 e:/installs/arduino_1_8_16/hardware/tools/avr/bin/../lib/gcc/avr/7.3.0/../../../../avr/lib/avr6\libc.a(strnlen_P.o)
 .data          0x00000000        0x0 e:/installs/arduino_1_8_16/hardware/tools/avr/bin/../lib/gcc/avr/7.3.0/../../../../avr/lib/avr6\libc.a(strnlen_P.o)
 .bss           0x00000000        0x0 e:/installs/arduino_1_8_16/hardware/tools/avr/bin/../lib/gcc/avr/7.3.0/../../../../avr/lib/avr6\libc.a(strnlen_P.o)
 .text          0x00000000        0x0 e:/installs/arduino_1_8_16/hardware/tools/avr/bin/../lib/gcc/avr/7.3.0/../../../../avr/lib/avr6\libc.a(fputc.o)
 .data          0x00000000        0x0 e:/installs/arduino_1_8_16/hardware/tools/avr/bin/../lib/gcc/avr/7.3.0/../../../../avr/lib/avr6\libc.a(fputc.o)
 .bss           0x00000000        0x0 e:/installs/arduino_1_8_16/hardware/tools/avr/bin/../lib/gcc/avr/7.3.0/../../../../avr/lib/avr6\libc.a(fputc.o)
 .text          0x00000000        0x0 e:/installs/arduino_1_8_16/hardware/tools/avr/bin/../lib/gcc/avr/7.3.0/../../../../avr/lib/avr6\libc.a(ultoa_invert.o)
 .data          0x00000000        0x0 e:/installs/arduino_1_8_16/hardware/tools/avr/bin/../lib/gcc/avr/7.3.0/../../../../avr/lib/avr6\libc.a(ultoa_invert.o)
 .bss           0x00000000        0x0 e:/installs/arduino_1_8_16/hardware/tools/avr/bin/../lib/gcc/avr/7.3.0/../../../../avr/lib/avr6\libc.a(ultoa_invert.o)
 .text          0x00000000        0x0 e:/installs/arduino_1_8_16/hardware/tools/avr/bin/../lib/gcc/avr/7.3.0/avr6\libgcc.a(_udivmodsi4.o)
 .data          0x00000000        0x0 e:/installs/arduino_1_8_16/hardware/tools/avr/bin/../lib/gcc/avr/7.3.0/avr6\libgcc.a(_udivmodsi4.o)
 .bss           0x00000000        0x0 e:/installs/arduino_1_8_16/hardware/tools/avr/bin/../lib/gcc/avr/7.3.0/avr6\libgcc.a(_udivmodsi4.o)
 .text.libgcc.mul
                0x00000000        0x0 e:/installs/arduino_1_8_16/hardware/tools/avr/bin/../lib/gcc/avr/7.3.0/avr6\libgcc.a(_udivmodsi4.o)
 .text.libgcc   0x00000000        0x0 e:/installs/arduino_1_8_16/hardware/tools/avr/bin/../lib/gcc/avr/7.3.0/avr6\libgcc.a(_udivmodsi4.o)
 .text.libgcc.prologue
                0x00000000        0x0 e:/installs/arduino_1_8_16/hardware/tools/avr/bin/../lib/gcc/avr/7.3.0/avr6\libgcc.a(_udivmodsi4.o)
 .text.libgcc.builtins
                0x00000000        0x0 e:/installs/arduino_1_8_16/hardware/tools/avr/bin/../lib/gcc/avr/7.3.0/avr6\libgcc.a(_udivmodsi4.o)
 .text.libgcc.fmul
                0x00000000        0x0 e:/installs/arduino_1_8_16/hardware/tools/avr/bin/../lib/gcc/avr/7.3.0/avr6\libgcc.a(_udivmodsi4.o)
 .text.libgcc.fixed
                0x00000000        0x0 e:/installs/arduino_1_8_16/hardware/tools/avr/bin/../lib/gcc/avr/7.3.0/avr6\libgcc.a(_udivmodsi4.o)
 .text          0x00000000        0x0 e:/installs/arduino_1_8_16/hardware/tools/avr/bin/../lib/gcc/avr/7.3.0/avr6\libgcc.a(_exit.o)
 .data          0x00000000        0x0 e:/installs/arduino_1_8_16/hardware/tools/avr/bin/../lib/gcc/avr/7.3.0/avr6\libgcc.a(_exit.o)
 .bss           0x00000000        0x0 e:/installs/arduino_1_8_16/hardware/tools/avr/bin/../lib/gcc/avr/7.3.0/avr6\libgcc.a(_exit.o)
 .text.libgcc.mul
                0x00000000        0x0 e:/installs/arduino_1_8_16/hardware/tools/avr/bin/../lib/gcc/avr/7.3.0/avr6\libgcc.a(_exit.o)
 .text.libgcc.div
                0x00000000        0x0 e:/installs/arduino_1_8_16/hardware/tools/avr/bin/../lib/gcc/avr/7.3.0/avr6\libgcc.a(_exit.o)
 .text.libgcc   0x00000000        0x0 e:/installs/arduino_1_8_16/hardware/tools/avr/bin/../lib/gcc/avr/7.3.0/avr6\libgcc.a(_exit.o)
 .text.libgcc.prologue
                0x00000000        0x0 e:/installs/arduino_1_8_16/hardware/tools/avr/bin/../lib/gcc/avr/7.3.0/avr6\libgcc.a(_exit.o)
 .text.libgcc.builtins
                0x00000000        0x0 e:/installs/arduino_1_8_16/hardware/tools/avr/bin/../lib/gcc/avr/7.3.0/avr6\libgcc.a(_exit.o)
 .text.libgcc.fmul
                0x00000000        0x0 e:/installs/arduino_1_8_16/hardware/tools/avr/bin/../lib/gcc/avr/7.3.0/avr6\libgcc.a(_exit.o)
 .text.libgcc.fixed
                0x00000000        0x0 e:/installs/arduino_1_8_16/hardware/tools/avr/bin/../lib/gcc/avr/7.3.0/avr6\libgcc.a(_exit.o)
 .text          0x00000000        0x0 e:/installs/arduino_1_8_16/hardware/tools/avr/bin/../lib/gcc/avr/7.3.0/avr6\libgcc.a(_copy_data.o)
 .data          0x00000000        0x0 e:/installs/arduino_1_8_16/hardware/tools/avr/bin/../lib/gcc/avr/7.3.0/avr6\libgcc.a(_copy_data.o)
 .bss           0x00000000        0x0 e:/installs/arduino_1_8_16/hardware/tools/avr/bin/../lib/gcc/avr/7.3.0/avr6\libgcc.a(_copy_data.o)
 .text.libgcc.mul
                0x00000000        0x0 e:/installs/arduino_1_8_16/hardware/tools/avr/bin/../lib/gcc/avr/7.3.0/avr6\libgcc.a(_copy_data.o)
 .text.libgcc.div
                0x00000000        0x0 e:/installs/arduino_1_8_16/hardware/tools/avr/bin/../lib/gcc/avr/7.3.0/avr6\libgcc.a(_copy_data.o)
 .text.libgcc   0x00000000        0x0 e:/installs/arduino_1_8_16/hardware/tools/avr/bin/../lib/gcc/avr/7.3.0/avr6\libgcc.a(_copy_data.o)
 .text.libgcc.prologue
                0x00000000        0x0 e:/installs/arduino_1_8_16/hardware/tools/avr/bin/../lib/gcc/avr/7.3.0/avr6\libgcc.a(_copy_data.o)
 .text.libgcc.builtins
                0x00000000        0x0 e:/installs/arduino_1_8_16/hardware/tools/avr/bin/../lib/gcc/avr/7.3.0/avr6\libgcc.a(_copy_data.o)
 .text.libgcc.fmul
                0x00000000        0x0 e:/installs/arduino_1_8_16/hardware/tools/avr/bin/../lib/gcc/avr/7.3.0/avr6\libgcc.a(_copy_data.o)
 .text.libgcc.fixed
                0x00000000        0x0 e:/installs/arduino_1_8_16/hardware/tools/avr/bin/../lib/gcc/avr/7.3.0/avr6\libgcc.a(_copy_data.o)
 .text          0x00000000        0x0 e:/installs/arduino_1_8_16/hardware/tools/avr/bin/../lib/gcc/avr/7.3.0/avr6\libgcc.a(_clear_bss.o)
 .data          0x00000000        0x0 e:/installs/arduino_1_8_16/hardware/tools/avr/bin/../lib/gcc/avr/7.3.0/avr6\libgcc.a(_clear_bss.o)
 .bss           0x00000000        0x0 e:/installs/arduino_1_8_16/hardware/tools/avr/bin/../lib/gcc/avr/7.3.0/avr6\libgcc.a(_clear_bss.o)
 .text.libgcc.mul
                0x00000000        0x0 e:/installs/arduino_1_8_16/hardware/tools/avr/bin/../lib/gcc/avr/7.3.0/avr6\libgcc.a(_clear_bss.o)
 .text.libgcc.div
                0x00000000        0x0 e:/installs/arduino_1_8_16/hardware/tools/avr/bin/../lib/gcc/avr/7.3.0/avr6\libgcc.a(_clear_bss.o)
 .text.libgcc   0x00000000        0x0 e:/installs/arduino_1_8_16/hardware/tools/avr/bin/../lib/gcc/avr/7.3.0/avr6\libgcc.a(_clear_bss.o)
 .text.libgcc.prologue
                0x00000000        0x0 e:/installs/arduino_1_8_16/hardware/tools/avr/bin/../lib/gcc/avr/7.3.0/avr6\libgcc.a(_clear_bss.o)
 .text.libgcc.builtins
                0x00000000        0x0 e:/installs/arduino_1_8_16/hardware/tools/avr/bin/../lib/gcc/avr/7.3.0/avr6\libgcc.a(_clear_bss.o)
 .text.libgcc.fmul
                0x00000000        0x0 e:/installs/arduino_1_8_16/hardware/tools/avr/bin/../lib/gcc/avr/7.3.0/avr6\libgcc.a(_clear_bss.o)
 .text.libgcc.fixed
                0x00000000        0x0 e:/installs/arduino_1_8_16/hardware/tools/avr/bin/../lib/gcc/avr/7.3.0/avr6\libgcc.a(_clear_bss.o)
 .text          0x00000000        0x0 e:/installs/arduino_1_8_16/hardware/tools/avr/bin/../lib/gcc/avr/7.3.0/avr6\libgcc.a(_ctors.o)
 .data          0x00000000        0x0 e:/installs/arduino_1_8_16/hardware/tools/avr/bin/../lib/gcc/avr/7.3.0/avr6\libgcc.a(_ctors.o)
 .bss           0x00000000        0x0 e:/installs/arduino_1_8_16/hardware/tools/avr/bin/../lib/gcc/avr/7.3.0/avr6\libgcc.a(_ctors.o)
 .text.libgcc.mul
                0x00000000        0x0 e:/installs/arduino_1_8_16/hardware/tools/avr/bin/../lib/gcc/avr/7.3.0/avr6\libgcc.a(_ctors.o)
 .text.libgcc.div
                0x00000000        0x0 e:/installs/arduino_1_8_16/hardware/tools/avr/bin/../lib/gcc/avr/7.3.0/avr6\libgcc.a(_ctors.o)
 .text.libgcc   0x00000000        0x0 e:/installs/arduino_1_8_16/hardware/tools/avr/bin/../lib/gcc/avr/7.3.0/avr6\libgcc.a(_ctors.o)
 .text.libgcc.prologue
                0x00000000        0x0 e:/installs/arduino_1_8_16/hardware/tools/avr/bin/../lib/gcc/avr/7.3.0/avr6\libgcc.a(_ctors.o)
 .text.libgcc.builtins
                0x00000000        0x0 e:/installs/arduino_1_8_16/hardware/tools/avr/bin/../lib/gcc/avr/7.3.0/avr6\libgcc.a(_ctors.o)
 .text.libgcc.fmul
                0x00000000        0x0 e:/installs/arduino_1_8_16/hardware/tools/avr/bin/../lib/gcc/avr/7.3.0/avr6\libgcc.a(_ctors.o)
 .text.libgcc.fixed
                0x00000000        0x0 e:/installs/arduino_1_8_16/hardware/tools/avr/bin/../lib/gcc/avr/7.3.0/avr6\libgcc.a(_ctors.o)
 .text          0x00000000        0x0 e:/installs/arduino_1_8_16/hardware/tools/avr/bin/../lib/gcc/avr/7.3.0/avr6\libgcc.a(_tablejump2.o)
 .data          0x00000000        0x0 e:/installs/arduino_1_8_16/hardware/tools/avr/bin/../lib/gcc/avr/7.3.0/avr6\libgcc.a(_tablejump2.o)
 .bss           0x00000000        0x0 e:/installs/arduino_1_8_16/hardware/tools/avr/bin/../lib/gcc/avr/7.3.0/avr6\libgcc.a(_tablejump2.o)
 .text.libgcc.mul
                0x00000000        0x0 e:/installs/arduino_1_8_16/hardware/tools/avr/bin/../lib/gcc/avr/7.3.0/avr6\libgcc.a(_tablejump2.o)
 .text.libgcc.div
                0x00000000        0x0 e:/installs/arduino_1_8_16/hardware/tools/avr/bin/../lib/gcc/avr/7.3.0/avr6\libgcc.a(_tablejump2.o)
 .text.libgcc.prologue
                0x00000000        0x0 e:/installs/arduino_1_8_16/hardware/tools/avr/bin/../lib/gcc/avr/7.3.0/avr6\libgcc.a(_tablejump2.o)
 .text.libgcc.builtins
                0x00000000        0x0 e:/installs/arduino_1_8_16/hardware/tools/avr/bin/../lib/gcc/avr/7.3.0/avr6\libgcc.a(_tablejump2.o)
 .text.libgcc.fmul
                0x00000000        0x0 e:/installs/arduino_1_8_16/hardware/tools/avr/bin/../lib/gcc/avr/7.3.0/avr6\libgcc.a(_tablejump2.o)
 .text.libgcc.fixed
                0x00000000        0x0 e:/installs/arduino_1_8_16/hardware/tools/avr/bin/../lib/gcc/avr/7.3.0/avr6\libgcc.a(_tablejump2.o)

Memory Configuration

Name             Origin             Length             Attributes
text             0x00000000         0x00100000         xr
data             0x00800200         0x0000fe00         rw !x
eeprom           0x00810000         0x00010000         rw !x
fuse             0x00820000         0x00000003         rw !x
lock             0x00830000         0x00000400         rw !x
signature        0x00840000         0x00000400         rw !x
user_signatures  0x00850000         0x00000400         rw !x
*default*        0x00000000         0xffffffff

Linker script and memory map

Address of section .data set to 0x800200
LOAD e:/installs/arduino_1_8_16/hardware/tools/avr/bin/../lib/gcc/avr/7.3.0/../../../../avr/lib/avr6/crtatmega2560.o
LOAD build-mega-atmega2560/internally_implemented.cpp.o
LOAD build-mega-atmega2560/submitter_implemented.cpp.o
LOAD build-mega-atmega2560/avr_gcc.ino.o
LOAD build-mega-atmega2560/libcore.a
LOAD e:/installs/arduino_1_8_16/hardware/tools/avr/bin/../lib/gcc/avr/7.3.0/../../../../avr/lib/avr6\libc.a
LOAD e:/installs/arduino_1_8_16/hardware/tools/avr/bin/../lib/gcc/avr/7.3.0/../../../../avr/lib/avr6\libm.a
START GROUP
LOAD e:/installs/arduino_1_8_16/hardware/tools/avr/bin/../lib/gcc/avr/7.3.0/avr6\libgcc.a
LOAD e:/installs/arduino_1_8_16/hardware/tools/avr/bin/../lib/gcc/avr/7.3.0/../../../../avr/lib/avr6\libm.a
LOAD e:/installs/arduino_1_8_16/hardware/tools/avr/bin/../lib/gcc/avr/7.3.0/../../../../avr/lib/avr6\libc.a
LOAD e:/installs/arduino_1_8_16/hardware/tools/avr/bin/../lib/gcc/avr/7.3.0/../../../../avr/lib/avr6\libatmega2560.a
END GROUP
                0x00100000                __TEXT_REGION_LENGTH__ = DEFINED (__TEXT_REGION_LENGTH__)?__TEXT_REGION_LENGTH__:0x100000
                0x0000fe00                __DATA_REGION_LENGTH__ = DEFINED (__DATA_REGION_LENGTH__)?__DATA_REGION_LENGTH__:0xfe00
                0x00010000                __EEPROM_REGION_LENGTH__ = DEFINED (__EEPROM_REGION_LENGTH__)?__EEPROM_REGION_LENGTH__:0x10000
                [0x00000003]                __FUSE_REGION_LENGTH__ = DEFINED (__FUSE_REGION_LENGTH__)?__FUSE_REGION_LENGTH__:0x400
                0x00000400                __LOCK_REGION_LENGTH__ = DEFINED (__LOCK_REGION_LENGTH__)?__LOCK_REGION_LENGTH__:0x400
                0x00000400                __SIGNATURE_REGION_LENGTH__ = DEFINED (__SIGNATURE_REGION_LENGTH__)?__SIGNATURE_REGION_LENGTH__:0x400
                0x00000400                __USER_SIGNATURE_REGION_LENGTH__ = DEFINED (__USER_SIGNATURE_REGION_LENGTH__)?__USER_SIGNATURE_REGION_LENGTH__:0x400
                0x00800200                __DATA_REGION_ORIGIN__ = DEFINED (__DATA_REGION_ORIGIN__)?__DATA_REGION_ORIGIN__:0x800200

.hash
 *(.hash)

.dynsym
 *(.dynsym)

.dynstr
 *(.dynstr)

.gnu.version
 *(.gnu.version)

.gnu.version_d
 *(.gnu.version_d)

.gnu.version_r
 *(.gnu.version_r)

.rel.init
 *(.rel.init)

.rela.init
 *(.rela.init)

.rel.text
 *(.rel.text)
 *(.rel.text.*)
 *(.rel.gnu.linkonce.t*)

.rela.text
 *(.rela.text)
 *(.rela.text.*)
 *(.rela.gnu.linkonce.t*)

.rel.fini
 *(.rel.fini)

.rela.fini
 *(.rela.fini)

.rel.rodata
 *(.rel.rodata)
 *(.rel.rodata.*)
 *(.rel.gnu.linkonce.r*)

.rela.rodata
 *(.rela.rodata)
 *(.rela.rodata.*)
 *(.rela.gnu.linkonce.r*)

.rel.data
 *(.rel.data)
 *(.rel.data.*)
 *(.rel.gnu.linkonce.d*)

.rela.data
 *(.rela.data)
 *(.rela.data.*)
 *(.rela.gnu.linkonce.d*)

.rel.ctors
 *(.rel.ctors)

.rela.ctors
 *(.rela.ctors)

.rel.dtors
 *(.rel.dtors)

.rela.dtors
 *(.rela.dtors)

.rel.got
 *(.rel.got)

.rela.got
 *(.rela.got)

.rel.bss
 *(.rel.bss)

.rela.bss
 *(.rela.bss)

.rel.plt
 *(.rel.plt)

.rela.plt
 *(.rela.plt)

.text           0x00000000     0x46be
 *(.vectors)
 .vectors       0x00000000       0xe4 e:/installs/arduino_1_8_16/hardware/tools/avr/bin/../lib/gcc/avr/7.3.0/../../../../avr/lib/avr6/crtatmega2560.o
                0x00000000                __vector_default
                0x00000000                __vectors
 *(.vectors)
 *(.progmem.gcc*)
                0x000000e4                . = ALIGN (0x2)
                0x000000e4                __trampolines_start = .
 *(.trampolines)
 .trampolines   0x000000e4       0x28 linker stubs
 *(.trampolines*)
                0x0000010c                __trampolines_end = .
 *libprintf_flt.a:*(.progmem.data)
 *libc.a:*(.progmem.data)
 *(.progmem*)
                0x0000010c                . = ALIGN (0x2)
 *(.jumptables)
 *(.jumptables*)
 *(.lowtext)
 *(.lowtext*)
                0x0000010c                __ctors_start = .
 *(.ctors)
 .ctors         0x0000010c        0x2 build-mega-atmega2560/libcore.a(HardwareSerial0.cpp.o)
                0x0000010e                __ctors_end = .
                0x0000010e                __dtors_start = .
 *(.dtors)
                0x0000010e                __dtors_end = .
 SORT(*)(.ctors)
 SORT(*)(.dtors)
 *(.init0)
 .init0         0x0000010e        0x0 e:/installs/arduino_1_8_16/hardware/tools/avr/bin/../lib/gcc/avr/7.3.0/../../../../avr/lib/avr6/crtatmega2560.o
                0x0000010e                __init
 *(.init0)
 *(.init1)
 *(.init1)
 *(.init2)
 .init2         0x0000010e       0x10 e:/installs/arduino_1_8_16/hardware/tools/avr/bin/../lib/gcc/avr/7.3.0/../../../../avr/lib/avr6/crtatmega2560.o
 *(.init2)
 *(.init3)
 *(.init3)
 *(.init4)
 .init4         0x0000011e       0x1a e:/installs/arduino_1_8_16/hardware/tools/avr/bin/../lib/gcc/avr/7.3.0/avr6\libgcc.a(_copy_data.o)
                0x0000011e                __do_copy_data
 .init4         0x00000138       0x10 e:/installs/arduino_1_8_16/hardware/tools/avr/bin/../lib/gcc/avr/7.3.0/avr6\libgcc.a(_clear_bss.o)
                0x00000138                __do_clear_bss
 *(.init4)
 *(.init5)
 *(.init5)
 *(.init6)
 .init6         0x00000148       0x20 e:/installs/arduino_1_8_16/hardware/tools/avr/bin/../lib/gcc/avr/7.3.0/avr6\libgcc.a(_ctors.o)
                0x00000148                __do_global_ctors
 *(.init6)
 *(.init7)
 *(.init7)
 *(.init8)
 *(.init8)
 *(.init9)
 .init9         0x00000168        0x8 e:/installs/arduino_1_8_16/hardware/tools/avr/bin/../lib/gcc/avr/7.3.0/../../../../avr/lib/avr6/crtatmega2560.o
 *(.init9)
 *(.text)
 .text          0x00000170        0x4 e:/installs/arduino_1_8_16/hardware/tools/avr/bin/../lib/gcc/avr/7.3.0/../../../../avr/lib/avr6/crtatmega2560.o
                0x00000170                __vector_38
                0x00000170                __vector_22
                0x00000170                __vector_28
                0x00000170                __vector_1
                0x00000170                __vector_32
                0x00000170                __vector_34
                0x00000170                __vector_24
                0x00000170                __vector_12
                0x00000170                __vector_55
                0x00000170                __vector_46
                0x00000170                __bad_interrupt
                0x00000170                __vector_6
                0x00000170                __vector_31
                0x00000170                __vector_35
                0x00000170                __vector_39
                0x00000170                __vector_3
                0x00000170                __vector_30
                0x00000170                __vector_45
                0x00000170                __vector_11
                0x00000170                __vector_54
                0x00000170                __vector_13
                0x00000170                __vector_17
                0x00000170                __vector_19
                0x00000170                __vector_56
                0x00000170                __vector_7
                0x00000170                __vector_49
                0x00000170                __vector_41
                0x00000170                __vector_43
                0x00000170                __vector_27
                0x00000170                __vector_5
                0x00000170                __vector_33
                0x00000170                __vector_47
                0x00000170                __vector_52
                0x00000170                __vector_37
                0x00000170                __vector_4
                0x00000170                __vector_44
                0x00000170                __vector_51
                0x00000170                __vector_9
                0x00000170                __vector_2
                0x00000170                __vector_21
                0x00000170                __vector_15
                0x00000170                __vector_36
                0x00000170                __vector_29
                0x00000170                __vector_40
                0x00000170                __vector_8
                0x00000170                __vector_48
                0x00000170                __vector_14
                0x00000170                __vector_53
                0x00000170                __vector_10
                0x00000170                __vector_50
                0x00000170                __vector_16
                0x00000170                __vector_18
                0x00000170                __vector_20
                0x00000170                __vector_42
                0x00000174                . = ALIGN (0x2)
 *(.text.*)
 .text._Z13model_predictPKfl
                0x00000174     0x2f88 build-mega-atmega2560/internally_implemented.cpp.o
                0x00000174                _Z13model_predictPKfl
 .text.th_infer
                0x000030fc       0x1a build-mega-atmega2560/internally_implemented.cpp.o
 .text._Z18ee_serial_callbackc
                0x00003116       0x4e build-mega-atmega2560/internally_implemented.cpp.o
                0x00003116                _Z18ee_serial_callbackc
 .text._Z23ee_benchmark_initializev
                0x00003164       0x30 build-mega-atmega2560/internally_implemented.cpp.o
                0x00003164                _Z23ee_benchmark_initializev
 .text._Z8ee_inferjj
                0x00003194       0xe2 build-mega-atmega2560/internally_implemented.cpp.o
                0x00003194                _Z8ee_inferjj
 .text._Z9ee_hexdecPc
                0x00003276       0x7c build-mega-atmega2560/internally_implemented.cpp.o
                0x00003276                _Z9ee_hexdecPc
 .text._Z15ee_buffer_parsePc
                0x000032f2      0x24c build-mega-atmega2560/internally_implemented.cpp.o
                0x000032f2                _Z15ee_buffer_parsePc
 .text._Z16ee_profile_parsePc
                0x0000353e      0x1f4 build-mega-atmega2560/internally_implemented.cpp.o
                0x0000353e                _Z16ee_profile_parsePc
 .text._Z33ee_serial_command_parser_callbackPc
                0x00003732       0xa0 build-mega-atmega2560/internally_implemented.cpp.o
                0x00003732                _Z33ee_serial_command_parser_callbackPc
 .text._Z13ee_get_bufferPhj
                0x000037d2       0x2a build-mega-atmega2560/internally_implemented.cpp.o
                0x000037d2                _Z13ee_get_bufferPhj
 .text._Z9th_printfPKcz
                0x000037fc       0x3a build-mega-atmega2560/submitter_implemented.cpp.o
                0x000037fc                _Z9th_printfPKcz
 .text._Z12th_timestampv
                0x00003836       0x26 build-mega-atmega2560/submitter_implemented.cpp.o
                0x00003836                _Z12th_timestampv
 .text._Z23th_timestamp_initializev
                0x0000385c       0x14 build-mega-atmega2560/submitter_implemented.cpp.o
                0x0000385c                _Z23th_timestamp_initializev
 .text._Z16th_command_readyPVc
                0x00003870        0x4 build-mega-atmega2560/submitter_implemented.cpp.o
                0x00003870                _Z16th_command_readyPVc
 .text._Z10th_strnlenPKcj
                0x00003874        0x4 build-mega-atmega2560/submitter_implemented.cpp.o
                0x00003874                _Z10th_strnlenPKcj
 .text._Z16th_load_featuresv
                0x00003878       0x4c build-mega-atmega2560/submitter_implemented.cpp.o
                0x00003878                _Z16th_load_featuresv
 .text._Z10th_resultsv
                0x000038c4       0x42 build-mega-atmega2560/submitter_implemented.cpp.o
                0x000038c4                _Z10th_resultsv
 .text._Z19th_final_initializev
                0x00003906        0x2 build-mega-atmega2560/submitter_implemented.cpp.o
                0x00003906                _Z19th_final_initializev
 .text._Z10th_getcharv
                0x00003908        0xa build-mega-atmega2560/submitter_implemented.cpp.o
                0x00003908                _Z10th_getcharv
 .text.setup    0x00003912       0x16 build-mega-atmega2560/avr_gcc.ino.o
                0x00003912                setup
 .text.loop     0x00003928       0x1a build-mega-atmega2560/avr_gcc.ino.o
                0x00003928                loop
 .text.__vector_23
                0x00003942       0x94 build-mega-atmega2560/libcore.a(wiring.c.o)
                0x00003942                __vector_23
 .text.micros   0x000039d6       0x4a build-mega-atmega2560/libcore.a(wiring.c.o)
                0x000039d6                micros
 .text.init     0x00003a20       0xc4 build-mega-atmega2560/libcore.a(wiring.c.o)
                0x00003a20                init
 .text._ZN14HardwareSerial9availableEv
                0x00003ae4       0x18 build-mega-atmega2560/libcore.a(HardwareSerial.cpp.o)
                0x00003ae4                _ZN14HardwareSerial9availableEv
 .text._ZN14HardwareSerial4peekEv
                0x00003afc       0x1c build-mega-atmega2560/libcore.a(HardwareSerial.cpp.o)
                0x00003afc                _ZN14HardwareSerial4peekEv
 .text._ZN14HardwareSerial4readEv
                0x00003b18       0x28 build-mega-atmega2560/libcore.a(HardwareSerial.cpp.o)
                0x00003b18                _ZN14HardwareSerial4readEv
 .text._ZN14HardwareSerial17availableForWriteEv
                0x00003b40       0x1e build-mega-atmega2560/libcore.a(HardwareSerial.cpp.o)
                0x00003b40                _ZN14HardwareSerial17availableForWriteEv
 .text._Z14serialEventRunv
                0x00003b5e       0x6a build-mega-atmega2560/libcore.a(HardwareSerial.cpp.o)
                0x00003b5e                _Z14serialEventRunv
 .text._ZN14HardwareSerial17_tx_udr_empty_irqEv
                0x00003bc8       0x44 build-mega-atmega2560/libcore.a(HardwareSerial.cpp.o)
                0x00003bc8                _ZN14HardwareSerial17_tx_udr_empty_irqEv
 .text._ZN14HardwareSerial5flushEv
                0x00003c0c       0x40 build-mega-atmega2560/libcore.a(HardwareSerial.cpp.o)
                0x00003c0c                _ZN14HardwareSerial5flushEv
 .text._ZN14HardwareSerial5writeEh
                0x00003c4c       0x9a build-mega-atmega2560/libcore.a(HardwareSerial.cpp.o)
                0x00003c4c                _ZN14HardwareSerial5writeEh
 .text._ZN14HardwareSerial5beginEmh
                0x00003ce6       0xc4 build-mega-atmega2560/libcore.a(HardwareSerial.cpp.o)
                0x00003ce6                _ZN14HardwareSerial5beginEmh
 .text.__vector_25
                0x00003daa       0x6c build-mega-atmega2560/libcore.a(HardwareSerial0.cpp.o)
                0x00003daa                __vector_25
 .text.__vector_26
                0x00003e16       0x54 build-mega-atmega2560/libcore.a(HardwareSerial0.cpp.o)
                0x00003e16                __vector_26
 .text._Z17Serial0_availablev
                0x00003e6a       0x14 build-mega-atmega2560/libcore.a(HardwareSerial0.cpp.o)
                0x00003e6a                _Z17Serial0_availablev
 .text.startup._GLOBAL__sub_I___vector_25
                0x00003e7e       0x5a build-mega-atmega2560/libcore.a(HardwareSerial0.cpp.o)
 .text.initVariant
                0x00003ed8        0x2 build-mega-atmega2560/libcore.a(main.cpp.o)
                0x00003ed8                initVariant
 .text.startup.main
                0x00003eda       0x1e build-mega-atmega2560/libcore.a(main.cpp.o)
                0x00003eda                main
 .text._ZN5Print5writeEPKhj
                0x00003ef8       0x5a build-mega-atmega2560/libcore.a(Print.cpp.o)
                0x00003ef8                _ZN5Print5writeEPKhj
 .text._ZN5Print5writeEPKc.part.2
                0x00003f52       0x1e build-mega-atmega2560/libcore.a(Print.cpp.o)
 .text._ZN5Print5printEPKc
                0x00003f70       0x10 build-mega-atmega2560/libcore.a(Print.cpp.o)
                0x00003f70                _ZN5Print5printEPKc
 .text.avr-libc
                0x00003f80       0x3c e:/installs/arduino_1_8_16/hardware/tools/avr/bin/../lib/gcc/avr/7.3.0/../../../../avr/lib/avr6\libc.a(atoi.o)
                0x00003f80                atoi
 .text.avr-libc
                0x00003fbc        0x6 e:/installs/arduino_1_8_16/hardware/tools/avr/bin/../lib/gcc/avr/7.3.0/../../../../avr/lib/avr6\libc.a(exit.o)
                0x00003fbc                exit
 .text.avr-libc
                0x00003fc2        0x8 e:/installs/arduino_1_8_16/hardware/tools/avr/bin/../lib/gcc/avr/7.3.0/../../../../avr/lib/avr6\libc.a(strtok.o)
                0x00003fc2                strtok
 .text.avr-libc
                0x00003fca       0x12 e:/installs/arduino_1_8_16/hardware/tools/avr/bin/../lib/gcc/avr/7.3.0/../../../../avr/lib/avr6\libc.a(memcpy.o)
                0x00003fca                memcpy
 .text.avr-libc
                0x00003fdc       0x1c e:/installs/arduino_1_8_16/hardware/tools/avr/bin/../lib/gcc/avr/7.3.0/../../../../avr/lib/avr6\libc.a(strncmp.o)
                0x00003fdc                strncmp
 .text.avr-libc
                0x00003ff8       0x16 e:/installs/arduino_1_8_16/hardware/tools/avr/bin/../lib/gcc/avr/7.3.0/../../../../avr/lib/avr6\libc.a(strnlen.o)
                0x00003ff8                strnlen
 .text.avr-libc
                0x0000400e       0x4e e:/installs/arduino_1_8_16/hardware/tools/avr/bin/../lib/gcc/avr/7.3.0/../../../../avr/lib/avr6\libc.a(strtok_r.o)
                0x0000400e                strtok_r
 .text.avr-libc
                0x0000405c       0x10 e:/installs/arduino_1_8_16/hardware/tools/avr/bin/../lib/gcc/avr/7.3.0/../../../../avr/lib/avr6\libc.a(mul10.o)
                0x0000405c                __mulhi_const_10
 .text.avr-libc
                0x0000406c       0x72 e:/installs/arduino_1_8_16/hardware/tools/avr/bin/../lib/gcc/avr/7.3.0/../../../../avr/lib/avr6\libc.a(vsnprintf.o)
                0x0000406c                vsnprintf
 .text.avr-libc.fplib
                0x000040de        0xa e:/installs/arduino_1_8_16/hardware/tools/avr/bin/../lib/gcc/avr/7.3.0/../../../../avr/lib/avr6\libc.a(cmpsf2.o)
                0x000040de                __nesf2
                0x000040de                __eqsf2
                0x000040de                __cmpsf2
                0x000040de                __ltsf2
                0x000040de                __lesf2
 .text.avr-libc.fplib
                0x000040e8       0x48 e:/installs/arduino_1_8_16/hardware/tools/avr/bin/../lib/gcc/avr/7.3.0/../../../../avr/lib/avr6\libc.a(fp_cmp.o)
                0x000040e8                __fp_cmp
 .text.avr-libc
                0x00004130      0x404 e:/installs/arduino_1_8_16/hardware/tools/avr/bin/../lib/gcc/avr/7.3.0/../../../../avr/lib/avr6\libc.a(vfprintf_std.o)
                0x00004130                vfprintf
 .text.avr-libc
                0x00004534       0x16 e:/installs/arduino_1_8_16/hardware/tools/avr/bin/../lib/gcc/avr/7.3.0/../../../../avr/lib/avr6\libc.a(strnlen_P.o)
                0x00004534                strnlen_P
 .text.avr-libc
                0x0000454a       0x60 e:/installs/arduino_1_8_16/hardware/tools/avr/bin/../lib/gcc/avr/7.3.0/../../../../avr/lib/avr6\libc.a(fputc.o)
                0x0000454a                fputc
 .text.avr-libc
                0x000045aa       0xbc e:/installs/arduino_1_8_16/hardware/tools/avr/bin/../lib/gcc/avr/7.3.0/../../../../avr/lib/avr6\libc.a(ultoa_invert.o)
                0x000045aa                __ultoa_invert
 .text.libgcc.div
                0x00004666       0x44 e:/installs/arduino_1_8_16/hardware/tools/avr/bin/../lib/gcc/avr/7.3.0/avr6\libgcc.a(_udivmodsi4.o)
                0x00004666                __udivmodsi4
 .text.libgcc   0x000046aa       0x10 e:/installs/arduino_1_8_16/hardware/tools/avr/bin/../lib/gcc/avr/7.3.0/avr6\libgcc.a(_tablejump2.o)
                0x000046aa                __tablejump2__
                0x000046ba                . = ALIGN (0x2)
 *(.fini9)
 .fini9         0x000046ba        0x0 e:/installs/arduino_1_8_16/hardware/tools/avr/bin/../lib/gcc/avr/7.3.0/avr6\libgcc.a(_exit.o)
                0x000046ba                _exit
 *(.fini9)
 *(.fini8)
 *(.fini8)
 *(.fini7)
 *(.fini7)
 *(.fini6)
 *(.fini6)
 *(.fini5)
 *(.fini5)
 *(.fini4)
 *(.fini4)
 *(.fini3)
 *(.fini3)
 *(.fini2)
 *(.fini2)
 *(.fini1)
 *(.fini1)
 *(.fini0)
 .fini0         0x000046ba        0x4 e:/installs/arduino_1_8_16/hardware/tools/avr/bin/../lib/gcc/avr/7.3.0/avr6\libgcc.a(_exit.o)
 *(.fini0)
                0x000046be                _etext = .

.data           0x00800200      0x516 load address 0x000046be
                0x00800200                PROVIDE (__data_start, .)
 *(.data)
 *(.data*)
 *(.gnu.linkonce.d*)
 *(.rodata)
 *(.rodata*)
 .rodata._Z23ee_benchmark_initializev.str1.1
                0x00800200       0x18 build-mega-atmega2560/internally_implemented.cpp.o
 .rodata._Z8ee_inferjj.str1.1
                0x00800218       0x55 build-mega-atmega2560/internally_implemented.cpp.o
 .rodata._Z15ee_buffer_parsePc.str1.1
                0x0080026d      0x13b build-mega-atmega2560/internally_implemented.cpp.o
                                0x140 (size before relaxing)
 .rodata._Z16ee_profile_parsePc.str1.1
                0x008003a8      0x2c8 build-mega-atmega2560/internally_implemented.cpp.o
 .rodata._Z33ee_serial_command_parser_callbackPc.str1.1
                0x00800670       0x3e build-mega-atmega2560/internally_implemented.cpp.o
 .rodata._Z12th_timestampv.str1.1
                0x008006ae        0xf build-mega-atmega2560/submitter_implemented.cpp.o
 .rodata._Z23th_timestamp_initializev.str1.1
                0x008006ae       0x1f build-mega-atmega2560/submitter_implemented.cpp.o
 .rodata._Z16th_load_featuresv.str1.1
                0x008006cd       0x28 build-mega-atmega2560/submitter_implemented.cpp.o
 .rodata._Z10th_resultsv.str1.1
                0x008006f5        0xf build-mega-atmega2560/submitter_implemented.cpp.o
                                 0x13 (size before relaxing)
 .rodata._ZTV14HardwareSerial
                0x00800704       0x12 build-mega-atmega2560/libcore.a(HardwareSerial.cpp.o)
                0x00800704                _ZTV14HardwareSerial
 *(.gnu.linkonce.r*)
                0x00800716                . = ALIGN (0x2)
                0x00800716                _edata = .
                0x00800716                PROVIDE (__data_end, .)

.bss            0x00800716      0x552
                0x00800716                PROVIDE (__bss_start, .)
 *(.bss)
 .bss           0x00800716        0x2 e:/installs/arduino_1_8_16/hardware/tools/avr/bin/../lib/gcc/avr/7.3.0/../../../../avr/lib/avr6\libc.a(strtok.o)
 *(.bss*)
 .bss.g_state_parser_enabled
                0x00800718        0x1 build-mega-atmega2560/internally_implemented.cpp.o
                0x00800718                g_state_parser_enabled
 .bss.g_buff_pos
                0x00800719        0x2 build-mega-atmega2560/internally_implemented.cpp.o
                0x00800719                g_buff_pos
 .bss.g_buff_size
                0x0080071b        0x2 build-mega-atmega2560/internally_implemented.cpp.o
                0x0080071b                g_buff_size
 .bss.gp_buff   0x0080071d      0x200 build-mega-atmega2560/internally_implemented.cpp.o
                0x0080071d                gp_buff
 .bss.g_cmd_pos
                0x0080091d        0x2 build-mega-atmega2560/internally_implemented.cpp.o
                0x0080091d                g_cmd_pos
 .bss.g_cmd_buf
                0x0080091f       0x51 build-mega-atmega2560/internally_implemented.cpp.o
                0x0080091f                g_cmd_buf
 .bss.input     0x00800970      0x200 build-mega-atmega2560/internally_implemented.cpp.o
                0x00800970                input
 .bss.model_output
                0x00800b70        0x2 build-mega-atmega2560/internally_implemented.cpp.o
                0x00800b70                model_output
 .bss._ZZ9th_printfPKczE9print_buf
                0x00800b72       0x50 build-mega-atmega2560/submitter_implemented.cpp.o
 .bss.timer0_fract
                0x00800bc2        0x1 build-mega-atmega2560/libcore.a(wiring.c.o)
 .bss.timer0_millis
                0x00800bc3        0x4 build-mega-atmega2560/libcore.a(wiring.c.o)
                0x00800bc3                timer0_millis
 .bss.timer0_overflow_count
                0x00800bc7        0x4 build-mega-atmega2560/libcore.a(wiring.c.o)
                0x00800bc7                timer0_overflow_count
 .bss.Serial    0x00800bcb       0x9d build-mega-atmega2560/libcore.a(HardwareSerial0.cpp.o)
                0x00800bcb                Serial
 *(COMMON)
                0x00800c68                PROVIDE (__bss_end, .)
                0x000046be                __data_load_start = LOADADDR (.data)
                0x00004bd4                __data_load_end = (__data_load_start + SIZEOF (.data))

.noinit         0x00800c68        0x0
                [!provide]                PROVIDE (__noinit_start, .)
 *(.noinit*)
                [!provide]                PROVIDE (__noinit_end, .)
                0x00800c68                _end = .
                [!provide]                PROVIDE (__heap_start, .)

.eeprom         0x00810000        0x0
 *(.eeprom*)
                0x00810000                __eeprom_end = .

.fuse
 *(.fuse)
 *(.lfuse)
 *(.hfuse)
 *(.efuse)

.lock
 *(.lock*)

.signature
 *(.signature*)

.user_signatures
 *(.user_signatures*)

.stab
 *(.stab)

.stabstr
 *(.stabstr)

.stab.excl
 *(.stab.excl)

.stab.exclstr
 *(.stab.exclstr)

.stab.index
 *(.stab.index)

.stab.indexstr
 *(.stab.indexstr)

.comment        0x00000000       0x11
 *(.comment)
 .comment       0x00000000       0x11 build-mega-atmega2560/internally_implemented.cpp.o
                                 0x12 (size before relaxing)
 .comment       0x00000011       0x12 build-mega-atmega2560/submitter_implemented.cpp.o
 .comment       0x00000011       0x12 build-mega-atmega2560/avr_gcc.ino.o
 .comment       0x00000011       0x12 build-mega-atmega2560/libcore.a(wiring.c.o)
 .comment       0x00000011       0x12 build-mega-atmega2560/libcore.a(HardwareSerial.cpp.o)
 .comment       0x00000011       0x12 build-mega-atmega2560/libcore.a(HardwareSerial0.cpp.o)
 .comment       0x00000011       0x12 build-mega-atmega2560/libcore.a(main.cpp.o)
 .comment       0x00000011       0x12 build-mega-atmega2560/libcore.a(Print.cpp.o)
 .comment       0x00000011       0x12 e:/installs/arduino_1_8_16/hardware/tools/avr/bin/../lib/gcc/avr/7.3.0/../../../../avr/lib/avr6\libc.a(strtok.o)
 .comment       0x00000011       0x12 e:/installs/arduino_1_8_16/hardware/tools/avr/bin/../lib/gcc/avr/7.3.0/../../../../avr/lib/avr6\libc.a(vsnprintf.o)
 .comment       0x00000011       0x12 e:/installs/arduino_1_8_16/hardware/tools/avr/bin/../lib/gcc/avr/7.3.0/../../../../avr/lib/avr6\libc.a(vfprintf_std.o)
 .comment       0x00000011       0x12 e:/installs/arduino_1_8_16/hardware/tools/avr/bin/../lib/gcc/avr/7.3.0/../../../../avr/lib/avr6\libc.a(fputc.o)

.note.gnu.avr.deviceinfo
                0x00000000       0x40
 .note.gnu.avr.deviceinfo
                0x00000000       0x40 e:/installs/arduino_1_8_16/hardware/tools/avr/bin/../lib/gcc/avr/7.3.0/../../../../avr/lib/avr6/crtatmega2560.o

.note.gnu.build-id
 *(.note.gnu.build-id)

.debug
 *(.debug)

.line
 *(.line)

.debug_srcinfo
 *(.debug_srcinfo)

.debug_sfnames
 *(.debug_sfnames)

.debug_aranges  0x00000000       0xc0
 *(.debug_aranges)
 .debug_aranges
                0x00000000       0x20 e:/installs/arduino_1_8_16/hardware/tools/avr/bin/../lib/gcc/avr/7.3.0/avr6\libgcc.a(_udivmodsi4.o)
 .debug_aranges
                0x00000020       0x20 e:/installs/arduino_1_8_16/hardware/tools/avr/bin/../lib/gcc/avr/7.3.0/avr6\libgcc.a(_exit.o)
 .debug_aranges
                0x00000040       0x20 e:/installs/arduino_1_8_16/hardware/tools/avr/bin/../lib/gcc/avr/7.3.0/avr6\libgcc.a(_copy_data.o)
 .debug_aranges
                0x00000060       0x20 e:/installs/arduino_1_8_16/hardware/tools/avr/bin/../lib/gcc/avr/7.3.0/avr6\libgcc.a(_clear_bss.o)
 .debug_aranges
                0x00000080       0x20 e:/installs/arduino_1_8_16/hardware/tools/avr/bin/../lib/gcc/avr/7.3.0/avr6\libgcc.a(_ctors.o)
 .debug_aranges
                0x000000a0       0x20 e:/installs/arduino_1_8_16/hardware/tools/avr/bin/../lib/gcc/avr/7.3.0/avr6\libgcc.a(_tablejump2.o)

.debug_pubnames
 *(.debug_pubnames)

.debug_info     0x00000000     0x101e
 *(.debug_info .gnu.linkonce.wi.*)
 .debug_info    0x00000000      0xbbc e:/installs/arduino_1_8_16/hardware/tools/avr/bin/../lib/gcc/avr/7.3.0/../../../../avr/lib/avr6/crtatmega2560.o
 .debug_info    0x00000bbc       0xbb e:/installs/arduino_1_8_16/hardware/tools/avr/bin/../lib/gcc/avr/7.3.0/avr6\libgcc.a(_udivmodsi4.o)
 .debug_info    0x00000c77       0xbb e:/installs/arduino_1_8_16/hardware/tools/avr/bin/../lib/gcc/avr/7.3.0/avr6\libgcc.a(_exit.o)
 .debug_info    0x00000d32       0xbb e:/installs/arduino_1_8_16/hardware/tools/avr/bin/../lib/gcc/avr/7.3.0/avr6\libgcc.a(_copy_data.o)
 .debug_info    0x00000ded       0xbb e:/installs/arduino_1_8_16/hardware/tools/avr/bin/../lib/gcc/avr/7.3.0/avr6\libgcc.a(_clear_bss.o)
 .debug_info    0x00000ea8       0xbb e:/installs/arduino_1_8_16/hardware/tools/avr/bin/../lib/gcc/avr/7.3.0/avr6\libgcc.a(_ctors.o)
 .debug_info    0x00000f63       0xbb e:/installs/arduino_1_8_16/hardware/tools/avr/bin/../lib/gcc/avr/7.3.0/avr6\libgcc.a(_tablejump2.o)

.debug_abbrev   0x00000000      0xb92
 *(.debug_abbrev)
 .debug_abbrev  0x00000000      0xb1a e:/installs/arduino_1_8_16/hardware/tools/avr/bin/../lib/gcc/avr/7.3.0/../../../../avr/lib/avr6/crtatmega2560.o
 .debug_abbrev  0x00000b1a       0x14 e:/installs/arduino_1_8_16/hardware/tools/avr/bin/../lib/gcc/avr/7.3.0/avr6\libgcc.a(_udivmodsi4.o)
 .debug_abbrev  0x00000b2e       0x14 e:/installs/arduino_1_8_16/hardware/tools/avr/bin/../lib/gcc/avr/7.3.0/avr6\libgcc.a(_exit.o)
 .debug_abbrev  0x00000b42       0x14 e:/installs/arduino_1_8_16/hardware/tools/avr/bin/../lib/gcc/avr/7.3.0/avr6\libgcc.a(_copy_data.o)
 .debug_abbrev  0x00000b56       0x14 e:/installs/arduino_1_8_16/hardware/tools/avr/bin/../lib/gcc/avr/7.3.0/avr6\libgcc.a(_clear_bss.o)
 .debug_abbrev  0x00000b6a       0x14 e:/installs/arduino_1_8_16/hardware/tools/avr/bin/../lib/gcc/avr/7.3.0/avr6\libgcc.a(_ctors.o)
 .debug_abbrev  0x00000b7e       0x14 e:/installs/arduino_1_8_16/hardware/tools/avr/bin/../lib/gcc/avr/7.3.0/avr6\libgcc.a(_tablejump2.o)

.debug_line     0x00000000      0x3fe
 *(.debug_line .debug_line.* .debug_line_end)
 .debug_line    0x00000000       0x1a e:/installs/arduino_1_8_16/hardware/tools/avr/bin/../lib/gcc/avr/7.3.0/../../../../avr/lib/avr6/crtatmega2560.o
 .debug_line    0x0000001a      0x122 e:/installs/arduino_1_8_16/hardware/tools/avr/bin/../lib/gcc/avr/7.3.0/avr6\libgcc.a(_udivmodsi4.o)
 .debug_line    0x0000013c       0x62 e:/installs/arduino_1_8_16/hardware/tools/avr/bin/../lib/gcc/avr/7.3.0/avr6\libgcc.a(_exit.o)
 .debug_line    0x0000019e       0xa4 e:/installs/arduino_1_8_16/hardware/tools/avr/bin/../lib/gcc/avr/7.3.0/avr6\libgcc.a(_copy_data.o)
 .debug_line    0x00000242       0x86 e:/installs/arduino_1_8_16/hardware/tools/avr/bin/../lib/gcc/avr/7.3.0/avr6\libgcc.a(_clear_bss.o)
 .debug_line    0x000002c8       0xb0 e:/installs/arduino_1_8_16/hardware/tools/avr/bin/../lib/gcc/avr/7.3.0/avr6\libgcc.a(_ctors.o)
 .debug_line    0x00000378       0x86 e:/installs/arduino_1_8_16/hardware/tools/avr/bin/../lib/gcc/avr/7.3.0/avr6\libgcc.a(_tablejump2.o)

.debug_frame
 *(.debug_frame)

.debug_str      0x00000000      0x3e6
 *(.debug_str)
 .debug_str     0x00000000      0x3e6 e:/installs/arduino_1_8_16/hardware/tools/avr/bin/../lib/gcc/avr/7.3.0/../../../../avr/lib/avr6/crtatmega2560.o

.debug_loc
 *(.debug_loc)

.debug_macinfo
 *(.debug_macinfo)

.debug_weaknames
 *(.debug_weaknames)

.debug_funcnames
 *(.debug_funcnames)

.debug_typenames
 *(.debug_typenames)

.debug_varnames
 *(.debug_varnames)

.debug_pubtypes
 *(.debug_pubtypes)

.debug_ranges
 *(.debug_ranges)

.debug_macro
 *(.debug_macro)
OUTPUT(build-mega-atmega2560/avr_gcc.elf elf32-avr)
LOAD linker stubs
