Archive member included because of file (symbol)

c:/Users/baciu/AppData/Local/Arduino15/packages/arduino/hardware/sam/1.6.8/variants/arduino_due_x/libsam_sam3x8e_gcc_rel.a(startup_sam3xa.o)
                              (Reset_Handler)
c:/Users/baciu/AppData/Local/Arduino15/packages/arduino/hardware/sam/1.6.8/variants/arduino_due_x/libsam_sam3x8e_gcc_rel.a(uotghs.o)
                              c:/Users/baciu/AppData/Local/Arduino15/packages/arduino/hardware/sam/1.6.8/variants/arduino_due_x/libsam_sam3x8e_gcc_rel.a(startup_sam3xa.o) (UOTGHS_Handler)
build-arduino_due_x-SAM3X8E/libcore.a(variant.cpp.o)
                              c:/Users/baciu/AppData/Local/Arduino15/packages/arduino/hardware/sam/1.6.8/variants/arduino_due_x/libsam_sam3x8e_gcc_rel.a(startup_sam3xa.o) (UART_Handler)
build-arduino_due_x-SAM3X8E/libcore.a(adc.c.o)
                              build-arduino_due_x-SAM3X8E/libcore.a(variant.cpp.o) (adc_init)
build-arduino_due_x-SAM3X8E/libcore.a(pio.c.o)
                              build-arduino_due_x-SAM3X8E/libcore.a(variant.cpp.o) (PIO_Configure)
build-arduino_due_x-SAM3X8E/libcore.a(pmc.c.o)
                              build-arduino_due_x-SAM3X8E/libcore.a(variant.cpp.o) (pmc_enable_periph_clk)
build-arduino_due_x-SAM3X8E/libcore.a(system_sam3xa.c.o)
                              build-arduino_due_x-SAM3X8E/libcore.a(variant.cpp.o) (SystemInit)
build-arduino_due_x-SAM3X8E/libcore.a(cortex_handlers.c.o)
                              c:/Users/baciu/AppData/Local/Arduino15/packages/arduino/hardware/sam/1.6.8/variants/arduino_due_x/libsam_sam3x8e_gcc_rel.a(startup_sam3xa.o) (NMI_Handler)
build-arduino_due_x-SAM3X8E/libcore.a(hooks.c.o)
                              build-arduino_due_x-SAM3X8E/libcore.a(cortex_handlers.c.o) (sysTickHook)
build-arduino_due_x-SAM3X8E/libcore.a(syscalls_sam3.c.o)
                              (_sbrk)
build-arduino_due_x-SAM3X8E/libcore.a(wiring.c.o)
                              build-arduino_due_x-SAM3X8E/internally_implemented.cpp.o (micros)
build-arduino_due_x-SAM3X8E/libcore.a(wiring_analog.c.o)
                              build-arduino_due_x-SAM3X8E/libcore.a(variant.cpp.o) (analogOutputInit)
build-arduino_due_x-SAM3X8E/libcore.a(wiring_digital.c.o)
                              build-arduino_due_x-SAM3X8E/libcore.a(wiring_analog.c.o) (pinMode)
build-arduino_due_x-SAM3X8E/libcore.a(main.cpp.o)
                              c:/users/baciu/appdata/local/arduino15/packages/arduino/tools/arm-none-eabi-gcc/4.8.3-2014q1/bin/../lib/gcc/arm-none-eabi/4.8.3/../../../../arm-none-eabi/lib/armv7-m/crt0.o (main)
build-arduino_due_x-SAM3X8E/libcore.a(Print.cpp.o)
                              build-arduino_due_x-SAM3X8E/submitter_implemented.cpp.o (Print::print(char const*))
build-arduino_due_x-SAM3X8E/libcore.a(Reset.cpp.o)
                              build-arduino_due_x-SAM3X8E/libcore.a(cortex_handlers.c.o) (tickReset)
build-arduino_due_x-SAM3X8E/libcore.a(RingBuffer.cpp.o)
                              build-arduino_due_x-SAM3X8E/libcore.a(variant.cpp.o) (RingBuffer::RingBuffer())
build-arduino_due_x-SAM3X8E/libcore.a(UARTClass.cpp.o)
                              build-arduino_due_x-SAM3X8E/avr_gcc.ino.o (UARTClass::available())
build-arduino_due_x-SAM3X8E/libcore.a(USARTClass.cpp.o)
                              build-arduino_due_x-SAM3X8E/libcore.a(variant.cpp.o) (USARTClass::USARTClass(Usart*, IRQn, unsigned long, RingBuffer*, RingBuffer*))
build-arduino_due_x-SAM3X8E/libcore.a(watchdog.cpp.o)
                              build-arduino_due_x-SAM3X8E/libcore.a(main.cpp.o) (watchdogSetup())
build-arduino_due_x-SAM3X8E/libcore.a(USBCore.cpp.o)
                              build-arduino_due_x-SAM3X8E/libcore.a(main.cpp.o) (USBDevice_::attach())
build-arduino_due_x-SAM3X8E/libcore.a(dacc.c.o)
                              build-arduino_due_x-SAM3X8E/libcore.a(wiring_analog.c.o) (dacc_reset)
build-arduino_due_x-SAM3X8E/libcore.a(interrupt_sam_nvic.c.o)
                              build-arduino_due_x-SAM3X8E/libcore.a(USBCore.cpp.o) (g_interrupt_enabled)
build-arduino_due_x-SAM3X8E/libcore.a(pwmc.c.o)
                              build-arduino_due_x-SAM3X8E/libcore.a(wiring_analog.c.o) (PWMC_ConfigureChannel)
build-arduino_due_x-SAM3X8E/libcore.a(tc.c.o)
                              build-arduino_due_x-SAM3X8E/libcore.a(wiring_analog.c.o) (TC_Configure)
build-arduino_due_x-SAM3X8E/libcore.a(timetick.c.o)
                              build-arduino_due_x-SAM3X8E/libcore.a(cortex_handlers.c.o) (TimeTick_Increment)
build-arduino_due_x-SAM3X8E/libcore.a(uotghs_device.c.o)
                              build-arduino_due_x-SAM3X8E/libcore.a(USBCore.cpp.o) (UDD_SetStack)
build-arduino_due_x-SAM3X8E/libcore.a(wdt.c.o)
                              build-arduino_due_x-SAM3X8E/libcore.a(watchdog.cpp.o) (WDT_Enable)
build-arduino_due_x-SAM3X8E/libcore.a(abi.cpp.o)
                              build-arduino_due_x-SAM3X8E/libcore.a(Print.cpp.o) (__cxa_pure_virtual)
[...]
Memory Configuration

Name             Origin             Length             Attributes
rom              0x00080000         0x00080000         xr
sram0            0x20000000         0x00010000         xrw
sram1            0x20080000         0x00008000         xrw
ram              0x20070000         0x00018000         xrw
*default*        0x00000000         0xffffffff

Linker script and memory map

LOAD c:/users/baciu/appdata/local/arduino15/packages/arduino/tools/arm-none-eabi-gcc/4.8.3-2014q1/bin/../lib/gcc/arm-none-eabi/4.8.3/armv7-m/crti.o
LOAD c:/users/baciu/appdata/local/arduino15/packages/arduino/tools/arm-none-eabi-gcc/4.8.3-2014q1/bin/../lib/gcc/arm-none-eabi/4.8.3/armv7-m/crtbegin.o
LOAD c:/users/baciu/appdata/local/arduino15/packages/arduino/tools/arm-none-eabi-gcc/4.8.3-2014q1/bin/../lib/gcc/arm-none-eabi/4.8.3/../../../../arm-none-eabi/lib/armv7-m/crt0.o
LOAD build-arduino_due_x-SAM3X8E/internally_implemented.cpp.o
LOAD build-arduino_due_x-SAM3X8E/submitter_implemented.cpp.o
LOAD build-arduino_due_x-SAM3X8E/avr_gcc.ino.o
LOAD c:/Users/baciu/AppData/Local/Arduino15/packages/arduino/hardware/sam/1.6.8/variants/arduino_due_x/libsam_sam3x8e_gcc_rel.a
START GROUP
LOAD build-arduino_due_x-SAM3X8E/libcore.a
END GROUP
LOAD c:/users/baciu/appdata/local/arduino15/packages/arduino/tools/arm-none-eabi-gcc/4.8.3-2014q1/bin/../lib/gcc/arm-none-eabi/4.8.3/../../../../arm-none-eabi/lib/armv7-m\libstdc++.a
LOAD c:/users/baciu/appdata/local/arduino15/packages/arduino/tools/arm-none-eabi-gcc/4.8.3-2014q1/bin/../lib/gcc/arm-none-eabi/4.8.3/../../../../arm-none-eabi/lib/armv7-m\libm.a
START GROUP
LOAD c:/users/baciu/appdata/local/arduino15/packages/arduino/tools/arm-none-eabi-gcc/4.8.3-2014q1/bin/../lib/gcc/arm-none-eabi/4.8.3/armv7-m\libgcc.a
LOAD c:/users/baciu/appdata/local/arduino15/packages/arduino/tools/arm-none-eabi-gcc/4.8.3-2014q1/bin/../lib/gcc/arm-none-eabi/4.8.3/../../../../arm-none-eabi/lib/armv7-m\libc.a
END GROUP
LOAD c:/users/baciu/appdata/local/arduino15/packages/arduino/tools/arm-none-eabi-gcc/4.8.3-2014q1/bin/../lib/gcc/arm-none-eabi/4.8.3/armv7-m/crtend.o
LOAD c:/users/baciu/appdata/local/arduino15/packages/arduino/tools/arm-none-eabi-gcc/4.8.3-2014q1/bin/../lib/gcc/arm-none-eabi/4.8.3/armv7-m/crtn.o

.text           0x00080000    0x2f3ac
                0x00080000                . = ALIGN (0x4)
                0x00080000                _sfixed = .
 *(.vectors .vectors.*)
 .vectors       0x00080000       0xf4 c:/Users/baciu/AppData/Local/Arduino15/packages/arduino/hardware/sam/1.6.8/variants/arduino_due_x/libsam_sam3x8e_gcc_rel.a(startup_sam3xa.o)
                0x00080000                exception_table
 *(.text .text.* .gnu.linkonce.t.*)
 .text          0x000800f4       0x54 c:/users/baciu/appdata/local/arduino15/packages/arduino/tools/arm-none-eabi-gcc/4.8.3-2014q1/bin/../lib/gcc/arm-none-eabi/4.8.3/armv7-m/crtbegin.o
 .text._Z9predict_0Pf
                0x00080148     0x1c70 build-arduino_due_x-SAM3X8E/internally_implemented.cpp.o
                0x00080148                predict_0(float*)
 .text._Z9predict_1Pf
                0x00081db8     0x22a0 build-arduino_due_x-SAM3X8E/internally_implemented.cpp.o
                0x00081db8                predict_1(float*)
 .text._Z9predict_2Pf
                0x00084058     0x1988 build-arduino_due_x-SAM3X8E/internally_implemented.cpp.o
                0x00084058                predict_2(float*)
 .text._Z9predict_3Pf
                0x000859e0     0x2410 build-arduino_due_x-SAM3X8E/internally_implemented.cpp.o
                0x000859e0                predict_3(float*)
 .text._Z9predict_4Pf
                0x00087df0     0x1e40 build-arduino_due_x-SAM3X8E/internally_implemented.cpp.o
                0x00087df0                predict_4(float*)
 .text._Z9predict_5Pf
                0x00089c30     0x1c08 build-arduino_due_x-SAM3X8E/internally_implemented.cpp.o
                0x00089c30                predict_5(float*)
 .text._Z9predict_6Pf
                0x0008b838     0x1eb0 build-arduino_due_x-SAM3X8E/internally_implemented.cpp.o
                0x0008b838                predict_6(float*)
 .text._Z9predict_7Pf
                0x0008d6e8     0x1ea0 build-arduino_due_x-SAM3X8E/internally_implemented.cpp.o
                0x0008d6e8                predict_7(float*)
 .text._Z9predict_8Pf
                0x0008f588     0x1cd8 build-arduino_due_x-SAM3X8E/internally_implemented.cpp.o
                0x0008f588                predict_8(float*)
 .text._Z9predict_9Pf
                0x00091260     0x1b38 build-arduino_due_x-SAM3X8E/internally_implemented.cpp.o
                0x00091260                predict_9(float*)
 .text._Z10predict_10Pf
                0x00092d98     0x19f8 build-arduino_due_x-SAM3X8E/internally_implemented.cpp.o
                0x00092d98                predict_10(float*)
 .text._Z10predict_11Pf
                0x00094790     0x2038 build-arduino_due_x-SAM3X8E/internally_implemented.cpp.o
                0x00094790                predict_11(float*)
 .text._Z10predict_12Pf
                0x000967c8     0x1be0 build-arduino_due_x-SAM3X8E/internally_implemented.cpp.o
                0x000967c8                predict_12(float*)
 .text._Z10predict_13Pf
                0x000983a8     0x2078 build-arduino_due_x-SAM3X8E/internally_implemented.cpp.o
                0x000983a8                predict_13(float*)
 .text._Z10predict_14Pf
                0x0009a420     0x1c80 build-arduino_due_x-SAM3X8E/internally_implemented.cpp.o
                0x0009a420                predict_14(float*)
 .text._Z10predict_15Pf
                0x0009c0a0     0x1fe0 build-arduino_due_x-SAM3X8E/internally_implemented.cpp.o
                0x0009c0a0                predict_15(float*)
 .text._Z10predict_16Pf
                0x0009e080     0x1e90 build-arduino_due_x-SAM3X8E/internally_implemented.cpp.o
                0x0009e080                predict_16(float*)
 .text._Z10predict_17Pf
                0x0009ff10     0x1988 build-arduino_due_x-SAM3X8E/internally_implemented.cpp.o
                0x0009ff10                predict_17(float*)
 .text._Z10predict_18Pf
                0x000a1898     0x1d98 build-arduino_due_x-SAM3X8E/internally_implemented.cpp.o
                0x000a1898                predict_18(float*)
 .text._Z10predict_19Pf
                0x000a3630     0x20e8 build-arduino_due_x-SAM3X8E/internally_implemented.cpp.o
                0x000a3630                predict_19(float*)
 .text._Z7predictPf
                0x000a5718      0x1ee build-arduino_due_x-SAM3X8E/internally_implemented.cpp.o
                0x000a5718                predict(float*)
 *fill*         0x000a5906        0x2 
 .text._Z18ee_serial_callbackc
                0x000a5908       0x34 build-arduino_due_x-SAM3X8E/internally_implemented.cpp.o
                0x000a5908                ee_serial_callback(char)
 .text._Z23ee_benchmark_initializev
                0x000a593c       0x2c build-arduino_due_x-SAM3X8E/internally_implemented.cpp.o
                0x000a593c                ee_benchmark_initialize()
 .text._Z8ee_inferjj
                0x000a5968       0x8c build-arduino_due_x-SAM3X8E/internally_implemented.cpp.o
                0x000a5968                ee_infer(unsigned int, unsigned int)
 .text._Z9ee_hexdecPc
                0x000a59f4       0x42 build-arduino_due_x-SAM3X8E/internally_implemented.cpp.o
                0x000a59f4                ee_hexdec(char*)
 *fill*         0x000a5a36        0x2 
 .text._Z15ee_buffer_parsePc
                0x000a5a38      0x160 build-arduino_due_x-SAM3X8E/internally_implemented.cpp.o
                0x000a5a38                ee_buffer_parse(char*)
 .text._Z16ee_profile_parsePc
                0x000a5b98      0x174 build-arduino_due_x-SAM3X8E/internally_implemented.cpp.o
                0x000a5b98                ee_profile_parse(char*)
 .text._Z33ee_serial_command_parser_callbackPc
                0x000a5d0c       0x78 build-arduino_due_x-SAM3X8E/internally_implemented.cpp.o
                0x000a5d0c                ee_serial_command_parser_callback(char*)
 .text._Z13ee_get_bufferPhj
                0x000a5d84       0x24 build-arduino_due_x-SAM3X8E/internally_implemented.cpp.o
                0x000a5d84                ee_get_buffer(unsigned char*, unsigned int)
 .text._Z9th_printfPKcz
                0x000a5da8       0x34 build-arduino_due_x-SAM3X8E/submitter_implemented.cpp.o
                0x000a5da8                th_printf(char const*, ...)
 .text._Z12th_timestampv
                0x000a5ddc       0x18 build-arduino_due_x-SAM3X8E/submitter_implemented.cpp.o
                0x000a5ddc                th_timestamp()
 .text._Z23th_timestamp_initializev
                0x000a5df4       0x14 build-arduino_due_x-SAM3X8E/submitter_implemented.cpp.o
                0x000a5df4                th_timestamp_initialize()
 .text._Z16th_command_readyPVc
                0x000a5e08        0x4 build-arduino_due_x-SAM3X8E/submitter_implemented.cpp.o
                0x000a5e08                th_command_ready(char volatile*)
 .text._Z10th_strnlenPKcj
                0x000a5e0c        0x4 build-arduino_due_x-SAM3X8E/submitter_implemented.cpp.o
                0x000a5e0c                th_strnlen(char const*, unsigned int)
 .text._Z16th_load_featuresv
                0x000a5e10       0x2c build-arduino_due_x-SAM3X8E/submitter_implemented.cpp.o
                0x000a5e10                th_load_features()
 .text._Z10th_resultsv
                0x000a5e3c       0x2c build-arduino_due_x-SAM3X8E/submitter_implemented.cpp.o
                0x000a5e3c                th_results()
 .text._Z19th_final_initializev
                0x000a5e68        0x2 build-arduino_due_x-SAM3X8E/submitter_implemented.cpp.o
                0x000a5e68                th_final_initialize()
 .text._Z6th_prev
                0x000a5e6a        0x2 build-arduino_due_x-SAM3X8E/submitter_implemented.cpp.o
                0x000a5e6a                th_pre()
 .text._Z10th_getcharv
                0x000a5e6c       0x10 build-arduino_due_x-SAM3X8E/submitter_implemented.cpp.o
                0x000a5e6c                th_getchar()
 .text.setup    0x000a5e7c       0x18 build-arduino_due_x-SAM3X8E/avr_gcc.ino.o
                0x000a5e7c                setup
 .text.loop     0x000a5e94       0x1c build-arduino_due_x-SAM3X8E/avr_gcc.ino.o
                0x000a5e94                loop
 .text.Reset_Handler
                0x000a5eb0       0x78 c:/Users/baciu/AppData/Local/Arduino15/packages/arduino/hardware/sam/1.6.8/variants/arduino_due_x/libsam_sam3x8e_gcc_rel.a(startup_sam3xa.o)
                0x000a5eb0                Reset_Handler
 .text.UOTGHS_Handler
                0x000a5f28       0x10 c:/Users/baciu/AppData/Local/Arduino15/packages/arduino/hardware/sam/1.6.8/variants/arduino_due_x/libsam_sam3x8e_gcc_rel.a(uotghs.o)
                0x000a5f28                UOTGHS_Handler
 .text._Z11serialEventv
                0x000a5f38        0x2 build-arduino_due_x-SAM3X8E/libcore.a(variant.cpp.o)
                0x000a5f38                serialEvent()
 *fill*         0x000a5f3a        0x2 
 .text.UART_Handler
                0x000a5f3c        0xc build-arduino_due_x-SAM3X8E/libcore.a(variant.cpp.o)
                0x000a5f3c                UART_Handler
 .text._Z12serialEvent1v
                0x000a5f48        0x2 build-arduino_due_x-SAM3X8E/libcore.a(variant.cpp.o)
                0x000a5f48                serialEvent1()
 .text._Z12serialEvent2v
                0x000a5f4a        0x2 build-arduino_due_x-SAM3X8E/libcore.a(variant.cpp.o)
                0x000a5f4a                serialEvent2()
 .text._Z12serialEvent3v
                0x000a5f4c        0x2 build-arduino_due_x-SAM3X8E/libcore.a(variant.cpp.o)
                0x000a5f4c                serialEvent3()
 *fill*         0x000a5f4e        0x2 
 .text.USART0_Handler
                0x000a5f50        0xc build-arduino_due_x-SAM3X8E/libcore.a(variant.cpp.o)
                0x000a5f50                USART0_Handler
 .text.USART1_Handler
                0x000a5f5c        0xc build-arduino_due_x-SAM3X8E/libcore.a(variant.cpp.o)
                0x000a5f5c                USART1_Handler
 .text.USART3_Handler
                0x000a5f68        0xc build-arduino_due_x-SAM3X8E/libcore.a(variant.cpp.o)
                0x000a5f68                USART3_Handler
 .text.init     0x000a5f74      0x128 build-arduino_due_x-SAM3X8E/libcore.a(variant.cpp.o)
                0x000a5f74                init
 .text.startup._GLOBAL__sub_I_g_APinDescription
                0x000a609c       0xd4 build-arduino_due_x-SAM3X8E/libcore.a(variant.cpp.o)
 .text._Z14serialEventRunv
                0x000a6170       0x44 build-arduino_due_x-SAM3X8E/libcore.a(variant.cpp.o)
                0x000a6170                serialEventRun()
 .text.adc_init
                0x000a61b4       0x98 build-arduino_due_x-SAM3X8E/libcore.a(adc.c.o)
                0x000a61b4                adc_init
 .text.adc_configure_trigger
                0x000a624c       0x2a build-arduino_due_x-SAM3X8E/libcore.a(adc.c.o)
                0x000a624c                adc_configure_trigger
 .text.adc_configure_timing
                0x000a6276       0x1a build-arduino_due_x-SAM3X8E/libcore.a(adc.c.o)
                0x000a6276                adc_configure_timing
 .text.adc_disable_channel
                0x000a6290        0xa build-arduino_due_x-SAM3X8E/libcore.a(adc.c.o)
                0x000a6290                adc_disable_channel
 .text.adc_disable_all_channel
                0x000a629a        0x8 build-arduino_due_x-SAM3X8E/libcore.a(adc.c.o)
                0x000a629a                adc_disable_all_channel
 .text.adc_disable_interrupt
                0x000a62a2        0x4 build-arduino_due_x-SAM3X8E/libcore.a(adc.c.o)
                0x000a62a2                adc_disable_interrupt
 .text.PIO_PullUp
                0x000a62a6        0xa build-arduino_due_x-SAM3X8E/libcore.a(pio.c.o)
                0x000a62a6                PIO_PullUp
 .text.PIO_SetPeripheral
                0x000a62b0       0x26 build-arduino_due_x-SAM3X8E/libcore.a(pio.c.o)
                0x000a62b0                PIO_SetPeripheral
 .text.PIO_SetInput
                0x000a62d6       0x26 build-arduino_due_x-SAM3X8E/libcore.a(pio.c.o)
                0x000a62d6                PIO_SetInput
 .text.PIO_SetOutput
                0x000a62fc       0x24 build-arduino_due_x-SAM3X8E/libcore.a(pio.c.o)
                0x000a62fc                PIO_SetOutput
 .text.PIO_Configure
                0x000a6320       0x56 build-arduino_due_x-SAM3X8E/libcore.a(pio.c.o)
                0x000a6320                PIO_Configure
 .text.PIO_GetOutputDataStatus
                0x000a6376       0x14 build-arduino_due_x-SAM3X8E/libcore.a(pio.c.o)
                0x000a6376                PIO_GetOutputDataStatus
 *fill*         0x000a638a        0x2 
 .text.pmc_enable_upll_clock
                0x000a638c       0x14 build-arduino_due_x-SAM3X8E/libcore.a(pmc.c.o)
                0x000a638c                pmc_enable_upll_clock
 .text.pmc_enable_periph_clk
                0x000a63a0       0x44 build-arduino_due_x-SAM3X8E/libcore.a(pmc.c.o)
                0x000a63a0                pmc_enable_periph_clk
 .text.pmc_disable_periph_clk
                0x000a63e4       0x40 build-arduino_due_x-SAM3X8E/libcore.a(pmc.c.o)
                0x000a63e4                pmc_disable_periph_clk
 .text.pmc_switch_udpck_to_upllck
                0x000a6424       0x14 build-arduino_due_x-SAM3X8E/libcore.a(pmc.c.o)
                0x000a6424                pmc_switch_udpck_to_upllck
 .text.pmc_enable_udpck
                0x000a6438        0xc build-arduino_due_x-SAM3X8E/libcore.a(pmc.c.o)
                0x000a6438                pmc_enable_udpck
 .text.SystemInit
                0x000a6444       0x88 build-arduino_due_x-SAM3X8E/libcore.a(system_sam3xa.c.o)
                0x000a6444                SystemInit
 .text.__halt   0x000a64cc        0x2 build-arduino_due_x-SAM3X8E/libcore.a(cortex_handlers.c.o)
                0x000a64cc                DACC_Handler
                0x000a64cc                DebugMon_Handler
                0x000a64cc                DMAC_Handler
                0x000a64cc                TRNG_Handler
                0x000a64cc                HardFault_Handler
                0x000a64cc                TC2_Handler
                0x000a64cc                TWI1_Handler
                0x000a64cc                NMI_Handler
                0x000a64cc                TC7_Handler
                0x000a64cc                ADC_Handler
                0x000a64cc                SMC_Handler
                0x000a64cc                RTT_Handler
                0x000a64cc                EFC1_Handler
                0x000a64cc                PIOB_Handler
                0x000a64cc                RTC_Handler
                0x000a64cc                UsageFault_Handler
                0x000a64cc                TC6_Handler
                0x000a64cc                WDT_Handler
                0x000a64cc                CAN0_Handler
                0x000a64cc                TC4_Handler
                0x000a64cc                TC1_Handler
                0x000a64cc                HSMCI_Handler
                0x000a64cc                TC3_Handler
                0x000a64cc                TWI0_Handler
                0x000a64cc                PIOA_Handler
                0x000a64cc                SSC_Handler
                0x000a64cc                EFC0_Handler
                0x000a64cc                PMC_Handler
                0x000a64cc                PWM_Handler
                0x000a64cc                CAN1_Handler
                0x000a64cc                MemManage_Handler
                0x000a64cc                SUPC_Handler
                0x000a64cc                TC8_Handler
                0x000a64cc                USART2_Handler
                0x000a64cc                PIOD_Handler
                0x000a64cc                EMAC_Handler
                0x000a64cc                PIOC_Handler
                0x000a64cc                BusFault_Handler
                0x000a64cc                RSTC_Handler
                0x000a64cc                TC0_Handler
                0x000a64cc                TC5_Handler
                0x000a64cc                SPI0_Handler
 .text.SVC_Handler
                0x000a64ce        0x4 build-arduino_due_x-SAM3X8E/libcore.a(cortex_handlers.c.o)
                0x000a64ce                SVC_Handler
 .text.PendSV_Handler
                0x000a64d2        0x4 build-arduino_due_x-SAM3X8E/libcore.a(cortex_handlers.c.o)
                0x000a64d2                PendSV_Handler
 .text.SysTick_Handler
                0x000a64d6       0x16 build-arduino_due_x-SAM3X8E/libcore.a(cortex_handlers.c.o)
                0x000a64d6                SysTick_Handler
 .text.__empty  0x000a64ec        0x2 build-arduino_due_x-SAM3X8E/libcore.a(hooks.c.o)
                0x000a64ec                yield
 .text.__false  0x000a64ee        0x4 build-arduino_due_x-SAM3X8E/libcore.a(hooks.c.o)
                0x000a64ee                sysTickHook
 .text.__halt   0x000a64f2        0x2 build-arduino_due_x-SAM3X8E/libcore.a(hooks.c.o)
                0x000a64f2                svcHook
                0x000a64f2                pendSVHook
 .text._sbrk    0x000a64f4       0x1c build-arduino_due_x-SAM3X8E/libcore.a(syscalls_sam3.c.o)
                0x000a64f4                _sbrk
 .text.link     0x000a6510        0x6 build-arduino_due_x-SAM3X8E/libcore.a(syscalls_sam3.c.o)
                0x000a6510                link
 .text._close   0x000a6516        0x6 build-arduino_due_x-SAM3X8E/libcore.a(syscalls_sam3.c.o)
                0x000a6516                _close
 .text._fstat   0x000a651c        0xa build-arduino_due_x-SAM3X8E/libcore.a(syscalls_sam3.c.o)
                0x000a651c                _fstat
 .text._isatty  0x000a6526        0x4 build-arduino_due_x-SAM3X8E/libcore.a(syscalls_sam3.c.o)
                0x000a6526                _isatty
 .text._lseek   0x000a652a        0x4 build-arduino_due_x-SAM3X8E/libcore.a(syscalls_sam3.c.o)
                0x000a652a                _lseek
 .text._read    0x000a652e        0x4 build-arduino_due_x-SAM3X8E/libcore.a(syscalls_sam3.c.o)
                0x000a652e                _read
 *fill*         0x000a6532        0x2 
 .text._write   0x000a6534       0x24 build-arduino_due_x-SAM3X8E/libcore.a(syscalls_sam3.c.o)
                0x000a6534                _write
 .text._exit    0x000a6558       0x10 build-arduino_due_x-SAM3X8E/libcore.a(syscalls_sam3.c.o)
                0x000a6558                _exit
 .text._kill    0x000a6568        0x2 build-arduino_due_x-SAM3X8E/libcore.a(syscalls_sam3.c.o)
                0x000a6568                _kill
 .text._getpid  0x000a656a        0x6 build-arduino_due_x-SAM3X8E/libcore.a(syscalls_sam3.c.o)
                0x000a656a                _getpid
 .text.micros   0x000a6570       0x74 build-arduino_due_x-SAM3X8E/libcore.a(wiring.c.o)
                0x000a6570                micros
 .text.delay    0x000a65e4       0x1c build-arduino_due_x-SAM3X8E/libcore.a(wiring.c.o)
                0x000a65e4                delay
 .text.analogOutputInit
                0x000a6600        0x2 build-arduino_due_x-SAM3X8E/libcore.a(wiring_analog.c.o)
                0x000a6600                analogOutputInit
 *fill*         0x000a6602        0x2 
 .text.pinMode  0x000a6604      0x108 build-arduino_due_x-SAM3X8E/libcore.a(wiring_digital.c.o)
                0x000a6604                pinMode
 .text.digitalWrite
                0x000a670c       0x70 build-arduino_due_x-SAM3X8E/libcore.a(wiring_digital.c.o)
                0x000a670c                digitalWrite
 .text.initVariant
                0x000a677c        0x2 build-arduino_due_x-SAM3X8E/libcore.a(main.cpp.o)
                0x000a677c                initVariant
 *fill*         0x000a677e        0x2 
 .text.startup.main
                0x000a6780       0x38 build-arduino_due_x-SAM3X8E/libcore.a(main.cpp.o)
                0x000a6780                main
 .text._ZN5Print5writeEPKhj
                0x000a67b8       0x22 build-arduino_due_x-SAM3X8E/libcore.a(Print.cpp.o)
                0x000a67b8                Print::write(unsigned char const*, unsigned int)
 .text._ZN5Print5writeEPKc
                0x000a67da       0x1e build-arduino_due_x-SAM3X8E/libcore.a(Print.cpp.o)
                0x000a67da                Print::write(char const*)
 .text._ZN5Print5printEPKc
                0x000a67f8        0x8 build-arduino_due_x-SAM3X8E/libcore.a(Print.cpp.o)
                0x000a67f8                Print::print(char const*)
 .text.initiateReset
                0x000a6800        0xc build-arduino_due_x-SAM3X8E/libcore.a(Reset.cpp.o)
                0x000a6800                initiateReset
 .text.cancelReset
                0x000a680c       0x10 build-arduino_due_x-SAM3X8E/libcore.a(Reset.cpp.o)
                0x000a680c                cancelReset
 .text.tickReset
                0x000a681c       0x20 build-arduino_due_x-SAM3X8E/libcore.a(Reset.cpp.o)
                0x000a681c                tickReset
 .text._ZN10RingBufferC2Ev
                0x000a683c       0x1a build-arduino_due_x-SAM3X8E/libcore.a(RingBuffer.cpp.o)
                0x000a683c                RingBuffer::RingBuffer()
                0x000a683c                RingBuffer::RingBuffer()
 .text._ZN10RingBuffer10store_charEh
                0x000a6856       0x1e build-arduino_due_x-SAM3X8E/libcore.a(RingBuffer.cpp.o)
                0x000a6856                RingBuffer::store_char(unsigned char)
 .text._ZN9UARTClasscvbEv
                0x000a6874        0x4 build-arduino_due_x-SAM3X8E/libcore.a(UARTClass.cpp.o)
                0x000a6874                UARTClass::operator bool()
 .text._ZN9UARTClass9availableEv
                0x000a6878       0x12 build-arduino_due_x-SAM3X8E/libcore.a(UARTClass.cpp.o)
                0x000a6878                UARTClass::available()
 .text._ZN9UARTClass4peekEv
                0x000a688a       0x1c build-arduino_due_x-SAM3X8E/libcore.a(UARTClass.cpp.o)
                0x000a688a                UARTClass::peek()
 .text._ZN9UARTClass4readEv
                0x000a68a6       0x2a build-arduino_due_x-SAM3X8E/libcore.a(UARTClass.cpp.o)
                0x000a68a6                UARTClass::read()
 .text._ZN9UARTClass5flushEv
                0x000a68d0       0x18 build-arduino_due_x-SAM3X8E/libcore.a(UARTClass.cpp.o)
                0x000a68d0                UARTClass::flush()
 .text._ZN9UARTClass5writeEh
                0x000a68e8       0x54 build-arduino_due_x-SAM3X8E/libcore.a(UARTClass.cpp.o)
                0x000a68e8                UARTClass::write(unsigned char)
 .text._ZN9UARTClass3endEv
                0x000a693c       0x3c build-arduino_due_x-SAM3X8E/libcore.a(UARTClass.cpp.o)
                0x000a693c                UARTClass::end()
 .text._ZN9UARTClassC2EP4Uart4IRQnmP10RingBufferS4_
                0x000a6978       0x24 build-arduino_due_x-SAM3X8E/libcore.a(UARTClass.cpp.o)
                0x000a6978                UARTClass::UARTClass(Uart*, IRQn, unsigned long, RingBuffer*, RingBuffer*)
                0x000a6978                UARTClass::UARTClass(Uart*, IRQn, unsigned long, RingBuffer*, RingBuffer*)
 .text._ZN9UARTClass4initEmm
                0x000a699c       0x70 build-arduino_due_x-SAM3X8E/libcore.a(UARTClass.cpp.o)
                0x000a699c                UARTClass::init(unsigned long, unsigned long)
 .text._ZN9UARTClass5beginEm
                0x000a6a0c        0x8 build-arduino_due_x-SAM3X8E/libcore.a(UARTClass.cpp.o)
                0x000a6a0c                UARTClass::begin(unsigned long)
 .text._ZN9UARTClass10IrqHandlerEv
                0x000a6a14       0x5a build-arduino_due_x-SAM3X8E/libcore.a(UARTClass.cpp.o)
                0x000a6a14                UARTClass::IrqHandler()
 .text._ZN10USARTClass5beginEm
                0x000a6a6e        0x8 build-arduino_due_x-SAM3X8E/libcore.a(USARTClass.cpp.o)
                0x000a6a6e                USARTClass::begin(unsigned long)
 *fill*         0x000a6a76        0x2 
 .text._ZN10USARTClassC2EP5Usart4IRQnmP10RingBufferS4_
                0x000a6a78       0x24 build-arduino_due_x-SAM3X8E/libcore.a(USARTClass.cpp.o)
                0x000a6a78                USARTClass::USARTClass(Usart*, IRQn, unsigned long, RingBuffer*, RingBuffer*)
                0x000a6a78                USARTClass::USARTClass(Usart*, IRQn, unsigned long, RingBuffer*, RingBuffer*)
 .text._watchdogDefaultSetup
                0x000a6a9c        0xc build-arduino_due_x-SAM3X8E/libcore.a(watchdog.cpp.o)
                0x000a6a9c                _watchdogDefaultSetup
                0x000a6a9c                watchdogSetup()
 .text.unlikely._ZL11USB_SendZlpv
                0x000a6aa8       0x20 build-arduino_due_x-SAM3X8E/libcore.a(USBCore.cpp.o)
 .text._Z14USBD_Availablem
                0x000a6ac8       0x2c build-arduino_due_x-SAM3X8E/libcore.a(USBCore.cpp.o)
                0x000a6ac8                USBD_Available(unsigned long)
 .text._Z9USBD_RecvmPvm
                0x000a6af4       0x7c build-arduino_due_x-SAM3X8E/libcore.a(USBCore.cpp.o)
                0x000a6af4                USBD_Recv(unsigned long, void*, unsigned long)
 .text._Z9USBD_Recvm
                0x000a6b70       0x22 build-arduino_due_x-SAM3X8E/libcore.a(USBCore.cpp.o)
                0x000a6b70                USBD_Recv(unsigned long)
 *fill*         0x000a6b92        0x2 
 .text._Z9USBD_SendmPKvm
                0x000a6b94       0x4c build-arduino_due_x-SAM3X8E/libcore.a(USBCore.cpp.o)
                0x000a6b94                USBD_Send(unsigned long, void const*, unsigned long)
 .text._Z16USBD_SendControlhPKvm
                0x000a6be0       0x40 build-arduino_due_x-SAM3X8E/libcore.a(USBCore.cpp.o)
                0x000a6be0                USBD_SendControl(unsigned char, void const*, unsigned long)
 .text.unlikely._ZL24USB_SendStringDescriptorPKhi
                0x000a6c20       0x64 build-arduino_due_x-SAM3X8E/libcore.a(USBCore.cpp.o)
 .text._Z16USBD_RecvControlPvm
                0x000a6c84       0x1c build-arduino_due_x-SAM3X8E/libcore.a(USBCore.cpp.o)
                0x000a6c84                USBD_RecvControl(void*, unsigned long)
 .text._Z26USBD_ClassInterfaceRequestR8USBSetup
                0x000a6ca0       0x1e build-arduino_due_x-SAM3X8E/libcore.a(USBCore.cpp.o)
                0x000a6ca0                USBD_ClassInterfaceRequest(USBSetup&)
 .text._Z19USBD_SendInterfacesv
                0x000a6cbe       0x22 build-arduino_due_x-SAM3X8E/libcore.a(USBCore.cpp.o)
                0x000a6cbe                USBD_SendInterfaces()
 .text._Z24USBD_SendOtherInterfacesv
                0x000a6ce0       0x22 build-arduino_due_x-SAM3X8E/libcore.a(USBCore.cpp.o)
                0x000a6ce0                USBD_SendOtherInterfaces()
 .text._Z10USBD_Flushm
                0x000a6d02       0x16 build-arduino_due_x-SAM3X8E/libcore.a(USBCore.cpp.o)
                0x000a6d02                USBD_Flush(unsigned long)
 .text._ZN10USBDevice_C2Ev
                0x000a6d18       0x24 build-arduino_due_x-SAM3X8E/libcore.a(USBCore.cpp.o)
                0x000a6d18                USBDevice_::USBDevice_()
                0x000a6d18                USBDevice_::USBDevice_()
 .text._ZN10USBDevice_6attachEv
                0x000a6d3c       0x20 build-arduino_due_x-SAM3X8E/libcore.a(USBCore.cpp.o)
                0x000a6d3c                USBDevice_::attach()
 .text.startup._GLOBAL__sub_I_EndPoints
                0x000a6d5c        0xc build-arduino_due_x-SAM3X8E/libcore.a(USBCore.cpp.o)
 .text._ZL7USB_ISRv
                0x000a6d68      0x454 build-arduino_due_x-SAM3X8E/libcore.a(USBCore.cpp.o)
 .text.TimeTick_Increment
                0x000a71bc       0x10 build-arduino_due_x-SAM3X8E/libcore.a(timetick.c.o)
                0x000a71bc                TimeTick_Increment
 .text.GetTickCount
                0x000a71cc        0xc build-arduino_due_x-SAM3X8E/libcore.a(timetick.c.o)
                0x000a71cc                GetTickCount
 .text.UDD_SetStack
                0x000a71d8        0xc build-arduino_due_x-SAM3X8E/libcore.a(uotghs_device.c.o)
                0x000a71d8                UDD_SetStack
 .text.UDD_Init
                0x000a71e4       0xc0 build-arduino_due_x-SAM3X8E/libcore.a(uotghs_device.c.o)
                0x000a71e4                UDD_Init
 .text.UDD_Attach
                0x000a72a4       0x50 build-arduino_due_x-SAM3X8E/libcore.a(uotghs_device.c.o)
                0x000a72a4                UDD_Attach
 .text.UDD_InitEP
                0x000a72f4       0x2c build-arduino_due_x-SAM3X8E/libcore.a(uotghs_device.c.o)
                0x000a72f4                UDD_InitEP
 .text.UDD_InitEndpoints
                0x000a7320       0x3c build-arduino_due_x-SAM3X8E/libcore.a(uotghs_device.c.o)
                0x000a7320                UDD_InitEndpoints
 .text.UDD_WaitIN
                0x000a735c       0x10 build-arduino_due_x-SAM3X8E/libcore.a(uotghs_device.c.o)
                0x000a735c                UDD_WaitIN
 .text.UDD_WaitOUT
                0x000a736c       0x10 build-arduino_due_x-SAM3X8E/libcore.a(uotghs_device.c.o)
                0x000a736c                UDD_WaitOUT
 .text.UDD_ClearIN
                0x000a737c       0x18 build-arduino_due_x-SAM3X8E/libcore.a(uotghs_device.c.o)
                0x000a737c                UDD_ClearIN
 .text.UDD_ClearOUT
                0x000a7394       0x18 build-arduino_due_x-SAM3X8E/libcore.a(uotghs_device.c.o)
                0x000a7394                UDD_ClearOUT
 .text.UDD_ReceivedSetupInt
                0x000a73ac       0x10 build-arduino_due_x-SAM3X8E/libcore.a(uotghs_device.c.o)
                0x000a73ac                UDD_ReceivedSetupInt
 .text.UDD_ClearSetupInt
                0x000a73bc       0x10 build-arduino_due_x-SAM3X8E/libcore.a(uotghs_device.c.o)
                0x000a73bc                UDD_ClearSetupInt
 .text.UDD_Send
                0x000a73cc       0x84 build-arduino_due_x-SAM3X8E/libcore.a(uotghs_device.c.o)
                0x000a73cc                UDD_Send
 .text.UDD_Send8
                0x000a7450       0x24 build-arduino_due_x-SAM3X8E/libcore.a(uotghs_device.c.o)
                0x000a7450                UDD_Send8
 .text.UDD_Recv8
                0x000a7474       0x28 build-arduino_due_x-SAM3X8E/libcore.a(uotghs_device.c.o)
                0x000a7474                UDD_Recv8
 .text.UDD_Recv
                0x000a749c       0x34 build-arduino_due_x-SAM3X8E/libcore.a(uotghs_device.c.o)
                0x000a749c                UDD_Recv
 .text.UDD_Stall
                0x000a74d0       0x14 build-arduino_due_x-SAM3X8E/libcore.a(uotghs_device.c.o)
                0x000a74d0                UDD_Stall
 .text.UDD_FifoByteCount
                0x000a74e4       0x14 build-arduino_due_x-SAM3X8E/libcore.a(uotghs_device.c.o)
                0x000a74e4                UDD_FifoByteCount
 .text.UDD_ReleaseRX
                0x000a74f8       0x28 build-arduino_due_x-SAM3X8E/libcore.a(uotghs_device.c.o)
                0x000a74f8                UDD_ReleaseRX
 .text.UDD_ReleaseTX
                0x000a7520       0x28 build-arduino_due_x-SAM3X8E/libcore.a(uotghs_device.c.o)
                0x000a7520                UDD_ReleaseTX
 .text.UDD_SetAddress
                0x000a7548       0x20 build-arduino_due_x-SAM3X8E/libcore.a(uotghs_device.c.o)
                0x000a7548                UDD_SetAddress
 .text.WDT_Disable
                0x000a7568        0x8 build-arduino_due_x-SAM3X8E/libcore.a(wdt.c.o)
                0x000a7568                WDT_Disable
 .text._ZN7Serial_9availableEv
                0x000a7570       0x18 build-arduino_due_x-SAM3X8E/libcore.a(CDC.cpp.o)
                0x000a7570                Serial_::available()
 .text._ZN7Serial_4peekEv
                0x000a7588       0x20 build-arduino_due_x-SAM3X8E/libcore.a(CDC.cpp.o)
                0x000a7588                Serial_::peek()
 .text._ZN7Serial_5writeEh
                0x000a75a8       0x16 build-arduino_due_x-SAM3X8E/libcore.a(CDC.cpp.o)
                0x000a75a8                Serial_::write(unsigned char)
 *fill*         0x000a75be        0x2 
 .text._ZN7Serial_4readEv
                0x000a75c0       0x44 build-arduino_due_x-SAM3X8E/libcore.a(CDC.cpp.o)
                0x000a75c0                Serial_::read()
 .text._ZN7Serial_5flushEv
                0x000a7604        0x6 build-arduino_due_x-SAM3X8E/libcore.a(CDC.cpp.o)
                0x000a7604                Serial_::flush()
 *fill*         0x000a760a        0x2 
 .text._ZN7Serial_6acceptEv
                0x000a760c       0x70 build-arduino_due_x-SAM3X8E/libcore.a(CDC.cpp.o)
                0x000a760c                Serial_::accept()
 .text._ZN7Serial_5writeEPKhj
                0x000a767c       0x2c build-arduino_due_x-SAM3X8E/libcore.a(CDC.cpp.o)
                0x000a767c                Serial_::write(unsigned char const*, unsigned int)
 .text._Z16CDC_GetInterfacePh
                0x000a76a8       0x14 build-arduino_due_x-SAM3X8E/libcore.a(CDC.cpp.o)
                0x000a76a8                CDC_GetInterface(unsigned char*)
 .text._Z21CDC_GetOtherInterfacePh
                0x000a76bc       0x14 build-arduino_due_x-SAM3X8E/libcore.a(CDC.cpp.o)
                0x000a76bc                CDC_GetOtherInterface(unsigned char*)
 .text._Z9CDC_SetupR8USBSetup
                0x000a76d0       0x78 build-arduino_due_x-SAM3X8E/libcore.a(CDC.cpp.o)
                0x000a76d0                CDC_Setup(USBSetup&)
 .text.startup._GLOBAL__sub_I_cdc_rx_buffer
                0x000a7748       0x1c build-arduino_due_x-SAM3X8E/libcore.a(CDC.cpp.o)
 .text._ZN13PluggableUSB_12getInterfaceEPh
                0x000a7764       0x28 build-arduino_due_x-SAM3X8E/libcore.a(PluggableUSB.cpp.o)
                0x000a7764                PluggableUSB_::getInterface(unsigned char*)
 .text._ZN13PluggableUSB_13getDescriptorER8USBSetup
                0x000a778c       0x1c build-arduino_due_x-SAM3X8E/libcore.a(PluggableUSB.cpp.o)
                0x000a778c                PluggableUSB_::getDescriptor(USBSetup&)
 .text._ZN13PluggableUSB_12getShortNameEPc
                0x000a77a8       0x1c build-arduino_due_x-SAM3X8E/libcore.a(PluggableUSB.cpp.o)
                0x000a77a8                PluggableUSB_::getShortName(char*)
 .text._ZN13PluggableUSB_5setupER8USBSetup
                0x000a77c4       0x20 build-arduino_due_x-SAM3X8E/libcore.a(PluggableUSB.cpp.o)
                0x000a77c4                PluggableUSB_::setup(USBSetup&)
 .text._Z12PluggableUSBv
                0x000a77e4       0x28 build-arduino_due_x-SAM3X8E/libcore.a(PluggableUSB.cpp.o)
                0x000a77e4                PluggableUSB()
 .text.__fpclassifyd
                0x000a780c       0x50 c:/users/baciu/appdata/local/arduino15/packages/arduino/tools/arm-none-eabi-gcc/4.8.3-2014q1/bin/../lib/gcc/arm-none-eabi/4.8.3/../../../../arm-none-eabi/lib/armv7-m\libm.a(lib_a-s_fpclassify.o)
                0x000a780c                __fpclassifyd
 .text          0x000a785c      0x370 c:/users/baciu/appdata/local/arduino15/packages/arduino/tools/arm-none-eabi-gcc/4.8.3-2014q1/bin/../lib/gcc/arm-none-eabi/4.8.3/armv7-m\libgcc.a(_arm_addsubdf3.o)
                0x000a785c                __aeabi_drsub
                0x000a7864                __aeabi_dsub
                0x000a7864                __subdf3
                0x000a7868                __aeabi_dadd
                0x000a7868                __adddf3
                0x000a7ae0                __floatunsidf
                0x000a7ae0                __aeabi_ui2d
                0x000a7b00                __floatsidf
                0x000a7b00                __aeabi_i2d
                0x000a7b24                __aeabi_f2d
                0x000a7b24                __extendsfdf2
                0x000a7b60                __floatundidf
                0x000a7b60                __aeabi_ul2d
                0x000a7b70                __floatdidf
                0x000a7b70                __aeabi_l2d
 .text          0x000a7bcc      0x424 c:/users/baciu/appdata/local/arduino15/packages/arduino/tools/arm-none-eabi-gcc/4.8.3-2014q1/bin/../lib/gcc/arm-none-eabi/4.8.3/armv7-m\libgcc.a(_arm_muldivdf3.o)
                0x000a7bcc                __aeabi_dmul
                0x000a7bcc                __muldf3
                0x000a7e20                __divdf3
                0x000a7e20                __aeabi_ddiv
 .text          0x000a7ff0      0x110 c:/users/baciu/appdata/local/arduino15/packages/arduino/tools/arm-none-eabi-gcc/4.8.3-2014q1/bin/../lib/gcc/arm-none-eabi/4.8.3/armv7-m\libgcc.a(_arm_cmpdf2.o)
                0x000a7ff0                __gtdf2
                0x000a7ff0                __gedf2
                0x000a7ff8                __ltdf2
                0x000a7ff8                __ledf2
                0x000a8000                __nedf2
                0x000a8000                __eqdf2
                0x000a8000                __cmpdf2
                0x000a807c                __aeabi_cdrcmple
                0x000a808c                __aeabi_cdcmpeq
                0x000a808c                __aeabi_cdcmple
                0x000a809c                __aeabi_dcmpeq
                0x000a80b0                __aeabi_dcmplt
                0x000a80c4                __aeabi_dcmple
                0x000a80d8                __aeabi_dcmpge
                0x000a80ec                __aeabi_dcmpgt
 .text          0x000a8100       0x50 c:/users/baciu/appdata/local/arduino15/packages/arduino/tools/arm-none-eabi-gcc/4.8.3-2014q1/bin/../lib/gcc/arm-none-eabi/4.8.3/armv7-m\libgcc.a(_arm_fixdfsi.o)
                0x000a8100                __aeabi_d2iz
                0x000a8100                __fixdfsi
 .text          0x000a8150       0xec c:/users/baciu/appdata/local/arduino15/packages/arduino/tools/arm-none-eabi-gcc/4.8.3-2014q1/bin/../lib/gcc/arm-none-eabi/4.8.3/armv7-m\libgcc.a(_arm_cmpsf2.o)
                0x000a8150                __gesf2
                0x000a8150                __gtsf2
                0x000a8158                __lesf2
                0x000a8158                __ltsf2
                0x000a8160                __nesf2
                0x000a8160                __eqsf2
                0x000a8160                __cmpsf2
                0x000a81c0                __aeabi_cfrcmple
                0x000a81c8                __aeabi_cfcmpeq
                0x000a81c8                __aeabi_cfcmple
                0x000a81d8                __aeabi_fcmpeq
                0x000a81ec                __aeabi_fcmplt
                0x000a8200                __aeabi_fcmple
                0x000a8214                __aeabi_fcmpge
                0x000a8228                __aeabi_fcmpgt
 .text.atoi     0x000a823c        0x8 c:/users/baciu/appdata/local/arduino15/packages/arduino/tools/arm-none-eabi-gcc/4.8.3-2014q1/bin/../lib/gcc/arm-none-eabi/4.8.3/../../../../arm-none-eabi/lib/armv7-m\libc.a(lib_a-atoi.o)
                0x000a823c                atoi
 .text.__libc_init_array
                0x000a8244       0x50 c:/users/baciu/appdata/local/arduino15/packages/arduino/tools/arm-none-eabi-gcc/4.8.3-2014q1/bin/../lib/gcc/arm-none-eabi/4.8.3/../../../../arm-none-eabi/lib/armv7-m\libc.a(lib_a-init.o)
                0x000a8244                __libc_init_array
 .text.iprintf  0x000a8294       0x28 c:/users/baciu/appdata/local/arduino15/packages/arduino/tools/arm-none-eabi-gcc/4.8.3-2014q1/bin/../lib/gcc/arm-none-eabi/4.8.3/../../../../arm-none-eabi/lib/armv7-m\libc.a(lib_a-iprintf.o)
                0x000a8294                iprintf
 .text          0x000a82bc       0xec c:/users/baciu/appdata/local/arduino15/packages/arduino/tools/arm-none-eabi-gcc/4.8.3-2014q1/bin/../lib/gcc/arm-none-eabi/4.8.3/../../../../arm-none-eabi/lib/armv7-m\libc.a(lib_a-memcpy.o)
                0x000a82bc                memcpy
 .text.memset   0x000a83a8       0x94 c:/users/baciu/appdata/local/arduino15/packages/arduino/tools/arm-none-eabi-gcc/4.8.3-2014q1/bin/../lib/gcc/arm-none-eabi/4.8.3/../../../../arm-none-eabi/lib/armv7-m\libc.a(lib_a-memset.o)
                0x000a83a8                memset
 .text.strlen   0x000a843c       0x60 c:/users/baciu/appdata/local/arduino15/packages/arduino/tools/arm-none-eabi-gcc/4.8.3-2014q1/bin/../lib/gcc/arm-none-eabi/4.8.3/../../../../arm-none-eabi/lib/armv7-m\libc.a(lib_a-strlen.o)
                0x000a843c                strlen
 .text.strncmp  0x000a849c       0xb4 c:/users/baciu/appdata/local/arduino15/packages/arduino/tools/arm-none-eabi-gcc/4.8.3-2014q1/bin/../lib/gcc/arm-none-eabi/4.8.3/../../../../arm-none-eabi/lib/armv7-m\libc.a(lib_a-strncmp.o)
                0x000a849c                strncmp
 .text.strnlen  0x000a8550       0x30 c:/users/baciu/appdata/local/arduino15/packages/arduino/tools/arm-none-eabi-gcc/4.8.3-2014q1/bin/../lib/gcc/arm-none-eabi/4.8.3/../../../../arm-none-eabi/lib/armv7-m\libc.a(lib_a-strnlen.o)
                0x000a8550                strnlen
 .text.strtok   0x000a8580       0x10 c:/users/baciu/appdata/local/arduino15/packages/arduino/tools/arm-none-eabi-gcc/4.8.3-2014q1/bin/../lib/gcc/arm-none-eabi/4.8.3/../../../../arm-none-eabi/lib/armv7-m\libc.a(lib_a-strtok.o)
                0x000a8580                strtok
 .text.__strtok_r
                0x000a8590       0x64 c:/users/baciu/appdata/local/arduino15/packages/arduino/tools/arm-none-eabi-gcc/4.8.3-2014q1/bin/../lib/gcc/arm-none-eabi/4.8.3/../../../../arm-none-eabi/lib/armv7-m\libc.a(lib_a-strtok_r.o)
                0x000a8590                __strtok_r
 .text._strtol_r
                0x000a85f4      0x114 c:/users/baciu/appdata/local/arduino15/packages/arduino/tools/arm-none-eabi-gcc/4.8.3-2014q1/bin/../lib/gcc/arm-none-eabi/4.8.3/../../../../arm-none-eabi/lib/armv7-m\libc.a(lib_a-strtol.o)
                0x000a85f4                _strtol_r
 .text.strtol   0x000a8708       0x18 c:/users/baciu/appdata/local/arduino15/packages/arduino/tools/arm-none-eabi-gcc/4.8.3-2014q1/bin/../lib/gcc/arm-none-eabi/4.8.3/../../../../arm-none-eabi/lib/armv7-m\libc.a(lib_a-strtol.o)
                0x000a8708                strtol
 .text.kill     0x000a8720       0x10 c:/users/baciu/appdata/local/arduino15/packages/arduino/tools/arm-none-eabi-gcc/4.8.3-2014q1/bin/../lib/gcc/arm-none-eabi/4.8.3/../../../../arm-none-eabi/lib/armv7-m\libc.a(lib_a-syskill.o)
                0x000a8720                kill
 .text.__sprint_r.part.0
                0x000a8730       0x78 c:/users/baciu/appdata/local/arduino15/packages/arduino/tools/arm-none-eabi-gcc/4.8.3-2014q1/bin/../lib/gcc/arm-none-eabi/4.8.3/../../../../arm-none-eabi/lib/armv7-m\libc.a(lib_a-vfiprintf.o)
 .text._vfiprintf_r
                0x000a87a8      0xc54 c:/users/baciu/appdata/local/arduino15/packages/arduino/tools/arm-none-eabi-gcc/4.8.3-2014q1/bin/../lib/gcc/arm-none-eabi/4.8.3/../../../../arm-none-eabi/lib/armv7-m\libc.a(lib_a-vfiprintf.o)
                0x000a87a8                _vfiprintf_r
 .text.__sbprintf
                0x000a93fc       0x7c c:/users/baciu/appdata/local/arduino15/packages/arduino/tools/arm-none-eabi-gcc/4.8.3-2014q1/bin/../lib/gcc/arm-none-eabi/4.8.3/../../../../arm-none-eabi/lib/armv7-m\libc.a(lib_a-vfiprintf.o)
 .text._vsnprintf_r
                0x000a9478       0x54 c:/users/baciu/appdata/local/arduino15/packages/arduino/tools/arm-none-eabi-gcc/4.8.3-2014q1/bin/../lib/gcc/arm-none-eabi/4.8.3/../../../../arm-none-eabi/lib/armv7-m\libc.a(lib_a-vsnprintf.o)
                0x000a9478                _vsnprintf_r
 .text.vsnprintf
                0x000a94cc       0x24 c:/users/baciu/appdata/local/arduino15/packages/arduino/tools/arm-none-eabi-gcc/4.8.3-2014q1/bin/../lib/gcc/arm-none-eabi/4.8.3/../../../../arm-none-eabi/lib/armv7-m\libc.a(lib_a-vsnprintf.o)
                0x000a94cc                vsnprintf
 .text.__swsetup_r
                0x000a94f0       0xc4 c:/users/baciu/appdata/local/arduino15/packages/arduino/tools/arm-none-eabi-gcc/4.8.3-2014q1/bin/../lib/gcc/arm-none-eabi/4.8.3/../../../../arm-none-eabi/lib/armv7-m\libc.a(lib_a-wsetup.o)
                0x000a94f0                __swsetup_r
 .text.startup.register_fini
                0x000a95b4       0x14 c:/users/baciu/appdata/local/arduino15/packages/arduino/tools/arm-none-eabi-gcc/4.8.3-2014q1/bin/../lib/gcc/arm-none-eabi/4.8.3/../../../../arm-none-eabi/lib/armv7-m\libc.a(lib_a-__call_atexit.o)
 .text.atexit   0x000a95c8        0xc c:/users/baciu/appdata/local/arduino15/packages/arduino/tools/arm-none-eabi-gcc/4.8.3-2014q1/bin/../lib/gcc/arm-none-eabi/4.8.3/../../../../arm-none-eabi/lib/armv7-m\libc.a(lib_a-atexit.o)
                0x000a95c8                atexit
 .text.__sflush_r
                0x000a95d4      0x148 c:/users/baciu/appdata/local/arduino15/packages/arduino/tools/arm-none-eabi-gcc/4.8.3-2014q1/bin/../lib/gcc/arm-none-eabi/4.8.3/../../../../arm-none-eabi/lib/armv7-m\libc.a(lib_a-fflush.o)
                0x000a95d4                __sflush_r
 .text._fflush_r
                0x000a971c       0x2c c:/users/baciu/appdata/local/arduino15/packages/arduino/tools/arm-none-eabi-gcc/4.8.3-2014q1/bin/../lib/gcc/arm-none-eabi/4.8.3/../../../../arm-none-eabi/lib/armv7-m\libc.a(lib_a-fflush.o)
                0x000a971c                _fflush_r
 .text._cleanup_r
                0x000a9748        0xc c:/users/baciu/appdata/local/arduino15/packages/arduino/tools/arm-none-eabi-gcc/4.8.3-2014q1/bin/../lib/gcc/arm-none-eabi/4.8.3/../../../../arm-none-eabi/lib/armv7-m\libc.a(lib_a-findfp.o)
                0x000a9748                _cleanup_r
 .text.__sinit  0x000a9754       0xf4 c:/users/baciu/appdata/local/arduino15/packages/arduino/tools/arm-none-eabi-gcc/4.8.3-2014q1/bin/../lib/gcc/arm-none-eabi/4.8.3/../../../../arm-none-eabi/lib/armv7-m\libc.a(lib_a-findfp.o)
                0x000a9754                __sinit
 .text.__sfp_lock_acquire
                0x000a9848        0x4 c:/users/baciu/appdata/local/arduino15/packages/arduino/tools/arm-none-eabi-gcc/4.8.3-2014q1/bin/../lib/gcc/arm-none-eabi/4.8.3/../../../../arm-none-eabi/lib/armv7-m\libc.a(lib_a-findfp.o)
                0x000a9848                __sfp_lock_acquire
 .text.__sfp_lock_release
                0x000a984c        0x4 c:/users/baciu/appdata/local/arduino15/packages/arduino/tools/arm-none-eabi-gcc/4.8.3-2014q1/bin/../lib/gcc/arm-none-eabi/4.8.3/../../../../arm-none-eabi/lib/armv7-m\libc.a(lib_a-findfp.o)
                0x000a984c                __sfp_lock_release
 .text.__libc_fini_array
                0x000a9850       0x30 c:/users/baciu/appdata/local/arduino15/packages/arduino/tools/arm-none-eabi-gcc/4.8.3-2014q1/bin/../lib/gcc/arm-none-eabi/4.8.3/../../../../arm-none-eabi/lib/armv7-m\libc.a(lib_a-fini.o)
                0x000a9850                __libc_fini_array
 .text._fputwc_r
                0x000a9880       0xc0 c:/users/baciu/appdata/local/arduino15/packages/arduino/tools/arm-none-eabi-gcc/4.8.3-2014q1/bin/../lib/gcc/arm-none-eabi/4.8.3/../../../../arm-none-eabi/lib/armv7-m\libc.a(lib_a-fputwc.o)
                0x000a9880                _fputwc_r
 .text._malloc_trim_r
                0x000a9940       0x9c c:/users/baciu/appdata/local/arduino15/packages/arduino/tools/arm-none-eabi-gcc/4.8.3-2014q1/bin/../lib/gcc/arm-none-eabi/4.8.3/../../../../arm-none-eabi/lib/armv7-m\libc.a(lib_a-freer.o)
                0x000a9940                _malloc_trim_r
 .text._free_r  0x000a99dc      0x198 c:/users/baciu/appdata/local/arduino15/packages/arduino/tools/arm-none-eabi-gcc/4.8.3-2014q1/bin/../lib/gcc/arm-none-eabi/4.8.3/../../../../arm-none-eabi/lib/armv7-m\libc.a(lib_a-freer.o)
                0x000a99dc                _free_r
 .text.__sfvwrite_r
                0x000a9b74      0x314 c:/users/baciu/appdata/local/arduino15/packages/arduino/tools/arm-none-eabi-gcc/4.8.3-2014q1/bin/../lib/gcc/arm-none-eabi/4.8.3/../../../../arm-none-eabi/lib/armv7-m\libc.a(lib_a-fvwrite.o)
                0x000a9b74                __sfvwrite_r
 .text._fwalk   0x000a9e88       0x48 c:/users/baciu/appdata/local/arduino15/packages/arduino/tools/arm-none-eabi-gcc/4.8.3-2014q1/bin/../lib/gcc/arm-none-eabi/4.8.3/../../../../arm-none-eabi/lib/armv7-m\libc.a(lib_a-fwalk.o)
                0x000a9e88                _fwalk
 .text.__locale_charset
                0x000a9ed0        0x8 c:/users/baciu/appdata/local/arduino15/packages/arduino/tools/arm-none-eabi-gcc/4.8.3-2014q1/bin/../lib/gcc/arm-none-eabi/4.8.3/../../../../arm-none-eabi/lib/armv7-m\libc.a(lib_a-locale.o)
                0x000a9ed0                __locale_charset
 .text.__locale_mb_cur_max
                0x000a9ed8        0xc c:/users/baciu/appdata/local/arduino15/packages/arduino/tools/arm-none-eabi-gcc/4.8.3-2014q1/bin/../lib/gcc/arm-none-eabi/4.8.3/../../../../arm-none-eabi/lib/armv7-m\libc.a(lib_a-locale.o)
                0x000a9ed8                __locale_mb_cur_max
 .text._localeconv_r
                0x000a9ee4        0x8 c:/users/baciu/appdata/local/arduino15/packages/arduino/tools/arm-none-eabi-gcc/4.8.3-2014q1/bin/../lib/gcc/arm-none-eabi/4.8.3/../../../../arm-none-eabi/lib/armv7-m\libc.a(lib_a-locale.o)
                0x000a9ee4                _localeconv_r
 .text.__smakebuf_r
                0x000a9eec       0xe0 c:/users/baciu/appdata/local/arduino15/packages/arduino/tools/arm-none-eabi-gcc/4.8.3-2014q1/bin/../lib/gcc/arm-none-eabi/4.8.3/../../../../arm-none-eabi/lib/armv7-m\libc.a(lib_a-makebuf.o)
                0x000a9eec                __smakebuf_r
 .text._malloc_r
                0x000a9fcc      0x538 c:/users/baciu/appdata/local/arduino15/packages/arduino/tools/arm-none-eabi-gcc/4.8.3-2014q1/bin/../lib/gcc/arm-none-eabi/4.8.3/../../../../arm-none-eabi/lib/armv7-m\libc.a(lib_a-mallocr.o)
                0x000a9fcc                _malloc_r
 .text.memchr   0x000aa504       0x94 c:/users/baciu/appdata/local/arduino15/packages/arduino/tools/arm-none-eabi-gcc/4.8.3-2014q1/bin/../lib/gcc/arm-none-eabi/4.8.3/../../../../arm-none-eabi/lib/armv7-m\libc.a(lib_a-memchr-stub.o)
                0x000aa504                memchr
 .text.memmove  0x000aa598       0xcc c:/users/baciu/appdata/local/arduino15/packages/arduino/tools/arm-none-eabi-gcc/4.8.3-2014q1/bin/../lib/gcc/arm-none-eabi/4.8.3/../../../../arm-none-eabi/lib/armv7-m\libc.a(lib_a-memmove.o)
                0x000aa598                memmove
 .text.__malloc_lock
                0x000aa664        0x4 c:/users/baciu/appdata/local/arduino15/packages/arduino/tools/arm-none-eabi-gcc/4.8.3-2014q1/bin/../lib/gcc/arm-none-eabi/4.8.3/../../../../arm-none-eabi/lib/armv7-m\libc.a(lib_a-mlock.o)
                0x000aa664                __malloc_lock
 .text.__malloc_unlock
                0x000aa668        0x4 c:/users/baciu/appdata/local/arduino15/packages/arduino/tools/arm-none-eabi-gcc/4.8.3-2014q1/bin/../lib/gcc/arm-none-eabi/4.8.3/../../../../arm-none-eabi/lib/armv7-m\libc.a(lib_a-mlock.o)
                0x000aa668                __malloc_unlock
 .text._realloc_r
                0x000aa66c      0x3c0 c:/users/baciu/appdata/local/arduino15/packages/arduino/tools/arm-none-eabi-gcc/4.8.3-2014q1/bin/../lib/gcc/arm-none-eabi/4.8.3/../../../../arm-none-eabi/lib/armv7-m\libc.a(lib_a-reallocr.o)
                0x000aa66c                _realloc_r
 .text._sbrk_r  0x000aaa2c       0x24 c:/users/baciu/appdata/local/arduino15/packages/arduino/tools/arm-none-eabi-gcc/4.8.3-2014q1/bin/../lib/gcc/arm-none-eabi/4.8.3/../../../../arm-none-eabi/lib/armv7-m\libc.a(lib_a-sbrkr.o)
                0x000aaa2c                _sbrk_r
 .text._kill_r  0x000aaa50       0x28 c:/users/baciu/appdata/local/arduino15/packages/arduino/tools/arm-none-eabi-gcc/4.8.3-2014q1/bin/../lib/gcc/arm-none-eabi/4.8.3/../../../../arm-none-eabi/lib/armv7-m\libc.a(lib_a-signalr.o)
                0x000aaa50                _kill_r
 .text.__sread  0x000aaa78       0x24 c:/users/baciu/appdata/local/arduino15/packages/arduino/tools/arm-none-eabi-gcc/4.8.3-2014q1/bin/../lib/gcc/arm-none-eabi/4.8.3/../../../../arm-none-eabi/lib/armv7-m\libc.a(lib_a-stdio.o)
                0x000aaa78                __sread
 .text.__swrite
                0x000aaa9c       0x38 c:/users/baciu/appdata/local/arduino15/packages/arduino/tools/arm-none-eabi-gcc/4.8.3-2014q1/bin/../lib/gcc/arm-none-eabi/4.8.3/../../../../arm-none-eabi/lib/armv7-m\libc.a(lib_a-stdio.o)
                0x000aaa9c                __swrite
 .text.__sseek  0x000aaad4       0x20 c:/users/baciu/appdata/local/arduino15/packages/arduino/tools/arm-none-eabi-gcc/4.8.3-2014q1/bin/../lib/gcc/arm-none-eabi/4.8.3/../../../../arm-none-eabi/lib/armv7-m\libc.a(lib_a-stdio.o)
                0x000aaad4                __sseek
 .text.__sclose
                0x000aaaf4        0x8 c:/users/baciu/appdata/local/arduino15/packages/arduino/tools/arm-none-eabi-gcc/4.8.3-2014q1/bin/../lib/gcc/arm-none-eabi/4.8.3/../../../../arm-none-eabi/lib/armv7-m\libc.a(lib_a-stdio.o)
                0x000aaaf4                __sclose
 .text._svfprintf_r
                0x000aaafc     0x14e0 c:/users/baciu/appdata/local/arduino15/packages/arduino/tools/arm-none-eabi-gcc/4.8.3-2014q1/bin/../lib/gcc/arm-none-eabi/4.8.3/../../../../arm-none-eabi/lib/armv7-m\libc.a(lib_a-svfprintf.o)
                0x000aaafc                _svfprintf_r
 .text.__swbuf_r
                0x000abfdc       0xa8 c:/users/baciu/appdata/local/arduino15/packages/arduino/tools/arm-none-eabi-gcc/4.8.3-2014q1/bin/../lib/gcc/arm-none-eabi/4.8.3/../../../../arm-none-eabi/lib/armv7-m\libc.a(lib_a-wbuf.o)
                0x000abfdc                __swbuf_r
 .text._wcrtomb_r
                0x000ac084       0x50 c:/users/baciu/appdata/local/arduino15/packages/arduino/tools/arm-none-eabi-gcc/4.8.3-2014q1/bin/../lib/gcc/arm-none-eabi/4.8.3/../../../../arm-none-eabi/lib/armv7-m\libc.a(lib_a-wcrtomb.o)
                0x000ac084                _wcrtomb_r
 .text.__ascii_wctomb
                0x000ac0d4       0x1c c:/users/baciu/appdata/local/arduino15/packages/arduino/tools/arm-none-eabi-gcc/4.8.3-2014q1/bin/../lib/gcc/arm-none-eabi/4.8.3/../../../../arm-none-eabi/lib/armv7-m\libc.a(lib_a-wctomb_r.o)
                0x000ac0d4                __ascii_wctomb
 .text._write_r
                0x000ac0f0       0x28 c:/users/baciu/appdata/local/arduino15/packages/arduino/tools/arm-none-eabi-gcc/4.8.3-2014q1/bin/../lib/gcc/arm-none-eabi/4.8.3/../../../../arm-none-eabi/lib/armv7-m\libc.a(lib_a-writer.o)
                0x000ac0f0                _write_r
 .text.__register_exitproc
                0x000ac118       0xa8 c:/users/baciu/appdata/local/arduino15/packages/arduino/tools/arm-none-eabi-gcc/4.8.3-2014q1/bin/../lib/gcc/arm-none-eabi/4.8.3/../../../../arm-none-eabi/lib/armv7-m\libc.a(lib_a-__atexit.o)
                0x000ac118                __register_exitproc
 .text._close_r
                0x000ac1c0       0x24 c:/users/baciu/appdata/local/arduino15/packages/arduino/tools/arm-none-eabi-gcc/4.8.3-2014q1/bin/../lib/gcc/arm-none-eabi/4.8.3/../../../../arm-none-eabi/lib/armv7-m\libc.a(lib_a-closer.o)
                0x000ac1c0                _close_r
 .text.quorem   0x000ac1e4      0x134 c:/users/baciu/appdata/local/arduino15/packages/arduino/tools/arm-none-eabi-gcc/4.8.3-2014q1/bin/../lib/gcc/arm-none-eabi/4.8.3/../../../../arm-none-eabi/lib/armv7-m\libc.a(lib_a-dtoa.o)
 .text._dtoa_r  0x000ac318      0xe38 c:/users/baciu/appdata/local/arduino15/packages/arduino/tools/arm-none-eabi-gcc/4.8.3-2014q1/bin/../lib/gcc/arm-none-eabi/4.8.3/../../../../arm-none-eabi/lib/armv7-m\libc.a(lib_a-dtoa.o)
                0x000ac318                _dtoa_r
 .text._fclose_r
                0x000ad150       0x80 c:/users/baciu/appdata/local/arduino15/packages/arduino/tools/arm-none-eabi-gcc/4.8.3-2014q1/bin/../lib/gcc/arm-none-eabi/4.8.3/../../../../arm-none-eabi/lib/armv7-m\libc.a(lib_a-fclose.o)
                0x000ad150                _fclose_r
 .text.fclose   0x000ad1d0       0x10 c:/users/baciu/appdata/local/arduino15/packages/arduino/tools/arm-none-eabi-gcc/4.8.3-2014q1/bin/../lib/gcc/arm-none-eabi/4.8.3/../../../../arm-none-eabi/lib/armv7-m\libc.a(lib_a-fclose.o)
                0x000ad1d0                fclose
 .text._fstat_r
                0x000ad1e0       0x28 c:/users/baciu/appdata/local/arduino15/packages/arduino/tools/arm-none-eabi-gcc/4.8.3-2014q1/bin/../lib/gcc/arm-none-eabi/4.8.3/../../../../arm-none-eabi/lib/armv7-m\libc.a(lib_a-fstatr.o)
                0x000ad1e0                _fstat_r
 .text._isatty_r
                0x000ad208       0x24 c:/users/baciu/appdata/local/arduino15/packages/arduino/tools/arm-none-eabi-gcc/4.8.3-2014q1/bin/../lib/gcc/arm-none-eabi/4.8.3/../../../../arm-none-eabi/lib/armv7-m\libc.a(lib_a-isattyr.o)
                0x000ad208                _isatty_r
 .text._lseek_r
                0x000ad22c       0x28 c:/users/baciu/appdata/local/arduino15/packages/arduino/tools/arm-none-eabi-gcc/4.8.3-2014q1/bin/../lib/gcc/arm-none-eabi/4.8.3/../../../../arm-none-eabi/lib/armv7-m\libc.a(lib_a-lseekr.o)
                0x000ad22c                _lseek_r
 .text._Balloc  0x000ad254       0x4c c:/users/baciu/appdata/local/arduino15/packages/arduino/tools/arm-none-eabi-gcc/4.8.3-2014q1/bin/../lib/gcc/arm-none-eabi/4.8.3/../../../../arm-none-eabi/lib/armv7-m\libc.a(lib_a-mprec.o)
                0x000ad254                _Balloc
 .text._Bfree   0x000ad2a0       0x14 c:/users/baciu/appdata/local/arduino15/packages/arduino/tools/arm-none-eabi-gcc/4.8.3-2014q1/bin/../lib/gcc/arm-none-eabi/4.8.3/../../../../arm-none-eabi/lib/armv7-m\libc.a(lib_a-mprec.o)
                0x000ad2a0                _Bfree
 .text.__multadd
                0x000ad2b4       0x94 c:/users/baciu/appdata/local/arduino15/packages/arduino/tools/arm-none-eabi-gcc/4.8.3-2014q1/bin/../lib/gcc/arm-none-eabi/4.8.3/../../../../arm-none-eabi/lib/armv7-m\libc.a(lib_a-mprec.o)
                0x000ad2b4                __multadd
 .text.__hi0bits
                0x000ad348       0x40 c:/users/baciu/appdata/local/arduino15/packages/arduino/tools/arm-none-eabi-gcc/4.8.3-2014q1/bin/../lib/gcc/arm-none-eabi/4.8.3/../../../../arm-none-eabi/lib/armv7-m\libc.a(lib_a-mprec.o)
                0x000ad348                __hi0bits
 .text.__lo0bits
                0x000ad388       0x5c c:/users/baciu/appdata/local/arduino15/packages/arduino/tools/arm-none-eabi-gcc/4.8.3-2014q1/bin/../lib/gcc/arm-none-eabi/4.8.3/../../../../arm-none-eabi/lib/armv7-m\libc.a(lib_a-mprec.o)
                0x000ad388                __lo0bits
 .text.__i2b    0x000ad3e4       0x14 c:/users/baciu/appdata/local/arduino15/packages/arduino/tools/arm-none-eabi-gcc/4.8.3-2014q1/bin/../lib/gcc/arm-none-eabi/4.8.3/../../../../arm-none-eabi/lib/armv7-m\libc.a(lib_a-mprec.o)
                0x000ad3e4                __i2b
 .text.__multiply
                0x000ad3f8      0x13c c:/users/baciu/appdata/local/arduino15/packages/arduino/tools/arm-none-eabi-gcc/4.8.3-2014q1/bin/../lib/gcc/arm-none-eabi/4.8.3/../../../../arm-none-eabi/lib/armv7-m\libc.a(lib_a-mprec.o)
                0x000ad3f8                __multiply
 .text.__pow5mult
                0x000ad534       0x9c c:/users/baciu/appdata/local/arduino15/packages/arduino/tools/arm-none-eabi-gcc/4.8.3-2014q1/bin/../lib/gcc/arm-none-eabi/4.8.3/../../../../arm-none-eabi/lib/armv7-m\libc.a(lib_a-mprec.o)
                0x000ad534                __pow5mult
 .text.__lshift
                0x000ad5d0       0xbc c:/users/baciu/appdata/local/arduino15/packages/arduino/tools/arm-none-eabi-gcc/4.8.3-2014q1/bin/../lib/gcc/arm-none-eabi/4.8.3/../../../../arm-none-eabi/lib/armv7-m\libc.a(lib_a-mprec.o)
                0x000ad5d0                __lshift
 .text.__mcmp   0x000ad68c       0x48 c:/users/baciu/appdata/local/arduino15/packages/arduino/tools/arm-none-eabi-gcc/4.8.3-2014q1/bin/../lib/gcc/arm-none-eabi/4.8.3/../../../../arm-none-eabi/lib/armv7-m\libc.a(lib_a-mprec.o)
                0x000ad68c                __mcmp
 .text.__mdiff  0x000ad6d4       0xd8 c:/users/baciu/appdata/local/arduino15/packages/arduino/tools/arm-none-eabi-gcc/4.8.3-2014q1/bin/../lib/gcc/arm-none-eabi/4.8.3/../../../../arm-none-eabi/lib/armv7-m\libc.a(lib_a-mprec.o)
                0x000ad6d4                __mdiff
 .text.__d2b    0x000ad7ac       0xbc c:/users/baciu/appdata/local/arduino15/packages/arduino/tools/arm-none-eabi-gcc/4.8.3-2014q1/bin/../lib/gcc/arm-none-eabi/4.8.3/../../../../arm-none-eabi/lib/armv7-m\libc.a(lib_a-mprec.o)
                0x000ad7ac                __d2b
 .text._read_r  0x000ad868       0x28 c:/users/baciu/appdata/local/arduino15/packages/arduino/tools/arm-none-eabi-gcc/4.8.3-2014q1/bin/../lib/gcc/arm-none-eabi/4.8.3/../../../../arm-none-eabi/lib/armv7-m\libc.a(lib_a-readr.o)
                0x000ad868                _read_r
 .text.__ssprint_r
                0x000ad890      0x100 c:/users/baciu/appdata/local/arduino15/packages/arduino/tools/arm-none-eabi-gcc/4.8.3-2014q1/bin/../lib/gcc/arm-none-eabi/4.8.3/../../../../arm-none-eabi/lib/armv7-m\libc.a(lib_a-svfiprintf.o)
                0x000ad890                __ssprint_r
 .text._calloc_r
                0x000ad990       0x60 c:/users/baciu/appdata/local/arduino15/packages/arduino/tools/arm-none-eabi-gcc/4.8.3-2014q1/bin/../lib/gcc/arm-none-eabi/4.8.3/../../../../arm-none-eabi/lib/armv7-m\libc.a(lib_a-callocr.o)
                0x000ad990                _calloc_r
 .text          0x000ad9f0       0x2c c:/users/baciu/appdata/local/arduino15/packages/arduino/tools/arm-none-eabi-gcc/4.8.3-2014q1/bin/../lib/gcc/arm-none-eabi/4.8.3/armv7-m\libgcc.a(_aeabi_uldivmod.o)
                0x000ad9f0                __aeabi_uldivmod
 .text          0x000ada1c       0x60 c:/users/baciu/appdata/local/arduino15/packages/arduino/tools/arm-none-eabi-gcc/4.8.3-2014q1/bin/../lib/gcc/arm-none-eabi/4.8.3/armv7-m\libgcc.a(bpabi.o)
                0x000ada1c                __gnu_ldivmod_helper
                0x000ada4c                __gnu_uldivmod_helper
 .text          0x000ada7c        0x4 c:/users/baciu/appdata/local/arduino15/packages/arduino/tools/arm-none-eabi-gcc/4.8.3-2014q1/bin/../lib/gcc/arm-none-eabi/4.8.3/armv7-m\libgcc.a(_dvmd_tls.o)
                0x000ada7c                __aeabi_idiv0
                0x000ada7c                __aeabi_ldiv0
 .text          0x000ada80      0x2a0 c:/users/baciu/appdata/local/arduino15/packages/arduino/tools/arm-none-eabi-gcc/4.8.3-2014q1/bin/../lib/gcc/arm-none-eabi/4.8.3/armv7-m\libgcc.a(_divdi3.o)
                0x000ada80                __divdi3
 .text          0x000add20      0x290 c:/users/baciu/appdata/local/arduino15/packages/arduino/tools/arm-none-eabi-gcc/4.8.3-2014q1/bin/../lib/gcc/arm-none-eabi/4.8.3/armv7-m\libgcc.a(_udivdi3.o)
                0x000add20                __udivdi3
 *(.glue_7t)
 .glue_7t       0x00000000        0x0 linker stubs
 *(.glue_7)
 .glue_7        0x00000000        0x0 linker stubs
 *(.rodata .rodata* .gnu.linkonce.r.*)
 .rodata.str1.1
                0x000adfb0      0x4b4 build-arduino_due_x-SAM3X8E/internally_implemented.cpp.o
                                0x4b9 (size before relaxing)
 .rodata.str1.1
                0x000ae464       0x56 build-arduino_due_x-SAM3X8E/submitter_implemented.cpp.o
                                 0x69 (size before relaxing)
 *fill*         0x000ae4ba        0x2 
 .rodata.g_APinDescription
                0x000ae4bc      0xa2c build-arduino_due_x-SAM3X8E/libcore.a(variant.cpp.o)
                0x000ae4bc                g_APinDescription
 .rodata        0x000aeee8       0x40 build-arduino_due_x-SAM3X8E/libcore.a(adc.c.o)
 .rodata.str1.1
                0x000aef28       0x19 build-arduino_due_x-SAM3X8E/libcore.a(syscalls_sam3.c.o)
 *fill*         0x000aef41        0x7 
 .rodata._ZTV9UARTClass
                0x000aef48       0x30 build-arduino_due_x-SAM3X8E/libcore.a(UARTClass.cpp.o)
                0x000aef48                vtable for UARTClass
 .rodata._ZTV10USARTClass
                0x000aef78       0x30 build-arduino_due_x-SAM3X8E/libcore.a(USARTClass.cpp.o)
                0x000aef78                vtable for USARTClass
 .rodata.STRING_PRODUCT
                0x000aefa8        0xc build-arduino_due_x-SAM3X8E/libcore.a(USBCore.cpp.o)
                0x000aefa8                STRING_PRODUCT
 .rodata.USB_DeviceDescriptor
                0x000aefb4       0x12 build-arduino_due_x-SAM3X8E/libcore.a(USBCore.cpp.o)
                0x000aefb4                USB_DeviceDescriptor
 .rodata.STRING_LANGUAGE
                0x000aefc6        0x4 build-arduino_due_x-SAM3X8E/libcore.a(USBCore.cpp.o)
                0x000aefc6                STRING_LANGUAGE
 .rodata._ZL18test_packet_buffer
                0x000aefca       0x35 build-arduino_due_x-SAM3X8E/libcore.a(USBCore.cpp.o)
 .rodata.STRING_MANUFACTURER
                0x000aefff        0xc build-arduino_due_x-SAM3X8E/libcore.a(USBCore.cpp.o)
                0x000aefff                STRING_MANUFACTURER
 .rodata.USB_DeviceDescriptorA
                0x000af00b       0x12 build-arduino_due_x-SAM3X8E/libcore.a(USBCore.cpp.o)
                0x000af00b                USB_DeviceDescriptorA
 .rodata._ZL19USB_DeviceQualifier
                0x000af01d        0x9 build-arduino_due_x-SAM3X8E/libcore.a(USBCore.cpp.o)
 *fill*         0x000af026        0x2 
 .rodata._ZTV7Serial_
                0x000af028       0x28 build-arduino_due_x-SAM3X8E/libcore.a(CDC.cpp.o)
                0x000af028                vtable for Serial_
 .rodata._ZL18_cdcOtherInterface
                0x000af050       0x42 build-arduino_due_x-SAM3X8E/libcore.a(CDC.cpp.o)
 .rodata._ZL13_cdcInterface
                0x000af092       0x42 build-arduino_due_x-SAM3X8E/libcore.a(CDC.cpp.o)
 .rodata.str1.4
                0x000af0d4        0x2 c:/users/baciu/appdata/local/arduino15/packages/arduino/tools/arm-none-eabi-gcc/4.8.3-2014q1/bin/../lib/gcc/arm-none-eabi/4.8.3/../../../../arm-none-eabi/lib/armv7-m\libc.a(lib_a-impure.o)
                                  0x4 (size before relaxing)
 *fill*         0x000af0d6        0x2 
 .rodata._global_impure_ptr
                0x000af0d8        0x4 c:/users/baciu/appdata/local/arduino15/packages/arduino/tools/arm-none-eabi-gcc/4.8.3-2014q1/bin/../lib/gcc/arm-none-eabi/4.8.3/../../../../arm-none-eabi/lib/armv7-m\libc.a(lib_a-impure.o)
                0x000af0d8                _global_impure_ptr
 .rodata.blanks.6717
                0x000af0dc       0x10 c:/users/baciu/appdata/local/arduino15/packages/arduino/tools/arm-none-eabi-gcc/4.8.3-2014q1/bin/../lib/gcc/arm-none-eabi/4.8.3/../../../../arm-none-eabi/lib/armv7-m\libc.a(lib_a-vfiprintf.o)
 .rodata.str1.4
                0x000af0ec       0x2f c:/users/baciu/appdata/local/arduino15/packages/arduino/tools/arm-none-eabi-gcc/4.8.3-2014q1/bin/../lib/gcc/arm-none-eabi/4.8.3/../../../../arm-none-eabi/lib/armv7-m\libc.a(lib_a-vfiprintf.o)
                                 0x30 (size before relaxing)
 *fill*         0x000af11b        0x1 
 .rodata.zeroes.6718
                0x000af11c       0x10 c:/users/baciu/appdata/local/arduino15/packages/arduino/tools/arm-none-eabi-gcc/4.8.3-2014q1/bin/../lib/gcc/arm-none-eabi/4.8.3/../../../../arm-none-eabi/lib/armv7-m\libc.a(lib_a-vfiprintf.o)
 .rodata._ctype_
                0x000af12c      0x104 c:/users/baciu/appdata/local/arduino15/packages/arduino/tools/arm-none-eabi-gcc/4.8.3-2014q1/bin/../lib/gcc/arm-none-eabi/4.8.3/../../../../arm-none-eabi/lib/armv7-m\libc.a(lib_a-ctype_.o)
                0x000af12c                _ctype_
 .rodata.str1.4
                0x000af230        0xa c:/users/baciu/appdata/local/arduino15/packages/arduino/tools/arm-none-eabi-gcc/4.8.3-2014q1/bin/../lib/gcc/arm-none-eabi/4.8.3/../../../../arm-none-eabi/lib/armv7-m\libc.a(lib_a-locale.o)
                                 0x14 (size before relaxing)
 *fill*         0x000af23a        0x2 
 .rodata.zeroes.6760
                0x000af23c       0x10 c:/users/baciu/appdata/local/arduino15/packages/arduino/tools/arm-none-eabi-gcc/4.8.3-2014q1/bin/../lib/gcc/arm-none-eabi/4.8.3/../../../../arm-none-eabi/lib/armv7-m\libc.a(lib_a-svfprintf.o)
 .rodata.str1.4
                0x000af24c       0x12 c:/users/baciu/appdata/local/arduino15/packages/arduino/tools/arm-none-eabi-gcc/4.8.3-2014q1/bin/../lib/gcc/arm-none-eabi/4.8.3/../../../../arm-none-eabi/lib/armv7-m\libc.a(lib_a-svfprintf.o)
                                 0x44 (size before relaxing)
 *fill*         0x000af25e        0x2 
 .rodata.blanks.6759
                0x000af260       0x10 c:/users/baciu/appdata/local/arduino15/packages/arduino/tools/arm-none-eabi-gcc/4.8.3-2014q1/bin/../lib/gcc/arm-none-eabi/4.8.3/../../../../arm-none-eabi/lib/armv7-m\libc.a(lib_a-svfprintf.o)
 .rodata.str1.4
                0x000af270       0x10 c:/users/baciu/appdata/local/arduino15/packages/arduino/tools/arm-none-eabi-gcc/4.8.3-2014q1/bin/../lib/gcc/arm-none-eabi/4.8.3/../../../../arm-none-eabi/lib/armv7-m\libc.a(lib_a-dtoa.o)
                                 0x14 (size before relaxing)
 .rodata.__mprec_tens
                0x000af280       0xc8 c:/users/baciu/appdata/local/arduino15/packages/arduino/tools/arm-none-eabi-gcc/4.8.3-2014q1/bin/../lib/gcc/arm-none-eabi/4.8.3/../../../../arm-none-eabi/lib/armv7-m\libc.a(lib_a-mprec.o)
                0x000af280                __mprec_tens
 .rodata.__mprec_bigtens
                0x000af348       0x28 c:/users/baciu/appdata/local/arduino15/packages/arduino/tools/arm-none-eabi-gcc/4.8.3-2014q1/bin/../lib/gcc/arm-none-eabi/4.8.3/../../../../arm-none-eabi/lib/armv7-m\libc.a(lib_a-mprec.o)
                0x000af348                __mprec_bigtens
 .rodata.p05.5266
                0x000af370        0xc c:/users/baciu/appdata/local/arduino15/packages/arduino/tools/arm-none-eabi-gcc/4.8.3-2014q1/bin/../lib/gcc/arm-none-eabi/4.8.3/../../../../arm-none-eabi/lib/armv7-m\libc.a(lib_a-mprec.o)
 *(.ARM.extab* .gnu.linkonce.armextab.*)
                0x000af37c                . = ALIGN (0x4)
 *(.init)
 .init          0x000af37c        0x4 c:/users/baciu/appdata/local/arduino15/packages/arduino/tools/arm-none-eabi-gcc/4.8.3-2014q1/bin/../lib/gcc/arm-none-eabi/4.8.3/armv7-m/crti.o
                0x000af37c                _init
 .init          0x000af380        0x8 c:/users/baciu/appdata/local/arduino15/packages/arduino/tools/arm-none-eabi-gcc/4.8.3-2014q1/bin/../lib/gcc/arm-none-eabi/4.8.3/armv7-m/crtn.o
                0x000af388                . = ALIGN (0x4)
                0x000af388                __preinit_array_start = .
 *(.preinit_array)
                0x000af388                __preinit_array_end = .
                0x000af388                . = ALIGN (0x4)
                0x000af388                __init_array_start = .
 *(SORT(.init_array.*))
 .init_array.00000
                0x000af388        0x4 c:/users/baciu/appdata/local/arduino15/packages/arduino/tools/arm-none-eabi-gcc/4.8.3-2014q1/bin/../lib/gcc/arm-none-eabi/4.8.3/../../../../arm-none-eabi/lib/armv7-m\libc.a(lib_a-__call_atexit.o)
 *(.init_array)
 .init_array    0x000af38c        0x4 c:/users/baciu/appdata/local/arduino15/packages/arduino/tools/arm-none-eabi-gcc/4.8.3-2014q1/bin/../lib/gcc/arm-none-eabi/4.8.3/armv7-m/crtbegin.o
 .init_array    0x000af390        0x4 build-arduino_due_x-SAM3X8E/libcore.a(variant.cpp.o)
 .init_array    0x000af394        0x4 build-arduino_due_x-SAM3X8E/libcore.a(USBCore.cpp.o)
 .init_array    0x000af398        0x4 build-arduino_due_x-SAM3X8E/libcore.a(CDC.cpp.o)
                0x000af39c                __init_array_end = .
                0x000af39c                . = ALIGN (0x4)
 *crtbegin.o(.ctors)
 *(EXCLUDE_FILE(*crtend.o) .ctors)
 *(SORT(.ctors.*))
 *crtend.o(.ctors)
                0x000af39c                . = ALIGN (0x4)
 *(.fini)
 .fini          0x000af39c        0x4 c:/users/baciu/appdata/local/arduino15/packages/arduino/tools/arm-none-eabi-gcc/4.8.3-2014q1/bin/../lib/gcc/arm-none-eabi/4.8.3/armv7-m/crti.o
                0x000af39c                _fini
 .fini          0x000af3a0        0x8 c:/users/baciu/appdata/local/arduino15/packages/arduino/tools/arm-none-eabi-gcc/4.8.3-2014q1/bin/../lib/gcc/arm-none-eabi/4.8.3/armv7-m/crtn.o
                0x000af3a8                . = ALIGN (0x4)
                0x000af3a8                __fini_array_start = .
 *(.fini_array)
 .fini_array    0x000af3a8        0x4 c:/users/baciu/appdata/local/arduino15/packages/arduino/tools/arm-none-eabi-gcc/4.8.3-2014q1/bin/../lib/gcc/arm-none-eabi/4.8.3/armv7-m/crtbegin.o
 *(SORT(.fini_array.*))
                0x000af3ac                __fini_array_end = .
 *crtbegin.o(.dtors)
 *(EXCLUDE_FILE(*crtend.o) .dtors)
 *(SORT(.dtors.*))
 *crtend.o(.dtors)
                0x000af3ac                . = ALIGN (0x4)
                0x000af3ac                _efixed = .
                0x000af3ac                PROVIDE (__exidx_start, .)

.vfp11_veneer   0x000af3ac        0x0
 .vfp11_veneer  0x00000000        0x0 linker stubs

.v4_bx          0x000af3ac        0x0
 .v4_bx         0x00000000        0x0 linker stubs

.iplt           0x000af3ac        0x0
 .iplt          0x00000000        0x0 c:/users/baciu/appdata/local/arduino15/packages/arduino/tools/arm-none-eabi-gcc/4.8.3-2014q1/bin/../lib/gcc/arm-none-eabi/4.8.3/armv7-m/crtbegin.o

.ARM.exidx      0x000af3ac        0x8
 *(.ARM.exidx* .gnu.linkonce.armexidx.*)
 .ARM.exidx     0x000af3ac        0x8 c:/users/baciu/appdata/local/arduino15/packages/arduino/tools/arm-none-eabi-gcc/4.8.3-2014q1/bin/../lib/gcc/arm-none-eabi/4.8.3/armv7-m\libgcc.a(_divdi3.o)
 .ARM.exidx     0x000af3b4        0x0 c:/users/baciu/appdata/local/arduino15/packages/arduino/tools/arm-none-eabi-gcc/4.8.3-2014q1/bin/../lib/gcc/arm-none-eabi/4.8.3/armv7-m\libgcc.a(_udivdi3.o)
                                  0x8 (size before relaxing)
                0x000af3b4                PROVIDE (__exidx_end, .)

.eh_frame       0x000af3b4        0x0
 .eh_frame      0x000af3b4        0x0 c:/users/baciu/appdata/local/arduino15/packages/arduino/tools/arm-none-eabi-gcc/4.8.3-2014q1/bin/../lib/gcc/arm-none-eabi/4.8.3/armv7-m/crtbegin.o

.rel.dyn        0x000af3b4        0x0
 .rel.iplt      0x00000000        0x0 c:/users/baciu/appdata/local/arduino15/packages/arduino/tools/arm-none-eabi-gcc/4.8.3-2014q1/bin/../lib/gcc/arm-none-eabi/4.8.3/armv7-m/crtbegin.o

.jcr            0x000af3b4        0x0
 .jcr           0x000af3b4        0x0 c:/users/baciu/appdata/local/arduino15/packages/arduino/tools/arm-none-eabi-gcc/4.8.3-2014q1/bin/../lib/gcc/arm-none-eabi/4.8.3/armv7-m/crtbegin.o

.igot.plt       0x000af3b4        0x0
 .igot.plt      0x00000000        0x0 c:/users/baciu/appdata/local/arduino15/packages/arduino/tools/arm-none-eabi-gcc/4.8.3-2014q1/bin/../lib/gcc/arm-none-eabi/4.8.3/armv7-m/crtbegin.o
                0x000af3b4                . = ALIGN (0x4)
                0x000af3b4                _etext = .

.relocate       0x20070000      0x910 load address 0x000af3b4
                0x20070000                . = ALIGN (0x4)
                0x20070000                _srelocate = .
 *(.ramfunc .ramfunc.*)
 .ramfunc       0x20070000       0x2c build-arduino_due_x-SAM3X8E/libcore.a(Reset.cpp.o)
                0x20070000                banzai
 *(.data .data.*)
 .data.SystemCoreClock
                0x2007002c        0x4 build-arduino_due_x-SAM3X8E/libcore.a(system_sam3xa.c.o)
                0x2007002c                SystemCoreClock
 .data._ZL5ticks
                0x20070030        0x4 build-arduino_due_x-SAM3X8E/libcore.a(Reset.cpp.o)
 .data.EndPoints
                0x20070034       0x28 build-arduino_due_x-SAM3X8E/libcore.a(USBCore.cpp.o)
                0x20070034                EndPoints
 .data.g_interrupt_enabled
                0x2007005c        0x4 build-arduino_due_x-SAM3X8E/libcore.a(interrupt_sam_nvic.c.o)
                0x2007005c                g_interrupt_enabled
 .data._ZL10breakValue
                0x20070060        0x4 build-arduino_due_x-SAM3X8E/libcore.a(CDC.cpp.o)
 .data._ZL12_usbLineInfo
                0x20070064        0x8 build-arduino_due_x-SAM3X8E/libcore.a(CDC.cpp.o)
 *fill*         0x2007006c        0x4 
 .data.impure_data
                0x20070070      0x428 c:/users/baciu/appdata/local/arduino15/packages/arduino/tools/arm-none-eabi-gcc/4.8.3-2014q1/bin/../lib/gcc/arm-none-eabi/4.8.3/../../../../arm-none-eabi/lib/armv7-m\libc.a(lib_a-impure.o)
 .data._impure_ptr
                0x20070498        0x4 c:/users/baciu/appdata/local/arduino15/packages/arduino/tools/arm-none-eabi-gcc/4.8.3-2014q1/bin/../lib/gcc/arm-none-eabi/4.8.3/../../../../arm-none-eabi/lib/armv7-m\libc.a(lib_a-impure.o)
                0x20070498                _impure_ptr
 .data.__ctype_ptr__
                0x2007049c        0x4 c:/users/baciu/appdata/local/arduino15/packages/arduino/tools/arm-none-eabi-gcc/4.8.3-2014q1/bin/../lib/gcc/arm-none-eabi/4.8.3/../../../../arm-none-eabi/lib/armv7-m\libc.a(lib_a-ctype_.o)
                0x2007049c                __ctype_ptr__
 .data.lconv    0x200704a0       0x38 c:/users/baciu/appdata/local/arduino15/packages/arduino/tools/arm-none-eabi-gcc/4.8.3-2014q1/bin/../lib/gcc/arm-none-eabi/4.8.3/../../../../arm-none-eabi/lib/armv7-m\libc.a(lib_a-locale.o)
 .data.lc_ctype_charset
                0x200704d8       0x20 c:/users/baciu/appdata/local/arduino15/packages/arduino/tools/arm-none-eabi-gcc/4.8.3-2014q1/bin/../lib/gcc/arm-none-eabi/4.8.3/../../../../arm-none-eabi/lib/armv7-m\libc.a(lib_a-locale.o)
 .data.__mb_cur_max
                0x200704f8        0x4 c:/users/baciu/appdata/local/arduino15/packages/arduino/tools/arm-none-eabi-gcc/4.8.3-2014q1/bin/../lib/gcc/arm-none-eabi/4.8.3/../../../../arm-none-eabi/lib/armv7-m\libc.a(lib_a-locale.o)
                0x200704f8                __mb_cur_max
 .data.__malloc_av_
                0x200704fc      0x408 c:/users/baciu/appdata/local/arduino15/packages/arduino/tools/arm-none-eabi-gcc/4.8.3-2014q1/bin/../lib/gcc/arm-none-eabi/4.8.3/../../../../arm-none-eabi/lib/armv7-m\libc.a(lib_a-mallocr.o)
                0x200704fc                __malloc_av_
 .data.__malloc_trim_threshold
                0x20070904        0x4 c:/users/baciu/appdata/local/arduino15/packages/arduino/tools/arm-none-eabi-gcc/4.8.3-2014q1/bin/../lib/gcc/arm-none-eabi/4.8.3/../../../../arm-none-eabi/lib/armv7-m\libc.a(lib_a-mallocr.o)
                0x20070904                __malloc_trim_threshold
 .data.__malloc_sbrk_base
                0x20070908        0x4 c:/users/baciu/appdata/local/arduino15/packages/arduino/tools/arm-none-eabi-gcc/4.8.3-2014q1/bin/../lib/gcc/arm-none-eabi/4.8.3/../../../../arm-none-eabi/lib/armv7-m\libc.a(lib_a-mallocr.o)
                0x20070908                __malloc_sbrk_base
 .data.__wctomb
                0x2007090c        0x4 c:/users/baciu/appdata/local/arduino15/packages/arduino/tools/arm-none-eabi-gcc/4.8.3-2014q1/bin/../lib/gcc/arm-none-eabi/4.8.3/../../../../arm-none-eabi/lib/armv7-m\libc.a(lib_a-wctomb_r.o)
                0x2007090c                __wctomb
                0x20070910                . = ALIGN (0x4)
                0x20070910                _erelocate = .

.bss            0x20070910      0xcdc load address 0x000afcc4
                0x20070910                . = ALIGN (0x4)
                0x20070910                _sbss = .
                0x20070910                _szero = .
 *(.bss .bss.*)
 .bss           0x20070910       0x1c c:/users/baciu/appdata/local/arduino15/packages/arduino/tools/arm-none-eabi-gcc/4.8.3-2014q1/bin/../lib/gcc/arm-none-eabi/4.8.3/armv7-m/crtbegin.o
 .bss.g_cmd_buf
                0x2007092c       0x51 build-arduino_due_x-SAM3X8E/internally_implemented.cpp.o
                0x2007092c                g_cmd_buf
 .bss.g_state_parser_enabled
                0x2007097d        0x1 build-arduino_due_x-SAM3X8E/internally_implemented.cpp.o
                0x2007097d                g_state_parser_enabled
 *fill*         0x2007097e        0x2 
 .bss.input     0x20070980      0x200 build-arduino_due_x-SAM3X8E/internally_implemented.cpp.o
                0x20070980                input
 .bss.g_buff_size
                0x20070b80        0x4 build-arduino_due_x-SAM3X8E/internally_implemented.cpp.o
                0x20070b80                g_buff_size
 .bss.model_output
                0x20070b84        0x4 build-arduino_due_x-SAM3X8E/internally_implemented.cpp.o
                0x20070b84                model_output
 .bss.g_buff_pos
                0x20070b88        0x4 build-arduino_due_x-SAM3X8E/internally_implemented.cpp.o
                0x20070b88                g_buff_pos
 .bss.gp_buff   0x20070b8c      0x200 build-arduino_due_x-SAM3X8E/internally_implemented.cpp.o
                0x20070b8c                gp_buff
 .bss.g_cmd_pos
                0x20070d8c        0x4 build-arduino_due_x-SAM3X8E/internally_implemented.cpp.o
                0x20070d8c                g_cmd_pos
 .bss._ZZ9th_printfPKczE9print_buf
                0x20070d90       0x50 build-arduino_due_x-SAM3X8E/submitter_implemented.cpp.o
 .bss.gpf_isr   0x20070de0        0x4 c:/Users/baciu/AppData/Local/Arduino15/packages/arduino/hardware/sam/1.6.8/variants/arduino_due_x/libsam_sam3x8e_gcc_rel.a(uotghs.o)
                0x20070de0                gpf_isr
 .bss.tx_buffer2
                0x20070de4       0x88 build-arduino_due_x-SAM3X8E/libcore.a(variant.cpp.o)
                0x20070de4                tx_buffer2
 .bss.tx_buffer1
                0x20070e6c       0x88 build-arduino_due_x-SAM3X8E/libcore.a(variant.cpp.o)
                0x20070e6c                tx_buffer1
 .bss.Serial    0x20070ef4       0x24 build-arduino_due_x-SAM3X8E/libcore.a(variant.cpp.o)
                0x20070ef4                Serial
 .bss.rx_buffer1
                0x20070f18       0x88 build-arduino_due_x-SAM3X8E/libcore.a(variant.cpp.o)
                0x20070f18                rx_buffer1
 .bss.Serial1   0x20070fa0       0x28 build-arduino_due_x-SAM3X8E/libcore.a(variant.cpp.o)
                0x20070fa0                Serial1
 .bss.Serial2   0x20070fc8       0x28 build-arduino_due_x-SAM3X8E/libcore.a(variant.cpp.o)
                0x20070fc8                Serial2
 .bss.Serial3   0x20070ff0       0x28 build-arduino_due_x-SAM3X8E/libcore.a(variant.cpp.o)
                0x20070ff0                Serial3
 .bss.tx_buffer3
                0x20071018       0x88 build-arduino_due_x-SAM3X8E/libcore.a(variant.cpp.o)
                0x20071018                tx_buffer3
 .bss.tx_buffer4
                0x200710a0       0x88 build-arduino_due_x-SAM3X8E/libcore.a(variant.cpp.o)
                0x200710a0                tx_buffer4
 .bss.g_pinStatus
                0x20071128       0x4f build-arduino_due_x-SAM3X8E/libcore.a(variant.cpp.o)
                0x20071128                g_pinStatus
 *fill*         0x20071177        0x1 
 .bss.rx_buffer2
                0x20071178       0x88 build-arduino_due_x-SAM3X8E/libcore.a(variant.cpp.o)
                0x20071178                rx_buffer2
 .bss.rx_buffer3
                0x20071200       0x88 build-arduino_due_x-SAM3X8E/libcore.a(variant.cpp.o)
                0x20071200                rx_buffer3
 .bss.rx_buffer4
                0x20071288       0x88 build-arduino_due_x-SAM3X8E/libcore.a(variant.cpp.o)
                0x20071288                rx_buffer4
 .bss.heap.6420
                0x20071310        0x4 build-arduino_due_x-SAM3X8E/libcore.a(syscalls_sam3.c.o)
 .bss._cmark    0x20071314        0x2 build-arduino_due_x-SAM3X8E/libcore.a(USBCore.cpp.o)
                0x20071314                _cmark
 .bss._ZL14isEndpointHalt
                0x20071316        0x1 build-arduino_due_x-SAM3X8E/libcore.a(USBCore.cpp.o)
 *fill*         0x20071317        0x1 
 .bss._cdcComposite
                0x20071318        0x4 build-arduino_due_x-SAM3X8E/libcore.a(USBCore.cpp.o)
                0x20071318                _cdcComposite
 .bss._ZL21isRemoteWakeUpEnabled
                0x2007131c        0x1 build-arduino_due_x-SAM3X8E/libcore.a(USBCore.cpp.o)
 *fill*         0x2007131d        0x3 
 .bss._usbInitialized
                0x20071320        0x4 build-arduino_due_x-SAM3X8E/libcore.a(USBCore.cpp.o)
                0x20071320                _usbInitialized
 .bss.USBDevice
                0x20071324        0x1 build-arduino_due_x-SAM3X8E/libcore.a(USBCore.cpp.o)
                0x20071324                USBDevice
 *fill*         0x20071325        0x3 
 .bss._usbSetInterface
                0x20071328        0x4 build-arduino_due_x-SAM3X8E/libcore.a(USBCore.cpp.o)
                0x20071328                _usbSetInterface
 .bss._cend     0x2007132c        0x2 build-arduino_due_x-SAM3X8E/libcore.a(USBCore.cpp.o)
                0x2007132c                _cend
 *fill*         0x2007132e        0x2 
 .bss._usbConfiguration
                0x20071330        0x4 build-arduino_due_x-SAM3X8E/libcore.a(USBCore.cpp.o)
                0x20071330                _usbConfiguration
 .bss._dwTickCount
                0x20071334        0x4 build-arduino_due_x-SAM3X8E/libcore.a(timetick.c.o)
 .bss.ul_recv_fifo_ptr
                0x20071338       0x28 build-arduino_due_x-SAM3X8E/libcore.a(uotghs_device.c.o)
 .bss.ul_send_fifo_ptr
                0x20071360       0x28 build-arduino_due_x-SAM3X8E/libcore.a(uotghs_device.c.o)
 .bss.cdc_rx_buffer
                0x20071388      0x208 build-arduino_due_x-SAM3X8E/libcore.a(CDC.cpp.o)
                0x20071388                cdc_rx_buffer
 .bss._ZZN7Serial_6acceptEvE5guard
                0x20071590        0x4 build-arduino_due_x-SAM3X8E/libcore.a(CDC.cpp.o)
 .bss.SerialUSB
                0x20071594       0x14 build-arduino_due_x-SAM3X8E/libcore.a(CDC.cpp.o)
                0x20071594                SerialUSB
 .bss._ZZ12PluggableUSBvE3obj
                0x200715a8        0x8 build-arduino_due_x-SAM3X8E/libcore.a(PluggableUSB.cpp.o)
 .bss._ZGVZ12PluggableUSBvE3obj
                0x200715b0        0x4 build-arduino_due_x-SAM3X8E/libcore.a(PluggableUSB.cpp.o)
 .bss.__malloc_max_total_mem
                0x200715b4        0x4 c:/users/baciu/appdata/local/arduino15/packages/arduino/tools/arm-none-eabi-gcc/4.8.3-2014q1/bin/../lib/gcc/arm-none-eabi/4.8.3/../../../../arm-none-eabi/lib/armv7-m\libc.a(lib_a-mallocr.o)
                0x200715b4                __malloc_max_total_mem
 .bss.__malloc_max_sbrked_mem
                0x200715b8        0x4 c:/users/baciu/appdata/local/arduino15/packages/arduino/tools/arm-none-eabi-gcc/4.8.3-2014q1/bin/../lib/gcc/arm-none-eabi/4.8.3/../../../../arm-none-eabi/lib/armv7-m\libc.a(lib_a-mallocr.o)
                0x200715b8                __malloc_max_sbrked_mem
 .bss.__malloc_top_pad
                0x200715bc        0x4 c:/users/baciu/appdata/local/arduino15/packages/arduino/tools/arm-none-eabi-gcc/4.8.3-2014q1/bin/../lib/gcc/arm-none-eabi/4.8.3/../../../../arm-none-eabi/lib/armv7-m\libc.a(lib_a-mallocr.o)
                0x200715bc                __malloc_top_pad
 .bss.__malloc_current_mallinfo
                0x200715c0       0x28 c:/users/baciu/appdata/local/arduino15/packages/arduino/tools/arm-none-eabi-gcc/4.8.3-2014q1/bin/../lib/gcc/arm-none-eabi/4.8.3/../../../../arm-none-eabi/lib/armv7-m\libc.a(lib_a-mallocr.o)
                0x200715c0                __malloc_current_mallinfo
 *(COMMON)
 COMMON         0x200715e8        0x4 c:/users/baciu/appdata/local/arduino15/packages/arduino/tools/arm-none-eabi-gcc/4.8.3-2014q1/bin/../lib/gcc/arm-none-eabi/4.8.3/../../../../arm-none-eabi/lib/armv7-m\libc.a(lib_a-reent.o)
                0x200715e8                errno
                0x200715ec                . = ALIGN (0x4)
                0x200715ec                _ebss = .
                0x200715ec                _ezero = .
                0x200715ec                . = ALIGN (0x4)
                0x200715ec                _end = .

.stack_dummy    0x200715ec        0x0
 *(.stack*)
                0x20088000                __StackTop = (ORIGIN (ram) + 0x18000)
                0x20088000                __StackLimit = (__StackTop - SIZEOF (.stack_dummy))
                0x20088000                PROVIDE (_sstack, __StackLimit)
                0x20088000                PROVIDE (_estack, __StackTop)
OUTPUT(build-arduino_due_x-SAM3X8E/avr_gcc.elf elf32-littlearm)

.ARM.attributes
                0x00000000       0x29
 .ARM.attributes
                0x00000000       0x1d c:/users/baciu/appdata/local/arduino15/packages/arduino/tools/arm-none-eabi-gcc/4.8.3-2014q1/bin/../lib/gcc/arm-none-eabi/4.8.3/armv7-m/crti.o
 .ARM.attributes
                0x0000001d       0x2d c:/users/baciu/appdata/local/arduino15/packages/arduino/tools/arm-none-eabi-gcc/4.8.3-2014q1/bin/../lib/gcc/arm-none-eabi/4.8.3/armv7-m/crtbegin.o
 .ARM.attributes
                0x0000004a       0x33 build-arduino_due_x-SAM3X8E/internally_implemented.cpp.o
 .ARM.attributes
                0x0000007d       0x33 build-arduino_due_x-SAM3X8E/submitter_implemented.cpp.o
 .ARM.attributes
                0x000000b0       0x33 build-arduino_due_x-SAM3X8E/avr_gcc.ino.o
 .ARM.attributes
                0x000000e3       0x33 c:/Users/baciu/AppData/Local/Arduino15/packages/arduino/hardware/sam/1.6.8/variants/arduino_due_x/libsam_sam3x8e_gcc_rel.a(startup_sam3xa.o)
 .ARM.attributes
                0x00000116       0x33 c:/Users/baciu/AppData/Local/Arduino15/packages/arduino/hardware/sam/1.6.8/variants/arduino_due_x/libsam_sam3x8e_gcc_rel.a(uotghs.o)
 .ARM.attributes
                0x00000149       0x33 build-arduino_due_x-SAM3X8E/libcore.a(variant.cpp.o)
 .ARM.attributes
                0x0000017c       0x33 build-arduino_due_x-SAM3X8E/libcore.a(adc.c.o)
 .ARM.attributes
                0x000001af       0x33 build-arduino_due_x-SAM3X8E/libcore.a(pio.c.o)
 .ARM.attributes
                0x000001e2       0x33 build-arduino_due_x-SAM3X8E/libcore.a(pmc.c.o)
 .ARM.attributes
                0x00000215       0x33 build-arduino_due_x-SAM3X8E/libcore.a(system_sam3xa.c.o)
 .ARM.attributes
                0x00000248       0x33 build-arduino_due_x-SAM3X8E/libcore.a(cortex_handlers.c.o)
 .ARM.attributes
                0x0000027b       0x33 build-arduino_due_x-SAM3X8E/libcore.a(hooks.c.o)
 .ARM.attributes
                0x000002ae       0x33 build-arduino_due_x-SAM3X8E/libcore.a(syscalls_sam3.c.o)
 .ARM.attributes
                0x000002e1       0x33 build-arduino_due_x-SAM3X8E/libcore.a(wiring.c.o)
 .ARM.attributes
                0x00000314       0x33 build-arduino_due_x-SAM3X8E/libcore.a(wiring_analog.c.o)
 .ARM.attributes
                0x00000347       0x33 build-arduino_due_x-SAM3X8E/libcore.a(wiring_digital.c.o)
 .ARM.attributes
                0x0000037a       0x33 build-arduino_due_x-SAM3X8E/libcore.a(main.cpp.o)
 .ARM.attributes
                0x000003ad       0x33 build-arduino_due_x-SAM3X8E/libcore.a(Print.cpp.o)
 .ARM.attributes
                0x000003e0       0x33 build-arduino_due_x-SAM3X8E/libcore.a(Reset.cpp.o)
 .ARM.attributes
                0x00000413       0x33 build-arduino_due_x-SAM3X8E/libcore.a(RingBuffer.cpp.o)
 .ARM.attributes
                0x00000446       0x33 build-arduino_due_x-SAM3X8E/libcore.a(UARTClass.cpp.o)
 .ARM.attributes
                0x00000479       0x33 build-arduino_due_x-SAM3X8E/libcore.a(USARTClass.cpp.o)
 .ARM.attributes
                0x000004ac       0x33 build-arduino_due_x-SAM3X8E/libcore.a(watchdog.cpp.o)
 .ARM.attributes
                0x000004df       0x33 build-arduino_due_x-SAM3X8E/libcore.a(USBCore.cpp.o)
 .ARM.attributes
                0x00000512       0x33 build-arduino_due_x-SAM3X8E/libcore.a(interrupt_sam_nvic.c.o)
 .ARM.attributes
                0x00000545       0x33 build-arduino_due_x-SAM3X8E/libcore.a(timetick.c.o)
 .ARM.attributes
                0x00000578       0x33 build-arduino_due_x-SAM3X8E/libcore.a(uotghs_device.c.o)
 .ARM.attributes
                0x000005ab       0x33 build-arduino_due_x-SAM3X8E/libcore.a(wdt.c.o)
 .ARM.attributes
                0x000005de       0x33 build-arduino_due_x-SAM3X8E/libcore.a(CDC.cpp.o)
 .ARM.attributes
                0x00000611       0x33 build-arduino_due_x-SAM3X8E/libcore.a(PluggableUSB.cpp.o)
 .ARM.attributes
                0x00000644       0x2d c:/users/baciu/appdata/local/arduino15/packages/arduino/tools/arm-none-eabi-gcc/4.8.3-2014q1/bin/../lib/gcc/arm-none-eabi/4.8.3/../../../../arm-none-eabi/lib/armv7-m\libm.a(lib_a-s_fpclassify.o)
 .ARM.attributes
                0x00000671       0x1d c:/users/baciu/appdata/local/arduino15/packages/arduino/tools/arm-none-eabi-gcc/4.8.3-2014q1/bin/../lib/gcc/arm-none-eabi/4.8.3/armv7-m\libgcc.a(_arm_addsubdf3.o)
 .ARM.attributes
                0x0000068e       0x1d c:/users/baciu/appdata/local/arduino15/packages/arduino/tools/arm-none-eabi-gcc/4.8.3-2014q1/bin/../lib/gcc/arm-none-eabi/4.8.3/armv7-m\libgcc.a(_arm_muldivdf3.o)
 .ARM.attributes
                0x000006ab       0x1d c:/users/baciu/appdata/local/arduino15/packages/arduino/tools/arm-none-eabi-gcc/4.8.3-2014q1/bin/../lib/gcc/arm-none-eabi/4.8.3/armv7-m\libgcc.a(_arm_cmpdf2.o)
 .ARM.attributes