Archive member included because of file (symbol)

c:/Users/baciu/AppData/Local/Arduino15/packages/arduino/hardware/sam/1.6.8/variants/arduino_due_x/libsam_sam3x8e_gcc_rel.a(startup_sam3xa.o)
                              (Reset_Handler)
c:/Users/baciu/AppData/Local/Arduino15/packages/arduino/hardware/sam/1.6.8/variants/arduino_due_x/libsam_sam3x8e_gcc_rel.a(uotghs.o)
                              c:/Users/baciu/AppData/Local/Arduino15/packages/arduino/hardware/sam/1.6.8/variants/arduino_due_x/libsam_sam3x8e_gcc_rel.a(startup_sam3xa.o) (UOTGHS_Handler)
build-arduino_due_x-SAM3X8E/libcore.a(variant.cpp.o)
                              c:/Users/baciu/AppData/Local/Arduino15/packages/arduino/hardware/sam/1.6.8/variants/arduino_due_x/libsam_sam3x8e_gcc_rel.a(startup_sam3xa.o) (UART_Handler)
build-arduino_due_x-SAM3X8E/libcore.a(adc.c.o)
                              build-arduino_due_x-SAM3X8E/libcore.a(variant.cpp.o) (adc_init)
build-arduino_due_x-SAM3X8E/libcore.a(pio.c.o)
                              build-arduino_due_x-SAM3X8E/libcore.a(variant.cpp.o) (PIO_Configure)
build-arduino_due_x-SAM3X8E/libcore.a(pmc.c.o)
                              build-arduino_due_x-SAM3X8E/libcore.a(variant.cpp.o) (pmc_enable_periph_clk)
build-arduino_due_x-SAM3X8E/libcore.a(system_sam3xa.c.o)
                              build-arduino_due_x-SAM3X8E/libcore.a(variant.cpp.o) (SystemInit)
build-arduino_due_x-SAM3X8E/libcore.a(cortex_handlers.c.o)
                              c:/Users/baciu/AppData/Local/Arduino15/packages/arduino/hardware/sam/1.6.8/variants/arduino_due_x/libsam_sam3x8e_gcc_rel.a(startup_sam3xa.o) (NMI_Handler)
build-arduino_due_x-SAM3X8E/libcore.a(hooks.c.o)
                              build-arduino_due_x-SAM3X8E/libcore.a(cortex_handlers.c.o) (sysTickHook)
build-arduino_due_x-SAM3X8E/libcore.a(syscalls_sam3.c.o)
                              (_sbrk)
build-arduino_due_x-SAM3X8E/libcore.a(wiring.c.o)
                              build-arduino_due_x-SAM3X8E/internally_implemented.cpp.o (micros)
build-arduino_due_x-SAM3X8E/libcore.a(wiring_analog.c.o)
                              build-arduino_due_x-SAM3X8E/libcore.a(variant.cpp.o) (analogOutputInit)
build-arduino_due_x-SAM3X8E/libcore.a(wiring_digital.c.o)
                              build-arduino_due_x-SAM3X8E/libcore.a(wiring_analog.c.o) (pinMode)
build-arduino_due_x-SAM3X8E/libcore.a(main.cpp.o)
                              c:/users/baciu/appdata/local/arduino15/packages/arduino/tools/arm-none-eabi-gcc/4.8.3-2014q1/bin/../lib/gcc/arm-none-eabi/4.8.3/../../../../arm-none-eabi/lib/armv7-m/crt0.o (main)
build-arduino_due_x-SAM3X8E/libcore.a(Print.cpp.o)
                              build-arduino_due_x-SAM3X8E/submitter_implemented.cpp.o (Print::print(char const*))
build-arduino_due_x-SAM3X8E/libcore.a(Reset.cpp.o)
                              build-arduino_due_x-SAM3X8E/libcore.a(cortex_handlers.c.o) (tickReset)
build-arduino_due_x-SAM3X8E/libcore.a(RingBuffer.cpp.o)
                              build-arduino_due_x-SAM3X8E/libcore.a(variant.cpp.o) (RingBuffer::RingBuffer())
build-arduino_due_x-SAM3X8E/libcore.a(UARTClass.cpp.o)
                              build-arduino_due_x-SAM3X8E/avr_gcc.ino.o (UARTClass::available())
build-arduino_due_x-SAM3X8E/libcore.a(USARTClass.cpp.o)
                              build-arduino_due_x-SAM3X8E/libcore.a(variant.cpp.o) (USARTClass::USARTClass(Usart*, IRQn, unsigned long, RingBuffer*, RingBuffer*))
build-arduino_due_x-SAM3X8E/libcore.a(watchdog.cpp.o)
                              build-arduino_due_x-SAM3X8E/libcore.a(main.cpp.o) (watchdogSetup())
build-arduino_due_x-SAM3X8E/libcore.a(USBCore.cpp.o)
                              build-arduino_due_x-SAM3X8E/libcore.a(main.cpp.o) (USBDevice_::attach())
build-arduino_due_x-SAM3X8E/libcore.a(dacc.c.o)
                              build-arduino_due_x-SAM3X8E/libcore.a(wiring_analog.c.o) (dacc_reset)
build-arduino_due_x-SAM3X8E/libcore.a(interrupt_sam_nvic.c.o)
                              build-arduino_due_x-SAM3X8E/libcore.a(USBCore.cpp.o) (g_interrupt_enabled)
build-arduino_due_x-SAM3X8E/libcore.a(pwmc.c.o)
                              build-arduino_due_x-SAM3X8E/libcore.a(wiring_analog.c.o) (PWMC_ConfigureChannel)
build-arduino_due_x-SAM3X8E/libcore.a(tc.c.o)
                              build-arduino_due_x-SAM3X8E/libcore.a(wiring_analog.c.o) (TC_Configure)
build-arduino_due_x-SAM3X8E/libcore.a(timetick.c.o)
                              build-arduino_due_x-SAM3X8E/libcore.a(cortex_handlers.c.o) (TimeTick_Increment)
build-arduino_due_x-SAM3X8E/libcore.a(uotghs_device.c.o)
                              build-arduino_due_x-SAM3X8E/libcore.a(USBCore.cpp.o) (UDD_SetStack)
build-arduino_due_x-SAM3X8E/libcore.a(wdt.c.o)
                              build-arduino_due_x-SAM3X8E/libcore.a(watchdog.cpp.o) (WDT_Enable)
build-arduino_due_x-SAM3X8E/libcore.a(abi.cpp.o)
                              build-arduino_due_x-SAM3X8E/libcore.a(Print.cpp.o) (__cxa_pure_virtual)
[...]
Memory Configuration

Name             Origin             Length             Attributes
rom              0x00080000         0x00080000         xr
sram0            0x20000000         0x00010000         xrw
sram1            0x20080000         0x00008000         xrw
ram              0x20070000         0x00018000         xrw
*default*        0x00000000         0xffffffff

Linker script and memory map

LOAD c:/users/baciu/appdata/local/arduino15/packages/arduino/tools/arm-none-eabi-gcc/4.8.3-2014q1/bin/../lib/gcc/arm-none-eabi/4.8.3/armv7-m/crti.o
LOAD c:/users/baciu/appdata/local/arduino15/packages/arduino/tools/arm-none-eabi-gcc/4.8.3-2014q1/bin/../lib/gcc/arm-none-eabi/4.8.3/armv7-m/crtbegin.o
LOAD c:/users/baciu/appdata/local/arduino15/packages/arduino/tools/arm-none-eabi-gcc/4.8.3-2014q1/bin/../lib/gcc/arm-none-eabi/4.8.3/../../../../arm-none-eabi/lib/armv7-m/crt0.o
LOAD build-arduino_due_x-SAM3X8E/internally_implemented.cpp.o
LOAD build-arduino_due_x-SAM3X8E/submitter_implemented.cpp.o
LOAD build-arduino_due_x-SAM3X8E/avr_gcc.ino.o
LOAD c:/Users/baciu/AppData/Local/Arduino15/packages/arduino/hardware/sam/1.6.8/variants/arduino_due_x/libsam_sam3x8e_gcc_rel.a
START GROUP
LOAD build-arduino_due_x-SAM3X8E/libcore.a
END GROUP
LOAD c:/users/baciu/appdata/local/arduino15/packages/arduino/tools/arm-none-eabi-gcc/4.8.3-2014q1/bin/../lib/gcc/arm-none-eabi/4.8.3/../../../../arm-none-eabi/lib/armv7-m\libstdc++.a
LOAD c:/users/baciu/appdata/local/arduino15/packages/arduino/tools/arm-none-eabi-gcc/4.8.3-2014q1/bin/../lib/gcc/arm-none-eabi/4.8.3/../../../../arm-none-eabi/lib/armv7-m\libm.a
START GROUP
LOAD c:/users/baciu/appdata/local/arduino15/packages/arduino/tools/arm-none-eabi-gcc/4.8.3-2014q1/bin/../lib/gcc/arm-none-eabi/4.8.3/armv7-m\libgcc.a
LOAD c:/users/baciu/appdata/local/arduino15/packages/arduino/tools/arm-none-eabi-gcc/4.8.3-2014q1/bin/../lib/gcc/arm-none-eabi/4.8.3/../../../../arm-none-eabi/lib/armv7-m\libc.a
END GROUP
LOAD c:/users/baciu/appdata/local/arduino15/packages/arduino/tools/arm-none-eabi-gcc/4.8.3-2014q1/bin/../lib/gcc/arm-none-eabi/4.8.3/armv7-m/crtend.o
LOAD c:/users/baciu/appdata/local/arduino15/packages/arduino/tools/arm-none-eabi-gcc/4.8.3-2014q1/bin/../lib/gcc/arm-none-eabi/4.8.3/armv7-m/crtn.o

.text           0x00080000     0xa694
                0x00080000                . = ALIGN (0x4)
                0x00080000                _sfixed = .
 *(.vectors .vectors.*)
 .vectors       0x00080000       0xf4 c:/Users/baciu/AppData/Local/Arduino15/packages/arduino/hardware/sam/1.6.8/variants/arduino_due_x/libsam_sam3x8e_gcc_rel.a(startup_sam3xa.o)
                0x00080000                exception_table
 *(.text .text.* .gnu.linkonce.t.*)
 .text          0x000800f4       0x54 c:/users/baciu/appdata/local/arduino15/packages/arduino/tools/arm-none-eabi-gcc/4.8.3-2014q1/bin/../lib/gcc/arm-none-eabi/4.8.3/armv7-m/crtbegin.o
 .text._ZN8Eloquent2ML4Port3SVM14compute_kernelEPfz
                0x00080148       0x5c build-arduino_due_x-SAM3X8E/internally_implemented.cpp.o
                0x00080148                Eloquent::ML::Port::SVM::compute_kernel(float*, ...)
 *fill*         0x000801a4        0x4 
 .text._ZN8Eloquent2ML4Port3SVM7predictEPf
                0x000801a8      0x9a8 build-arduino_due_x-SAM3X8E/internally_implemented.cpp.o
                0x000801a8                Eloquent::ML::Port::SVM::predict(float*)
 .text._Z18ee_serial_callbackc
                0x00080b50       0x34 build-arduino_due_x-SAM3X8E/internally_implemented.cpp.o
                0x00080b50                ee_serial_callback(char)
 .text._Z23ee_benchmark_initializev
                0x00080b84       0x2c build-arduino_due_x-SAM3X8E/internally_implemented.cpp.o
                0x00080b84                ee_benchmark_initialize()
 .text._Z8ee_inferjj
                0x00080bb0       0x94 build-arduino_due_x-SAM3X8E/internally_implemented.cpp.o
                0x00080bb0                ee_infer(unsigned int, unsigned int)
 .text._Z9ee_hexdecPc
                0x00080c44       0x42 build-arduino_due_x-SAM3X8E/internally_implemented.cpp.o
                0x00080c44                ee_hexdec(char*)
 *fill*         0x00080c86        0x2 
 .text._Z15ee_buffer_parsePc
                0x00080c88      0x15c build-arduino_due_x-SAM3X8E/internally_implemented.cpp.o
                0x00080c88                ee_buffer_parse(char*)
 .text._Z16ee_profile_parsePc
                0x00080de4      0x174 build-arduino_due_x-SAM3X8E/internally_implemented.cpp.o
                0x00080de4                ee_profile_parse(char*)
 .text._Z33ee_serial_command_parser_callbackPc
                0x00080f58       0x78 build-arduino_due_x-SAM3X8E/internally_implemented.cpp.o
                0x00080f58                ee_serial_command_parser_callback(char*)
 .text._Z13ee_get_bufferPhj
                0x00080fd0       0x24 build-arduino_due_x-SAM3X8E/internally_implemented.cpp.o
                0x00080fd0                ee_get_buffer(unsigned char*, unsigned int)
 .text._Z9th_printfPKcz
                0x00080ff4       0x34 build-arduino_due_x-SAM3X8E/submitter_implemented.cpp.o
                0x00080ff4                th_printf(char const*, ...)
 .text._Z12th_timestampv
                0x00081028       0x18 build-arduino_due_x-SAM3X8E/submitter_implemented.cpp.o
                0x00081028                th_timestamp()
 .text._Z23th_timestamp_initializev
                0x00081040       0x14 build-arduino_due_x-SAM3X8E/submitter_implemented.cpp.o
                0x00081040                th_timestamp_initialize()
 .text._Z16th_command_readyPVc
                0x00081054        0x4 build-arduino_due_x-SAM3X8E/submitter_implemented.cpp.o
                0x00081054                th_command_ready(char volatile*)
 .text._Z10th_strnlenPKcj
                0x00081058        0x4 build-arduino_due_x-SAM3X8E/submitter_implemented.cpp.o
                0x00081058                th_strnlen(char const*, unsigned int)
 .text._Z16th_load_featuresv
                0x0008105c       0x2c build-arduino_due_x-SAM3X8E/submitter_implemented.cpp.o
                0x0008105c                th_load_features()
 .text._Z10th_resultsv
                0x00081088       0x2c build-arduino_due_x-SAM3X8E/submitter_implemented.cpp.o
                0x00081088                th_results()
 .text._Z19th_final_initializev
                0x000810b4        0x2 build-arduino_due_x-SAM3X8E/submitter_implemented.cpp.o
                0x000810b4                th_final_initialize()
 .text._Z6th_prev
                0x000810b6        0x2 build-arduino_due_x-SAM3X8E/submitter_implemented.cpp.o
                0x000810b6                th_pre()
 .text._Z10th_getcharv
                0x000810b8       0x10 build-arduino_due_x-SAM3X8E/submitter_implemented.cpp.o
                0x000810b8                th_getchar()
 .text.setup    0x000810c8       0x18 build-arduino_due_x-SAM3X8E/avr_gcc.ino.o
                0x000810c8                setup
 .text.loop     0x000810e0       0x1c build-arduino_due_x-SAM3X8E/avr_gcc.ino.o
                0x000810e0                loop
 .text.Reset_Handler
                0x000810fc       0x78 c:/Users/baciu/AppData/Local/Arduino15/packages/arduino/hardware/sam/1.6.8/variants/arduino_due_x/libsam_sam3x8e_gcc_rel.a(startup_sam3xa.o)
                0x000810fc                Reset_Handler
 .text.UOTGHS_Handler
                0x00081174       0x10 c:/Users/baciu/AppData/Local/Arduino15/packages/arduino/hardware/sam/1.6.8/variants/arduino_due_x/libsam_sam3x8e_gcc_rel.a(uotghs.o)
                0x00081174                UOTGHS_Handler
 .text._Z11serialEventv
                0x00081184        0x2 build-arduino_due_x-SAM3X8E/libcore.a(variant.cpp.o)
                0x00081184                serialEvent()
 *fill*         0x00081186        0x2 
 .text.UART_Handler
                0x00081188        0xc build-arduino_due_x-SAM3X8E/libcore.a(variant.cpp.o)
                0x00081188                UART_Handler
 .text._Z12serialEvent1v
                0x00081194        0x2 build-arduino_due_x-SAM3X8E/libcore.a(variant.cpp.o)
                0x00081194                serialEvent1()
 .text._Z12serialEvent2v
                0x00081196        0x2 build-arduino_due_x-SAM3X8E/libcore.a(variant.cpp.o)
                0x00081196                serialEvent2()
 .text._Z12serialEvent3v
                0x00081198        0x2 build-arduino_due_x-SAM3X8E/libcore.a(variant.cpp.o)
                0x00081198                serialEvent3()
 *fill*         0x0008119a        0x2 
 .text.USART0_Handler
                0x0008119c        0xc build-arduino_due_x-SAM3X8E/libcore.a(variant.cpp.o)
                0x0008119c                USART0_Handler
 .text.USART1_Handler
                0x000811a8        0xc build-arduino_due_x-SAM3X8E/libcore.a(variant.cpp.o)
                0x000811a8                USART1_Handler
 .text.USART3_Handler
                0x000811b4        0xc build-arduino_due_x-SAM3X8E/libcore.a(variant.cpp.o)
                0x000811b4                USART3_Handler
 .text.init     0x000811c0      0x128 build-arduino_due_x-SAM3X8E/libcore.a(variant.cpp.o)
                0x000811c0                init
 .text.startup._GLOBAL__sub_I_g_APinDescription
                0x000812e8       0xd4 build-arduino_due_x-SAM3X8E/libcore.a(variant.cpp.o)
 .text._Z14serialEventRunv
                0x000813bc       0x44 build-arduino_due_x-SAM3X8E/libcore.a(variant.cpp.o)
                0x000813bc                serialEventRun()
 .text.adc_init
                0x00081400       0x98 build-arduino_due_x-SAM3X8E/libcore.a(adc.c.o)
                0x00081400                adc_init
 .text.adc_configure_trigger
                0x00081498       0x2a build-arduino_due_x-SAM3X8E/libcore.a(adc.c.o)
                0x00081498                adc_configure_trigger
 .text.adc_configure_timing
                0x000814c2       0x1a build-arduino_due_x-SAM3X8E/libcore.a(adc.c.o)
                0x000814c2                adc_configure_timing
 .text.adc_disable_channel
                0x000814dc        0xa build-arduino_due_x-SAM3X8E/libcore.a(adc.c.o)
                0x000814dc                adc_disable_channel
 .text.adc_disable_all_channel
                0x000814e6        0x8 build-arduino_due_x-SAM3X8E/libcore.a(adc.c.o)
                0x000814e6                adc_disable_all_channel
 .text.adc_disable_interrupt
                0x000814ee        0x4 build-arduino_due_x-SAM3X8E/libcore.a(adc.c.o)
                0x000814ee                adc_disable_interrupt
 .text.PIO_PullUp
                0x000814f2        0xa build-arduino_due_x-SAM3X8E/libcore.a(pio.c.o)
                0x000814f2                PIO_PullUp
 .text.PIO_SetPeripheral
                0x000814fc       0x26 build-arduino_due_x-SAM3X8E/libcore.a(pio.c.o)
                0x000814fc                PIO_SetPeripheral
 .text.PIO_SetInput
                0x00081522       0x26 build-arduino_due_x-SAM3X8E/libcore.a(pio.c.o)
                0x00081522                PIO_SetInput
 .text.PIO_SetOutput
                0x00081548       0x24 build-arduino_due_x-SAM3X8E/libcore.a(pio.c.o)
                0x00081548                PIO_SetOutput
 .text.PIO_Configure
                0x0008156c       0x56 build-arduino_due_x-SAM3X8E/libcore.a(pio.c.o)
                0x0008156c                PIO_Configure
 .text.PIO_GetOutputDataStatus
                0x000815c2       0x14 build-arduino_due_x-SAM3X8E/libcore.a(pio.c.o)
                0x000815c2                PIO_GetOutputDataStatus
 *fill*         0x000815d6        0x2 
 .text.pmc_enable_upll_clock
                0x000815d8       0x14 build-arduino_due_x-SAM3X8E/libcore.a(pmc.c.o)
                0x000815d8                pmc_enable_upll_clock
 .text.pmc_enable_periph_clk
                0x000815ec       0x44 build-arduino_due_x-SAM3X8E/libcore.a(pmc.c.o)
                0x000815ec                pmc_enable_periph_clk
 .text.pmc_disable_periph_clk
                0x00081630       0x40 build-arduino_due_x-SAM3X8E/libcore.a(pmc.c.o)
                0x00081630                pmc_disable_periph_clk
 .text.pmc_switch_udpck_to_upllck
                0x00081670       0x14 build-arduino_due_x-SAM3X8E/libcore.a(pmc.c.o)
                0x00081670                pmc_switch_udpck_to_upllck
 .text.pmc_enable_udpck
                0x00081684        0xc build-arduino_due_x-SAM3X8E/libcore.a(pmc.c.o)
                0x00081684                pmc_enable_udpck
 .text.SystemInit
                0x00081690       0x88 build-arduino_due_x-SAM3X8E/libcore.a(system_sam3xa.c.o)
                0x00081690                SystemInit
 .text.__halt   0x00081718        0x2 build-arduino_due_x-SAM3X8E/libcore.a(cortex_handlers.c.o)
                0x00081718                DACC_Handler
                0x00081718                DebugMon_Handler
                0x00081718                DMAC_Handler
                0x00081718                TRNG_Handler
                0x00081718                HardFault_Handler
                0x00081718                TC2_Handler
                0x00081718                TWI1_Handler
                0x00081718                NMI_Handler
                0x00081718                TC7_Handler
                0x00081718                ADC_Handler
                0x00081718                SMC_Handler
                0x00081718                RTT_Handler
                0x00081718                EFC1_Handler
                0x00081718                PIOB_Handler
                0x00081718                RTC_Handler
                0x00081718                UsageFault_Handler
                0x00081718                TC6_Handler
                0x00081718                WDT_Handler
                0x00081718                CAN0_Handler
                0x00081718                TC4_Handler
                0x00081718                TC1_Handler
                0x00081718                HSMCI_Handler
                0x00081718                TC3_Handler
                0x00081718                TWI0_Handler
                0x00081718                PIOA_Handler
                0x00081718                SSC_Handler
                0x00081718                EFC0_Handler
                0x00081718                PMC_Handler
                0x00081718                PWM_Handler
                0x00081718                CAN1_Handler
                0x00081718                MemManage_Handler
                0x00081718                SUPC_Handler
                0x00081718                TC8_Handler
                0x00081718                USART2_Handler
                0x00081718                PIOD_Handler
                0x00081718                EMAC_Handler
                0x00081718                PIOC_Handler
                0x00081718                BusFault_Handler
                0x00081718                RSTC_Handler
                0x00081718                TC0_Handler
                0x00081718                TC5_Handler
                0x00081718                SPI0_Handler
 .text.SVC_Handler
                0x0008171a        0x4 build-arduino_due_x-SAM3X8E/libcore.a(cortex_handlers.c.o)
                0x0008171a                SVC_Handler
 .text.PendSV_Handler
                0x0008171e        0x4 build-arduino_due_x-SAM3X8E/libcore.a(cortex_handlers.c.o)
                0x0008171e                PendSV_Handler
 .text.SysTick_Handler
                0x00081722       0x16 build-arduino_due_x-SAM3X8E/libcore.a(cortex_handlers.c.o)
                0x00081722                SysTick_Handler
 .text.__empty  0x00081738        0x2 build-arduino_due_x-SAM3X8E/libcore.a(hooks.c.o)
                0x00081738                yield
 .text.__false  0x0008173a        0x4 build-arduino_due_x-SAM3X8E/libcore.a(hooks.c.o)
                0x0008173a                sysTickHook
 .text.__halt   0x0008173e        0x2 build-arduino_due_x-SAM3X8E/libcore.a(hooks.c.o)
                0x0008173e                svcHook
                0x0008173e                pendSVHook
 .text._sbrk    0x00081740       0x1c build-arduino_due_x-SAM3X8E/libcore.a(syscalls_sam3.c.o)
                0x00081740                _sbrk
 .text.link     0x0008175c        0x6 build-arduino_due_x-SAM3X8E/libcore.a(syscalls_sam3.c.o)
                0x0008175c                link
 .text._close   0x00081762        0x6 build-arduino_due_x-SAM3X8E/libcore.a(syscalls_sam3.c.o)
                0x00081762                _close
 .text._fstat   0x00081768        0xa build-arduino_due_x-SAM3X8E/libcore.a(syscalls_sam3.c.o)
                0x00081768                _fstat
 .text._isatty  0x00081772        0x4 build-arduino_due_x-SAM3X8E/libcore.a(syscalls_sam3.c.o)
                0x00081772                _isatty
 .text._lseek   0x00081776        0x4 build-arduino_due_x-SAM3X8E/libcore.a(syscalls_sam3.c.o)
                0x00081776                _lseek
 .text._read    0x0008177a        0x4 build-arduino_due_x-SAM3X8E/libcore.a(syscalls_sam3.c.o)
                0x0008177a                _read
 *fill*         0x0008177e        0x2 
 .text._write   0x00081780       0x24 build-arduino_due_x-SAM3X8E/libcore.a(syscalls_sam3.c.o)
                0x00081780                _write
 .text._exit    0x000817a4       0x10 build-arduino_due_x-SAM3X8E/libcore.a(syscalls_sam3.c.o)
                0x000817a4                _exit
 .text._kill    0x000817b4        0x2 build-arduino_due_x-SAM3X8E/libcore.a(syscalls_sam3.c.o)
                0x000817b4                _kill
 .text._getpid  0x000817b6        0x6 build-arduino_due_x-SAM3X8E/libcore.a(syscalls_sam3.c.o)
                0x000817b6                _getpid
 .text.micros   0x000817bc       0x74 build-arduino_due_x-SAM3X8E/libcore.a(wiring.c.o)
                0x000817bc                micros
 .text.delay    0x00081830       0x1c build-arduino_due_x-SAM3X8E/libcore.a(wiring.c.o)
                0x00081830                delay
 .text.analogOutputInit
                0x0008184c        0x2 build-arduino_due_x-SAM3X8E/libcore.a(wiring_analog.c.o)
                0x0008184c                analogOutputInit
 *fill*         0x0008184e        0x2 
 .text.pinMode  0x00081850      0x108 build-arduino_due_x-SAM3X8E/libcore.a(wiring_digital.c.o)
                0x00081850                pinMode
 .text.digitalWrite
                0x00081958       0x70 build-arduino_due_x-SAM3X8E/libcore.a(wiring_digital.c.o)
                0x00081958                digitalWrite
 .text.initVariant
                0x000819c8        0x2 build-arduino_due_x-SAM3X8E/libcore.a(main.cpp.o)
                0x000819c8                initVariant
 *fill*         0x000819ca        0x2 
 .text.startup.main
                0x000819cc       0x38 build-arduino_due_x-SAM3X8E/libcore.a(main.cpp.o)
                0x000819cc                main
 .text._ZN5Print5writeEPKhj
                0x00081a04       0x22 build-arduino_due_x-SAM3X8E/libcore.a(Print.cpp.o)
                0x00081a04                Print::write(unsigned char const*, unsigned int)
 .text._ZN5Print5writeEPKc
                0x00081a26       0x1e build-arduino_due_x-SAM3X8E/libcore.a(Print.cpp.o)
                0x00081a26                Print::write(char const*)
 .text._ZN5Print5printEPKc
                0x00081a44        0x8 build-arduino_due_x-SAM3X8E/libcore.a(Print.cpp.o)
                0x00081a44                Print::print(char const*)
 .text.initiateReset
                0x00081a4c        0xc build-arduino_due_x-SAM3X8E/libcore.a(Reset.cpp.o)
                0x00081a4c                initiateReset
 .text.cancelReset
                0x00081a58       0x10 build-arduino_due_x-SAM3X8E/libcore.a(Reset.cpp.o)
                0x00081a58                cancelReset
 .text.tickReset
                0x00081a68       0x20 build-arduino_due_x-SAM3X8E/libcore.a(Reset.cpp.o)
                0x00081a68                tickReset
 .text._ZN10RingBufferC2Ev
                0x00081a88       0x1a build-arduino_due_x-SAM3X8E/libcore.a(RingBuffer.cpp.o)
                0x00081a88                RingBuffer::RingBuffer()
                0x00081a88                RingBuffer::RingBuffer()
 .text._ZN10RingBuffer10store_charEh
                0x00081aa2       0x1e build-arduino_due_x-SAM3X8E/libcore.a(RingBuffer.cpp.o)
                0x00081aa2                RingBuffer::store_char(unsigned char)
 .text._ZN9UARTClasscvbEv
                0x00081ac0        0x4 build-arduino_due_x-SAM3X8E/libcore.a(UARTClass.cpp.o)
                0x00081ac0                UARTClass::operator bool()
 .text._ZN9UARTClass9availableEv
                0x00081ac4       0x12 build-arduino_due_x-SAM3X8E/libcore.a(UARTClass.cpp.o)
                0x00081ac4                UARTClass::available()
 .text._ZN9UARTClass4peekEv
                0x00081ad6       0x1c build-arduino_due_x-SAM3X8E/libcore.a(UARTClass.cpp.o)
                0x00081ad6                UARTClass::peek()
 .text._ZN9UARTClass4readEv
                0x00081af2       0x2a build-arduino_due_x-SAM3X8E/libcore.a(UARTClass.cpp.o)
                0x00081af2                UARTClass::read()
 .text._ZN9UARTClass5flushEv
                0x00081b1c       0x18 build-arduino_due_x-SAM3X8E/libcore.a(UARTClass.cpp.o)
                0x00081b1c                UARTClass::flush()
 .text._ZN9UARTClass5writeEh
                0x00081b34       0x54 build-arduino_due_x-SAM3X8E/libcore.a(UARTClass.cpp.o)
                0x00081b34                UARTClass::write(unsigned char)
 .text._ZN9UARTClass3endEv
                0x00081b88       0x3c build-arduino_due_x-SAM3X8E/libcore.a(UARTClass.cpp.o)
                0x00081b88                UARTClass::end()
 .text._ZN9UARTClassC2EP4Uart4IRQnmP10RingBufferS4_
                0x00081bc4       0x24 build-arduino_due_x-SAM3X8E/libcore.a(UARTClass.cpp.o)
                0x00081bc4                UARTClass::UARTClass(Uart*, IRQn, unsigned long, RingBuffer*, RingBuffer*)
                0x00081bc4                UARTClass::UARTClass(Uart*, IRQn, unsigned long, RingBuffer*, RingBuffer*)
 .text._ZN9UARTClass4initEmm
                0x00081be8       0x70 build-arduino_due_x-SAM3X8E/libcore.a(UARTClass.cpp.o)
                0x00081be8                UARTClass::init(unsigned long, unsigned long)
 .text._ZN9UARTClass5beginEm
                0x00081c58        0x8 build-arduino_due_x-SAM3X8E/libcore.a(UARTClass.cpp.o)
                0x00081c58                UARTClass::begin(unsigned long)
 .text._ZN9UARTClass10IrqHandlerEv
                0x00081c60       0x5a build-arduino_due_x-SAM3X8E/libcore.a(UARTClass.cpp.o)
                0x00081c60                UARTClass::IrqHandler()
 .text._ZN10USARTClass5beginEm
                0x00081cba        0x8 build-arduino_due_x-SAM3X8E/libcore.a(USARTClass.cpp.o)
                0x00081cba                USARTClass::begin(unsigned long)
 *fill*         0x00081cc2        0x2 
 .text._ZN10USARTClassC2EP5Usart4IRQnmP10RingBufferS4_
                0x00081cc4       0x24 build-arduino_due_x-SAM3X8E/libcore.a(USARTClass.cpp.o)
                0x00081cc4                USARTClass::USARTClass(Usart*, IRQn, unsigned long, RingBuffer*, RingBuffer*)
                0x00081cc4                USARTClass::USARTClass(Usart*, IRQn, unsigned long, RingBuffer*, RingBuffer*)
 .text._watchdogDefaultSetup
                0x00081ce8        0xc build-arduino_due_x-SAM3X8E/libcore.a(watchdog.cpp.o)
                0x00081ce8                _watchdogDefaultSetup
                0x00081ce8                watchdogSetup()
 .text.unlikely._ZL11USB_SendZlpv
                0x00081cf4       0x20 build-arduino_due_x-SAM3X8E/libcore.a(USBCore.cpp.o)
 .text._Z14USBD_Availablem
                0x00081d14       0x2c build-arduino_due_x-SAM3X8E/libcore.a(USBCore.cpp.o)
                0x00081d14                USBD_Available(unsigned long)
 .text._Z9USBD_RecvmPvm
                0x00081d40       0x7c build-arduino_due_x-SAM3X8E/libcore.a(USBCore.cpp.o)
                0x00081d40                USBD_Recv(unsigned long, void*, unsigned long)
 .text._Z9USBD_Recvm
                0x00081dbc       0x22 build-arduino_due_x-SAM3X8E/libcore.a(USBCore.cpp.o)
                0x00081dbc                USBD_Recv(unsigned long)
 *fill*         0x00081dde        0x2 
 .text._Z9USBD_SendmPKvm
                0x00081de0       0x4c build-arduino_due_x-SAM3X8E/libcore.a(USBCore.cpp.o)
                0x00081de0                USBD_Send(unsigned long, void const*, unsigned long)
 .text._Z16USBD_SendControlhPKvm
                0x00081e2c       0x40 build-arduino_due_x-SAM3X8E/libcore.a(USBCore.cpp.o)
                0x00081e2c                USBD_SendControl(unsigned char, void const*, unsigned long)
 .text.unlikely._ZL24USB_SendStringDescriptorPKhi
                0x00081e6c       0x64 build-arduino_due_x-SAM3X8E/libcore.a(USBCore.cpp.o)
 .text._Z16USBD_RecvControlPvm
                0x00081ed0       0x1c build-arduino_due_x-SAM3X8E/libcore.a(USBCore.cpp.o)
                0x00081ed0                USBD_RecvControl(void*, unsigned long)
 .text._Z26USBD_ClassInterfaceRequestR8USBSetup
                0x00081eec       0x1e build-arduino_due_x-SAM3X8E/libcore.a(USBCore.cpp.o)
                0x00081eec                USBD_ClassInterfaceRequest(USBSetup&)
 .text._Z19USBD_SendInterfacesv
                0x00081f0a       0x22 build-arduino_due_x-SAM3X8E/libcore.a(USBCore.cpp.o)
                0x00081f0a                USBD_SendInterfaces()
 .text._Z24USBD_SendOtherInterfacesv
                0x00081f2c       0x22 build-arduino_due_x-SAM3X8E/libcore.a(USBCore.cpp.o)
                0x00081f2c                USBD_SendOtherInterfaces()
 .text._Z10USBD_Flushm
                0x00081f4e       0x16 build-arduino_due_x-SAM3X8E/libcore.a(USBCore.cpp.o)
                0x00081f4e                USBD_Flush(unsigned long)
 .text._ZN10USBDevice_C2Ev
                0x00081f64       0x24 build-arduino_due_x-SAM3X8E/libcore.a(USBCore.cpp.o)
                0x00081f64                USBDevice_::USBDevice_()
                0x00081f64                USBDevice_::USBDevice_()
 .text._ZN10USBDevice_6attachEv
                0x00081f88       0x20 build-arduino_due_x-SAM3X8E/libcore.a(USBCore.cpp.o)
                0x00081f88                USBDevice_::attach()
 .text.startup._GLOBAL__sub_I_EndPoints
                0x00081fa8        0xc build-arduino_due_x-SAM3X8E/libcore.a(USBCore.cpp.o)
 .text._ZL7USB_ISRv
                0x00081fb4      0x454 build-arduino_due_x-SAM3X8E/libcore.a(USBCore.cpp.o)
 .text.TimeTick_Increment
                0x00082408       0x10 build-arduino_due_x-SAM3X8E/libcore.a(timetick.c.o)
                0x00082408                TimeTick_Increment
 .text.GetTickCount
                0x00082418        0xc build-arduino_due_x-SAM3X8E/libcore.a(timetick.c.o)
                0x00082418                GetTickCount
 .text.UDD_SetStack
                0x00082424        0xc build-arduino_due_x-SAM3X8E/libcore.a(uotghs_device.c.o)
                0x00082424                UDD_SetStack
 .text.UDD_Init
                0x00082430       0xc0 build-arduino_due_x-SAM3X8E/libcore.a(uotghs_device.c.o)
                0x00082430                UDD_Init
 .text.UDD_Attach
                0x000824f0       0x50 build-arduino_due_x-SAM3X8E/libcore.a(uotghs_device.c.o)
                0x000824f0                UDD_Attach
 .text.UDD_InitEP
                0x00082540       0x2c build-arduino_due_x-SAM3X8E/libcore.a(uotghs_device.c.o)
                0x00082540                UDD_InitEP
 .text.UDD_InitEndpoints
                0x0008256c       0x3c build-arduino_due_x-SAM3X8E/libcore.a(uotghs_device.c.o)
                0x0008256c                UDD_InitEndpoints
 .text.UDD_WaitIN
                0x000825a8       0x10 build-arduino_due_x-SAM3X8E/libcore.a(uotghs_device.c.o)
                0x000825a8                UDD_WaitIN
 .text.UDD_WaitOUT
                0x000825b8       0x10 build-arduino_due_x-SAM3X8E/libcore.a(uotghs_device.c.o)
                0x000825b8                UDD_WaitOUT
 .text.UDD_ClearIN
                0x000825c8       0x18 build-arduino_due_x-SAM3X8E/libcore.a(uotghs_device.c.o)
                0x000825c8                UDD_ClearIN
 .text.UDD_ClearOUT
                0x000825e0       0x18 build-arduino_due_x-SAM3X8E/libcore.a(uotghs_device.c.o)
                0x000825e0                UDD_ClearOUT
 .text.UDD_ReceivedSetupInt
                0x000825f8       0x10 build-arduino_due_x-SAM3X8E/libcore.a(uotghs_device.c.o)
                0x000825f8                UDD_ReceivedSetupInt
 .text.UDD_ClearSetupInt
                0x00082608       0x10 build-arduino_due_x-SAM3X8E/libcore.a(uotghs_device.c.o)
                0x00082608                UDD_ClearSetupInt
 .text.UDD_Send
                0x00082618       0x84 build-arduino_due_x-SAM3X8E/libcore.a(uotghs_device.c.o)
                0x00082618                UDD_Send
 .text.UDD_Send8
                0x0008269c       0x24 build-arduino_due_x-SAM3X8E/libcore.a(uotghs_device.c.o)
                0x0008269c                UDD_Send8
 .text.UDD_Recv8
                0x000826c0       0x28 build-arduino_due_x-SAM3X8E/libcore.a(uotghs_device.c.o)
                0x000826c0                UDD_Recv8
 .text.UDD_Recv
                0x000826e8       0x34 build-arduino_due_x-SAM3X8E/libcore.a(uotghs_device.c.o)
                0x000826e8                UDD_Recv
 .text.UDD_Stall
                0x0008271c       0x14 build-arduino_due_x-SAM3X8E/libcore.a(uotghs_device.c.o)
                0x0008271c                UDD_Stall
 .text.UDD_FifoByteCount
                0x00082730       0x14 build-arduino_due_x-SAM3X8E/libcore.a(uotghs_device.c.o)
                0x00082730                UDD_FifoByteCount
 .text.UDD_ReleaseRX
                0x00082744       0x28 build-arduino_due_x-SAM3X8E/libcore.a(uotghs_device.c.o)
                0x00082744                UDD_ReleaseRX
 .text.UDD_ReleaseTX
                0x0008276c       0x28 build-arduino_due_x-SAM3X8E/libcore.a(uotghs_device.c.o)
                0x0008276c                UDD_ReleaseTX
 .text.UDD_SetAddress
                0x00082794       0x20 build-arduino_due_x-SAM3X8E/libcore.a(uotghs_device.c.o)
                0x00082794                UDD_SetAddress
 .text.WDT_Disable
                0x000827b4        0x8 build-arduino_due_x-SAM3X8E/libcore.a(wdt.c.o)
                0x000827b4                WDT_Disable
 .text._ZN7Serial_9availableEv
                0x000827bc       0x18 build-arduino_due_x-SAM3X8E/libcore.a(CDC.cpp.o)
                0x000827bc                Serial_::available()
 .text._ZN7Serial_4peekEv
                0x000827d4       0x20 build-arduino_due_x-SAM3X8E/libcore.a(CDC.cpp.o)
                0x000827d4                Serial_::peek()
 .text._ZN7Serial_5writeEh
                0x000827f4       0x16 build-arduino_due_x-SAM3X8E/libcore.a(CDC.cpp.o)
                0x000827f4                Serial_::write(unsigned char)
 *fill*         0x0008280a        0x2 
 .text._ZN7Serial_4readEv
                0x0008280c       0x44 build-arduino_due_x-SAM3X8E/libcore.a(CDC.cpp.o)
                0x0008280c                Serial_::read()
 .text._ZN7Serial_5flushEv
                0x00082850        0x6 build-arduino_due_x-SAM3X8E/libcore.a(CDC.cpp.o)
                0x00082850                Serial_::flush()
 *fill*         0x00082856        0x2 
 .text._ZN7Serial_6acceptEv
                0x00082858       0x70 build-arduino_due_x-SAM3X8E/libcore.a(CDC.cpp.o)
                0x00082858                Serial_::accept()
 .text._ZN7Serial_5writeEPKhj
                0x000828c8       0x2c build-arduino_due_x-SAM3X8E/libcore.a(CDC.cpp.o)
                0x000828c8                Serial_::write(unsigned char const*, unsigned int)
 .text._Z16CDC_GetInterfacePh
                0x000828f4       0x14 build-arduino_due_x-SAM3X8E/libcore.a(CDC.cpp.o)
                0x000828f4                CDC_GetInterface(unsigned char*)
 .text._Z21CDC_GetOtherInterfacePh
                0x00082908       0x14 build-arduino_due_x-SAM3X8E/libcore.a(CDC.cpp.o)
                0x00082908                CDC_GetOtherInterface(unsigned char*)
 .text._Z9CDC_SetupR8USBSetup
                0x0008291c       0x78 build-arduino_due_x-SAM3X8E/libcore.a(CDC.cpp.o)
                0x0008291c                CDC_Setup(USBSetup&)
 .text.startup._GLOBAL__sub_I_cdc_rx_buffer
                0x00082994       0x1c build-arduino_due_x-SAM3X8E/libcore.a(CDC.cpp.o)
 .text._ZN13PluggableUSB_12getInterfaceEPh
                0x000829b0       0x28 build-arduino_due_x-SAM3X8E/libcore.a(PluggableUSB.cpp.o)
                0x000829b0                PluggableUSB_::getInterface(unsigned char*)
 .text._ZN13PluggableUSB_13getDescriptorER8USBSetup
                0x000829d8       0x1c build-arduino_due_x-SAM3X8E/libcore.a(PluggableUSB.cpp.o)
                0x000829d8                PluggableUSB_::getDescriptor(USBSetup&)
 .text._ZN13PluggableUSB_12getShortNameEPc
                0x000829f4       0x1c build-arduino_due_x-SAM3X8E/libcore.a(PluggableUSB.cpp.o)
                0x000829f4                PluggableUSB_::getShortName(char*)
 .text._ZN13PluggableUSB_5setupER8USBSetup
                0x00082a10       0x20 build-arduino_due_x-SAM3X8E/libcore.a(PluggableUSB.cpp.o)
                0x00082a10                PluggableUSB_::setup(USBSetup&)
 .text._Z12PluggableUSBv
                0x00082a30       0x28 build-arduino_due_x-SAM3X8E/libcore.a(PluggableUSB.cpp.o)
                0x00082a30                PluggableUSB()
 .text.__fpclassifyd
                0x00082a58       0x50 c:/users/baciu/appdata/local/arduino15/packages/arduino/tools/arm-none-eabi-gcc/4.8.3-2014q1/bin/../lib/gcc/arm-none-eabi/4.8.3/../../../../arm-none-eabi/lib/armv7-m\libm.a(lib_a-s_fpclassify.o)
                0x00082a58                __fpclassifyd
 .text          0x00082aa8      0x370 c:/users/baciu/appdata/local/arduino15/packages/arduino/tools/arm-none-eabi-gcc/4.8.3-2014q1/bin/../lib/gcc/arm-none-eabi/4.8.3/armv7-m\libgcc.a(_arm_addsubdf3.o)
                0x00082aa8                __aeabi_drsub
                0x00082ab0                __aeabi_dsub
                0x00082ab0                __subdf3
                0x00082ab4                __aeabi_dadd
                0x00082ab4                __adddf3
                0x00082d2c                __floatunsidf
                0x00082d2c                __aeabi_ui2d
                0x00082d4c                __floatsidf
                0x00082d4c                __aeabi_i2d
                0x00082d70                __aeabi_f2d
                0x00082d70                __extendsfdf2
                0x00082dac                __floatundidf
                0x00082dac                __aeabi_ul2d
                0x00082dbc                __floatdidf
                0x00082dbc                __aeabi_l2d
 .text          0x00082e18      0x424 c:/users/baciu/appdata/local/arduino15/packages/arduino/tools/arm-none-eabi-gcc/4.8.3-2014q1/bin/../lib/gcc/arm-none-eabi/4.8.3/armv7-m\libgcc.a(_arm_muldivdf3.o)
                0x00082e18                __aeabi_dmul
                0x00082e18                __muldf3
                0x0008306c                __divdf3
                0x0008306c                __aeabi_ddiv
 .text          0x0008323c      0x110 c:/users/baciu/appdata/local/arduino15/packages/arduino/tools/arm-none-eabi-gcc/4.8.3-2014q1/bin/../lib/gcc/arm-none-eabi/4.8.3/armv7-m\libgcc.a(_arm_cmpdf2.o)
                0x0008323c                __gtdf2
                0x0008323c                __gedf2
                0x00083244                __ltdf2
                0x00083244                __ledf2
                0x0008324c                __nedf2
                0x0008324c                __eqdf2
                0x0008324c                __cmpdf2
                0x000832c8                __aeabi_cdrcmple
                0x000832d8                __aeabi_cdcmpeq
                0x000832d8                __aeabi_cdcmple
                0x000832e8                __aeabi_dcmpeq
                0x000832fc                __aeabi_dcmplt
                0x00083310                __aeabi_dcmple
                0x00083324                __aeabi_dcmpge
                0x00083338                __aeabi_dcmpgt
 .text          0x0008334c       0x50 c:/users/baciu/appdata/local/arduino15/packages/arduino/tools/arm-none-eabi-gcc/4.8.3-2014q1/bin/../lib/gcc/arm-none-eabi/4.8.3/armv7-m\libgcc.a(_arm_fixdfsi.o)
                0x0008334c                __aeabi_d2iz
                0x0008334c                __fixdfsi
 .text          0x0008339c       0xa0 c:/users/baciu/appdata/local/arduino15/packages/arduino/tools/arm-none-eabi-gcc/4.8.3-2014q1/bin/../lib/gcc/arm-none-eabi/4.8.3/armv7-m\libgcc.a(_arm_truncdfsf2.o)
                0x0008339c                __truncdfsf2
                0x0008339c                __aeabi_d2f
 .text          0x0008343c       0xec c:/users/baciu/appdata/local/arduino15/packages/arduino/tools/arm-none-eabi-gcc/4.8.3-2014q1/bin/../lib/gcc/arm-none-eabi/4.8.3/armv7-m\libgcc.a(_arm_cmpsf2.o)
                0x0008343c                __gesf2
                0x0008343c                __gtsf2
                0x00083444                __lesf2
                0x00083444                __ltsf2
                0x0008344c                __nesf2
                0x0008344c                __eqsf2
                0x0008344c                __cmpsf2
                0x000834ac                __aeabi_cfrcmple
                0x000834b4                __aeabi_cfcmpeq
                0x000834b4                __aeabi_cfcmple
                0x000834c4                __aeabi_fcmpeq
                0x000834d8                __aeabi_fcmplt
                0x000834ec                __aeabi_fcmple
                0x00083500                __aeabi_fcmpge
                0x00083514                __aeabi_fcmpgt
 .text.atoi     0x00083528        0x8 c:/users/baciu/appdata/local/arduino15/packages/arduino/tools/arm-none-eabi-gcc/4.8.3-2014q1/bin/../lib/gcc/arm-none-eabi/4.8.3/../../../../arm-none-eabi/lib/armv7-m\libc.a(lib_a-atoi.o)
                0x00083528                atoi
 .text.__libc_init_array
                0x00083530       0x50 c:/users/baciu/appdata/local/arduino15/packages/arduino/tools/arm-none-eabi-gcc/4.8.3-2014q1/bin/../lib/gcc/arm-none-eabi/4.8.3/../../../../arm-none-eabi/lib/armv7-m\libc.a(lib_a-init.o)
                0x00083530                __libc_init_array
 .text.iprintf  0x00083580       0x28 c:/users/baciu/appdata/local/arduino15/packages/arduino/tools/arm-none-eabi-gcc/4.8.3-2014q1/bin/../lib/gcc/arm-none-eabi/4.8.3/../../../../arm-none-eabi/lib/armv7-m\libc.a(lib_a-iprintf.o)
                0x00083580                iprintf
 .text          0x000835a8       0xec c:/users/baciu/appdata/local/arduino15/packages/arduino/tools/arm-none-eabi-gcc/4.8.3-2014q1/bin/../lib/gcc/arm-none-eabi/4.8.3/../../../../arm-none-eabi/lib/armv7-m\libc.a(lib_a-memcpy.o)
                0x000835a8                memcpy
 .text.memset   0x00083694       0x94 c:/users/baciu/appdata/local/arduino15/packages/arduino/tools/arm-none-eabi-gcc/4.8.3-2014q1/bin/../lib/gcc/arm-none-eabi/4.8.3/../../../../arm-none-eabi/lib/armv7-m\libc.a(lib_a-memset.o)
                0x00083694                memset
 .text.strlen   0x00083728       0x60 c:/users/baciu/appdata/local/arduino15/packages/arduino/tools/arm-none-eabi-gcc/4.8.3-2014q1/bin/../lib/gcc/arm-none-eabi/4.8.3/../../../../arm-none-eabi/lib/armv7-m\libc.a(lib_a-strlen.o)
                0x00083728                strlen
 .text.strncmp  0x00083788       0xb4 c:/users/baciu/appdata/local/arduino15/packages/arduino/tools/arm-none-eabi-gcc/4.8.3-2014q1/bin/../lib/gcc/arm-none-eabi/4.8.3/../../../../arm-none-eabi/lib/armv7-m\libc.a(lib_a-strncmp.o)
                0x00083788                strncmp
 .text.strnlen  0x0008383c       0x30 c:/users/baciu/appdata/local/arduino15/packages/arduino/tools/arm-none-eabi-gcc/4.8.3-2014q1/bin/../lib/gcc/arm-none-eabi/4.8.3/../../../../arm-none-eabi/lib/armv7-m\libc.a(lib_a-strnlen.o)
                0x0008383c                strnlen
 .text.strtok   0x0008386c       0x10 c:/users/baciu/appdata/local/arduino15/packages/arduino/tools/arm-none-eabi-gcc/4.8.3-2014q1/bin/../lib/gcc/arm-none-eabi/4.8.3/../../../../arm-none-eabi/lib/armv7-m\libc.a(lib_a-strtok.o)
                0x0008386c                strtok
 .text.__strtok_r
                0x0008387c       0x64 c:/users/baciu/appdata/local/arduino15/packages/arduino/tools/arm-none-eabi-gcc/4.8.3-2014q1/bin/../lib/gcc/arm-none-eabi/4.8.3/../../../../arm-none-eabi/lib/armv7-m\libc.a(lib_a-strtok_r.o)
                0x0008387c                __strtok_r
 .text._strtol_r
                0x000838e0      0x114 c:/users/baciu/appdata/local/arduino15/packages/arduino/tools/arm-none-eabi-gcc/4.8.3-2014q1/bin/../lib/gcc/arm-none-eabi/4.8.3/../../../../arm-none-eabi/lib/armv7-m\libc.a(lib_a-strtol.o)
                0x000838e0                _strtol_r
 .text.strtol   0x000839f4       0x18 c:/users/baciu/appdata/local/arduino15/packages/arduino/tools/arm-none-eabi-gcc/4.8.3-2014q1/bin/../lib/gcc/arm-none-eabi/4.8.3/../../../../arm-none-eabi/lib/armv7-m\libc.a(lib_a-strtol.o)
                0x000839f4                strtol
 .text.kill     0x00083a0c       0x10 c:/users/baciu/appdata/local/arduino15/packages/arduino/tools/arm-none-eabi-gcc/4.8.3-2014q1/bin/../lib/gcc/arm-none-eabi/4.8.3/../../../../arm-none-eabi/lib/armv7-m\libc.a(lib_a-syskill.o)
                0x00083a0c                kill
 .text.__sprint_r.part.0
                0x00083a1c       0x78 c:/users/baciu/appdata/local/arduino15/packages/arduino/tools/arm-none-eabi-gcc/4.8.3-2014q1/bin/../lib/gcc/arm-none-eabi/4.8.3/../../../../arm-none-eabi/lib/armv7-m\libc.a(lib_a-vfiprintf.o)
 .text._vfiprintf_r
                0x00083a94      0xc54 c:/users/baciu/appdata/local/arduino15/packages/arduino/tools/arm-none-eabi-gcc/4.8.3-2014q1/bin/../lib/gcc/arm-none-eabi/4.8.3/../../../../arm-none-eabi/lib/armv7-m\libc.a(lib_a-vfiprintf.o)
                0x00083a94                _vfiprintf_r
 .text.__sbprintf
                0x000846e8       0x7c c:/users/baciu/appdata/local/arduino15/packages/arduino/tools/arm-none-eabi-gcc/4.8.3-2014q1/bin/../lib/gcc/arm-none-eabi/4.8.3/../../../../arm-none-eabi/lib/armv7-m\libc.a(lib_a-vfiprintf.o)
 .text._vsnprintf_r
                0x00084764       0x54 c:/users/baciu/appdata/local/arduino15/packages/arduino/tools/arm-none-eabi-gcc/4.8.3-2014q1/bin/../lib/gcc/arm-none-eabi/4.8.3/../../../../arm-none-eabi/lib/armv7-m\libc.a(lib_a-vsnprintf.o)
                0x00084764                _vsnprintf_r
 .text.vsnprintf
                0x000847b8       0x24 c:/users/baciu/appdata/local/arduino15/packages/arduino/tools/arm-none-eabi-gcc/4.8.3-2014q1/bin/../lib/gcc/arm-none-eabi/4.8.3/../../../../arm-none-eabi/lib/armv7-m\libc.a(lib_a-vsnprintf.o)
                0x000847b8                vsnprintf
 .text.__swsetup_r
                0x000847dc       0xc4 c:/users/baciu/appdata/local/arduino15/packages/arduino/tools/arm-none-eabi-gcc/4.8.3-2014q1/bin/../lib/gcc/arm-none-eabi/4.8.3/../../../../arm-none-eabi/lib/armv7-m\libc.a(lib_a-wsetup.o)
                0x000847dc                __swsetup_r
 .text.startup.register_fini
                0x000848a0       0x14 c:/users/baciu/appdata/local/arduino15/packages/arduino/tools/arm-none-eabi-gcc/4.8.3-2014q1/bin/../lib/gcc/arm-none-eabi/4.8.3/../../../../arm-none-eabi/lib/armv7-m\libc.a(lib_a-__call_atexit.o)
 .text.atexit   0x000848b4        0xc c:/users/baciu/appdata/local/arduino15/packages/arduino/tools/arm-none-eabi-gcc/4.8.3-2014q1/bin/../lib/gcc/arm-none-eabi/4.8.3/../../../../arm-none-eabi/lib/armv7-m\libc.a(lib_a-atexit.o)
                0x000848b4                atexit
 .text.__sflush_r
                0x000848c0      0x148 c:/users/baciu/appdata/local/arduino15/packages/arduino/tools/arm-none-eabi-gcc/4.8.3-2014q1/bin/../lib/gcc/arm-none-eabi/4.8.3/../../../../arm-none-eabi/lib/armv7-m\libc.a(lib_a-fflush.o)
                0x000848c0                __sflush_r
 .text._fflush_r
                0x00084a08       0x2c c:/users/baciu/appdata/local/arduino15/packages/arduino/tools/arm-none-eabi-gcc/4.8.3-2014q1/bin/../lib/gcc/arm-none-eabi/4.8.3/../../../../arm-none-eabi/lib/armv7-m\libc.a(lib_a-fflush.o)
                0x00084a08                _fflush_r
 .text._cleanup_r
                0x00084a34        0xc c:/users/baciu/appdata/local/arduino15/packages/arduino/tools/arm-none-eabi-gcc/4.8.3-2014q1/bin/../lib/gcc/arm-none-eabi/4.8.3/../../../../arm-none-eabi/lib/armv7-m\libc.a(lib_a-findfp.o)
                0x00084a34                _cleanup_r
 .text.__sinit  0x00084a40       0xf4 c:/users/baciu/appdata/local/arduino15/packages/arduino/tools/arm-none-eabi-gcc/4.8.3-2014q1/bin/../lib/gcc/arm-none-eabi/4.8.3/../../../../arm-none-eabi/lib/armv7-m\libc.a(lib_a-findfp.o)
                0x00084a40                __sinit
 .text.__sfp_lock_acquire
                0x00084b34        0x4 c:/users/baciu/appdata/local/arduino15/packages/arduino/tools/arm-none-eabi-gcc/4.8.3-2014q1/bin/../lib/gcc/arm-none-eabi/4.8.3/../../../../arm-none-eabi/lib/armv7-m\libc.a(lib_a-findfp.o)
                0x00084b34                __sfp_lock_acquire
 .text.__sfp_lock_release
                0x00084b38        0x4 c:/users/baciu/appdata/local/arduino15/packages/arduino/tools/arm-none-eabi-gcc/4.8.3-2014q1/bin/../lib/gcc/arm-none-eabi/4.8.3/../../../../arm-none-eabi/lib/armv7-m\libc.a(lib_a-findfp.o)
                0x00084b38                __sfp_lock_release
 .text.__libc_fini_array
                0x00084b3c       0x30 c:/users/baciu/appdata/local/arduino15/packages/arduino/tools/arm-none-eabi-gcc/4.8.3-2014q1/bin/../lib/gcc/arm-none-eabi/4.8.3/../../../../arm-none-eabi/lib/armv7-m\libc.a(lib_a-fini.o)
                0x00084b3c                __libc_fini_array
 .text._fputwc_r
                0x00084b6c       0xc0 c:/users/baciu/appdata/local/arduino15/packages/arduino/tools/arm-none-eabi-gcc/4.8.3-2014q1/bin/../lib/gcc/arm-none-eabi/4.8.3/../../../../arm-none-eabi/lib/armv7-m\libc.a(lib_a-fputwc.o)
                0x00084b6c                _fputwc_r
 .text._malloc_trim_r
                0x00084c2c       0x9c c:/users/baciu/appdata/local/arduino15/packages/arduino/tools/arm-none-eabi-gcc/4.8.3-2014q1/bin/../lib/gcc/arm-none-eabi/4.8.3/../../../../arm-none-eabi/lib/armv7-m\libc.a(lib_a-freer.o)
                0x00084c2c                _malloc_trim_r
 .text._free_r  0x00084cc8      0x198 c:/users/baciu/appdata/local/arduino15/packages/arduino/tools/arm-none-eabi-gcc/4.8.3-2014q1/bin/../lib/gcc/arm-none-eabi/4.8.3/../../../../arm-none-eabi/lib/armv7-m\libc.a(lib_a-freer.o)
                0x00084cc8                _free_r
 .text.__sfvwrite_r
                0x00084e60      0x314 c:/users/baciu/appdata/local/arduino15/packages/arduino/tools/arm-none-eabi-gcc/4.8.3-2014q1/bin/../lib/gcc/arm-none-eabi/4.8.3/../../../../arm-none-eabi/lib/armv7-m\libc.a(lib_a-fvwrite.o)
                0x00084e60                __sfvwrite_r
 .text._fwalk   0x00085174       0x48 c:/users/baciu/appdata/local/arduino15/packages/arduino/tools/arm-none-eabi-gcc/4.8.3-2014q1/bin/../lib/gcc/arm-none-eabi/4.8.3/../../../../arm-none-eabi/lib/armv7-m\libc.a(lib_a-fwalk.o)
                0x00085174                _fwalk
 .text.__locale_charset
                0x000851bc        0x8 c:/users/baciu/appdata/local/arduino15/packages/arduino/tools/arm-none-eabi-gcc/4.8.3-2014q1/bin/../lib/gcc/arm-none-eabi/4.8.3/../../../../arm-none-eabi/lib/armv7-m\libc.a(lib_a-locale.o)
                0x000851bc                __locale_charset
 .text.__locale_mb_cur_max
                0x000851c4        0xc c:/users/baciu/appdata/local/arduino15/packages/arduino/tools/arm-none-eabi-gcc/4.8.3-2014q1/bin/../lib/gcc/arm-none-eabi/4.8.3/../../../../arm-none-eabi/lib/armv7-m\libc.a(lib_a-locale.o)
                0x000851c4                __locale_mb_cur_max
 .text._localeconv_r
                0x000851d0        0x8 c:/users/baciu/appdata/local/arduino15/packages/arduino/tools/arm-none-eabi-gcc/4.8.3-2014q1/bin/../lib/gcc/arm-none-eabi/4.8.3/../../../../arm-none-eabi/lib/armv7-m\libc.a(lib_a-locale.o)
                0x000851d0                _localeconv_r
 .text.__smakebuf_r
                0x000851d8       0xe0 c:/users/baciu/appdata/local/arduino15/packages/arduino/tools/arm-none-eabi-gcc/4.8.3-2014q1/bin/../lib/gcc/arm-none-eabi/4.8.3/../../../../arm-none-eabi/lib/armv7-m\libc.a(lib_a-makebuf.o)
                0x000851d8                __smakebuf_r
 .text._malloc_r
                0x000852b8      0x538 c:/users/baciu/appdata/local/arduino15/packages/arduino/tools/arm-none-eabi-gcc/4.8.3-2014q1/bin/../lib/gcc/arm-none-eabi/4.8.3/../../../../arm-none-eabi/lib/armv7-m\libc.a(lib_a-mallocr.o)
                0x000852b8                _malloc_r
 .text.memchr   0x000857f0       0x94 c:/users/baciu/appdata/local/arduino15/packages/arduino/tools/arm-none-eabi-gcc/4.8.3-2014q1/bin/../lib/gcc/arm-none-eabi/4.8.3/../../../../arm-none-eabi/lib/armv7-m\libc.a(lib_a-memchr-stub.o)
                0x000857f0                memchr
 .text.memmove  0x00085884       0xcc c:/users/baciu/appdata/local/arduino15/packages/arduino/tools/arm-none-eabi-gcc/4.8.3-2014q1/bin/../lib/gcc/arm-none-eabi/4.8.3/../../../../arm-none-eabi/lib/armv7-m\libc.a(lib_a-memmove.o)
                0x00085884                memmove
 .text.__malloc_lock
                0x00085950        0x4 c:/users/baciu/appdata/local/arduino15/packages/arduino/tools/arm-none-eabi-gcc/4.8.3-2014q1/bin/../lib/gcc/arm-none-eabi/4.8.3/../../../../arm-none-eabi/lib/armv7-m\libc.a(lib_a-mlock.o)
                0x00085950                __malloc_lock
 .text.__malloc_unlock
                0x00085954        0x4 c:/users/baciu/appdata/local/arduino15/packages/arduino/tools/arm-none-eabi-gcc/4.8.3-2014q1/bin/../lib/gcc/arm-none-eabi/4.8.3/../../../../arm-none-eabi/lib/armv7-m\libc.a(lib_a-mlock.o)
                0x00085954                __malloc_unlock
 .text._realloc_r
                0x00085958      0x3c0 c:/users/baciu/appdata/local/arduino15/packages/arduino/tools/arm-none-eabi-gcc/4.8.3-2014q1/bin/../lib/gcc/arm-none-eabi/4.8.3/../../../../arm-none-eabi/lib/armv7-m\libc.a(lib_a-reallocr.o)
                0x00085958                _realloc_r
 .text._sbrk_r  0x00085d18       0x24 c:/users/baciu/appdata/local/arduino15/packages/arduino/tools/arm-none-eabi-gcc/4.8.3-2014q1/bin/../lib/gcc/arm-none-eabi/4.8.3/../../../../arm-none-eabi/lib/armv7-m\libc.a(lib_a-sbrkr.o)
                0x00085d18                _sbrk_r
 .text._kill_r  0x00085d3c       0x28 c:/users/baciu/appdata/local/arduino15/packages/arduino/tools/arm-none-eabi-gcc/4.8.3-2014q1/bin/../lib/gcc/arm-none-eabi/4.8.3/../../../../arm-none-eabi/lib/armv7-m\libc.a(lib_a-signalr.o)
                0x00085d3c                _kill_r
 .text.__sread  0x00085d64       0x24 c:/users/baciu/appdata/local/arduino15/packages/arduino/tools/arm-none-eabi-gcc/4.8.3-2014q1/bin/../lib/gcc/arm-none-eabi/4.8.3/../../../../arm-none-eabi/lib/armv7-m\libc.a(lib_a-stdio.o)
                0x00085d64                __sread
 .text.__swrite
                0x00085d88       0x38 c:/users/baciu/appdata/local/arduino15/packages/arduino/tools/arm-none-eabi-gcc/4.8.3-2014q1/bin/../lib/gcc/arm-none-eabi/4.8.3/../../../../arm-none-eabi/lib/armv7-m\libc.a(lib_a-stdio.o)
                0x00085d88                __swrite
 .text.__sseek  0x00085dc0       0x20 c:/users/baciu/appdata/local/arduino15/packages/arduino/tools/arm-none-eabi-gcc/4.8.3-2014q1/bin/../lib/gcc/arm-none-eabi/4.8.3/../../../../arm-none-eabi/lib/armv7-m\libc.a(lib_a-stdio.o)
                0x00085dc0                __sseek
 .text.__sclose
                0x00085de0        0x8 c:/users/baciu/appdata/local/arduino15/packages/arduino/tools/arm-none-eabi-gcc/4.8.3-2014q1/bin/../lib/gcc/arm-none-eabi/4.8.3/../../../../arm-none-eabi/lib/armv7-m\libc.a(lib_a-stdio.o)
                0x00085de0                __sclose
 .text._svfprintf_r
                0x00085de8     0x14e0 c:/users/baciu/appdata/local/arduino15/packages/arduino/tools/arm-none-eabi-gcc/4.8.3-2014q1/bin/../lib/gcc/arm-none-eabi/4.8.3/../../../../arm-none-eabi/lib/armv7-m\libc.a(lib_a-svfprintf.o)
                0x00085de8                _svfprintf_r
 .text.__swbuf_r
                0x000872c8       0xa8 c:/users/baciu/appdata/local/arduino15/packages/arduino/tools/arm-none-eabi-gcc/4.8.3-2014q1/bin/../lib/gcc/arm-none-eabi/4.8.3/../../../../arm-none-eabi/lib/armv7-m\libc.a(lib_a-wbuf.o)
                0x000872c8                __swbuf_r
 .text._wcrtomb_r
                0x00087370       0x50 c:/users/baciu/appdata/local/arduino15/packages/arduino/tools/arm-none-eabi-gcc/4.8.3-2014q1/bin/../lib/gcc/arm-none-eabi/4.8.3/../../../../arm-none-eabi/lib/armv7-m\libc.a(lib_a-wcrtomb.o)
                0x00087370                _wcrtomb_r
 .text.__ascii_wctomb
                0x000873c0       0x1c c:/users/baciu/appdata/local/arduino15/packages/arduino/tools/arm-none-eabi-gcc/4.8.3-2014q1/bin/../lib/gcc/arm-none-eabi/4.8.3/../../../../arm-none-eabi/lib/armv7-m\libc.a(lib_a-wctomb_r.o)
                0x000873c0                __ascii_wctomb
 .text._write_r
                0x000873dc       0x28 c:/users/baciu/appdata/local/arduino15/packages/arduino/tools/arm-none-eabi-gcc/4.8.3-2014q1/bin/../lib/gcc/arm-none-eabi/4.8.3/../../../../arm-none-eabi/lib/armv7-m\libc.a(lib_a-writer.o)
                0x000873dc                _write_r
 .text.__register_exitproc
                0x00087404       0xa8 c:/users/baciu/appdata/local/arduino15/packages/arduino/tools/arm-none-eabi-gcc/4.8.3-2014q1/bin/../lib/gcc/arm-none-eabi/4.8.3/../../../../arm-none-eabi/lib/armv7-m\libc.a(lib_a-__atexit.o)
                0x00087404                __register_exitproc
 .text._close_r
                0x000874ac       0x24 c:/users/baciu/appdata/local/arduino15/packages/arduino/tools/arm-none-eabi-gcc/4.8.3-2014q1/bin/../lib/gcc/arm-none-eabi/4.8.3/../../../../arm-none-eabi/lib/armv7-m\libc.a(lib_a-closer.o)
                0x000874ac                _close_r
 .text.quorem   0x000874d0      0x134 c:/users/baciu/appdata/local/arduino15/packages/arduino/tools/arm-none-eabi-gcc/4.8.3-2014q1/bin/../lib/gcc/arm-none-eabi/4.8.3/../../../../arm-none-eabi/lib/armv7-m\libc.a(lib_a-dtoa.o)
 *fill*         0x00087604        0x4 
 .text._dtoa_r  0x00087608      0xe38 c:/users/baciu/appdata/local/arduino15/packages/arduino/tools/arm-none-eabi-gcc/4.8.3-2014q1/bin/../lib/gcc/arm-none-eabi/4.8.3/../../../../arm-none-eabi/lib/armv7-m\libc.a(lib_a-dtoa.o)
                0x00087608                _dtoa_r
 .text._fclose_r
                0x00088440       0x80 c:/users/baciu/appdata/local/arduino15/packages/arduino/tools/arm-none-eabi-gcc/4.8.3-2014q1/bin/../lib/gcc/arm-none-eabi/4.8.3/../../../../arm-none-eabi/lib/armv7-m\libc.a(lib_a-fclose.o)
                0x00088440                _fclose_r
 .text.fclose   0x000884c0       0x10 c:/users/baciu/appdata/local/arduino15/packages/arduino/tools/arm-none-eabi-gcc/4.8.3-2014q1/bin/../lib/gcc/arm-none-eabi/4.8.3/../../../../arm-none-eabi/lib/armv7-m\libc.a(lib_a-fclose.o)
                0x000884c0                fclose
 .text._fstat_r
                0x000884d0       0x28 c:/users/baciu/appdata/local/arduino15/packages/arduino/tools/arm-none-eabi-gcc/4.8.3-2014q1/bin/../lib/gcc/arm-none-eabi/4.8.3/../../../../arm-none-eabi/lib/armv7-m\libc.a(lib_a-fstatr.o)
                0x000884d0                _fstat_r
 .text._isatty_r
                0x000884f8       0x24 c:/users/baciu/appdata/local/arduino15/packages/arduino/tools/arm-none-eabi-gcc/4.8.3-2014q1/bin/../lib/gcc/arm-none-eabi/4.8.3/../../../../arm-none-eabi/lib/armv7-m\libc.a(lib_a-isattyr.o)
                0x000884f8                _isatty_r
 .text._lseek_r
                0x0008851c       0x28 c:/users/baciu/appdata/local/arduino15/packages/arduino/tools/arm-none-eabi-gcc/4.8.3-2014q1/bin/../lib/gcc/arm-none-eabi/4.8.3/../../../../arm-none-eabi/lib/armv7-m\libc.a(lib_a-lseekr.o)
                0x0008851c                _lseek_r
 .text._Balloc  0x00088544       0x4c c:/users/baciu/appdata/local/arduino15/packages/arduino/tools/arm-none-eabi-gcc/4.8.3-2014q1/bin/../lib/gcc/arm-none-eabi/4.8.3/../../../../arm-none-eabi/lib/armv7-m\libc.a(lib_a-mprec.o)
                0x00088544                _Balloc
 .text._Bfree   0x00088590       0x14 c:/users/baciu/appdata/local/arduino15/packages/arduino/tools/arm-none-eabi-gcc/4.8.3-2014q1/bin/../lib/gcc/arm-none-eabi/4.8.3/../../../../arm-none-eabi/lib/armv7-m\libc.a(lib_a-mprec.o)
                0x00088590                _Bfree
 .text.__multadd
                0x000885a4       0x94 c:/users/baciu/appdata/local/arduino15/packages/arduino/tools/arm-none-eabi-gcc/4.8.3-2014q1/bin/../lib/gcc/arm-none-eabi/4.8.3/../../../../arm-none-eabi/lib/armv7-m\libc.a(lib_a-mprec.o)
                0x000885a4                __multadd
 .text.__hi0bits
                0x00088638       0x40 c:/users/baciu/appdata/local/arduino15/packages/arduino/tools/arm-none-eabi-gcc/4.8.3-2014q1/bin/../lib/gcc/arm-none-eabi/4.8.3/../../../../arm-none-eabi/lib/armv7-m\libc.a(lib_a-mprec.o)
                0x00088638                __hi0bits
 .text.__lo0bits
                0x00088678       0x5c c:/users/baciu/appdata/local/arduino15/packages/arduino/tools/arm-none-eabi-gcc/4.8.3-2014q1/bin/../lib/gcc/arm-none-eabi/4.8.3/../../../../arm-none-eabi/lib/armv7-m\libc.a(lib_a-mprec.o)
                0x00088678                __lo0bits
 .text.__i2b    0x000886d4       0x14 c:/users/baciu/appdata/local/arduino15/packages/arduino/tools/arm-none-eabi-gcc/4.8.3-2014q1/bin/../lib/gcc/arm-none-eabi/4.8.3/../../../../arm-none-eabi/lib/armv7-m\libc.a(lib_a-mprec.o)
                0x000886d4                __i2b
 .text.__multiply
                0x000886e8      0x13c c:/users/baciu/appdata/local/arduino15/packages/arduino/tools/arm-none-eabi-gcc/4.8.3-2014q1/bin/../lib/gcc/arm-none-eabi/4.8.3/../../../../arm-none-eabi/lib/armv7-m\libc.a(lib_a-mprec.o)
                0x000886e8                __multiply
 .text.__pow5mult
                0x00088824       0x9c c:/users/baciu/appdata/local/arduino15/packages/arduino/tools/arm-none-eabi-gcc/4.8.3-2014q1/bin/../lib/gcc/arm-none-eabi/4.8.3/../../../../arm-none-eabi/lib/armv7-m\libc.a(lib_a-mprec.o)
                0x00088824                __pow5mult
 .text.__lshift
                0x000888c0       0xbc c:/users/baciu/appdata/local/arduino15/packages/arduino/tools/arm-none-eabi-gcc/4.8.3-2014q1/bin/../lib/gcc/arm-none-eabi/4.8.3/../../../../arm-none-eabi/lib/armv7-m\libc.a(lib_a-mprec.o)
                0x000888c0                __lshift
 .text.__mcmp   0x0008897c       0x48 c:/users/baciu/appdata/local/arduino15/packages/arduino/tools/arm-none-eabi-gcc/4.8.3-2014q1/bin/../lib/gcc/arm-none-eabi/4.8.3/../../../../arm-none-eabi/lib/armv7-m\libc.a(lib_a-mprec.o)
                0x0008897c                __mcmp
 .text.__mdiff  0x000889c4       0xd8 c:/users/baciu/appdata/local/arduino15/packages/arduino/tools/arm-none-eabi-gcc/4.8.3-2014q1/bin/../lib/gcc/arm-none-eabi/4.8.3/../../../../arm-none-eabi/lib/armv7-m\libc.a(lib_a-mprec.o)
                0x000889c4                __mdiff
 .text.__d2b    0x00088a9c       0xbc c:/users/baciu/appdata/local/arduino15/packages/arduino/tools/arm-none-eabi-gcc/4.8.3-2014q1/bin/../lib/gcc/arm-none-eabi/4.8.3/../../../../arm-none-eabi/lib/armv7-m\libc.a(lib_a-mprec.o)
                0x00088a9c                __d2b
 .text._read_r  0x00088b58       0x28 c:/users/baciu/appdata/local/arduino15/packages/arduino/tools/arm-none-eabi-gcc/4.8.3-2014q1/bin/../lib/gcc/arm-none-eabi/4.8.3/../../../../arm-none-eabi/lib/armv7-m\libc.a(lib_a-readr.o)
                0x00088b58                _read_r
 .text.__ssprint_r
                0x00088b80      0x100 c:/users/baciu/appdata/local/arduino15/packages/arduino/tools/arm-none-eabi-gcc/4.8.3-2014q1/bin/../lib/gcc/arm-none-eabi/4.8.3/../../../../arm-none-eabi/lib/armv7-m\libc.a(lib_a-svfiprintf.o)
                0x00088b80                __ssprint_r
 .text._calloc_r
                0x00088c80       0x60 c:/users/baciu/appdata/local/arduino15/packages/arduino/tools/arm-none-eabi-gcc/4.8.3-2014q1/bin/../lib/gcc/arm-none-eabi/4.8.3/../../../../arm-none-eabi/lib/armv7-m\libc.a(lib_a-callocr.o)
                0x00088c80                _calloc_r
 .text          0x00088ce0       0x2c c:/users/baciu/appdata/local/arduino15/packages/arduino/tools/arm-none-eabi-gcc/4.8.3-2014q1/bin/../lib/gcc/arm-none-eabi/4.8.3/armv7-m\libgcc.a(_aeabi_uldivmod.o)
                0x00088ce0                __aeabi_uldivmod
 .text          0x00088d0c       0x60 c:/users/baciu/appdata/local/arduino15/packages/arduino/tools/arm-none-eabi-gcc/4.8.3-2014q1/bin/../lib/gcc/arm-none-eabi/4.8.3/armv7-m\libgcc.a(bpabi.o)
                0x00088d0c                __gnu_ldivmod_helper
                0x00088d3c                __gnu_uldivmod_helper
 .text          0x00088d6c        0x4 c:/users/baciu/appdata/local/arduino15/packages/arduino/tools/arm-none-eabi-gcc/4.8.3-2014q1/bin/../lib/gcc/arm-none-eabi/4.8.3/armv7-m\libgcc.a(_dvmd_tls.o)
                0x00088d6c                __aeabi_idiv0
                0x00088d6c                __aeabi_ldiv0
 .text          0x00088d70      0x2a0 c:/users/baciu/appdata/local/arduino15/packages/arduino/tools/arm-none-eabi-gcc/4.8.3-2014q1/bin/../lib/gcc/arm-none-eabi/4.8.3/armv7-m\libgcc.a(_divdi3.o)
                0x00088d70                __divdi3
 .text          0x00089010      0x290 c:/users/baciu/appdata/local/arduino15/packages/arduino/tools/arm-none-eabi-gcc/4.8.3-2014q1/bin/../lib/gcc/arm-none-eabi/4.8.3/armv7-m\libgcc.a(_udivdi3.o)
                0x00089010                __udivdi3
 *(.glue_7t)
 .glue_7t       0x00000000        0x0 linker stubs
 *(.glue_7)
 .glue_7        0x00000000        0x0 linker stubs
 *(.rodata .rodata* .gnu.linkonce.r.*)
 .rodata.str1.1
                0x000892a0      0x4b1 build-arduino_due_x-SAM3X8E/internally_implemented.cpp.o
                                0x4b6 (size before relaxing)
 .rodata.str1.1
                0x00089751       0x56 build-arduino_due_x-SAM3X8E/submitter_implemented.cpp.o
                                 0x69 (size before relaxing)
 *fill*         0x000897a7        0x1 
 .rodata.g_APinDescription
                0x000897a8      0xa2c build-arduino_due_x-SAM3X8E/libcore.a(variant.cpp.o)
                0x000897a8                g_APinDescription
 .rodata        0x0008a1d4       0x40 build-arduino_due_x-SAM3X8E/libcore.a(adc.c.o)
 .rodata.str1.1
                0x0008a214       0x19 build-arduino_due_x-SAM3X8E/libcore.a(syscalls_sam3.c.o)
 *fill*         0x0008a22d        0x3 
 .rodata._ZTV9UARTClass
                0x0008a230       0x30 build-arduino_due_x-SAM3X8E/libcore.a(UARTClass.cpp.o)
                0x0008a230                vtable for UARTClass
 .rodata._ZTV10USARTClass
                0x0008a260       0x30 build-arduino_due_x-SAM3X8E/libcore.a(USARTClass.cpp.o)
                0x0008a260                vtable for USARTClass
 .rodata.STRING_PRODUCT
                0x0008a290        0xc build-arduino_due_x-SAM3X8E/libcore.a(USBCore.cpp.o)
                0x0008a290                STRING_PRODUCT
 .rodata.USB_DeviceDescriptor
                0x0008a29c       0x12 build-arduino_due_x-SAM3X8E/libcore.a(USBCore.cpp.o)
                0x0008a29c                USB_DeviceDescriptor
 .rodata.STRING_LANGUAGE
                0x0008a2ae        0x4 build-arduino_due_x-SAM3X8E/libcore.a(USBCore.cpp.o)
                0x0008a2ae                STRING_LANGUAGE
 .rodata._ZL18test_packet_buffer
                0x0008a2b2       0x35 build-arduino_due_x-SAM3X8E/libcore.a(USBCore.cpp.o)
 .rodata.STRING_MANUFACTURER
                0x0008a2e7        0xc build-arduino_due_x-SAM3X8E/libcore.a(USBCore.cpp.o)
                0x0008a2e7                STRING_MANUFACTURER
 .rodata.USB_DeviceDescriptorA
                0x0008a2f3       0x12 build-arduino_due_x-SAM3X8E/libcore.a(USBCore.cpp.o)
                0x0008a2f3                USB_DeviceDescriptorA
 .rodata._ZL19USB_DeviceQualifier
                0x0008a305        0x9 build-arduino_due_x-SAM3X8E/libcore.a(USBCore.cpp.o)
 *fill*         0x0008a30e        0x2 
 .rodata._ZTV7Serial_
                0x0008a310       0x28 build-arduino_due_x-SAM3X8E/libcore.a(CDC.cpp.o)
                0x0008a310                vtable for Serial_
 .rodata._ZL18_cdcOtherInterface
                0x0008a338       0x42 build-arduino_due_x-SAM3X8E/libcore.a(CDC.cpp.o)
 .rodata._ZL13_cdcInterface
                0x0008a37a       0x42 build-arduino_due_x-SAM3X8E/libcore.a(CDC.cpp.o)
 .rodata.str1.4
                0x0008a3bc        0x2 c:/users/baciu/appdata/local/arduino15/packages/arduino/tools/arm-none-eabi-gcc/4.8.3-2014q1/bin/../lib/gcc/arm-none-eabi/4.8.3/../../../../arm-none-eabi/lib/armv7-m\libc.a(lib_a-impure.o)
                                  0x4 (size before relaxing)
 *fill*         0x0008a3be        0x2 
 .rodata._global_impure_ptr
                0x0008a3c0        0x4 c:/users/baciu/appdata/local/arduino15/packages/arduino/tools/arm-none-eabi-gcc/4.8.3-2014q1/bin/../lib/gcc/arm-none-eabi/4.8.3/../../../../arm-none-eabi/lib/armv7-m\libc.a(lib_a-impure.o)
                0x0008a3c0                _global_impure_ptr
 .rodata.blanks.6717
                0x0008a3c4       0x10 c:/users/baciu/appdata/local/arduino15/packages/arduino/tools/arm-none-eabi-gcc/4.8.3-2014q1/bin/../lib/gcc/arm-none-eabi/4.8.3/../../../../arm-none-eabi/lib/armv7-m\libc.a(lib_a-vfiprintf.o)
 .rodata.str1.4
                0x0008a3d4       0x2f c:/users/baciu/appdata/local/arduino15/packages/arduino/tools/arm-none-eabi-gcc/4.8.3-2014q1/bin/../lib/gcc/arm-none-eabi/4.8.3/../../../../arm-none-eabi/lib/armv7-m\libc.a(lib_a-vfiprintf.o)
                                 0x30 (size before relaxing)
 *fill*         0x0008a403        0x1 
 .rodata.zeroes.6718
                0x0008a404       0x10 c:/users/baciu/appdata/local/arduino15/packages/arduino/tools/arm-none-eabi-gcc/4.8.3-2014q1/bin/../lib/gcc/arm-none-eabi/4.8.3/../../../../arm-none-eabi/lib/armv7-m\libc.a(lib_a-vfiprintf.o)
 .rodata._ctype_
                0x0008a414      0x104 c:/users/baciu/appdata/local/arduino15/packages/arduino/tools/arm-none-eabi-gcc/4.8.3-2014q1/bin/../lib/gcc/arm-none-eabi/4.8.3/../../../../arm-none-eabi/lib/armv7-m\libc.a(lib_a-ctype_.o)
                0x0008a414                _ctype_
 .rodata.str1.4
                0x0008a518        0xa c:/users/baciu/appdata/local/arduino15/packages/arduino/tools/arm-none-eabi-gcc/4.8.3-2014q1/bin/../lib/gcc/arm-none-eabi/4.8.3/../../../../arm-none-eabi/lib/armv7-m\libc.a(lib_a-locale.o)
                                 0x14 (size before relaxing)
 *fill*         0x0008a522        0x2 
 .rodata.zeroes.6760
                0x0008a524       0x10 c:/users/baciu/appdata/local/arduino15/packages/arduino/tools/arm-none-eabi-gcc/4.8.3-2014q1/bin/../lib/gcc/arm-none-eabi/4.8.3/../../../../arm-none-eabi/lib/armv7-m\libc.a(lib_a-svfprintf.o)
 .rodata.str1.4
                0x0008a534       0x12 c:/users/baciu/appdata/local/arduino15/packages/arduino/tools/arm-none-eabi-gcc/4.8.3-2014q1/bin/../lib/gcc/arm-none-eabi/4.8.3/../../../../arm-none-eabi/lib/armv7-m\libc.a(lib_a-svfprintf.o)
                                 0x44 (size before relaxing)
 *fill*         0x0008a546        0x2 
 .rodata.blanks.6759
                0x0008a548       0x10 c:/users/baciu/appdata/local/arduino15/packages/arduino/tools/arm-none-eabi-gcc/4.8.3-2014q1/bin/../lib/gcc/arm-none-eabi/4.8.3/../../../../arm-none-eabi/lib/armv7-m\libc.a(lib_a-svfprintf.o)
 .rodata.str1.4
                0x0008a558       0x10 c:/users/baciu/appdata/local/arduino15/packages/arduino/tools/arm-none-eabi-gcc/4.8.3-2014q1/bin/../lib/gcc/arm-none-eabi/4.8.3/../../../../arm-none-eabi/lib/armv7-m\libc.a(lib_a-dtoa.o)
                                 0x14 (size before relaxing)
 .rodata.__mprec_tens
                0x0008a568       0xc8 c:/users/baciu/appdata/local/arduino15/packages/arduino/tools/arm-none-eabi-gcc/4.8.3-2014q1/bin/../lib/gcc/arm-none-eabi/4.8.3/../../../../arm-none-eabi/lib/armv7-m\libc.a(lib_a-mprec.o)
                0x0008a568                __mprec_tens
 .rodata.__mprec_bigtens
                0x0008a630       0x28 c:/users/baciu/appdata/local/arduino15/packages/arduino/tools/arm-none-eabi-gcc/4.8.3-2014q1/bin/../lib/gcc/arm-none-eabi/4.8.3/../../../../arm-none-eabi/lib/armv7-m\libc.a(lib_a-mprec.o)
                0x0008a630                __mprec_bigtens
 .rodata.p05.5266
                0x0008a658        0xc c:/users/baciu/appdata/local/arduino15/packages/arduino/tools/arm-none-eabi-gcc/4.8.3-2014q1/bin/../lib/gcc/arm-none-eabi/4.8.3/../../../../arm-none-eabi/lib/armv7-m\libc.a(lib_a-mprec.o)
 *(.ARM.extab* .gnu.linkonce.armextab.*)
                0x0008a664                . = ALIGN (0x4)
 *(.init)
 .init          0x0008a664        0x4 c:/users/baciu/appdata/local/arduino15/packages/arduino/tools/arm-none-eabi-gcc/4.8.3-2014q1/bin/../lib/gcc/arm-none-eabi/4.8.3/armv7-m/crti.o
                0x0008a664                _init
 .init          0x0008a668        0x8 c:/users/baciu/appdata/local/arduino15/packages/arduino/tools/arm-none-eabi-gcc/4.8.3-2014q1/bin/../lib/gcc/arm-none-eabi/4.8.3/armv7-m/crtn.o
                0x0008a670                . = ALIGN (0x4)
                0x0008a670                __preinit_array_start = .
 *(.preinit_array)
                0x0008a670                __preinit_array_end = .
                0x0008a670                . = ALIGN (0x4)
                0x0008a670                __init_array_start = .
 *(SORT(.init_array.*))
 .init_array.00000
                0x0008a670        0x4 c:/users/baciu/appdata/local/arduino15/packages/arduino/tools/arm-none-eabi-gcc/4.8.3-2014q1/bin/../lib/gcc/arm-none-eabi/4.8.3/../../../../arm-none-eabi/lib/armv7-m\libc.a(lib_a-__call_atexit.o)
 *(.init_array)
 .init_array    0x0008a674        0x4 c:/users/baciu/appdata/local/arduino15/packages/arduino/tools/arm-none-eabi-gcc/4.8.3-2014q1/bin/../lib/gcc/arm-none-eabi/4.8.3/armv7-m/crtbegin.o
 .init_array    0x0008a678        0x4 build-arduino_due_x-SAM3X8E/libcore.a(variant.cpp.o)
 .init_array    0x0008a67c        0x4 build-arduino_due_x-SAM3X8E/libcore.a(USBCore.cpp.o)
 .init_array    0x0008a680        0x4 build-arduino_due_x-SAM3X8E/libcore.a(CDC.cpp.o)
                0x0008a684                __init_array_end = .
                0x0008a684                . = ALIGN (0x4)
 *crtbegin.o(.ctors)
 *(EXCLUDE_FILE(*crtend.o) .ctors)
 *(SORT(.ctors.*))
 *crtend.o(.ctors)
                0x0008a684                . = ALIGN (0x4)
 *(.fini)
 .fini          0x0008a684        0x4 c:/users/baciu/appdata/local/arduino15/packages/arduino/tools/arm-none-eabi-gcc/4.8.3-2014q1/bin/../lib/gcc/arm-none-eabi/4.8.3/armv7-m/crti.o
                0x0008a684                _fini
 .fini          0x0008a688        0x8 c:/users/baciu/appdata/local/arduino15/packages/arduino/tools/arm-none-eabi-gcc/4.8.3-2014q1/bin/../lib/gcc/arm-none-eabi/4.8.3/armv7-m/crtn.o
                0x0008a690                . = ALIGN (0x4)
                0x0008a690                __fini_array_start = .
 *(.fini_array)
 .fini_array    0x0008a690        0x4 c:/users/baciu/appdata/local/arduino15/packages/arduino/tools/arm-none-eabi-gcc/4.8.3-2014q1/bin/../lib/gcc/arm-none-eabi/4.8.3/armv7-m/crtbegin.o
 *(SORT(.fini_array.*))
                0x0008a694                __fini_array_end = .
 *crtbegin.o(.dtors)
 *(EXCLUDE_FILE(*crtend.o) .dtors)
 *(SORT(.dtors.*))
 *crtend.o(.dtors)
                0x0008a694                . = ALIGN (0x4)
                0x0008a694                _efixed = .
                0x0008a694                PROVIDE (__exidx_start, .)

.vfp11_veneer   0x0008a694        0x0
 .vfp11_veneer  0x00000000        0x0 linker stubs

.v4_bx          0x0008a694        0x0
 .v4_bx         0x00000000        0x0 linker stubs

.iplt           0x0008a694        0x0
 .iplt          0x00000000        0x0 c:/users/baciu/appdata/local/arduino15/packages/arduino/tools/arm-none-eabi-gcc/4.8.3-2014q1/bin/../lib/gcc/arm-none-eabi/4.8.3/armv7-m/crtbegin.o

.ARM.exidx      0x0008a694        0x8
 *(.ARM.exidx* .gnu.linkonce.armexidx.*)
 .ARM.exidx     0x0008a694        0x8 c:/users/baciu/appdata/local/arduino15/packages/arduino/tools/arm-none-eabi-gcc/4.8.3-2014q1/bin/../lib/gcc/arm-none-eabi/4.8.3/armv7-m\libgcc.a(_divdi3.o)
 .ARM.exidx     0x0008a69c        0x0 c:/users/baciu/appdata/local/arduino15/packages/arduino/tools/arm-none-eabi-gcc/4.8.3-2014q1/bin/../lib/gcc/arm-none-eabi/4.8.3/armv7-m\libgcc.a(_udivdi3.o)
                                  0x8 (size before relaxing)
                0x0008a69c                PROVIDE (__exidx_end, .)

.eh_frame       0x0008a69c        0x0
 .eh_frame      0x0008a69c        0x0 c:/users/baciu/appdata/local/arduino15/packages/arduino/tools/arm-none-eabi-gcc/4.8.3-2014q1/bin/../lib/gcc/arm-none-eabi/4.8.3/armv7-m/crtbegin.o

.rel.dyn        0x0008a69c        0x0
 .rel.iplt      0x00000000        0x0 c:/users/baciu/appdata/local/arduino15/packages/arduino/tools/arm-none-eabi-gcc/4.8.3-2014q1/bin/../lib/gcc/arm-none-eabi/4.8.3/armv7-m/crtbegin.o

.jcr            0x0008a69c        0x0
 .jcr           0x0008a69c        0x0 c:/users/baciu/appdata/local/arduino15/packages/arduino/tools/arm-none-eabi-gcc/4.8.3-2014q1/bin/../lib/gcc/arm-none-eabi/4.8.3/armv7-m/crtbegin.o

.igot.plt       0x0008a69c        0x0
 .igot.plt      0x00000000        0x0 c:/users/baciu/appdata/local/arduino15/packages/arduino/tools/arm-none-eabi-gcc/4.8.3-2014q1/bin/../lib/gcc/arm-none-eabi/4.8.3/armv7-m/crtbegin.o
                0x0008a69c                . = ALIGN (0x4)
                0x0008a69c                _etext = .

.relocate       0x20070000      0x910 load address 0x0008a69c
                0x20070000                . = ALIGN (0x4)
                0x20070000                _srelocate = .
 *(.ramfunc .ramfunc.*)
 .ramfunc       0x20070000       0x2c build-arduino_due_x-SAM3X8E/libcore.a(Reset.cpp.o)
                0x20070000                banzai
 *(.data .data.*)
 .data.SystemCoreClock
                0x2007002c        0x4 build-arduino_due_x-SAM3X8E/libcore.a(system_sam3xa.c.o)
                0x2007002c                SystemCoreClock
 .data._ZL5ticks
                0x20070030        0x4 build-arduino_due_x-SAM3X8E/libcore.a(Reset.cpp.o)
 .data.EndPoints
                0x20070034       0x28 build-arduino_due_x-SAM3X8E/libcore.a(USBCore.cpp.o)
                0x20070034                EndPoints
 .data.g_interrupt_enabled
                0x2007005c        0x4 build-arduino_due_x-SAM3X8E/libcore.a(interrupt_sam_nvic.c.o)
                0x2007005c                g_interrupt_enabled
 .data._ZL10breakValue
                0x20070060        0x4 build-arduino_due_x-SAM3X8E/libcore.a(CDC.cpp.o)
 .data._ZL12_usbLineInfo
                0x20070064        0x8 build-arduino_due_x-SAM3X8E/libcore.a(CDC.cpp.o)
 *fill*         0x2007006c        0x4 
 .data.impure_data
                0x20070070      0x428 c:/users/baciu/appdata/local/arduino15/packages/arduino/tools/arm-none-eabi-gcc/4.8.3-2014q1/bin/../lib/gcc/arm-none-eabi/4.8.3/../../../../arm-none-eabi/lib/armv7-m\libc.a(lib_a-impure.o)
 .data._impure_ptr
                0x20070498        0x4 c:/users/baciu/appdata/local/arduino15/packages/arduino/tools/arm-none-eabi-gcc/4.8.3-2014q1/bin/../lib/gcc/arm-none-eabi/4.8.3/../../../../arm-none-eabi/lib/armv7-m\libc.a(lib_a-impure.o)
                0x20070498                _impure_ptr
 .data.__ctype_ptr__
                0x2007049c        0x4 c:/users/baciu/appdata/local/arduino15/packages/arduino/tools/arm-none-eabi-gcc/4.8.3-2014q1/bin/../lib/gcc/arm-none-eabi/4.8.3/../../../../arm-none-eabi/lib/armv7-m\libc.a(lib_a-ctype_.o)
                0x2007049c                __ctype_ptr__
 .data.lconv    0x200704a0       0x38 c:/users/baciu/appdata/local/arduino15/packages/arduino/tools/arm-none-eabi-gcc/4.8.3-2014q1/bin/../lib/gcc/arm-none-eabi/4.8.3/../../../../arm-none-eabi/lib/armv7-m\libc.a(lib_a-locale.o)
 .data.lc_ctype_charset
                0x200704d8       0x20 c:/users/baciu/appdata/local/arduino15/packages/arduino/tools/arm-none-eabi-gcc/4.8.3-2014q1/bin/../lib/gcc/arm-none-eabi/4.8.3/../../../../arm-none-eabi/lib/armv7-m\libc.a(lib_a-locale.o)
 .data.__mb_cur_max
                0x200704f8        0x4 c:/users/baciu/appdata/local/arduino15/packages/arduino/tools/arm-none-eabi-gcc/4.8.3-2014q1/bin/../lib/gcc/arm-none-eabi/4.8.3/../../../../arm-none-eabi/lib/armv7-m\libc.a(lib_a-locale.o)
                0x200704f8                __mb_cur_max
 .data.__malloc_av_
                0x200704fc      0x408 c:/users/baciu/appdata/local/arduino15/packages/arduino/tools/arm-none-eabi-gcc/4.8.3-2014q1/bin/../lib/gcc/arm-none-eabi/4.8.3/../../../../arm-none-eabi/lib/armv7-m\libc.a(lib_a-mallocr.o)
                0x200704fc                __malloc_av_
 .data.__malloc_trim_threshold
                0x20070904        0x4 c:/users/baciu/appdata/local/arduino15/packages/arduino/tools/arm-none-eabi-gcc/4.8.3-2014q1/bin/../lib/gcc/arm-none-eabi/4.8.3/../../../../arm-none-eabi/lib/armv7-m\libc.a(lib_a-mallocr.o)
                0x20070904                __malloc_trim_threshold
 .data.__malloc_sbrk_base
                0x20070908        0x4 c:/users/baciu/appdata/local/arduino15/packages/arduino/tools/arm-none-eabi-gcc/4.8.3-2014q1/bin/../lib/gcc/arm-none-eabi/4.8.3/../../../../arm-none-eabi/lib/armv7-m\libc.a(lib_a-mallocr.o)
                0x20070908                __malloc_sbrk_base
 .data.__wctomb
                0x2007090c        0x4 c:/users/baciu/appdata/local/arduino15/packages/arduino/tools/arm-none-eabi-gcc/4.8.3-2014q1/bin/../lib/gcc/arm-none-eabi/4.8.3/../../../../arm-none-eabi/lib/armv7-m\libc.a(lib_a-wctomb_r.o)
                0x2007090c                __wctomb
                0x20070910                . = ALIGN (0x4)
                0x20070910                _erelocate = .

.bss            0x20070910      0x900 load address 0x0008afac
                0x20070910                . = ALIGN (0x4)
                0x20070910                _sbss = .
                0x20070910                _szero = .
 *(.bss .bss.*)
 .bss           0x20070910       0x1c c:/users/baciu/appdata/local/arduino15/packages/arduino/tools/arm-none-eabi-gcc/4.8.3-2014q1/bin/../lib/gcc/arm-none-eabi/4.8.3/armv7-m/crtbegin.o
 .bss.g_cmd_buf
                0x2007092c       0x51 build-arduino_due_x-SAM3X8E/internally_implemented.cpp.o
                0x2007092c                g_cmd_buf
 .bss.g_state_parser_enabled
                0x2007097d        0x1 build-arduino_due_x-SAM3X8E/internally_implemented.cpp.o
                0x2007097d                g_state_parser_enabled
 *fill*         0x2007097e        0x2 
 .bss.input     0x20070980       0x10 build-arduino_due_x-SAM3X8E/internally_implemented.cpp.o
                0x20070980                input
 .bss.g_buff_size
                0x20070990        0x4 build-arduino_due_x-SAM3X8E/internally_implemented.cpp.o
                0x20070990                g_buff_size
 .bss.model_output
                0x20070994        0x4 build-arduino_due_x-SAM3X8E/internally_implemented.cpp.o
                0x20070994                model_output
 .bss.g_buff_pos
                0x20070998        0x4 build-arduino_due_x-SAM3X8E/internally_implemented.cpp.o
                0x20070998                g_buff_pos
 .bss.gp_buff   0x2007099c       0x10 build-arduino_due_x-SAM3X8E/internally_implemented.cpp.o
                0x2007099c                gp_buff
 .bss.g_cmd_pos
                0x200709ac        0x4 build-arduino_due_x-SAM3X8E/internally_implemented.cpp.o
                0x200709ac                g_cmd_pos
 .bss.classifier
                0x200709b0        0x1 build-arduino_due_x-SAM3X8E/internally_implemented.cpp.o
                0x200709b0                classifier
 .bss._ZZ9th_printfPKczE9print_buf
                0x200709b1       0x50 build-arduino_due_x-SAM3X8E/submitter_implemented.cpp.o
 *fill*         0x20070a01        0x3 
 .bss.gpf_isr   0x20070a04        0x4 c:/Users/baciu/AppData/Local/Arduino15/packages/arduino/hardware/sam/1.6.8/variants/arduino_due_x/libsam_sam3x8e_gcc_rel.a(uotghs.o)
                0x20070a04                gpf_isr
 .bss.tx_buffer2
                0x20070a08       0x88 build-arduino_due_x-SAM3X8E/libcore.a(variant.cpp.o)
                0x20070a08                tx_buffer2
 .bss.tx_buffer1
                0x20070a90       0x88 build-arduino_due_x-SAM3X8E/libcore.a(variant.cpp.o)
                0x20070a90                tx_buffer1
 .bss.Serial    0x20070b18       0x24 build-arduino_due_x-SAM3X8E/libcore.a(variant.cpp.o)
                0x20070b18                Serial
 .bss.rx_buffer1
                0x20070b3c       0x88 build-arduino_due_x-SAM3X8E/libcore.a(variant.cpp.o)
                0x20070b3c                rx_buffer1
 .bss.Serial1   0x20070bc4       0x28 build-arduino_due_x-SAM3X8E/libcore.a(variant.cpp.o)
                0x20070bc4                Serial1
 .bss.Serial2   0x20070bec       0x28 build-arduino_due_x-SAM3X8E/libcore.a(variant.cpp.o)
                0x20070bec                Serial2
 .bss.Serial3   0x20070c14       0x28 build-arduino_due_x-SAM3X8E/libcore.a(variant.cpp.o)
                0x20070c14                Serial3
 .bss.tx_buffer3
                0x20070c3c       0x88 build-arduino_due_x-SAM3X8E/libcore.a(variant.cpp.o)
                0x20070c3c                tx_buffer3
 .bss.tx_buffer4
                0x20070cc4       0x88 build-arduino_due_x-SAM3X8E/libcore.a(variant.cpp.o)
                0x20070cc4                tx_buffer4
 .bss.g_pinStatus
                0x20070d4c       0x4f build-arduino_due_x-SAM3X8E/libcore.a(variant.cpp.o)
                0x20070d4c                g_pinStatus
 *fill*         0x20070d9b        0x1 
 .bss.rx_buffer2
                0x20070d9c       0x88 build-arduino_due_x-SAM3X8E/libcore.a(variant.cpp.o)
                0x20070d9c                rx_buffer2
 .bss.rx_buffer3
                0x20070e24       0x88 build-arduino_due_x-SAM3X8E/libcore.a(variant.cpp.o)
                0x20070e24                rx_buffer3
 .bss.rx_buffer4
                0x20070eac       0x88 build-arduino_due_x-SAM3X8E/libcore.a(variant.cpp.o)
                0x20070eac                rx_buffer4
 .bss.heap.6420
                0x20070f34        0x4 build-arduino_due_x-SAM3X8E/libcore.a(syscalls_sam3.c.o)
 .bss._cmark    0x20070f38        0x2 build-arduino_due_x-SAM3X8E/libcore.a(USBCore.cpp.o)
                0x20070f38                _cmark
 .bss._ZL14isEndpointHalt
                0x20070f3a        0x1 build-arduino_due_x-SAM3X8E/libcore.a(USBCore.cpp.o)
 *fill*         0x20070f3b        0x1 
 .bss._cdcComposite
                0x20070f3c        0x4 build-arduino_due_x-SAM3X8E/libcore.a(USBCore.cpp.o)
                0x20070f3c                _cdcComposite
 .bss._ZL21isRemoteWakeUpEnabled
                0x20070f40        0x1 build-arduino_due_x-SAM3X8E/libcore.a(USBCore.cpp.o)
 *fill*         0x20070f41        0x3 
 .bss._usbInitialized
                0x20070f44        0x4 build-arduino_due_x-SAM3X8E/libcore.a(USBCore.cpp.o)
                0x20070f44                _usbInitialized
 .bss.USBDevice
                0x20070f48        0x1 build-arduino_due_x-SAM3X8E/libcore.a(USBCore.cpp.o)
                0x20070f48                USBDevice
 *fill*         0x20070f49        0x3 
 .bss._usbSetInterface
                0x20070f4c        0x4 build-arduino_due_x-SAM3X8E/libcore.a(USBCore.cpp.o)
                0x20070f4c                _usbSetInterface
 .bss._cend     0x20070f50        0x2 build-arduino_due_x-SAM3X8E/libcore.a(USBCore.cpp.o)
                0x20070f50                _cend
 *fill*         0x20070f52        0x2 
 .bss._usbConfiguration
                0x20070f54        0x4 build-arduino_due_x-SAM3X8E/libcore.a(USBCore.cpp.o)
                0x20070f54                _usbConfiguration
 .bss._dwTickCount
                0x20070f58        0x4 build-arduino_due_x-SAM3X8E/libcore.a(timetick.c.o)
 .bss.ul_recv_fifo_ptr
                0x20070f5c       0x28 build-arduino_due_x-SAM3X8E/libcore.a(uotghs_device.c.o)
 .bss.ul_send_fifo_ptr
                0x20070f84       0x28 build-arduino_due_x-SAM3X8E/libcore.a(uotghs_device.c.o)
 .bss.cdc_rx_buffer
                0x20070fac      0x208 build-arduino_due_x-SAM3X8E/libcore.a(CDC.cpp.o)
                0x20070fac                cdc_rx_buffer
 .bss._ZZN7Serial_6acceptEvE5guard
                0x200711b4        0x4 build-arduino_due_x-SAM3X8E/libcore.a(CDC.cpp.o)
 .bss.SerialUSB
                0x200711b8       0x14 build-arduino_due_x-SAM3X8E/libcore.a(CDC.cpp.o)
                0x200711b8                SerialUSB
 .bss._ZZ12PluggableUSBvE3obj
                0x200711cc        0x8 build-arduino_due_x-SAM3X8E/libcore.a(PluggableUSB.cpp.o)
 .bss._ZGVZ12PluggableUSBvE3obj
                0x200711d4        0x4 build-arduino_due_x-SAM3X8E/libcore.a(PluggableUSB.cpp.o)
 .bss.__malloc_max_total_mem
                0x200711d8        0x4 c:/users/baciu/appdata/local/arduino15/packages/arduino/tools/arm-none-eabi-gcc/4.8.3-2014q1/bin/../lib/gcc/arm-none-eabi/4.8.3/../../../../arm-none-eabi/lib/armv7-m\libc.a(lib_a-mallocr.o)
                0x200711d8                __malloc_max_total_mem
 .bss.__malloc_max_sbrked_mem
                0x200711dc        0x4 c:/users/baciu/appdata/local/arduino15/packages/arduino/tools/arm-none-eabi-gcc/4.8.3-2014q1/bin/../lib/gcc/arm-none-eabi/4.8.3/../../../../arm-none-eabi/lib/armv7-m\libc.a(lib_a-mallocr.o)
                0x200711dc                __malloc_max_sbrked_mem
 .bss.__malloc_top_pad
                0x200711e0        0x4 c:/users/baciu/appdata/local/arduino15/packages/arduino/tools/arm-none-eabi-gcc/4.8.3-2014q1/bin/../lib/gcc/arm-none-eabi/4.8.3/../../../../arm-none-eabi/lib/armv7-m\libc.a(lib_a-mallocr.o)
                0x200711e0                __malloc_top_pad
 .bss.__malloc_current_mallinfo
                0x200711e4       0x28 c:/users/baciu/appdata/local/arduino15/packages/arduino/tools/arm-none-eabi-gcc/4.8.3-2014q1/bin/../lib/gcc/arm-none-eabi/4.8.3/../../../../arm-none-eabi/lib/armv7-m\libc.a(lib_a-mallocr.o)
                0x200711e4                __malloc_current_mallinfo
 *(COMMON)
 COMMON         0x2007120c        0x4 c:/users/baciu/appdata/local/arduino15/packages/arduino/tools/arm-none-eabi-gcc/4.8.3-2014q1/bin/../lib/gcc/arm-none-eabi/4.8.3/../../../../arm-none-eabi/lib/armv7-m\libc.a(lib_a-reent.o)
                0x2007120c                errno
                0x20071210                . = ALIGN (0x4)
                0x20071210                _ebss = .
                0x20071210                _ezero = .
                0x20071210                . = ALIGN (0x4)
                0x20071210                _end = .

.stack_dummy    0x20071210        0x0
 *(.stack*)
                0x20088000                __StackTop = (ORIGIN (ram) + 0x18000)
                0x20088000                __StackLimit = (__StackTop - SIZEOF (.stack_dummy))
                0x20088000                PROVIDE (_sstack, __StackLimit)
                0x20088000                PROVIDE (_estack, __StackTop)
OUTPUT(build-arduino_due_x-SAM3X8E/avr_gcc.elf elf32-littlearm)

.ARM.attributes
                0x00000000       0x29
 .ARM.attributes
                0x00000000       0x1d c:/users/baciu/appdata/local/arduino15/packages/arduino/tools/arm-none-eabi-gcc/4.8.3-2014q1/bin/../lib/gcc/arm-none-eabi/4.8.3/armv7-m/crti.o
 .ARM.attributes
                0x0000001d       0x2d c:/users/baciu/appdata/local/arduino15/packages/arduino/tools/arm-none-eabi-gcc/4.8.3-2014q1/bin/../lib/gcc/arm-none-eabi/4.8.3/armv7-m/crtbegin.o
 .ARM.attributes
                0x0000004a       0x33 build-arduino_due_x-SAM3X8E/internally_implemented.cpp.o
 .ARM.attributes
                0x0000007d       0x33 build-arduino_due_x-SAM3X8E/submitter_implemented.cpp.o
 .ARM.attributes
                0x000000b0       0x33 build-arduino_due_x-SAM3X8E/avr_gcc.ino.o
 .ARM.attributes
                0x000000e3       0x33 c:/Users/baciu/AppData/Local/Arduino15/packages/arduino/hardware/sam/1.6.8/variants/arduino_due_x/libsam_sam3x8e_gcc_rel.a(startup_sam3xa.o)
 .ARM.attributes
                0x00000116       0x33 c:/Users/baciu/AppData/Local/Arduino15/packages/arduino/hardware/sam/1.6.8/variants/arduino_due_x/libsam_sam3x8e_gcc_rel.a(uotghs.o)
 .ARM.attributes
                0x00000149       0x33 build-arduino_due_x-SAM3X8E/libcore.a(variant.cpp.o)
 .ARM.attributes
                0x0000017c       0x33 build-arduino_due_x-SAM3X8E/libcore.a(adc.c.o)
 .ARM.attributes
                0x000001af       0x33 build-arduino_due_x-SAM3X8E/libcore.a(pio.c.o)
 .ARM.attributes
                0x000001e2       0x33 build-arduino_due_x-SAM3X8E/libcore.a(pmc.c.o)
 .ARM.attributes
                0x00000215       0x33 build-arduino_due_x-SAM3X8E/libcore.a(system_sam3xa.c.o)
 .ARM.attributes
                0x00000248       0x33 build-arduino_due_x-SAM3X8E/libcore.a(cortex_handlers.c.o)
 .ARM.attributes
                0x0000027b       0x33 build-arduino_due_x-SAM3X8E/libcore.a(hooks.c.o)
 .ARM.attributes
                0x000002ae       0x33 build-arduino_due_x-SAM3X8E/libcore.a(syscalls_sam3.c.o)
 .ARM.attributes
                0x000002e1       0x33 build-arduino_due_x-SAM3X8E/libcore.a(wiring.c.o)
 .ARM.attributes
                0x00000314       0x33 build-arduino_due_x-SAM3X8E/libcore.a(wiring_analog.c.o)
 .ARM.attributes
                0x00000347       0x33 build-arduino_due_x-SAM3X8E/libcore.a(wiring_digital.c.o)
 .ARM.attributes
                0x0000037a       0x33 build-arduino_due_x-SAM3X8E/libcore.a(main.cpp.o)
 .ARM.attributes
                0x000003ad       0x33 build-arduino_due_x-SAM3X8E/libcore.a(Print.cpp.o)
 .ARM.attributes
                0x000003e0       0x33 build-arduino_due_x-SAM3X8E/libcore.a(Reset.cpp.o)
 .ARM.attributes
                0x00000413       0x33 build-arduino_due_x-SAM3X8E/libcore.a(RingBuffer.cpp.o)
 .ARM.attributes
                0x00000446       0x33 build-arduino_due_x-SAM3X8E/libcore.a(UARTClass.cpp.o)
 .ARM.attributes
                0x00000479       0x33 build-arduino_due_x-SAM3X8E/libcore.a(USARTClass.cpp.o)
 .ARM.attributes
                0x000004ac       0x33 build-arduino_due_x-SAM3X8E/libcore.a(watchdog.cpp.o)
 .ARM.attributes
                0x000004df       0x33 build-arduino_due_x-SAM3X8E/libcore.a(USBCore.cpp.o)
 .ARM.attributes
                0x00000512       0x33 build-arduino_due_x-SAM3X8E/libcore.a(interrupt_sam_nvic.c.o)
 .ARM.attributes
                0x00000545       0x33 build-arduino_due_x-SAM3X8E/libcore.a(timetick.c.o)
 .ARM.attributes
                0x00000578       0x33 build-arduino_due_x-SAM3X8E/libcore.a(uotghs_device.c.o)
 .ARM.attributes
                0x000005ab       0x33 build-arduino_due_x-SAM3X8E/libcore.a(wdt.c.o)
 .ARM.attributes
                0x000005de       0x33 build-arduino_due_x-SAM3X8E/libcore.a(CDC.cpp.o)
 .ARM.attributes
                0x00000611       0x33 build-arduino_due_x-SAM3X8E/libcore.a(PluggableUSB.cpp.o)
 .ARM.attributes
                0x00000644       0x2d c:/users/baciu/appdata/local/arduino15/packages/arduino/tools/arm-none-eabi-gcc/4.8.3-2014q1/bin/../lib/gcc/arm-none-eabi/4.8.3/../../../../arm-none-eabi/lib/armv7-m\libm.a(lib_a-s_fpclassify.o)
 .ARM.attributes
                0x00000671       0x1d c:/users/baciu/appdata/local/arduino15/packages/arduino/tools/arm-none-eabi-gcc/4.8.3-2014q1/bin/../lib/gcc/arm-none-eabi/4.8.3/armv7-m\libgcc.a(_arm_addsubdf3.o)
 .ARM.attributes
                0x0000068e       0x1d c:/users/baciu/appdata/local/arduino15/packages/arduino/tools/arm-none-eabi-gcc/4.8.3-2014q1/bin/../lib/gcc/arm-none-eabi/4.8.3/armv7-m\libgcc.a(_arm_muldivdf3.o)
 .ARM.attributes
                0x000006ab       0x1d c:/users/baciu/appdata/local/arduino15/packages/arduino/tools/arm-none-eabi-gcc/4.8.3-2014q1/bin/../lib/gcc/arm-none-eabi/4.8.3/armv7-m\libgcc.a(_arm_cmpdf2.o)
 .ARM.attributes
                0x000006c8       0x1d c:/users/baciu/appdata/local/arduino15/packages/arduino/tools/arm-none-eabi-gcc/4.8.3-2014q1/bin/../lib/gcc/arm-none-eabi/4.8.3/armv7-m\libgcc.a(_arm_fixdfsi.o)
 .ARM.attributes
                0x000006e5       0x1d c:/users/baciu/appdata/local/arduino15/packages/arduino/tools/arm-none-eabi-gcc/4.8.3-2014q1/bin/../lib/gcc/arm-none-eabi/4.8.3/armv7-m\libgcc.a(_arm_truncdfsf2.o)
 .ARM.attributes
                0x00000702       0x1d c:/users/baciu/appdata/local/arduino15/packages/arduino/tools/arm-none-eabi-gcc/4.8.3-2014q1/bin/../lib/gcc/arm-none-eabi/4.8.3/armv7-m\libgcc.a(_arm_cmpsf2.o)
 .ARM.attributes
                0x0000071f       0x2d c:/users/baciu/appdata/local/arduino15/packages/arduino/tools/arm-none-eabi-gcc/4.8.3-2014q1/bin/../lib/gcc/arm-none-eabi/4.8.3/../../../../arm-none-eabi/lib/armv7-m\libc.a(lib_a-atoi.o)
 .ARM.attributes
                0x0000074c       0x2d c:/users/baciu/appdata/local/arduino15/packages/arduino/tools/arm-none-eabi-gcc/4.8.3-2014q1/bin/../lib/gcc/arm-none-eabi/4.8.3/../../../../arm-none-eabi/lib/armv7-m\libc.a(lib_a-impure.o)
 .ARM.attributes
                0x00000779       0x2d c:/users/baciu/appdata/local/arduino15/packages/arduino/tools/arm-none-eabi-gcc/4.8.3-2014q1/bin/../lib/gcc/arm-none-eabi/4.8.3/../../../../arm-none-eabi/lib/armv7-m\libc.a(lib_a-init.o)
 .ARM.attributes
                0x000007a6       0x2d c:/users/baciu/appdata/local/arduino15/packages/arduino/tools/arm-none-eabi-gcc/4.8.3-2014q1/bin/../lib/gcc/arm-none-eabi/4.8.3/../../../../arm-none-eabi/lib/armv7-m\libc.a(lib_a-iprintf.o)
 .ARM.attributes
                0x000007d3       0x1b c:/users/baciu/appdata/local/arduino15/packages/arduino/tools/arm-none-eabi-gcc/4.8.3-2014q1/bin/../lib/gcc/arm-none-eabi/4.8.3/../../../../arm-none-eabi/lib/armv7-m\libc.a(lib_a-memcpy.o)
 .ARM.attributes
                0x000007ee       0x2d c:/users/baciu/appdata/local/arduino15/packages/arduino/tools/arm-none-eabi-gcc/4.8.3-2014q1/bin/../lib/gcc/arm-none-eabi/4.8.3/../../../../arm-none-eabi/lib/armv7-m\libc.a(lib_a-memset.o)
 .ARM.attributes
                0x0000081b       0x2d c:/users/baciu/appdata/local/arduino15/packages/arduino/tools/arm-none-eabi-gcc/4.8.3-2014q1/bin/../lib/gcc/arm-none-eabi/4.8.3/../../../../arm-none-eabi/lib/armv7-m\libc.a(lib_a-strlen.o)
 .ARM.attributes
                0x00000848       0x2d c:/users/baciu/appdata/local/arduino15/packages/arduino/tools/arm-none-eabi-gcc/4.8.3-2014q1/bin/../lib/gcc/arm-none-eabi/4.8.3/../../../../arm-none-eabi/lib/armv7-m\libc.a(lib_a-strncmp.o)
 .ARM.attributes