Archive member included because of file (symbol)

c:/Users/baciu/AppData/Local/Arduino15/packages/arduino/hardware/sam/1.6.8/variants/arduino_due_x/libsam_sam3x8e_gcc_rel.a(startup_sam3xa.o)
                              (Reset_Handler)
c:/Users/baciu/AppData/Local/Arduino15/packages/arduino/hardware/sam/1.6.8/variants/arduino_due_x/libsam_sam3x8e_gcc_rel.a(uotghs.o)
                              c:/Users/baciu/AppData/Local/Arduino15/packages/arduino/hardware/sam/1.6.8/variants/arduino_due_x/libsam_sam3x8e_gcc_rel.a(startup_sam3xa.o) (UOTGHS_Handler)
build-arduino_due_x-SAM3X8E/libcore.a(variant.cpp.o)
                              c:/Users/baciu/AppData/Local/Arduino15/packages/arduino/hardware/sam/1.6.8/variants/arduino_due_x/libsam_sam3x8e_gcc_rel.a(startup_sam3xa.o) (UART_Handler)
build-arduino_due_x-SAM3X8E/libcore.a(adc.c.o)
                              build-arduino_due_x-SAM3X8E/libcore.a(variant.cpp.o) (adc_init)
build-arduino_due_x-SAM3X8E/libcore.a(pio.c.o)
                              build-arduino_due_x-SAM3X8E/libcore.a(variant.cpp.o) (PIO_Configure)
build-arduino_due_x-SAM3X8E/libcore.a(pmc.c.o)
                              build-arduino_due_x-SAM3X8E/libcore.a(variant.cpp.o) (pmc_enable_periph_clk)
build-arduino_due_x-SAM3X8E/libcore.a(system_sam3xa.c.o)
                              build-arduino_due_x-SAM3X8E/libcore.a(variant.cpp.o) (SystemInit)
build-arduino_due_x-SAM3X8E/libcore.a(cortex_handlers.c.o)
                              c:/Users/baciu/AppData/Local/Arduino15/packages/arduino/hardware/sam/1.6.8/variants/arduino_due_x/libsam_sam3x8e_gcc_rel.a(startup_sam3xa.o) (NMI_Handler)
build-arduino_due_x-SAM3X8E/libcore.a(hooks.c.o)
                              build-arduino_due_x-SAM3X8E/libcore.a(cortex_handlers.c.o) (sysTickHook)
build-arduino_due_x-SAM3X8E/libcore.a(syscalls_sam3.c.o)
                              (_sbrk)
build-arduino_due_x-SAM3X8E/libcore.a(wiring.c.o)
                              build-arduino_due_x-SAM3X8E/internally_implemented.cpp.o (micros)
build-arduino_due_x-SAM3X8E/libcore.a(wiring_analog.c.o)
                              build-arduino_due_x-SAM3X8E/libcore.a(variant.cpp.o) (analogOutputInit)
build-arduino_due_x-SAM3X8E/libcore.a(wiring_digital.c.o)
                              build-arduino_due_x-SAM3X8E/libcore.a(wiring_analog.c.o) (pinMode)
build-arduino_due_x-SAM3X8E/libcore.a(main.cpp.o)
                              c:/users/baciu/appdata/local/arduino15/packages/arduino/tools/arm-none-eabi-gcc/4.8.3-2014q1/bin/../lib/gcc/arm-none-eabi/4.8.3/../../../../arm-none-eabi/lib/armv7-m/crt0.o (main)
build-arduino_due_x-SAM3X8E/libcore.a(Print.cpp.o)
                              build-arduino_due_x-SAM3X8E/submitter_implemented.cpp.o (Print::print(char const*))
build-arduino_due_x-SAM3X8E/libcore.a(Reset.cpp.o)
                              build-arduino_due_x-SAM3X8E/libcore.a(cortex_handlers.c.o) (tickReset)
build-arduino_due_x-SAM3X8E/libcore.a(RingBuffer.cpp.o)
                              build-arduino_due_x-SAM3X8E/libcore.a(variant.cpp.o) (RingBuffer::RingBuffer())
build-arduino_due_x-SAM3X8E/libcore.a(UARTClass.cpp.o)
                              build-arduino_due_x-SAM3X8E/avr_gcc.ino.o (UARTClass::available())
build-arduino_due_x-SAM3X8E/libcore.a(USARTClass.cpp.o)
                              build-arduino_due_x-SAM3X8E/libcore.a(variant.cpp.o) (USARTClass::USARTClass(Usart*, IRQn, unsigned long, RingBuffer*, RingBuffer*))
build-arduino_due_x-SAM3X8E/libcore.a(watchdog.cpp.o)
                              build-arduino_due_x-SAM3X8E/libcore.a(main.cpp.o) (watchdogSetup())
build-arduino_due_x-SAM3X8E/libcore.a(USBCore.cpp.o)
                              build-arduino_due_x-SAM3X8E/libcore.a(main.cpp.o) (USBDevice_::attach())
build-arduino_due_x-SAM3X8E/libcore.a(dacc.c.o)
                              build-arduino_due_x-SAM3X8E/libcore.a(wiring_analog.c.o) (dacc_reset)
build-arduino_due_x-SAM3X8E/libcore.a(interrupt_sam_nvic.c.o)
                              build-arduino_due_x-SAM3X8E/libcore.a(USBCore.cpp.o) (g_interrupt_enabled)
build-arduino_due_x-SAM3X8E/libcore.a(pwmc.c.o)
                              build-arduino_due_x-SAM3X8E/libcore.a(wiring_analog.c.o) (PWMC_ConfigureChannel)
build-arduino_due_x-SAM3X8E/libcore.a(tc.c.o)
                              build-arduino_due_x-SAM3X8E/libcore.a(wiring_analog.c.o) (TC_Configure)
build-arduino_due_x-SAM3X8E/libcore.a(timetick.c.o)
                              build-arduino_due_x-SAM3X8E/libcore.a(cortex_handlers.c.o) (TimeTick_Increment)
build-arduino_due_x-SAM3X8E/libcore.a(uotghs_device.c.o)
                              build-arduino_due_x-SAM3X8E/libcore.a(USBCore.cpp.o) (UDD_SetStack)
build-arduino_due_x-SAM3X8E/libcore.a(wdt.c.o)
                              build-arduino_due_x-SAM3X8E/libcore.a(watchdog.cpp.o) (WDT_Enable)
build-arduino_due_x-SAM3X8E/libcore.a(abi.cpp.o)
                              build-arduino_due_x-SAM3X8E/libcore.a(Print.cpp.o) (__cxa_pure_virtual)
[...]
Memory Configuration

Name             Origin             Length             Attributes
rom              0x00080000         0x00080000         xr
sram0            0x20000000         0x00010000         xrw
sram1            0x20080000         0x00008000         xrw
ram              0x20070000         0x00018000         xrw
*default*        0x00000000         0xffffffff

Linker script and memory map

LOAD c:/users/baciu/appdata/local/arduino15/packages/arduino/tools/arm-none-eabi-gcc/4.8.3-2014q1/bin/../lib/gcc/arm-none-eabi/4.8.3/armv7-m/crti.o
LOAD c:/users/baciu/appdata/local/arduino15/packages/arduino/tools/arm-none-eabi-gcc/4.8.3-2014q1/bin/../lib/gcc/arm-none-eabi/4.8.3/armv7-m/crtbegin.o
LOAD c:/users/baciu/appdata/local/arduino15/packages/arduino/tools/arm-none-eabi-gcc/4.8.3-2014q1/bin/../lib/gcc/arm-none-eabi/4.8.3/../../../../arm-none-eabi/lib/armv7-m/crt0.o
LOAD build-arduino_due_x-SAM3X8E/internally_implemented.cpp.o
LOAD build-arduino_due_x-SAM3X8E/submitter_implemented.cpp.o
LOAD build-arduino_due_x-SAM3X8E/avr_gcc.ino.o
LOAD c:/Users/baciu/AppData/Local/Arduino15/packages/arduino/hardware/sam/1.6.8/variants/arduino_due_x/libsam_sam3x8e_gcc_rel.a
START GROUP
LOAD build-arduino_due_x-SAM3X8E/libcore.a
END GROUP
LOAD c:/users/baciu/appdata/local/arduino15/packages/arduino/tools/arm-none-eabi-gcc/4.8.3-2014q1/bin/../lib/gcc/arm-none-eabi/4.8.3/../../../../arm-none-eabi/lib/armv7-m\libstdc++.a
LOAD c:/users/baciu/appdata/local/arduino15/packages/arduino/tools/arm-none-eabi-gcc/4.8.3-2014q1/bin/../lib/gcc/arm-none-eabi/4.8.3/../../../../arm-none-eabi/lib/armv7-m\libm.a
START GROUP
LOAD c:/users/baciu/appdata/local/arduino15/packages/arduino/tools/arm-none-eabi-gcc/4.8.3-2014q1/bin/../lib/gcc/arm-none-eabi/4.8.3/armv7-m\libgcc.a
LOAD c:/users/baciu/appdata/local/arduino15/packages/arduino/tools/arm-none-eabi-gcc/4.8.3-2014q1/bin/../lib/gcc/arm-none-eabi/4.8.3/../../../../arm-none-eabi/lib/armv7-m\libc.a
END GROUP
LOAD c:/users/baciu/appdata/local/arduino15/packages/arduino/tools/arm-none-eabi-gcc/4.8.3-2014q1/bin/../lib/gcc/arm-none-eabi/4.8.3/armv7-m/crtend.o
LOAD c:/users/baciu/appdata/local/arduino15/packages/arduino/tools/arm-none-eabi-gcc/4.8.3-2014q1/bin/../lib/gcc/arm-none-eabi/4.8.3/armv7-m/crtn.o

.text           0x00080000     0x9f34
                0x00080000                . = ALIGN (0x4)
                0x00080000                _sfixed = .
 *(.vectors .vectors.*)
 .vectors       0x00080000       0xf4 c:/Users/baciu/AppData/Local/Arduino15/packages/arduino/hardware/sam/1.6.8/variants/arduino_due_x/libsam_sam3x8e_gcc_rel.a(startup_sam3xa.o)
                0x00080000                exception_table
 *(.text .text.* .gnu.linkonce.t.*)
 .text          0x000800f4       0x54 c:/users/baciu/appdata/local/arduino15/packages/arduino/tools/arm-none-eabi-gcc/4.8.3-2014q1/bin/../lib/gcc/arm-none-eabi/4.8.3/armv7-m/crtbegin.o
 .text._Z8classifyv
                0x00080148       0x68 build-arduino_due_x-SAM3X8E/internally_implemented.cpp.o
                0x00080148                classify()
 .text._Z18ee_serial_callbackc
                0x000801b0       0x34 build-arduino_due_x-SAM3X8E/internally_implemented.cpp.o
                0x000801b0                ee_serial_callback(char)
 .text._Z23ee_benchmark_initializev
                0x000801e4       0x2c build-arduino_due_x-SAM3X8E/internally_implemented.cpp.o
                0x000801e4                ee_benchmark_initialize()
 .text._Z8ee_inferjj
                0x00080210       0xd8 build-arduino_due_x-SAM3X8E/internally_implemented.cpp.o
                0x00080210                ee_infer(unsigned int, unsigned int)
 .text._Z9ee_hexdecPc
                0x000802e8       0x42 build-arduino_due_x-SAM3X8E/internally_implemented.cpp.o
                0x000802e8                ee_hexdec(char*)
 *fill*         0x0008032a        0x2 
 .text._Z15ee_buffer_parsePc
                0x0008032c      0x15c build-arduino_due_x-SAM3X8E/internally_implemented.cpp.o
                0x0008032c                ee_buffer_parse(char*)
 .text._Z16ee_profile_parsePc
                0x00080488      0x174 build-arduino_due_x-SAM3X8E/internally_implemented.cpp.o
                0x00080488                ee_profile_parse(char*)
 .text._Z33ee_serial_command_parser_callbackPc
                0x000805fc       0x78 build-arduino_due_x-SAM3X8E/internally_implemented.cpp.o
                0x000805fc                ee_serial_command_parser_callback(char*)
 .text._Z13ee_get_bufferPhj
                0x00080674       0x24 build-arduino_due_x-SAM3X8E/internally_implemented.cpp.o
                0x00080674                ee_get_buffer(unsigned char*, unsigned int)
 .text._Z9th_printfPKcz
                0x00080698       0x34 build-arduino_due_x-SAM3X8E/submitter_implemented.cpp.o
                0x00080698                th_printf(char const*, ...)
 .text._Z12th_timestampv
                0x000806cc       0x18 build-arduino_due_x-SAM3X8E/submitter_implemented.cpp.o
                0x000806cc                th_timestamp()
 .text._Z23th_timestamp_initializev
                0x000806e4       0x14 build-arduino_due_x-SAM3X8E/submitter_implemented.cpp.o
                0x000806e4                th_timestamp_initialize()
 .text._Z16th_command_readyPVc
                0x000806f8        0x4 build-arduino_due_x-SAM3X8E/submitter_implemented.cpp.o
                0x000806f8                th_command_ready(char volatile*)
 .text._Z10th_strnlenPKcj
                0x000806fc        0x4 build-arduino_due_x-SAM3X8E/submitter_implemented.cpp.o
                0x000806fc                th_strnlen(char const*, unsigned int)
 .text._Z16th_load_featuresv
                0x00080700       0x2c build-arduino_due_x-SAM3X8E/submitter_implemented.cpp.o
                0x00080700                th_load_features()
 .text._Z10th_resultsv
                0x0008072c       0x2c build-arduino_due_x-SAM3X8E/submitter_implemented.cpp.o
                0x0008072c                th_results()
 .text._Z19th_final_initializev
                0x00080758        0x2 build-arduino_due_x-SAM3X8E/submitter_implemented.cpp.o
                0x00080758                th_final_initialize()
 .text._Z6th_prev
                0x0008075a        0x2 build-arduino_due_x-SAM3X8E/submitter_implemented.cpp.o
                0x0008075a                th_pre()
 .text._Z10th_getcharv
                0x0008075c       0x10 build-arduino_due_x-SAM3X8E/submitter_implemented.cpp.o
                0x0008075c                th_getchar()
 .text.setup    0x0008076c       0x18 build-arduino_due_x-SAM3X8E/avr_gcc.ino.o
                0x0008076c                setup
 .text.loop     0x00080784       0x1c build-arduino_due_x-SAM3X8E/avr_gcc.ino.o
                0x00080784                loop
 .text.Reset_Handler
                0x000807a0       0x78 c:/Users/baciu/AppData/Local/Arduino15/packages/arduino/hardware/sam/1.6.8/variants/arduino_due_x/libsam_sam3x8e_gcc_rel.a(startup_sam3xa.o)
                0x000807a0                Reset_Handler
 .text.UOTGHS_Handler
                0x00080818       0x10 c:/Users/baciu/AppData/Local/Arduino15/packages/arduino/hardware/sam/1.6.8/variants/arduino_due_x/libsam_sam3x8e_gcc_rel.a(uotghs.o)
                0x00080818                UOTGHS_Handler
 .text._Z11serialEventv
                0x00080828        0x2 build-arduino_due_x-SAM3X8E/libcore.a(variant.cpp.o)
                0x00080828                serialEvent()
 *fill*         0x0008082a        0x2 
 .text.UART_Handler
                0x0008082c        0xc build-arduino_due_x-SAM3X8E/libcore.a(variant.cpp.o)
                0x0008082c                UART_Handler
 .text._Z12serialEvent1v
                0x00080838        0x2 build-arduino_due_x-SAM3X8E/libcore.a(variant.cpp.o)
                0x00080838                serialEvent1()
 .text._Z12serialEvent2v
                0x0008083a        0x2 build-arduino_due_x-SAM3X8E/libcore.a(variant.cpp.o)
                0x0008083a                serialEvent2()
 .text._Z12serialEvent3v
                0x0008083c        0x2 build-arduino_due_x-SAM3X8E/libcore.a(variant.cpp.o)
                0x0008083c                serialEvent3()
 *fill*         0x0008083e        0x2 
 .text.USART0_Handler
                0x00080840        0xc build-arduino_due_x-SAM3X8E/libcore.a(variant.cpp.o)
                0x00080840                USART0_Handler
 .text.USART1_Handler
                0x0008084c        0xc build-arduino_due_x-SAM3X8E/libcore.a(variant.cpp.o)
                0x0008084c                USART1_Handler
 .text.USART3_Handler
                0x00080858        0xc build-arduino_due_x-SAM3X8E/libcore.a(variant.cpp.o)
                0x00080858                USART3_Handler
 .text.init     0x00080864      0x128 build-arduino_due_x-SAM3X8E/libcore.a(variant.cpp.o)
                0x00080864                init
 .text.startup._GLOBAL__sub_I_g_APinDescription
                0x0008098c       0xd4 build-arduino_due_x-SAM3X8E/libcore.a(variant.cpp.o)
 .text._Z14serialEventRunv
                0x00080a60       0x44 build-arduino_due_x-SAM3X8E/libcore.a(variant.cpp.o)
                0x00080a60                serialEventRun()
 .text.adc_init
                0x00080aa4       0x98 build-arduino_due_x-SAM3X8E/libcore.a(adc.c.o)
                0x00080aa4                adc_init
 .text.adc_configure_trigger
                0x00080b3c       0x2a build-arduino_due_x-SAM3X8E/libcore.a(adc.c.o)
                0x00080b3c                adc_configure_trigger
 .text.adc_configure_timing
                0x00080b66       0x1a build-arduino_due_x-SAM3X8E/libcore.a(adc.c.o)
                0x00080b66                adc_configure_timing
 .text.adc_disable_channel
                0x00080b80        0xa build-arduino_due_x-SAM3X8E/libcore.a(adc.c.o)
                0x00080b80                adc_disable_channel
 .text.adc_disable_all_channel
                0x00080b8a        0x8 build-arduino_due_x-SAM3X8E/libcore.a(adc.c.o)
                0x00080b8a                adc_disable_all_channel
 .text.adc_disable_interrupt
                0x00080b92        0x4 build-arduino_due_x-SAM3X8E/libcore.a(adc.c.o)
                0x00080b92                adc_disable_interrupt
 .text.PIO_PullUp
                0x00080b96        0xa build-arduino_due_x-SAM3X8E/libcore.a(pio.c.o)
                0x00080b96                PIO_PullUp
 .text.PIO_SetPeripheral
                0x00080ba0       0x26 build-arduino_due_x-SAM3X8E/libcore.a(pio.c.o)
                0x00080ba0                PIO_SetPeripheral
 .text.PIO_SetInput
                0x00080bc6       0x26 build-arduino_due_x-SAM3X8E/libcore.a(pio.c.o)
                0x00080bc6                PIO_SetInput
 .text.PIO_SetOutput
                0x00080bec       0x24 build-arduino_due_x-SAM3X8E/libcore.a(pio.c.o)
                0x00080bec                PIO_SetOutput
 .text.PIO_Configure
                0x00080c10       0x56 build-arduino_due_x-SAM3X8E/libcore.a(pio.c.o)
                0x00080c10                PIO_Configure
 .text.PIO_GetOutputDataStatus
                0x00080c66       0x14 build-arduino_due_x-SAM3X8E/libcore.a(pio.c.o)
                0x00080c66                PIO_GetOutputDataStatus
 *fill*         0x00080c7a        0x2 
 .text.pmc_enable_upll_clock
                0x00080c7c       0x14 build-arduino_due_x-SAM3X8E/libcore.a(pmc.c.o)
                0x00080c7c                pmc_enable_upll_clock
 .text.pmc_enable_periph_clk
                0x00080c90       0x44 build-arduino_due_x-SAM3X8E/libcore.a(pmc.c.o)
                0x00080c90                pmc_enable_periph_clk
 .text.pmc_disable_periph_clk
                0x00080cd4       0x40 build-arduino_due_x-SAM3X8E/libcore.a(pmc.c.o)
                0x00080cd4                pmc_disable_periph_clk
 .text.pmc_switch_udpck_to_upllck
                0x00080d14       0x14 build-arduino_due_x-SAM3X8E/libcore.a(pmc.c.o)
                0x00080d14                pmc_switch_udpck_to_upllck
 .text.pmc_enable_udpck
                0x00080d28        0xc build-arduino_due_x-SAM3X8E/libcore.a(pmc.c.o)
                0x00080d28                pmc_enable_udpck
 .text.SystemInit
                0x00080d34       0x88 build-arduino_due_x-SAM3X8E/libcore.a(system_sam3xa.c.o)
                0x00080d34                SystemInit
 .text.__halt   0x00080dbc        0x2 build-arduino_due_x-SAM3X8E/libcore.a(cortex_handlers.c.o)
                0x00080dbc                DACC_Handler
                0x00080dbc                DebugMon_Handler
                0x00080dbc                DMAC_Handler
                0x00080dbc                TRNG_Handler
                0x00080dbc                HardFault_Handler
                0x00080dbc                TC2_Handler
                0x00080dbc                TWI1_Handler
                0x00080dbc                NMI_Handler
                0x00080dbc                TC7_Handler
                0x00080dbc                ADC_Handler
                0x00080dbc                SMC_Handler
                0x00080dbc                RTT_Handler
                0x00080dbc                EFC1_Handler
                0x00080dbc                PIOB_Handler
                0x00080dbc                RTC_Handler
                0x00080dbc                UsageFault_Handler
                0x00080dbc                TC6_Handler
                0x00080dbc                WDT_Handler
                0x00080dbc                CAN0_Handler
                0x00080dbc                TC4_Handler
                0x00080dbc                TC1_Handler
                0x00080dbc                HSMCI_Handler
                0x00080dbc                TC3_Handler
                0x00080dbc                TWI0_Handler
                0x00080dbc                PIOA_Handler
                0x00080dbc                SSC_Handler
                0x00080dbc                EFC0_Handler
                0x00080dbc                PMC_Handler
                0x00080dbc                PWM_Handler
                0x00080dbc                CAN1_Handler
                0x00080dbc                MemManage_Handler
                0x00080dbc                SUPC_Handler
                0x00080dbc                TC8_Handler
                0x00080dbc                USART2_Handler
                0x00080dbc                PIOD_Handler
                0x00080dbc                EMAC_Handler
                0x00080dbc                PIOC_Handler
                0x00080dbc                BusFault_Handler
                0x00080dbc                RSTC_Handler
                0x00080dbc                TC0_Handler
                0x00080dbc                TC5_Handler
                0x00080dbc                SPI0_Handler
 .text.SVC_Handler
                0x00080dbe        0x4 build-arduino_due_x-SAM3X8E/libcore.a(cortex_handlers.c.o)
                0x00080dbe                SVC_Handler
 .text.PendSV_Handler
                0x00080dc2        0x4 build-arduino_due_x-SAM3X8E/libcore.a(cortex_handlers.c.o)
                0x00080dc2                PendSV_Handler
 .text.SysTick_Handler
                0x00080dc6       0x16 build-arduino_due_x-SAM3X8E/libcore.a(cortex_handlers.c.o)
                0x00080dc6                SysTick_Handler
 .text.__empty  0x00080ddc        0x2 build-arduino_due_x-SAM3X8E/libcore.a(hooks.c.o)
                0x00080ddc                yield
 .text.__false  0x00080dde        0x4 build-arduino_due_x-SAM3X8E/libcore.a(hooks.c.o)
                0x00080dde                sysTickHook
 .text.__halt   0x00080de2        0x2 build-arduino_due_x-SAM3X8E/libcore.a(hooks.c.o)
                0x00080de2                svcHook
                0x00080de2                pendSVHook
 .text._sbrk    0x00080de4       0x1c build-arduino_due_x-SAM3X8E/libcore.a(syscalls_sam3.c.o)
                0x00080de4                _sbrk
 .text.link     0x00080e00        0x6 build-arduino_due_x-SAM3X8E/libcore.a(syscalls_sam3.c.o)
                0x00080e00                link
 .text._close   0x00080e06        0x6 build-arduino_due_x-SAM3X8E/libcore.a(syscalls_sam3.c.o)
                0x00080e06                _close
 .text._fstat   0x00080e0c        0xa build-arduino_due_x-SAM3X8E/libcore.a(syscalls_sam3.c.o)
                0x00080e0c                _fstat
 .text._isatty  0x00080e16        0x4 build-arduino_due_x-SAM3X8E/libcore.a(syscalls_sam3.c.o)
                0x00080e16                _isatty
 .text._lseek   0x00080e1a        0x4 build-arduino_due_x-SAM3X8E/libcore.a(syscalls_sam3.c.o)
                0x00080e1a                _lseek
 .text._read    0x00080e1e        0x4 build-arduino_due_x-SAM3X8E/libcore.a(syscalls_sam3.c.o)
                0x00080e1e                _read
 *fill*         0x00080e22        0x2 
 .text._write   0x00080e24       0x24 build-arduino_due_x-SAM3X8E/libcore.a(syscalls_sam3.c.o)
                0x00080e24                _write
 .text._exit    0x00080e48       0x10 build-arduino_due_x-SAM3X8E/libcore.a(syscalls_sam3.c.o)
                0x00080e48                _exit
 .text._kill    0x00080e58        0x2 build-arduino_due_x-SAM3X8E/libcore.a(syscalls_sam3.c.o)
                0x00080e58                _kill
 .text._getpid  0x00080e5a        0x6 build-arduino_due_x-SAM3X8E/libcore.a(syscalls_sam3.c.o)
                0x00080e5a                _getpid
 .text.micros   0x00080e60       0x74 build-arduino_due_x-SAM3X8E/libcore.a(wiring.c.o)
                0x00080e60                micros
 .text.delay    0x00080ed4       0x1c build-arduino_due_x-SAM3X8E/libcore.a(wiring.c.o)
                0x00080ed4                delay
 .text.analogOutputInit
                0x00080ef0        0x2 build-arduino_due_x-SAM3X8E/libcore.a(wiring_analog.c.o)
                0x00080ef0                analogOutputInit
 *fill*         0x00080ef2        0x2 
 .text.pinMode  0x00080ef4      0x108 build-arduino_due_x-SAM3X8E/libcore.a(wiring_digital.c.o)
                0x00080ef4                pinMode
 .text.digitalWrite
                0x00080ffc       0x70 build-arduino_due_x-SAM3X8E/libcore.a(wiring_digital.c.o)
                0x00080ffc                digitalWrite
 .text.initVariant
                0x0008106c        0x2 build-arduino_due_x-SAM3X8E/libcore.a(main.cpp.o)
                0x0008106c                initVariant
 *fill*         0x0008106e        0x2 
 .text.startup.main
                0x00081070       0x38 build-arduino_due_x-SAM3X8E/libcore.a(main.cpp.o)
                0x00081070                main
 .text._ZN5Print5writeEPKhj
                0x000810a8       0x22 build-arduino_due_x-SAM3X8E/libcore.a(Print.cpp.o)
                0x000810a8                Print::write(unsigned char const*, unsigned int)
 .text._ZN5Print5writeEPKc
                0x000810ca       0x1e build-arduino_due_x-SAM3X8E/libcore.a(Print.cpp.o)
                0x000810ca                Print::write(char const*)
 .text._ZN5Print5printEPKc
                0x000810e8        0x8 build-arduino_due_x-SAM3X8E/libcore.a(Print.cpp.o)
                0x000810e8                Print::print(char const*)
 .text.initiateReset
                0x000810f0        0xc build-arduino_due_x-SAM3X8E/libcore.a(Reset.cpp.o)
                0x000810f0                initiateReset
 .text.cancelReset
                0x000810fc       0x10 build-arduino_due_x-SAM3X8E/libcore.a(Reset.cpp.o)
                0x000810fc                cancelReset
 .text.tickReset
                0x0008110c       0x20 build-arduino_due_x-SAM3X8E/libcore.a(Reset.cpp.o)
                0x0008110c                tickReset
 .text._ZN10RingBufferC2Ev
                0x0008112c       0x1a build-arduino_due_x-SAM3X8E/libcore.a(RingBuffer.cpp.o)
                0x0008112c                RingBuffer::RingBuffer()
                0x0008112c                RingBuffer::RingBuffer()
 .text._ZN10RingBuffer10store_charEh
                0x00081146       0x1e build-arduino_due_x-SAM3X8E/libcore.a(RingBuffer.cpp.o)
                0x00081146                RingBuffer::store_char(unsigned char)
 .text._ZN9UARTClasscvbEv
                0x00081164        0x4 build-arduino_due_x-SAM3X8E/libcore.a(UARTClass.cpp.o)
                0x00081164                UARTClass::operator bool()
 .text._ZN9UARTClass9availableEv
                0x00081168       0x12 build-arduino_due_x-SAM3X8E/libcore.a(UARTClass.cpp.o)
                0x00081168                UARTClass::available()
 .text._ZN9UARTClass4peekEv
                0x0008117a       0x1c build-arduino_due_x-SAM3X8E/libcore.a(UARTClass.cpp.o)
                0x0008117a                UARTClass::peek()
 .text._ZN9UARTClass4readEv
                0x00081196       0x2a build-arduino_due_x-SAM3X8E/libcore.a(UARTClass.cpp.o)
                0x00081196                UARTClass::read()
 .text._ZN9UARTClass5flushEv
                0x000811c0       0x18 build-arduino_due_x-SAM3X8E/libcore.a(UARTClass.cpp.o)
                0x000811c0                UARTClass::flush()
 .text._ZN9UARTClass5writeEh
                0x000811d8       0x54 build-arduino_due_x-SAM3X8E/libcore.a(UARTClass.cpp.o)
                0x000811d8                UARTClass::write(unsigned char)
 .text._ZN9UARTClass3endEv
                0x0008122c       0x3c build-arduino_due_x-SAM3X8E/libcore.a(UARTClass.cpp.o)
                0x0008122c                UARTClass::end()
 .text._ZN9UARTClassC2EP4Uart4IRQnmP10RingBufferS4_
                0x00081268       0x24 build-arduino_due_x-SAM3X8E/libcore.a(UARTClass.cpp.o)
                0x00081268                UARTClass::UARTClass(Uart*, IRQn, unsigned long, RingBuffer*, RingBuffer*)
                0x00081268                UARTClass::UARTClass(Uart*, IRQn, unsigned long, RingBuffer*, RingBuffer*)
 .text._ZN9UARTClass4initEmm
                0x0008128c       0x70 build-arduino_due_x-SAM3X8E/libcore.a(UARTClass.cpp.o)
                0x0008128c                UARTClass::init(unsigned long, unsigned long)
 .text._ZN9UARTClass5beginEm
                0x000812fc        0x8 build-arduino_due_x-SAM3X8E/libcore.a(UARTClass.cpp.o)
                0x000812fc                UARTClass::begin(unsigned long)
 .text._ZN9UARTClass10IrqHandlerEv
                0x00081304       0x5a build-arduino_due_x-SAM3X8E/libcore.a(UARTClass.cpp.o)
                0x00081304                UARTClass::IrqHandler()
 .text._ZN10USARTClass5beginEm
                0x0008135e        0x8 build-arduino_due_x-SAM3X8E/libcore.a(USARTClass.cpp.o)
                0x0008135e                USARTClass::begin(unsigned long)
 *fill*         0x00081366        0x2 
 .text._ZN10USARTClassC2EP5Usart4IRQnmP10RingBufferS4_
                0x00081368       0x24 build-arduino_due_x-SAM3X8E/libcore.a(USARTClass.cpp.o)
                0x00081368                USARTClass::USARTClass(Usart*, IRQn, unsigned long, RingBuffer*, RingBuffer*)
                0x00081368                USARTClass::USARTClass(Usart*, IRQn, unsigned long, RingBuffer*, RingBuffer*)
 .text._watchdogDefaultSetup
                0x0008138c        0xc build-arduino_due_x-SAM3X8E/libcore.a(watchdog.cpp.o)
                0x0008138c                _watchdogDefaultSetup
                0x0008138c                watchdogSetup()
 .text.unlikely._ZL11USB_SendZlpv
                0x00081398       0x20 build-arduino_due_x-SAM3X8E/libcore.a(USBCore.cpp.o)
 .text._Z14USBD_Availablem
                0x000813b8       0x2c build-arduino_due_x-SAM3X8E/libcore.a(USBCore.cpp.o)
                0x000813b8                USBD_Available(unsigned long)
 .text._Z9USBD_RecvmPvm
                0x000813e4       0x7c build-arduino_due_x-SAM3X8E/libcore.a(USBCore.cpp.o)
                0x000813e4                USBD_Recv(unsigned long, void*, unsigned long)
 .text._Z9USBD_Recvm
                0x00081460       0x22 build-arduino_due_x-SAM3X8E/libcore.a(USBCore.cpp.o)
                0x00081460                USBD_Recv(unsigned long)
 *fill*         0x00081482        0x2 
 .text._Z9USBD_SendmPKvm
                0x00081484       0x4c build-arduino_due_x-SAM3X8E/libcore.a(USBCore.cpp.o)
                0x00081484                USBD_Send(unsigned long, void const*, unsigned long)
 .text._Z16USBD_SendControlhPKvm
                0x000814d0       0x40 build-arduino_due_x-SAM3X8E/libcore.a(USBCore.cpp.o)
                0x000814d0                USBD_SendControl(unsigned char, void const*, unsigned long)
 .text.unlikely._ZL24USB_SendStringDescriptorPKhi
                0x00081510       0x64 build-arduino_due_x-SAM3X8E/libcore.a(USBCore.cpp.o)
 .text._Z16USBD_RecvControlPvm
                0x00081574       0x1c build-arduino_due_x-SAM3X8E/libcore.a(USBCore.cpp.o)
                0x00081574                USBD_RecvControl(void*, unsigned long)
 .text._Z26USBD_ClassInterfaceRequestR8USBSetup
                0x00081590       0x1e build-arduino_due_x-SAM3X8E/libcore.a(USBCore.cpp.o)
                0x00081590                USBD_ClassInterfaceRequest(USBSetup&)
 .text._Z19USBD_SendInterfacesv
                0x000815ae       0x22 build-arduino_due_x-SAM3X8E/libcore.a(USBCore.cpp.o)
                0x000815ae                USBD_SendInterfaces()
 .text._Z24USBD_SendOtherInterfacesv
                0x000815d0       0x22 build-arduino_due_x-SAM3X8E/libcore.a(USBCore.cpp.o)
                0x000815d0                USBD_SendOtherInterfaces()
 .text._Z10USBD_Flushm
                0x000815f2       0x16 build-arduino_due_x-SAM3X8E/libcore.a(USBCore.cpp.o)
                0x000815f2                USBD_Flush(unsigned long)
 .text._ZN10USBDevice_C2Ev
                0x00081608       0x24 build-arduino_due_x-SAM3X8E/libcore.a(USBCore.cpp.o)
                0x00081608                USBDevice_::USBDevice_()
                0x00081608                USBDevice_::USBDevice_()
 .text._ZN10USBDevice_6attachEv
                0x0008162c       0x20 build-arduino_due_x-SAM3X8E/libcore.a(USBCore.cpp.o)
                0x0008162c                USBDevice_::attach()
 .text.startup._GLOBAL__sub_I_EndPoints
                0x0008164c        0xc build-arduino_due_x-SAM3X8E/libcore.a(USBCore.cpp.o)
 .text._ZL7USB_ISRv
                0x00081658      0x454 build-arduino_due_x-SAM3X8E/libcore.a(USBCore.cpp.o)
 .text.TimeTick_Increment
                0x00081aac       0x10 build-arduino_due_x-SAM3X8E/libcore.a(timetick.c.o)
                0x00081aac                TimeTick_Increment
 .text.GetTickCount
                0x00081abc        0xc build-arduino_due_x-SAM3X8E/libcore.a(timetick.c.o)
                0x00081abc                GetTickCount
 .text.UDD_SetStack
                0x00081ac8        0xc build-arduino_due_x-SAM3X8E/libcore.a(uotghs_device.c.o)
                0x00081ac8                UDD_SetStack
 .text.UDD_Init
                0x00081ad4       0xc0 build-arduino_due_x-SAM3X8E/libcore.a(uotghs_device.c.o)
                0x00081ad4                UDD_Init
 .text.UDD_Attach
                0x00081b94       0x50 build-arduino_due_x-SAM3X8E/libcore.a(uotghs_device.c.o)
                0x00081b94                UDD_Attach
 .text.UDD_InitEP
                0x00081be4       0x2c build-arduino_due_x-SAM3X8E/libcore.a(uotghs_device.c.o)
                0x00081be4                UDD_InitEP
 .text.UDD_InitEndpoints
                0x00081c10       0x3c build-arduino_due_x-SAM3X8E/libcore.a(uotghs_device.c.o)
                0x00081c10                UDD_InitEndpoints
 .text.UDD_WaitIN
                0x00081c4c       0x10 build-arduino_due_x-SAM3X8E/libcore.a(uotghs_device.c.o)
                0x00081c4c                UDD_WaitIN
 .text.UDD_WaitOUT
                0x00081c5c       0x10 build-arduino_due_x-SAM3X8E/libcore.a(uotghs_device.c.o)
                0x00081c5c                UDD_WaitOUT
 .text.UDD_ClearIN
                0x00081c6c       0x18 build-arduino_due_x-SAM3X8E/libcore.a(uotghs_device.c.o)
                0x00081c6c                UDD_ClearIN
 .text.UDD_ClearOUT
                0x00081c84       0x18 build-arduino_due_x-SAM3X8E/libcore.a(uotghs_device.c.o)
                0x00081c84                UDD_ClearOUT
 .text.UDD_ReceivedSetupInt
                0x00081c9c       0x10 build-arduino_due_x-SAM3X8E/libcore.a(uotghs_device.c.o)
                0x00081c9c                UDD_ReceivedSetupInt
 .text.UDD_ClearSetupInt
                0x00081cac       0x10 build-arduino_due_x-SAM3X8E/libcore.a(uotghs_device.c.o)
                0x00081cac                UDD_ClearSetupInt
 .text.UDD_Send
                0x00081cbc       0x84 build-arduino_due_x-SAM3X8E/libcore.a(uotghs_device.c.o)
                0x00081cbc                UDD_Send
 .text.UDD_Send8
                0x00081d40       0x24 build-arduino_due_x-SAM3X8E/libcore.a(uotghs_device.c.o)
                0x00081d40                UDD_Send8
 .text.UDD_Recv8
                0x00081d64       0x28 build-arduino_due_x-SAM3X8E/libcore.a(uotghs_device.c.o)
                0x00081d64                UDD_Recv8
 .text.UDD_Recv
                0x00081d8c       0x34 build-arduino_due_x-SAM3X8E/libcore.a(uotghs_device.c.o)
                0x00081d8c                UDD_Recv
 .text.UDD_Stall
                0x00081dc0       0x14 build-arduino_due_x-SAM3X8E/libcore.a(uotghs_device.c.o)
                0x00081dc0                UDD_Stall
 .text.UDD_FifoByteCount
                0x00081dd4       0x14 build-arduino_due_x-SAM3X8E/libcore.a(uotghs_device.c.o)
                0x00081dd4                UDD_FifoByteCount
 .text.UDD_ReleaseRX
                0x00081de8       0x28 build-arduino_due_x-SAM3X8E/libcore.a(uotghs_device.c.o)
                0x00081de8                UDD_ReleaseRX
 .text.UDD_ReleaseTX
                0x00081e10       0x28 build-arduino_due_x-SAM3X8E/libcore.a(uotghs_device.c.o)
                0x00081e10                UDD_ReleaseTX
 .text.UDD_SetAddress
                0x00081e38       0x20 build-arduino_due_x-SAM3X8E/libcore.a(uotghs_device.c.o)
                0x00081e38                UDD_SetAddress
 .text.WDT_Disable
                0x00081e58        0x8 build-arduino_due_x-SAM3X8E/libcore.a(wdt.c.o)
                0x00081e58                WDT_Disable
 .text._ZN7Serial_9availableEv
                0x00081e60       0x18 build-arduino_due_x-SAM3X8E/libcore.a(CDC.cpp.o)
                0x00081e60                Serial_::available()
 .text._ZN7Serial_4peekEv
                0x00081e78       0x20 build-arduino_due_x-SAM3X8E/libcore.a(CDC.cpp.o)
                0x00081e78                Serial_::peek()
 .text._ZN7Serial_5writeEh
                0x00081e98       0x16 build-arduino_due_x-SAM3X8E/libcore.a(CDC.cpp.o)
                0x00081e98                Serial_::write(unsigned char)
 *fill*         0x00081eae        0x2 
 .text._ZN7Serial_4readEv
                0x00081eb0       0x44 build-arduino_due_x-SAM3X8E/libcore.a(CDC.cpp.o)
                0x00081eb0                Serial_::read()
 .text._ZN7Serial_5flushEv
                0x00081ef4        0x6 build-arduino_due_x-SAM3X8E/libcore.a(CDC.cpp.o)
                0x00081ef4                Serial_::flush()
 *fill*         0x00081efa        0x2 
 .text._ZN7Serial_6acceptEv
                0x00081efc       0x70 build-arduino_due_x-SAM3X8E/libcore.a(CDC.cpp.o)
                0x00081efc                Serial_::accept()
 .text._ZN7Serial_5writeEPKhj
                0x00081f6c       0x2c build-arduino_due_x-SAM3X8E/libcore.a(CDC.cpp.o)
                0x00081f6c                Serial_::write(unsigned char const*, unsigned int)
 .text._Z16CDC_GetInterfacePh
                0x00081f98       0x14 build-arduino_due_x-SAM3X8E/libcore.a(CDC.cpp.o)
                0x00081f98                CDC_GetInterface(unsigned char*)
 .text._Z21CDC_GetOtherInterfacePh
                0x00081fac       0x14 build-arduino_due_x-SAM3X8E/libcore.a(CDC.cpp.o)
                0x00081fac                CDC_GetOtherInterface(unsigned char*)
 .text._Z9CDC_SetupR8USBSetup
                0x00081fc0       0x78 build-arduino_due_x-SAM3X8E/libcore.a(CDC.cpp.o)
                0x00081fc0                CDC_Setup(USBSetup&)
 .text.startup._GLOBAL__sub_I_cdc_rx_buffer
                0x00082038       0x1c build-arduino_due_x-SAM3X8E/libcore.a(CDC.cpp.o)
 .text._ZN13PluggableUSB_12getInterfaceEPh
                0x00082054       0x28 build-arduino_due_x-SAM3X8E/libcore.a(PluggableUSB.cpp.o)
                0x00082054                PluggableUSB_::getInterface(unsigned char*)
 .text._ZN13PluggableUSB_13getDescriptorER8USBSetup
                0x0008207c       0x1c build-arduino_due_x-SAM3X8E/libcore.a(PluggableUSB.cpp.o)
                0x0008207c                PluggableUSB_::getDescriptor(USBSetup&)
 .text._ZN13PluggableUSB_12getShortNameEPc
                0x00082098       0x1c build-arduino_due_x-SAM3X8E/libcore.a(PluggableUSB.cpp.o)
                0x00082098                PluggableUSB_::getShortName(char*)
 .text._ZN13PluggableUSB_5setupER8USBSetup
                0x000820b4       0x20 build-arduino_due_x-SAM3X8E/libcore.a(PluggableUSB.cpp.o)
                0x000820b4                PluggableUSB_::setup(USBSetup&)
 .text._Z12PluggableUSBv
                0x000820d4       0x28 build-arduino_due_x-SAM3X8E/libcore.a(PluggableUSB.cpp.o)
                0x000820d4                PluggableUSB()
 .text.__fpclassifyd
                0x000820fc       0x50 c:/users/baciu/appdata/local/arduino15/packages/arduino/tools/arm-none-eabi-gcc/4.8.3-2014q1/bin/../lib/gcc/arm-none-eabi/4.8.3/../../../../arm-none-eabi/lib/armv7-m\libm.a(lib_a-s_fpclassify.o)
                0x000820fc                __fpclassifyd
 .text          0x0008214c      0x370 c:/users/baciu/appdata/local/arduino15/packages/arduino/tools/arm-none-eabi-gcc/4.8.3-2014q1/bin/../lib/gcc/arm-none-eabi/4.8.3/armv7-m\libgcc.a(_arm_addsubdf3.o)
                0x0008214c                __aeabi_drsub
                0x00082154                __aeabi_dsub
                0x00082154                __subdf3
                0x00082158                __aeabi_dadd
                0x00082158                __adddf3
                0x000823d0                __floatunsidf
                0x000823d0                __aeabi_ui2d
                0x000823f0                __floatsidf
                0x000823f0                __aeabi_i2d
                0x00082414                __aeabi_f2d
                0x00082414                __extendsfdf2
                0x00082450                __floatundidf
                0x00082450                __aeabi_ul2d
                0x00082460                __floatdidf
                0x00082460                __aeabi_l2d
 .text          0x000824bc      0x424 c:/users/baciu/appdata/local/arduino15/packages/arduino/tools/arm-none-eabi-gcc/4.8.3-2014q1/bin/../lib/gcc/arm-none-eabi/4.8.3/armv7-m\libgcc.a(_arm_muldivdf3.o)
                0x000824bc                __aeabi_dmul
                0x000824bc                __muldf3
                0x00082710                __divdf3
                0x00082710                __aeabi_ddiv
 .text          0x000828e0      0x110 c:/users/baciu/appdata/local/arduino15/packages/arduino/tools/arm-none-eabi-gcc/4.8.3-2014q1/bin/../lib/gcc/arm-none-eabi/4.8.3/armv7-m\libgcc.a(_arm_cmpdf2.o)
                0x000828e0                __gtdf2
                0x000828e0                __gedf2
                0x000828e8                __ltdf2
                0x000828e8                __ledf2
                0x000828f0                __nedf2
                0x000828f0                __eqdf2
                0x000828f0                __cmpdf2
                0x0008296c                __aeabi_cdrcmple
                0x0008297c                __aeabi_cdcmpeq
                0x0008297c                __aeabi_cdcmple
                0x0008298c                __aeabi_dcmpeq
                0x000829a0                __aeabi_dcmplt
                0x000829b4                __aeabi_dcmple
                0x000829c8                __aeabi_dcmpge
                0x000829dc                __aeabi_dcmpgt
 .text          0x000829f0       0x50 c:/users/baciu/appdata/local/arduino15/packages/arduino/tools/arm-none-eabi-gcc/4.8.3-2014q1/bin/../lib/gcc/arm-none-eabi/4.8.3/armv7-m\libgcc.a(_arm_fixdfsi.o)
                0x000829f0                __aeabi_d2iz
                0x000829f0                __fixdfsi
 .text          0x00082a40      0x2a0 c:/users/baciu/appdata/local/arduino15/packages/arduino/tools/arm-none-eabi-gcc/4.8.3-2014q1/bin/../lib/gcc/arm-none-eabi/4.8.3/armv7-m\libgcc.a(_arm_muldivsf3.o)
                0x00082a40                __mulsf3
                0x00082a40                __aeabi_fmul
                0x00082ba8                __aeabi_fdiv
                0x00082ba8                __divsf3
 .text          0x00082ce0       0xec c:/users/baciu/appdata/local/arduino15/packages/arduino/tools/arm-none-eabi-gcc/4.8.3-2014q1/bin/../lib/gcc/arm-none-eabi/4.8.3/armv7-m\libgcc.a(_arm_cmpsf2.o)
                0x00082ce0                __gesf2
                0x00082ce0                __gtsf2
                0x00082ce8                __lesf2
                0x00082ce8                __ltsf2
                0x00082cf0                __nesf2
                0x00082cf0                __eqsf2
                0x00082cf0                __cmpsf2
                0x00082d50                __aeabi_cfrcmple
                0x00082d58                __aeabi_cfcmpeq
                0x00082d58                __aeabi_cfcmple
                0x00082d68                __aeabi_fcmpeq
                0x00082d7c                __aeabi_fcmplt
                0x00082d90                __aeabi_fcmple
                0x00082da4                __aeabi_fcmpge
                0x00082db8                __aeabi_fcmpgt
 .text.atoi     0x00082dcc        0x8 c:/users/baciu/appdata/local/arduino15/packages/arduino/tools/arm-none-eabi-gcc/4.8.3-2014q1/bin/../lib/gcc/arm-none-eabi/4.8.3/../../../../arm-none-eabi/lib/armv7-m\libc.a(lib_a-atoi.o)
                0x00082dcc                atoi
 .text.__libc_init_array
                0x00082dd4       0x50 c:/users/baciu/appdata/local/arduino15/packages/arduino/tools/arm-none-eabi-gcc/4.8.3-2014q1/bin/../lib/gcc/arm-none-eabi/4.8.3/../../../../arm-none-eabi/lib/armv7-m\libc.a(lib_a-init.o)
                0x00082dd4                __libc_init_array
 .text.iprintf  0x00082e24       0x28 c:/users/baciu/appdata/local/arduino15/packages/arduino/tools/arm-none-eabi-gcc/4.8.3-2014q1/bin/../lib/gcc/arm-none-eabi/4.8.3/../../../../arm-none-eabi/lib/armv7-m\libc.a(lib_a-iprintf.o)
                0x00082e24                iprintf
 .text          0x00082e4c       0xec c:/users/baciu/appdata/local/arduino15/packages/arduino/tools/arm-none-eabi-gcc/4.8.3-2014q1/bin/../lib/gcc/arm-none-eabi/4.8.3/../../../../arm-none-eabi/lib/armv7-m\libc.a(lib_a-memcpy.o)
                0x00082e4c                memcpy
 .text.memset   0x00082f38       0x94 c:/users/baciu/appdata/local/arduino15/packages/arduino/tools/arm-none-eabi-gcc/4.8.3-2014q1/bin/../lib/gcc/arm-none-eabi/4.8.3/../../../../arm-none-eabi/lib/armv7-m\libc.a(lib_a-memset.o)
                0x00082f38                memset
 .text.strlen   0x00082fcc       0x60 c:/users/baciu/appdata/local/arduino15/packages/arduino/tools/arm-none-eabi-gcc/4.8.3-2014q1/bin/../lib/gcc/arm-none-eabi/4.8.3/../../../../arm-none-eabi/lib/armv7-m\libc.a(lib_a-strlen.o)
                0x00082fcc                strlen
 .text.strncmp  0x0008302c       0xb4 c:/users/baciu/appdata/local/arduino15/packages/arduino/tools/arm-none-eabi-gcc/4.8.3-2014q1/bin/../lib/gcc/arm-none-eabi/4.8.3/../../../../arm-none-eabi/lib/armv7-m\libc.a(lib_a-strncmp.o)
                0x0008302c                strncmp
 .text.strnlen  0x000830e0       0x30 c:/users/baciu/appdata/local/arduino15/packages/arduino/tools/arm-none-eabi-gcc/4.8.3-2014q1/bin/../lib/gcc/arm-none-eabi/4.8.3/../../../../arm-none-eabi/lib/armv7-m\libc.a(lib_a-strnlen.o)
                0x000830e0                strnlen
 .text.strtok   0x00083110       0x10 c:/users/baciu/appdata/local/arduino15/packages/arduino/tools/arm-none-eabi-gcc/4.8.3-2014q1/bin/../lib/gcc/arm-none-eabi/4.8.3/../../../../arm-none-eabi/lib/armv7-m\libc.a(lib_a-strtok.o)
                0x00083110                strtok
 .text.__strtok_r
                0x00083120       0x64 c:/users/baciu/appdata/local/arduino15/packages/arduino/tools/arm-none-eabi-gcc/4.8.3-2014q1/bin/../lib/gcc/arm-none-eabi/4.8.3/../../../../arm-none-eabi/lib/armv7-m\libc.a(lib_a-strtok_r.o)
                0x00083120                __strtok_r
 .text._strtol_r
                0x00083184      0x114 c:/users/baciu/appdata/local/arduino15/packages/arduino/tools/arm-none-eabi-gcc/4.8.3-2014q1/bin/../lib/gcc/arm-none-eabi/4.8.3/../../../../arm-none-eabi/lib/armv7-m\libc.a(lib_a-strtol.o)
                0x00083184                _strtol_r
 .text.strtol   0x00083298       0x18 c:/users/baciu/appdata/local/arduino15/packages/arduino/tools/arm-none-eabi-gcc/4.8.3-2014q1/bin/../lib/gcc/arm-none-eabi/4.8.3/../../../../arm-none-eabi/lib/armv7-m\libc.a(lib_a-strtol.o)
                0x00083298                strtol
 .text.kill     0x000832b0       0x10 c:/users/baciu/appdata/local/arduino15/packages/arduino/tools/arm-none-eabi-gcc/4.8.3-2014q1/bin/../lib/gcc/arm-none-eabi/4.8.3/../../../../arm-none-eabi/lib/armv7-m\libc.a(lib_a-syskill.o)
                0x000832b0                kill
 .text.__sprint_r.part.0
                0x000832c0       0x78 c:/users/baciu/appdata/local/arduino15/packages/arduino/tools/arm-none-eabi-gcc/4.8.3-2014q1/bin/../lib/gcc/arm-none-eabi/4.8.3/../../../../arm-none-eabi/lib/armv7-m\libc.a(lib_a-vfiprintf.o)
 .text._vfiprintf_r
                0x00083338      0xc54 c:/users/baciu/appdata/local/arduino15/packages/arduino/tools/arm-none-eabi-gcc/4.8.3-2014q1/bin/../lib/gcc/arm-none-eabi/4.8.3/../../../../arm-none-eabi/lib/armv7-m\libc.a(lib_a-vfiprintf.o)
                0x00083338                _vfiprintf_r
 .text.__sbprintf
                0x00083f8c       0x7c c:/users/baciu/appdata/local/arduino15/packages/arduino/tools/arm-none-eabi-gcc/4.8.3-2014q1/bin/../lib/gcc/arm-none-eabi/4.8.3/../../../../arm-none-eabi/lib/armv7-m\libc.a(lib_a-vfiprintf.o)
 .text._vsnprintf_r
                0x00084008       0x54 c:/users/baciu/appdata/local/arduino15/packages/arduino/tools/arm-none-eabi-gcc/4.8.3-2014q1/bin/../lib/gcc/arm-none-eabi/4.8.3/../../../../arm-none-eabi/lib/armv7-m\libc.a(lib_a-vsnprintf.o)
                0x00084008                _vsnprintf_r
 .text.vsnprintf
                0x0008405c       0x24 c:/users/baciu/appdata/local/arduino15/packages/arduino/tools/arm-none-eabi-gcc/4.8.3-2014q1/bin/../lib/gcc/arm-none-eabi/4.8.3/../../../../arm-none-eabi/lib/armv7-m\libc.a(lib_a-vsnprintf.o)
                0x0008405c                vsnprintf
 .text.__swsetup_r
                0x00084080       0xc4 c:/users/baciu/appdata/local/arduino15/packages/arduino/tools/arm-none-eabi-gcc/4.8.3-2014q1/bin/../lib/gcc/arm-none-eabi/4.8.3/../../../../arm-none-eabi/lib/armv7-m\libc.a(lib_a-wsetup.o)
                0x00084080                __swsetup_r
 .text.startup.register_fini
                0x00084144       0x14 c:/users/baciu/appdata/local/arduino15/packages/arduino/tools/arm-none-eabi-gcc/4.8.3-2014q1/bin/../lib/gcc/arm-none-eabi/4.8.3/../../../../arm-none-eabi/lib/armv7-m\libc.a(lib_a-__call_atexit.o)
 .text.atexit   0x00084158        0xc c:/users/baciu/appdata/local/arduino15/packages/arduino/tools/arm-none-eabi-gcc/4.8.3-2014q1/bin/../lib/gcc/arm-none-eabi/4.8.3/../../../../arm-none-eabi/lib/armv7-m\libc.a(lib_a-atexit.o)
                0x00084158                atexit
 .text.__sflush_r
                0x00084164      0x148 c:/users/baciu/appdata/local/arduino15/packages/arduino/tools/arm-none-eabi-gcc/4.8.3-2014q1/bin/../lib/gcc/arm-none-eabi/4.8.3/../../../../arm-none-eabi/lib/armv7-m\libc.a(lib_a-fflush.o)
                0x00084164                __sflush_r
 .text._fflush_r
                0x000842ac       0x2c c:/users/baciu/appdata/local/arduino15/packages/arduino/tools/arm-none-eabi-gcc/4.8.3-2014q1/bin/../lib/gcc/arm-none-eabi/4.8.3/../../../../arm-none-eabi/lib/armv7-m\libc.a(lib_a-fflush.o)
                0x000842ac                _fflush_r
 .text._cleanup_r
                0x000842d8        0xc c:/users/baciu/appdata/local/arduino15/packages/arduino/tools/arm-none-eabi-gcc/4.8.3-2014q1/bin/../lib/gcc/arm-none-eabi/4.8.3/../../../../arm-none-eabi/lib/armv7-m\libc.a(lib_a-findfp.o)
                0x000842d8                _cleanup_r
 .text.__sinit  0x000842e4       0xf4 c:/users/baciu/appdata/local/arduino15/packages/arduino/tools/arm-none-eabi-gcc/4.8.3-2014q1/bin/../lib/gcc/arm-none-eabi/4.8.3/../../../../arm-none-eabi/lib/armv7-m\libc.a(lib_a-findfp.o)
                0x000842e4                __sinit
 .text.__sfp_lock_acquire
                0x000843d8        0x4 c:/users/baciu/appdata/local/arduino15/packages/arduino/tools/arm-none-eabi-gcc/4.8.3-2014q1/bin/../lib/gcc/arm-none-eabi/4.8.3/../../../../arm-none-eabi/lib/armv7-m\libc.a(lib_a-findfp.o)
                0x000843d8                __sfp_lock_acquire
 .text.__sfp_lock_release
                0x000843dc        0x4 c:/users/baciu/appdata/local/arduino15/packages/arduino/tools/arm-none-eabi-gcc/4.8.3-2014q1/bin/../lib/gcc/arm-none-eabi/4.8.3/../../../../arm-none-eabi/lib/armv7-m\libc.a(lib_a-findfp.o)
                0x000843dc                __sfp_lock_release
 .text.__libc_fini_array
                0x000843e0       0x30 c:/users/baciu/appdata/local/arduino15/packages/arduino/tools/arm-none-eabi-gcc/4.8.3-2014q1/bin/../lib/gcc/arm-none-eabi/4.8.3/../../../../arm-none-eabi/lib/armv7-m\libc.a(lib_a-fini.o)
                0x000843e0                __libc_fini_array
 .text._fputwc_r
                0x00084410       0xc0 c:/users/baciu/appdata/local/arduino15/packages/arduino/tools/arm-none-eabi-gcc/4.8.3-2014q1/bin/../lib/gcc/arm-none-eabi/4.8.3/../../../../arm-none-eabi/lib/armv7-m\libc.a(lib_a-fputwc.o)
                0x00084410                _fputwc_r
 .text._malloc_trim_r
                0x000844d0       0x9c c:/users/baciu/appdata/local/arduino15/packages/arduino/tools/arm-none-eabi-gcc/4.8.3-2014q1/bin/../lib/gcc/arm-none-eabi/4.8.3/../../../../arm-none-eabi/lib/armv7-m\libc.a(lib_a-freer.o)
                0x000844d0                _malloc_trim_r
 .text._free_r  0x0008456c      0x198 c:/users/baciu/appdata/local/arduino15/packages/arduino/tools/arm-none-eabi-gcc/4.8.3-2014q1/bin/../lib/gcc/arm-none-eabi/4.8.3/../../../../arm-none-eabi/lib/armv7-m\libc.a(lib_a-freer.o)
                0x0008456c                _free_r
 .text.__sfvwrite_r
                0x00084704      0x314 c:/users/baciu/appdata/local/arduino15/packages/arduino/tools/arm-none-eabi-gcc/4.8.3-2014q1/bin/../lib/gcc/arm-none-eabi/4.8.3/../../../../arm-none-eabi/lib/armv7-m\libc.a(lib_a-fvwrite.o)
                0x00084704                __sfvwrite_r
 .text._fwalk   0x00084a18       0x48 c:/users/baciu/appdata/local/arduino15/packages/arduino/tools/arm-none-eabi-gcc/4.8.3-2014q1/bin/../lib/gcc/arm-none-eabi/4.8.3/../../../../arm-none-eabi/lib/armv7-m\libc.a(lib_a-fwalk.o)
                0x00084a18                _fwalk
 .text.__locale_charset
                0x00084a60        0x8 c:/users/baciu/appdata/local/arduino15/packages/arduino/tools/arm-none-eabi-gcc/4.8.3-2014q1/bin/../lib/gcc/arm-none-eabi/4.8.3/../../../../arm-none-eabi/lib/armv7-m\libc.a(lib_a-locale.o)
                0x00084a60                __locale_charset
 .text.__locale_mb_cur_max
                0x00084a68        0xc c:/users/baciu/appdata/local/arduino15/packages/arduino/tools/arm-none-eabi-gcc/4.8.3-2014q1/bin/../lib/gcc/arm-none-eabi/4.8.3/../../../../arm-none-eabi/lib/armv7-m\libc.a(lib_a-locale.o)
                0x00084a68                __locale_mb_cur_max
 .text._localeconv_r
                0x00084a74        0x8 c:/users/baciu/appdata/local/arduino15/packages/arduino/tools/arm-none-eabi-gcc/4.8.3-2014q1/bin/../lib/gcc/arm-none-eabi/4.8.3/../../../../arm-none-eabi/lib/armv7-m\libc.a(lib_a-locale.o)
                0x00084a74                _localeconv_r
 .text.__smakebuf_r
                0x00084a7c       0xe0 c:/users/baciu/appdata/local/arduino15/packages/arduino/tools/arm-none-eabi-gcc/4.8.3-2014q1/bin/../lib/gcc/arm-none-eabi/4.8.3/../../../../arm-none-eabi/lib/armv7-m\libc.a(lib_a-makebuf.o)
                0x00084a7c                __smakebuf_r
 .text._malloc_r
                0x00084b5c      0x538 c:/users/baciu/appdata/local/arduino15/packages/arduino/tools/arm-none-eabi-gcc/4.8.3-2014q1/bin/../lib/gcc/arm-none-eabi/4.8.3/../../../../arm-none-eabi/lib/armv7-m\libc.a(lib_a-mallocr.o)
                0x00084b5c                _malloc_r
 .text.memchr   0x00085094       0x94 c:/users/baciu/appdata/local/arduino15/packages/arduino/tools/arm-none-eabi-gcc/4.8.3-2014q1/bin/../lib/gcc/arm-none-eabi/4.8.3/../../../../arm-none-eabi/lib/armv7-m\libc.a(lib_a-memchr-stub.o)
                0x00085094                memchr
 .text.memmove  0x00085128       0xcc c:/users/baciu/appdata/local/arduino15/packages/arduino/tools/arm-none-eabi-gcc/4.8.3-2014q1/bin/../lib/gcc/arm-none-eabi/4.8.3/../../../../arm-none-eabi/lib/armv7-m\libc.a(lib_a-memmove.o)
                0x00085128                memmove
 .text.__malloc_lock
                0x000851f4        0x4 c:/users/baciu/appdata/local/arduino15/packages/arduino/tools/arm-none-eabi-gcc/4.8.3-2014q1/bin/../lib/gcc/arm-none-eabi/4.8.3/../../../../arm-none-eabi/lib/armv7-m\libc.a(lib_a-mlock.o)
                0x000851f4                __malloc_lock
 .text.__malloc_unlock
                0x000851f8        0x4 c:/users/baciu/appdata/local/arduino15/packages/arduino/tools/arm-none-eabi-gcc/4.8.3-2014q1/bin/../lib/gcc/arm-none-eabi/4.8.3/../../../../arm-none-eabi/lib/armv7-m\libc.a(lib_a-mlock.o)
                0x000851f8                __malloc_unlock
 .text._realloc_r
                0x000851fc      0x3c0 c:/users/baciu/appdata/local/arduino15/packages/arduino/tools/arm-none-eabi-gcc/4.8.3-2014q1/bin/../lib/gcc/arm-none-eabi/4.8.3/../../../../arm-none-eabi/lib/armv7-m\libc.a(lib_a-reallocr.o)
                0x000851fc                _realloc_r
 .text._sbrk_r  0x000855bc       0x24 c:/users/baciu/appdata/local/arduino15/packages/arduino/tools/arm-none-eabi-gcc/4.8.3-2014q1/bin/../lib/gcc/arm-none-eabi/4.8.3/../../../../arm-none-eabi/lib/armv7-m\libc.a(lib_a-sbrkr.o)
                0x000855bc                _sbrk_r
 .text._kill_r  0x000855e0       0x28 c:/users/baciu/appdata/local/arduino15/packages/arduino/tools/arm-none-eabi-gcc/4.8.3-2014q1/bin/../lib/gcc/arm-none-eabi/4.8.3/../../../../arm-none-eabi/lib/armv7-m\libc.a(lib_a-signalr.o)
                0x000855e0                _kill_r
 .text.__sread  0x00085608       0x24 c:/users/baciu/appdata/local/arduino15/packages/arduino/tools/arm-none-eabi-gcc/4.8.3-2014q1/bin/../lib/gcc/arm-none-eabi/4.8.3/../../../../arm-none-eabi/lib/armv7-m\libc.a(lib_a-stdio.o)
                0x00085608                __sread
 .text.__swrite
                0x0008562c       0x38 c:/users/baciu/appdata/local/arduino15/packages/arduino/tools/arm-none-eabi-gcc/4.8.3-2014q1/bin/../lib/gcc/arm-none-eabi/4.8.3/../../../../arm-none-eabi/lib/armv7-m\libc.a(lib_a-stdio.o)
                0x0008562c                __swrite
 .text.__sseek  0x00085664       0x20 c:/users/baciu/appdata/local/arduino15/packages/arduino/tools/arm-none-eabi-gcc/4.8.3-2014q1/bin/../lib/gcc/arm-none-eabi/4.8.3/../../../../arm-none-eabi/lib/armv7-m\libc.a(lib_a-stdio.o)
                0x00085664                __sseek
 .text.__sclose
                0x00085684        0x8 c:/users/baciu/appdata/local/arduino15/packages/arduino/tools/arm-none-eabi-gcc/4.8.3-2014q1/bin/../lib/gcc/arm-none-eabi/4.8.3/../../../../arm-none-eabi/lib/armv7-m\libc.a(lib_a-stdio.o)
                0x00085684                __sclose
 .text._svfprintf_r
                0x0008568c     0x14e0 c:/users/baciu/appdata/local/arduino15/packages/arduino/tools/arm-none-eabi-gcc/4.8.3-2014q1/bin/../lib/gcc/arm-none-eabi/4.8.3/../../../../arm-none-eabi/lib/armv7-m\libc.a(lib_a-svfprintf.o)
                0x0008568c                _svfprintf_r
 .text.__swbuf_r
                0x00086b6c       0xa8 c:/users/baciu/appdata/local/arduino15/packages/arduino/tools/arm-none-eabi-gcc/4.8.3-2014q1/bin/../lib/gcc/arm-none-eabi/4.8.3/../../../../arm-none-eabi/lib/armv7-m\libc.a(lib_a-wbuf.o)
                0x00086b6c                __swbuf_r
 .text._wcrtomb_r
                0x00086c14       0x50 c:/users/baciu/appdata/local/arduino15/packages/arduino/tools/arm-none-eabi-gcc/4.8.3-2014q1/bin/../lib/gcc/arm-none-eabi/4.8.3/../../../../arm-none-eabi/lib/armv7-m\libc.a(lib_a-wcrtomb.o)
                0x00086c14                _wcrtomb_r
 .text.__ascii_wctomb
                0x00086c64       0x1c c:/users/baciu/appdata/local/arduino15/packages/arduino/tools/arm-none-eabi-gcc/4.8.3-2014q1/bin/../lib/gcc/arm-none-eabi/4.8.3/../../../../arm-none-eabi/lib/armv7-m\libc.a(lib_a-wctomb_r.o)
                0x00086c64                __ascii_wctomb
 .text._write_r
                0x00086c80       0x28 c:/users/baciu/appdata/local/arduino15/packages/arduino/tools/arm-none-eabi-gcc/4.8.3-2014q1/bin/../lib/gcc/arm-none-eabi/4.8.3/../../../../arm-none-eabi/lib/armv7-m\libc.a(lib_a-writer.o)
                0x00086c80                _write_r
 .text.__register_exitproc
                0x00086ca8       0xa8 c:/users/baciu/appdata/local/arduino15/packages/arduino/tools/arm-none-eabi-gcc/4.8.3-2014q1/bin/../lib/gcc/arm-none-eabi/4.8.3/../../../../arm-none-eabi/lib/armv7-m\libc.a(lib_a-__atexit.o)
                0x00086ca8                __register_exitproc
 .text._close_r
                0x00086d50       0x24 c:/users/baciu/appdata/local/arduino15/packages/arduino/tools/arm-none-eabi-gcc/4.8.3-2014q1/bin/../lib/gcc/arm-none-eabi/4.8.3/../../../../arm-none-eabi/lib/armv7-m\libc.a(lib_a-closer.o)
                0x00086d50                _close_r
 .text.quorem   0x00086d74      0x134 c:/users/baciu/appdata/local/arduino15/packages/arduino/tools/arm-none-eabi-gcc/4.8.3-2014q1/bin/../lib/gcc/arm-none-eabi/4.8.3/../../../../arm-none-eabi/lib/armv7-m\libc.a(lib_a-dtoa.o)
 .text._dtoa_r  0x00086ea8      0xe38 c:/users/baciu/appdata/local/arduino15/packages/arduino/tools/arm-none-eabi-gcc/4.8.3-2014q1/bin/../lib/gcc/arm-none-eabi/4.8.3/../../../../arm-none-eabi/lib/armv7-m\libc.a(lib_a-dtoa.o)
                0x00086ea8                _dtoa_r
 .text._fclose_r
                0x00087ce0       0x80 c:/users/baciu/appdata/local/arduino15/packages/arduino/tools/arm-none-eabi-gcc/4.8.3-2014q1/bin/../lib/gcc/arm-none-eabi/4.8.3/../../../../arm-none-eabi/lib/armv7-m\libc.a(lib_a-fclose.o)
                0x00087ce0                _fclose_r
 .text.fclose   0x00087d60       0x10 c:/users/baciu/appdata/local/arduino15/packages/arduino/tools/arm-none-eabi-gcc/4.8.3-2014q1/bin/../lib/gcc/arm-none-eabi/4.8.3/../../../../arm-none-eabi/lib/armv7-m\libc.a(lib_a-fclose.o)
                0x00087d60                fclose
 .text._fstat_r
                0x00087d70       0x28 c:/users/baciu/appdata/local/arduino15/packages/arduino/tools/arm-none-eabi-gcc/4.8.3-2014q1/bin/../lib/gcc/arm-none-eabi/4.8.3/../../../../arm-none-eabi/lib/armv7-m\libc.a(lib_a-fstatr.o)
                0x00087d70                _fstat_r
 .text._isatty_r
                0x00087d98       0x24 c:/users/baciu/appdata/local/arduino15/packages/arduino/tools/arm-none-eabi-gcc/4.8.3-2014q1/bin/../lib/gcc/arm-none-eabi/4.8.3/../../../../arm-none-eabi/lib/armv7-m\libc.a(lib_a-isattyr.o)
                0x00087d98                _isatty_r
 .text._lseek_r
                0x00087dbc       0x28 c:/users/baciu/appdata/local/arduino15/packages/arduino/tools/arm-none-eabi-gcc/4.8.3-2014q1/bin/../lib/gcc/arm-none-eabi/4.8.3/../../../../arm-none-eabi/lib/armv7-m\libc.a(lib_a-lseekr.o)
                0x00087dbc                _lseek_r
 .text._Balloc  0x00087de4       0x4c c:/users/baciu/appdata/local/arduino15/packages/arduino/tools/arm-none-eabi-gcc/4.8.3-2014q1/bin/../lib/gcc/arm-none-eabi/4.8.3/../../../../arm-none-eabi/lib/armv7-m\libc.a(lib_a-mprec.o)
                0x00087de4                _Balloc
 .text._Bfree   0x00087e30       0x14 c:/users/baciu/appdata/local/arduino15/packages/arduino/tools/arm-none-eabi-gcc/4.8.3-2014q1/bin/../lib/gcc/arm-none-eabi/4.8.3/../../../../arm-none-eabi/lib/armv7-m\libc.a(lib_a-mprec.o)
                0x00087e30                _Bfree
 .text.__multadd
                0x00087e44       0x94 c:/users/baciu/appdata/local/arduino15/packages/arduino/tools/arm-none-eabi-gcc/4.8.3-2014q1/bin/../lib/gcc/arm-none-eabi/4.8.3/../../../../arm-none-eabi/lib/armv7-m\libc.a(lib_a-mprec.o)
                0x00087e44                __multadd
 .text.__hi0bits
                0x00087ed8       0x40 c:/users/baciu/appdata/local/arduino15/packages/arduino/tools/arm-none-eabi-gcc/4.8.3-2014q1/bin/../lib/gcc/arm-none-eabi/4.8.3/../../../../arm-none-eabi/lib/armv7-m\libc.a(lib_a-mprec.o)
                0x00087ed8                __hi0bits
 .text.__lo0bits
                0x00087f18       0x5c c:/users/baciu/appdata/local/arduino15/packages/arduino/tools/arm-none-eabi-gcc/4.8.3-2014q1/bin/../lib/gcc/arm-none-eabi/4.8.3/../../../../arm-none-eabi/lib/armv7-m\libc.a(lib_a-mprec.o)
                0x00087f18                __lo0bits
 .text.__i2b    0x00087f74       0x14 c:/users/baciu/appdata/local/arduino15/packages/arduino/tools/arm-none-eabi-gcc/4.8.3-2014q1/bin/../lib/gcc/arm-none-eabi/4.8.3/../../../../arm-none-eabi/lib/armv7-m\libc.a(lib_a-mprec.o)
                0x00087f74                __i2b
 .text.__multiply
                0x00087f88      0x13c c:/users/baciu/appdata/local/arduino15/packages/arduino/tools/arm-none-eabi-gcc/4.8.3-2014q1/bin/../lib/gcc/arm-none-eabi/4.8.3/../../../../arm-none-eabi/lib/armv7-m\libc.a(lib_a-mprec.o)
                0x00087f88                __multiply
 .text.__pow5mult
                0x000880c4       0x9c c:/users/baciu/appdata/local/arduino15/packages/arduino/tools/arm-none-eabi-gcc/4.8.3-2014q1/bin/../lib/gcc/arm-none-eabi/4.8.3/../../../../arm-none-eabi/lib/armv7-m\libc.a(lib_a-mprec.o)
                0x000880c4                __pow5mult
 .text.__lshift
                0x00088160       0xbc c:/users/baciu/appdata/local/arduino15/packages/arduino/tools/arm-none-eabi-gcc/4.8.3-2014q1/bin/../lib/gcc/arm-none-eabi/4.8.3/../../../../arm-none-eabi/lib/armv7-m\libc.a(lib_a-mprec.o)
                0x00088160                __lshift
 .text.__mcmp   0x0008821c       0x48 c:/users/baciu/appdata/local/arduino15/packages/arduino/tools/arm-none-eabi-gcc/4.8.3-2014q1/bin/../lib/gcc/arm-none-eabi/4.8.3/../../../../arm-none-eabi/lib/armv7-m\libc.a(lib_a-mprec.o)
                0x0008821c                __mcmp
 .text.__mdiff  0x00088264       0xd8 c:/users/baciu/appdata/local/arduino15/packages/arduino/tools/arm-none-eabi-gcc/4.8.3-2014q1/bin/../lib/gcc/arm-none-eabi/4.8.3/../../../../arm-none-eabi/lib/armv7-m\libc.a(lib_a-mprec.o)
                0x00088264                __mdiff
 .text.__d2b    0x0008833c       0xbc c:/users/baciu/appdata/local/arduino15/packages/arduino/tools/arm-none-eabi-gcc/4.8.3-2014q1/bin/../lib/gcc/arm-none-eabi/4.8.3/../../../../arm-none-eabi/lib/armv7-m\libc.a(lib_a-mprec.o)
                0x0008833c                __d2b
 .text._read_r  0x000883f8       0x28 c:/users/baciu/appdata/local/arduino15/packages/arduino/tools/arm-none-eabi-gcc/4.8.3-2014q1/bin/../lib/gcc/arm-none-eabi/4.8.3/../../../../arm-none-eabi/lib/armv7-m\libc.a(lib_a-readr.o)
                0x000883f8                _read_r
 .text.__ssprint_r
                0x00088420      0x100 c:/users/baciu/appdata/local/arduino15/packages/arduino/tools/arm-none-eabi-gcc/4.8.3-2014q1/bin/../lib/gcc/arm-none-eabi/4.8.3/../../../../arm-none-eabi/lib/armv7-m\libc.a(lib_a-svfiprintf.o)
                0x00088420                __ssprint_r
 .text._calloc_r
                0x00088520       0x60 c:/users/baciu/appdata/local/arduino15/packages/arduino/tools/arm-none-eabi-gcc/4.8.3-2014q1/bin/../lib/gcc/arm-none-eabi/4.8.3/../../../../arm-none-eabi/lib/armv7-m\libc.a(lib_a-callocr.o)
                0x00088520                _calloc_r
 .text          0x00088580       0x2c c:/users/baciu/appdata/local/arduino15/packages/arduino/tools/arm-none-eabi-gcc/4.8.3-2014q1/bin/../lib/gcc/arm-none-eabi/4.8.3/armv7-m\libgcc.a(_aeabi_uldivmod.o)
                0x00088580                __aeabi_uldivmod
 .text          0x000885ac       0x60 c:/users/baciu/appdata/local/arduino15/packages/arduino/tools/arm-none-eabi-gcc/4.8.3-2014q1/bin/../lib/gcc/arm-none-eabi/4.8.3/armv7-m\libgcc.a(bpabi.o)
                0x000885ac                __gnu_ldivmod_helper
                0x000885dc                __gnu_uldivmod_helper
 .text          0x0008860c        0x4 c:/users/baciu/appdata/local/arduino15/packages/arduino/tools/arm-none-eabi-gcc/4.8.3-2014q1/bin/../lib/gcc/arm-none-eabi/4.8.3/armv7-m\libgcc.a(_dvmd_tls.o)
                0x0008860c                __aeabi_idiv0
                0x0008860c                __aeabi_ldiv0
 .text          0x00088610      0x2a0 c:/users/baciu/appdata/local/arduino15/packages/arduino/tools/arm-none-eabi-gcc/4.8.3-2014q1/bin/../lib/gcc/arm-none-eabi/4.8.3/armv7-m\libgcc.a(_divdi3.o)
                0x00088610                __divdi3
 .text          0x000888b0      0x290 c:/users/baciu/appdata/local/arduino15/packages/arduino/tools/arm-none-eabi-gcc/4.8.3-2014q1/bin/../lib/gcc/arm-none-eabi/4.8.3/armv7-m\libgcc.a(_udivdi3.o)
                0x000888b0                __udivdi3
 *(.glue_7t)
 .glue_7t       0x00000000        0x0 linker stubs
 *(.glue_7)
 .glue_7        0x00000000        0x0 linker stubs
 *(.rodata .rodata* .gnu.linkonce.r.*)
 .rodata.str1.1
                0x00088b40      0x4ac build-arduino_due_x-SAM3X8E/internally_implemented.cpp.o
                                0x4b1 (size before relaxing)
 .rodata.str1.1
                0x00088fec       0x56 build-arduino_due_x-SAM3X8E/submitter_implemented.cpp.o
                                 0x69 (size before relaxing)
 *fill*         0x00089042        0x2 
 .rodata.g_APinDescription
                0x00089044      0xa2c build-arduino_due_x-SAM3X8E/libcore.a(variant.cpp.o)
                0x00089044                g_APinDescription
 .rodata        0x00089a70       0x40 build-arduino_due_x-SAM3X8E/libcore.a(adc.c.o)
 .rodata.str1.1
                0x00089ab0       0x19 build-arduino_due_x-SAM3X8E/libcore.a(syscalls_sam3.c.o)
 *fill*         0x00089ac9        0x7 
 .rodata._ZTV9UARTClass
                0x00089ad0       0x30 build-arduino_due_x-SAM3X8E/libcore.a(UARTClass.cpp.o)
                0x00089ad0                vtable for UARTClass
 .rodata._ZTV10USARTClass
                0x00089b00       0x30 build-arduino_due_x-SAM3X8E/libcore.a(USARTClass.cpp.o)
                0x00089b00                vtable for USARTClass
 .rodata.STRING_PRODUCT
                0x00089b30        0xc build-arduino_due_x-SAM3X8E/libcore.a(USBCore.cpp.o)
                0x00089b30                STRING_PRODUCT
 .rodata.USB_DeviceDescriptor
                0x00089b3c       0x12 build-arduino_due_x-SAM3X8E/libcore.a(USBCore.cpp.o)
                0x00089b3c                USB_DeviceDescriptor
 .rodata.STRING_LANGUAGE
                0x00089b4e        0x4 build-arduino_due_x-SAM3X8E/libcore.a(USBCore.cpp.o)
                0x00089b4e                STRING_LANGUAGE
 .rodata._ZL18test_packet_buffer
                0x00089b52       0x35 build-arduino_due_x-SAM3X8E/libcore.a(USBCore.cpp.o)
 .rodata.STRING_MANUFACTURER
                0x00089b87        0xc build-arduino_due_x-SAM3X8E/libcore.a(USBCore.cpp.o)
                0x00089b87                STRING_MANUFACTURER
 .rodata.USB_DeviceDescriptorA
                0x00089b93       0x12 build-arduino_due_x-SAM3X8E/libcore.a(USBCore.cpp.o)
                0x00089b93                USB_DeviceDescriptorA
 .rodata._ZL19USB_DeviceQualifier
                0x00089ba5        0x9 build-arduino_due_x-SAM3X8E/libcore.a(USBCore.cpp.o)
 *fill*         0x00089bae        0x2 
 .rodata._ZTV7Serial_
                0x00089bb0       0x28 build-arduino_due_x-SAM3X8E/libcore.a(CDC.cpp.o)
                0x00089bb0                vtable for Serial_
 .rodata._ZL18_cdcOtherInterface
                0x00089bd8       0x42 build-arduino_due_x-SAM3X8E/libcore.a(CDC.cpp.o)
 .rodata._ZL13_cdcInterface
                0x00089c1a       0x42 build-arduino_due_x-SAM3X8E/libcore.a(CDC.cpp.o)
 .rodata.str1.4
                0x00089c5c        0x2 c:/users/baciu/appdata/local/arduino15/packages/arduino/tools/arm-none-eabi-gcc/4.8.3-2014q1/bin/../lib/gcc/arm-none-eabi/4.8.3/../../../../arm-none-eabi/lib/armv7-m\libc.a(lib_a-impure.o)
                                  0x4 (size before relaxing)
 *fill*         0x00089c5e        0x2 
 .rodata._global_impure_ptr
                0x00089c60        0x4 c:/users/baciu/appdata/local/arduino15/packages/arduino/tools/arm-none-eabi-gcc/4.8.3-2014q1/bin/../lib/gcc/arm-none-eabi/4.8.3/../../../../arm-none-eabi/lib/armv7-m\libc.a(lib_a-impure.o)
                0x00089c60                _global_impure_ptr
 .rodata.blanks.6717
                0x00089c64       0x10 c:/users/baciu/appdata/local/arduino15/packages/arduino/tools/arm-none-eabi-gcc/4.8.3-2014q1/bin/../lib/gcc/arm-none-eabi/4.8.3/../../../../arm-none-eabi/lib/armv7-m\libc.a(lib_a-vfiprintf.o)
 .rodata.str1.4
                0x00089c74       0x2f c:/users/baciu/appdata/local/arduino15/packages/arduino/tools/arm-none-eabi-gcc/4.8.3-2014q1/bin/../lib/gcc/arm-none-eabi/4.8.3/../../../../arm-none-eabi/lib/armv7-m\libc.a(lib_a-vfiprintf.o)
                                 0x30 (size before relaxing)
 *fill*         0x00089ca3        0x1 
 .rodata.zeroes.6718
                0x00089ca4       0x10 c:/users/baciu/appdata/local/arduino15/packages/arduino/tools/arm-none-eabi-gcc/4.8.3-2014q1/bin/../lib/gcc/arm-none-eabi/4.8.3/../../../../arm-none-eabi/lib/armv7-m\libc.a(lib_a-vfiprintf.o)
 .rodata._ctype_
                0x00089cb4      0x104 c:/users/baciu/appdata/local/arduino15/packages/arduino/tools/arm-none-eabi-gcc/4.8.3-2014q1/bin/../lib/gcc/arm-none-eabi/4.8.3/../../../../arm-none-eabi/lib/armv7-m\libc.a(lib_a-ctype_.o)
                0x00089cb4                _ctype_
 .rodata.str1.4
                0x00089db8        0xa c:/users/baciu/appdata/local/arduino15/packages/arduino/tools/arm-none-eabi-gcc/4.8.3-2014q1/bin/../lib/gcc/arm-none-eabi/4.8.3/../../../../arm-none-eabi/lib/armv7-m\libc.a(lib_a-locale.o)
                                 0x14 (size before relaxing)
 *fill*         0x00089dc2        0x2 
 .rodata.zeroes.6760
                0x00089dc4       0x10 c:/users/baciu/appdata/local/arduino15/packages/arduino/tools/arm-none-eabi-gcc/4.8.3-2014q1/bin/../lib/gcc/arm-none-eabi/4.8.3/../../../../arm-none-eabi/lib/armv7-m\libc.a(lib_a-svfprintf.o)
 .rodata.str1.4
                0x00089dd4       0x12 c:/users/baciu/appdata/local/arduino15/packages/arduino/tools/arm-none-eabi-gcc/4.8.3-2014q1/bin/../lib/gcc/arm-none-eabi/4.8.3/../../../../arm-none-eabi/lib/armv7-m\libc.a(lib_a-svfprintf.o)
                                 0x44 (size before relaxing)
 *fill*         0x00089de6        0x2 
 .rodata.blanks.6759
                0x00089de8       0x10 c:/users/baciu/appdata/local/arduino15/packages/arduino/tools/arm-none-eabi-gcc/4.8.3-2014q1/bin/../lib/gcc/arm-none-eabi/4.8.3/../../../../arm-none-eabi/lib/armv7-m\libc.a(lib_a-svfprintf.o)
 .rodata.str1.4
                0x00089df8       0x10 c:/users/baciu/appdata/local/arduino15/packages/arduino/tools/arm-none-eabi-gcc/4.8.3-2014q1/bin/../lib/gcc/arm-none-eabi/4.8.3/../../../../arm-none-eabi/lib/armv7-m\libc.a(lib_a-dtoa.o)
                                 0x14 (size before relaxing)
 .rodata.__mprec_tens
                0x00089e08       0xc8 c:/users/baciu/appdata/local/arduino15/packages/arduino/tools/arm-none-eabi-gcc/4.8.3-2014q1/bin/../lib/gcc/arm-none-eabi/4.8.3/../../../../arm-none-eabi/lib/armv7-m\libc.a(lib_a-mprec.o)
                0x00089e08                __mprec_tens
 .rodata.__mprec_bigtens
                0x00089ed0       0x28 c:/users/baciu/appdata/local/arduino15/packages/arduino/tools/arm-none-eabi-gcc/4.8.3-2014q1/bin/../lib/gcc/arm-none-eabi/4.8.3/../../../../arm-none-eabi/lib/armv7-m\libc.a(lib_a-mprec.o)
                0x00089ed0                __mprec_bigtens
 .rodata.p05.5266
                0x00089ef8        0xc c:/users/baciu/appdata/local/arduino15/packages/arduino/tools/arm-none-eabi-gcc/4.8.3-2014q1/bin/../lib/gcc/arm-none-eabi/4.8.3/../../../../arm-none-eabi/lib/armv7-m\libc.a(lib_a-mprec.o)
 *(.ARM.extab* .gnu.linkonce.armextab.*)
                0x00089f04                . = ALIGN (0x4)
 *(.init)
 .init          0x00089f04        0x4 c:/users/baciu/appdata/local/arduino15/packages/arduino/tools/arm-none-eabi-gcc/4.8.3-2014q1/bin/../lib/gcc/arm-none-eabi/4.8.3/armv7-m/crti.o
                0x00089f04                _init
 .init          0x00089f08        0x8 c:/users/baciu/appdata/local/arduino15/packages/arduino/tools/arm-none-eabi-gcc/4.8.3-2014q1/bin/../lib/gcc/arm-none-eabi/4.8.3/armv7-m/crtn.o
                0x00089f10                . = ALIGN (0x4)
                0x00089f10                __preinit_array_start = .
 *(.preinit_array)
                0x00089f10                __preinit_array_end = .
                0x00089f10                . = ALIGN (0x4)
                0x00089f10                __init_array_start = .
 *(SORT(.init_array.*))
 .init_array.00000
                0x00089f10        0x4 c:/users/baciu/appdata/local/arduino15/packages/arduino/tools/arm-none-eabi-gcc/4.8.3-2014q1/bin/../lib/gcc/arm-none-eabi/4.8.3/../../../../arm-none-eabi/lib/armv7-m\libc.a(lib_a-__call_atexit.o)
 *(.init_array)
 .init_array    0x00089f14        0x4 c:/users/baciu/appdata/local/arduino15/packages/arduino/tools/arm-none-eabi-gcc/4.8.3-2014q1/bin/../lib/gcc/arm-none-eabi/4.8.3/armv7-m/crtbegin.o
 .init_array    0x00089f18        0x4 build-arduino_due_x-SAM3X8E/libcore.a(variant.cpp.o)
 .init_array    0x00089f1c        0x4 build-arduino_due_x-SAM3X8E/libcore.a(USBCore.cpp.o)
 .init_array    0x00089f20        0x4 build-arduino_due_x-SAM3X8E/libcore.a(CDC.cpp.o)
                0x00089f24                __init_array_end = .
                0x00089f24                . = ALIGN (0x4)
 *crtbegin.o(.ctors)
 *(EXCLUDE_FILE(*crtend.o) .ctors)
 *(SORT(.ctors.*))
 *crtend.o(.ctors)
                0x00089f24                . = ALIGN (0x4)
 *(.fini)
 .fini          0x00089f24        0x4 c:/users/baciu/appdata/local/arduino15/packages/arduino/tools/arm-none-eabi-gcc/4.8.3-2014q1/bin/../lib/gcc/arm-none-eabi/4.8.3/armv7-m/crti.o
                0x00089f24                _fini
 .fini          0x00089f28        0x8 c:/users/baciu/appdata/local/arduino15/packages/arduino/tools/arm-none-eabi-gcc/4.8.3-2014q1/bin/../lib/gcc/arm-none-eabi/4.8.3/armv7-m/crtn.o
                0x00089f30                . = ALIGN (0x4)
                0x00089f30                __fini_array_start = .
 *(.fini_array)
 .fini_array    0x00089f30        0x4 c:/users/baciu/appdata/local/arduino15/packages/arduino/tools/arm-none-eabi-gcc/4.8.3-2014q1/bin/../lib/gcc/arm-none-eabi/4.8.3/armv7-m/crtbegin.o
 *(SORT(.fini_array.*))
                0x00089f34                __fini_array_end = .
 *crtbegin.o(.dtors)
 *(EXCLUDE_FILE(*crtend.o) .dtors)
 *(SORT(.dtors.*))
 *crtend.o(.dtors)
                0x00089f34                . = ALIGN (0x4)
                0x00089f34                _efixed = .
                0x00089f34                PROVIDE (__exidx_start, .)

.vfp11_veneer   0x00089f34        0x0
 .vfp11_veneer  0x00000000        0x0 linker stubs

.v4_bx          0x00089f34        0x0
 .v4_bx         0x00000000        0x0 linker stubs

.iplt           0x00089f34        0x0
 .iplt          0x00000000        0x0 c:/users/baciu/appdata/local/arduino15/packages/arduino/tools/arm-none-eabi-gcc/4.8.3-2014q1/bin/../lib/gcc/arm-none-eabi/4.8.3/armv7-m/crtbegin.o

.ARM.exidx      0x00089f34        0x8
 *(.ARM.exidx* .gnu.linkonce.armexidx.*)
 .ARM.exidx     0x00089f34        0x8 c:/users/baciu/appdata/local/arduino15/packages/arduino/tools/arm-none-eabi-gcc/4.8.3-2014q1/bin/../lib/gcc/arm-none-eabi/4.8.3/armv7-m\libgcc.a(_divdi3.o)
 .ARM.exidx     0x00089f3c        0x0 c:/users/baciu/appdata/local/arduino15/packages/arduino/tools/arm-none-eabi-gcc/4.8.3-2014q1/bin/../lib/gcc/arm-none-eabi/4.8.3/armv7-m\libgcc.a(_udivdi3.o)
                                  0x8 (size before relaxing)
                0x00089f3c                PROVIDE (__exidx_end, .)

.eh_frame       0x00089f3c        0x0
 .eh_frame      0x00089f3c        0x0 c:/users/baciu/appdata/local/arduino15/packages/arduino/tools/arm-none-eabi-gcc/4.8.3-2014q1/bin/../lib/gcc/arm-none-eabi/4.8.3/armv7-m/crtbegin.o

.rel.dyn        0x00089f3c        0x0
 .rel.iplt      0x00000000        0x0 c:/users/baciu/appdata/local/arduino15/packages/arduino/tools/arm-none-eabi-gcc/4.8.3-2014q1/bin/../lib/gcc/arm-none-eabi/4.8.3/armv7-m/crtbegin.o

.jcr            0x00089f3c        0x0
 .jcr           0x00089f3c        0x0 c:/users/baciu/appdata/local/arduino15/packages/arduino/tools/arm-none-eabi-gcc/4.8.3-2014q1/bin/../lib/gcc/arm-none-eabi/4.8.3/armv7-m/crtbegin.o

.igot.plt       0x00089f3c        0x0
 .igot.plt      0x00000000        0x0 c:/users/baciu/appdata/local/arduino15/packages/arduino/tools/arm-none-eabi-gcc/4.8.3-2014q1/bin/../lib/gcc/arm-none-eabi/4.8.3/armv7-m/crtbegin.o
                0x00089f3c                . = ALIGN (0x4)
                0x00089f3c                _etext = .

.relocate       0x20070000      0x910 load address 0x00089f3c
                0x20070000                . = ALIGN (0x4)
                0x20070000                _srelocate = .
 *(.ramfunc .ramfunc.*)
 .ramfunc       0x20070000       0x2c build-arduino_due_x-SAM3X8E/libcore.a(Reset.cpp.o)
                0x20070000                banzai
 *(.data .data.*)
 .data.SystemCoreClock
                0x2007002c        0x4 build-arduino_due_x-SAM3X8E/libcore.a(system_sam3xa.c.o)
                0x2007002c                SystemCoreClock
 .data._ZL5ticks
                0x20070030        0x4 build-arduino_due_x-SAM3X8E/libcore.a(Reset.cpp.o)
 .data.EndPoints
                0x20070034       0x28 build-arduino_due_x-SAM3X8E/libcore.a(USBCore.cpp.o)
                0x20070034                EndPoints
 .data.g_interrupt_enabled
                0x2007005c        0x4 build-arduino_due_x-SAM3X8E/libcore.a(interrupt_sam_nvic.c.o)
                0x2007005c                g_interrupt_enabled
 .data._ZL10breakValue
                0x20070060        0x4 build-arduino_due_x-SAM3X8E/libcore.a(CDC.cpp.o)
 .data._ZL12_usbLineInfo
                0x20070064        0x8 build-arduino_due_x-SAM3X8E/libcore.a(CDC.cpp.o)
 *fill*         0x2007006c        0x4 
 .data.impure_data
                0x20070070      0x428 c:/users/baciu/appdata/local/arduino15/packages/arduino/tools/arm-none-eabi-gcc/4.8.3-2014q1/bin/../lib/gcc/arm-none-eabi/4.8.3/../../../../arm-none-eabi/lib/armv7-m\libc.a(lib_a-impure.o)
 .data._impure_ptr
                0x20070498        0x4 c:/users/baciu/appdata/local/arduino15/packages/arduino/tools/arm-none-eabi-gcc/4.8.3-2014q1/bin/../lib/gcc/arm-none-eabi/4.8.3/../../../../arm-none-eabi/lib/armv7-m\libc.a(lib_a-impure.o)
                0x20070498                _impure_ptr
 .data.__ctype_ptr__
                0x2007049c        0x4 c:/users/baciu/appdata/local/arduino15/packages/arduino/tools/arm-none-eabi-gcc/4.8.3-2014q1/bin/../lib/gcc/arm-none-eabi/4.8.3/../../../../arm-none-eabi/lib/armv7-m\libc.a(lib_a-ctype_.o)
                0x2007049c                __ctype_ptr__
 .data.lconv    0x200704a0       0x38 c:/users/baciu/appdata/local/arduino15/packages/arduino/tools/arm-none-eabi-gcc/4.8.3-2014q1/bin/../lib/gcc/arm-none-eabi/4.8.3/../../../../arm-none-eabi/lib/armv7-m\libc.a(lib_a-locale.o)
 .data.lc_ctype_charset
                0x200704d8       0x20 c:/users/baciu/appdata/local/arduino15/packages/arduino/tools/arm-none-eabi-gcc/4.8.3-2014q1/bin/../lib/gcc/arm-none-eabi/4.8.3/../../../../arm-none-eabi/lib/armv7-m\libc.a(lib_a-locale.o)
 .data.__mb_cur_max
                0x200704f8        0x4 c:/users/baciu/appdata/local/arduino15/packages/arduino/tools/arm-none-eabi-gcc/4.8.3-2014q1/bin/../lib/gcc/arm-none-eabi/4.8.3/../../../../arm-none-eabi/lib/armv7-m\libc.a(lib_a-locale.o)
                0x200704f8                __mb_cur_max
 .data.__malloc_av_
                0x200704fc      0x408 c:/users/baciu/appdata/local/arduino15/packages/arduino/tools/arm-none-eabi-gcc/4.8.3-2014q1/bin/../lib/gcc/arm-none-eabi/4.8.3/../../../../arm-none-eabi/lib/armv7-m\libc.a(lib_a-mallocr.o)
                0x200704fc                __malloc_av_
 .data.__malloc_trim_threshold
                0x20070904        0x4 c:/users/baciu/appdata/local/arduino15/packages/arduino/tools/arm-none-eabi-gcc/4.8.3-2014q1/bin/../lib/gcc/arm-none-eabi/4.8.3/../../../../arm-none-eabi/lib/armv7-m\libc.a(lib_a-mallocr.o)
                0x20070904                __malloc_trim_threshold
 .data.__malloc_sbrk_base
                0x20070908        0x4 c:/users/baciu/appdata/local/arduino15/packages/arduino/tools/arm-none-eabi-gcc/4.8.3-2014q1/bin/../lib/gcc/arm-none-eabi/4.8.3/../../../../arm-none-eabi/lib/armv7-m\libc.a(lib_a-mallocr.o)
                0x20070908                __malloc_sbrk_base
 .data.__wctomb
                0x2007090c        0x4 c:/users/baciu/appdata/local/arduino15/packages/arduino/tools/arm-none-eabi-gcc/4.8.3-2014q1/bin/../lib/gcc/arm-none-eabi/4.8.3/../../../../arm-none-eabi/lib/armv7-m\libc.a(lib_a-wctomb_r.o)
                0x2007090c                __wctomb
                0x20070910                . = ALIGN (0x4)
                0x20070910                _erelocate = .

.bss            0x20070910      0x910 load address 0x0008a84c
                0x20070910                . = ALIGN (0x4)
                0x20070910                _sbss = .
                0x20070910                _szero = .
 *(.bss .bss.*)
 .bss           0x20070910       0x1c c:/users/baciu/appdata/local/arduino15/packages/arduino/tools/arm-none-eabi-gcc/4.8.3-2014q1/bin/../lib/gcc/arm-none-eabi/4.8.3/armv7-m/crtbegin.o
 .bss.g_cmd_buf
                0x2007092c       0x51 build-arduino_due_x-SAM3X8E/internally_implemented.cpp.o
                0x2007092c                g_cmd_buf
 .bss.g_state_parser_enabled
                0x2007097d        0x1 build-arduino_due_x-SAM3X8E/internally_implemented.cpp.o
                0x2007097d                g_state_parser_enabled
 *fill*         0x2007097e        0x2 
 .bss.instance  0x20070980       0x14 build-arduino_due_x-SAM3X8E/internally_implemented.cpp.o
                0x20070980                instance
 .bss.input     0x20070994       0x10 build-arduino_due_x-SAM3X8E/internally_implemented.cpp.o
                0x20070994                input
 .bss.g_buff_size
                0x200709a4        0x4 build-arduino_due_x-SAM3X8E/internally_implemented.cpp.o
                0x200709a4                g_buff_size
 .bss.model_output
                0x200709a8        0x4 build-arduino_due_x-SAM3X8E/internally_implemented.cpp.o
                0x200709a8                model_output
 .bss.g_buff_pos
                0x200709ac        0x4 build-arduino_due_x-SAM3X8E/internally_implemented.cpp.o
                0x200709ac                g_buff_pos
 .bss.gp_buff   0x200709b0       0x10 build-arduino_due_x-SAM3X8E/internally_implemented.cpp.o
                0x200709b0                gp_buff
 .bss.g_cmd_pos
                0x200709c0        0x4 build-arduino_due_x-SAM3X8E/internally_implemented.cpp.o
                0x200709c0                g_cmd_pos
 .bss._ZZ9th_printfPKczE9print_buf
                0x200709c4       0x50 build-arduino_due_x-SAM3X8E/submitter_implemented.cpp.o
 .bss.gpf_isr   0x20070a14        0x4 c:/Users/baciu/AppData/Local/Arduino15/packages/arduino/hardware/sam/1.6.8/variants/arduino_due_x/libsam_sam3x8e_gcc_rel.a(uotghs.o)
                0x20070a14                gpf_isr
 .bss.tx_buffer2
                0x20070a18       0x88 build-arduino_due_x-SAM3X8E/libcore.a(variant.cpp.o)
                0x20070a18                tx_buffer2
 .bss.tx_buffer1
                0x20070aa0       0x88 build-arduino_due_x-SAM3X8E/libcore.a(variant.cpp.o)
                0x20070aa0                tx_buffer1
 .bss.Serial    0x20070b28       0x24 build-arduino_due_x-SAM3X8E/libcore.a(variant.cpp.o)
                0x20070b28                Serial
 .bss.rx_buffer1
                0x20070b4c       0x88 build-arduino_due_x-SAM3X8E/libcore.a(variant.cpp.o)
                0x20070b4c                rx_buffer1
 .bss.Serial1   0x20070bd4       0x28 build-arduino_due_x-SAM3X8E/libcore.a(variant.cpp.o)
                0x20070bd4                Serial1
 .bss.Serial2   0x20070bfc       0x28 build-arduino_due_x-SAM3X8E/libcore.a(variant.cpp.o)
                0x20070bfc                Serial2
 .bss.Serial3   0x20070c24       0x28 build-arduino_due_x-SAM3X8E/libcore.a(variant.cpp.o)
                0x20070c24                Serial3
 .bss.tx_buffer3
                0x20070c4c       0x88 build-arduino_due_x-SAM3X8E/libcore.a(variant.cpp.o)
                0x20070c4c                tx_buffer3
 .bss.tx_buffer4
                0x20070cd4       0x88 build-arduino_due_x-SAM3X8E/libcore.a(variant.cpp.o)
                0x20070cd4                tx_buffer4
 .bss.g_pinStatus
                0x20070d5c       0x4f build-arduino_due_x-SAM3X8E/libcore.a(variant.cpp.o)
                0x20070d5c                g_pinStatus
 *fill*         0x20070dab        0x1 
 .bss.rx_buffer2
                0x20070dac       0x88 build-arduino_due_x-SAM3X8E/libcore.a(variant.cpp.o)
                0x20070dac                rx_buffer2
 .bss.rx_buffer3
                0x20070e34       0x88 build-arduino_due_x-SAM3X8E/libcore.a(variant.cpp.o)
                0x20070e34                rx_buffer3
 .bss.rx_buffer4
                0x20070ebc       0x88 build-arduino_due_x-SAM3X8E/libcore.a(variant.cpp.o)
                0x20070ebc                rx_buffer4
 .bss.heap.6420
                0x20070f44        0x4 build-arduino_due_x-SAM3X8E/libcore.a(syscalls_sam3.c.o)
 .bss._cmark    0x20070f48        0x2 build-arduino_due_x-SAM3X8E/libcore.a(USBCore.cpp.o)
                0x20070f48                _cmark
 .bss._ZL14isEndpointHalt
                0x20070f4a        0x1 build-arduino_due_x-SAM3X8E/libcore.a(USBCore.cpp.o)
 *fill*         0x20070f4b        0x1 
 .bss._cdcComposite
                0x20070f4c        0x4 build-arduino_due_x-SAM3X8E/libcore.a(USBCore.cpp.o)
                0x20070f4c                _cdcComposite
 .bss._ZL21isRemoteWakeUpEnabled
                0x20070f50        0x1 build-arduino_due_x-SAM3X8E/libcore.a(USBCore.cpp.o)
 *fill*         0x20070f51        0x3 
 .bss._usbInitialized
                0x20070f54        0x4 build-arduino_due_x-SAM3X8E/libcore.a(USBCore.cpp.o)
                0x20070f54                _usbInitialized
 .bss.USBDevice
                0x20070f58        0x1 build-arduino_due_x-SAM3X8E/libcore.a(USBCore.cpp.o)
                0x20070f58                USBDevice
 *fill*         0x20070f59        0x3 
 .bss._usbSetInterface
                0x20070f5c        0x4 build-arduino_due_x-SAM3X8E/libcore.a(USBCore.cpp.o)
                0x20070f5c                _usbSetInterface
 .bss._cend     0x20070f60        0x2 build-arduino_due_x-SAM3X8E/libcore.a(USBCore.cpp.o)
                0x20070f60                _cend
 *fill*         0x20070f62        0x2 
 .bss._usbConfiguration
                0x20070f64        0x4 build-arduino_due_x-SAM3X8E/libcore.a(USBCore.cpp.o)
                0x20070f64                _usbConfiguration
 .bss._dwTickCount
                0x20070f68        0x4 build-arduino_due_x-SAM3X8E/libcore.a(timetick.c.o)
 .bss.ul_recv_fifo_ptr
                0x20070f6c       0x28 build-arduino_due_x-SAM3X8E/libcore.a(uotghs_device.c.o)
 .bss.ul_send_fifo_ptr
                0x20070f94       0x28 build-arduino_due_x-SAM3X8E/libcore.a(uotghs_device.c.o)
 .bss.cdc_rx_buffer
                0x20070fbc      0x208 build-arduino_due_x-SAM3X8E/libcore.a(CDC.cpp.o)
                0x20070fbc                cdc_rx_buffer
 .bss._ZZN7Serial_6acceptEvE5guard
                0x200711c4        0x4 build-arduino_due_x-SAM3X8E/libcore.a(CDC.cpp.o)
 .bss.SerialUSB
                0x200711c8       0x14 build-arduino_due_x-SAM3X8E/libcore.a(CDC.cpp.o)
                0x200711c8                SerialUSB
 .bss._ZZ12PluggableUSBvE3obj
                0x200711dc        0x8 build-arduino_due_x-SAM3X8E/libcore.a(PluggableUSB.cpp.o)
 .bss._ZGVZ12PluggableUSBvE3obj
                0x200711e4        0x4 build-arduino_due_x-SAM3X8E/libcore.a(PluggableUSB.cpp.o)
 .bss.__malloc_max_total_mem
                0x200711e8        0x4 c:/users/baciu/appdata/local/arduino15/packages/arduino/tools/arm-none-eabi-gcc/4.8.3-2014q1/bin/../lib/gcc/arm-none-eabi/4.8.3/../../../../arm-none-eabi/lib/armv7-m\libc.a(lib_a-mallocr.o)
                0x200711e8                __malloc_max_total_mem
 .bss.__malloc_max_sbrked_mem
                0x200711ec        0x4 c:/users/baciu/appdata/local/arduino15/packages/arduino/tools/arm-none-eabi-gcc/4.8.3-2014q1/bin/../lib/gcc/arm-none-eabi/4.8.3/../../../../arm-none-eabi/lib/armv7-m\libc.a(lib_a-mallocr.o)
                0x200711ec                __malloc_max_sbrked_mem
 .bss.__malloc_top_pad
                0x200711f0        0x4 c:/users/baciu/appdata/local/arduino15/packages/arduino/tools/arm-none-eabi-gcc/4.8.3-2014q1/bin/../lib/gcc/arm-none-eabi/4.8.3/../../../../arm-none-eabi/lib/armv7-m\libc.a(lib_a-mallocr.o)
                0x200711f0                __malloc_top_pad
 .bss.__malloc_current_mallinfo
                0x200711f4       0x28 c:/users/baciu/appdata/local/arduino15/packages/arduino/tools/arm-none-eabi-gcc/4.8.3-2014q1/bin/../lib/gcc/arm-none-eabi/4.8.3/../../../../arm-none-eabi/lib/armv7-m\libc.a(lib_a-mallocr.o)
                0x200711f4                __malloc_current_mallinfo
 *(COMMON)
 COMMON         0x2007121c        0x4 c:/users/baciu/appdata/local/arduino15/packages/arduino/tools/arm-none-eabi-gcc/4.8.3-2014q1/bin/../lib/gcc/arm-none-eabi/4.8.3/../../../../arm-none-eabi/lib/armv7-m\libc.a(lib_a-reent.o)
                0x2007121c                errno
                0x20071220                . = ALIGN (0x4)
                0x20071220                _ebss = .
                0x20071220                _ezero = .
                0x20071220                . = ALIGN (0x4)
                0x20071220                _end = .

.stack_dummy    0x20071220        0x0
 *(.stack*)
                0x20088000                __StackTop = (ORIGIN (ram) + 0x18000)
                0x20088000                __StackLimit = (__StackTop - SIZEOF (.stack_dummy))
                0x20088000                PROVIDE (_sstack, __StackLimit)
                0x20088000                PROVIDE (_estack, __StackTop)
OUTPUT(build-arduino_due_x-SAM3X8E/avr_gcc.elf elf32-littlearm)

.ARM.attributes
                0x00000000       0x29
 .ARM.attributes
                0x00000000       0x1d c:/users/baciu/appdata/local/arduino15/packages/arduino/tools/arm-none-eabi-gcc/4.8.3-2014q1/bin/../lib/gcc/arm-none-eabi/4.8.3/armv7-m/crti.o
 .ARM.attributes
                0x0000001d       0x2d c:/users/baciu/appdata/local/arduino15/packages/arduino/tools/arm-none-eabi-gcc/4.8.3-2014q1/bin/../lib/gcc/arm-none-eabi/4.8.3/armv7-m/crtbegin.o
 .ARM.attributes
                0x0000004a       0x33 build-arduino_due_x-SAM3X8E/internally_implemented.cpp.o
 .ARM.attributes
                0x0000007d       0x33 build-arduino_due_x-SAM3X8E/submitter_implemented.cpp.o
 .ARM.attributes
                0x000000b0       0x33 build-arduino_due_x-SAM3X8E/avr_gcc.ino.o
 .ARM.attributes
                0x000000e3       0x33 c:/Users/baciu/AppData/Local/Arduino15/packages/arduino/hardware/sam/1.6.8/variants/arduino_due_x/libsam_sam3x8e_gcc_rel.a(startup_sam3xa.o)
 .ARM.attributes
                0x00000116       0x33 c:/Users/baciu/AppData/Local/Arduino15/packages/arduino/hardware/sam/1.6.8/variants/arduino_due_x/libsam_sam3x8e_gcc_rel.a(uotghs.o)
 .ARM.attributes
                0x00000149       0x33 build-arduino_due_x-SAM3X8E/libcore.a(variant.cpp.o)
 .ARM.attributes
                0x0000017c       0x33 build-arduino_due_x-SAM3X8E/libcore.a(adc.c.o)
 .ARM.attributes
                0x000001af       0x33 build-arduino_due_x-SAM3X8E/libcore.a(pio.c.o)
 .ARM.attributes
                0x000001e2       0x33 build-arduino_due_x-SAM3X8E/libcore.a(pmc.c.o)
 .ARM.attributes
                0x00000215       0x33 build-arduino_due_x-SAM3X8E/libcore.a(system_sam3xa.c.o)
 .ARM.attributes
                0x00000248       0x33 build-arduino_due_x-SAM3X8E/libcore.a(cortex_handlers.c.o)
 .ARM.attributes
                0x0000027b       0x33 build-arduino_due_x-SAM3X8E/libcore.a(hooks.c.o)
 .ARM.attributes
                0x000002ae       0x33 build-arduino_due_x-SAM3X8E/libcore.a(syscalls_sam3.c.o)
 .ARM.attributes
                0x000002e1       0x33 build-arduino_due_x-SAM3X8E/libcore.a(wiring.c.o)
 .ARM.attributes
                0x00000314       0x33 build-arduino_due_x-SAM3X8E/libcore.a(wiring_analog.c.o)
 .ARM.attributes
                0x00000347       0x33 build-arduino_due_x-SAM3X8E/libcore.a(wiring_digital.c.o)
 .ARM.attributes
                0x0000037a       0x33 build-arduino_due_x-SAM3X8E/libcore.a(main.cpp.o)
 .ARM.attributes
                0x000003ad       0x33 build-arduino_due_x-SAM3X8E/libcore.a(Print.cpp.o)
 .ARM.attributes
                0x000003e0       0x33 build-arduino_due_x-SAM3X8E/libcore.a(Reset.cpp.o)
 .ARM.attributes
                0x00000413       0x33 build-arduino_due_x-SAM3X8E/libcore.a(RingBuffer.cpp.o)
 .ARM.attributes
                0x00000446       0x33 build-arduino_due_x-SAM3X8E/libcore.a(UARTClass.cpp.o)
 .ARM.attributes
                0x00000479       0x33 build-arduino_due_x-SAM3X8E/libcore.a(USARTClass.cpp.o)
 .ARM.attributes
                0x000004ac       0x33 build-arduino_due_x-SAM3X8E/libcore.a(watchdog.cpp.o)
 .ARM.attributes
                0x000004df       0x33 build-arduino_due_x-SAM3X8E/libcore.a(USBCore.cpp.o)
 .ARM.attributes
                0x00000512       0x33 build-arduino_due_x-SAM3X8E/libcore.a(interrupt_sam_nvic.c.o)
 .ARM.attributes
                0x00000545       0x33 build-arduino_due_x-SAM3X8E/libcore.a(timetick.c.o)
 .ARM.attributes
                0x00000578       0x33 build-arduino_due_x-SAM3X8E/libcore.a(uotghs_device.c.o)
 .ARM.attributes
                0x000005ab       0x33 build-arduino_due_x-SAM3X8E/libcore.a(wdt.c.o)
 .ARM.attributes
                0x000005de       0x33 build-arduino_due_x-SAM3X8E/libcore.a(CDC.cpp.o)
 .ARM.attributes
                0x00000611       0x33 build-arduino_due_x-SAM3X8E/libcore.a(PluggableUSB.cpp.o)
 .ARM.attributes
                0x00000644       0x2d c:/users/baciu/appdata/local/arduino15/packages/arduino/tools/arm-none-eabi-gcc/4.8.3-2014q1/bin/../lib/gcc/arm-none-eabi/4.8.3/../../../../arm-none-eabi/lib/armv7-m\libm.a(lib_a-s_fpclassify.o)
 .ARM.attributes
                0x00000671       0x1d c:/users/baciu/appdata/local/arduino15/packages/arduino/tools/arm-none-eabi-gcc/4.8.3-2014q1/bin/../lib/gcc/arm-none-eabi/4.8.3/armv7-m\libgcc.a(_arm_addsubdf3.o)
 .ARM.attributes
                0x0000068e       0x1d c:/users/baciu/appdata/local/arduino15/packages/arduino/tools/arm-none-eabi-gcc/4.8.3-2014q1/bin/../lib/gcc/arm-none-eabi/4.8.3/armv7-m\libgcc.a(_arm_muldivdf3.o)
 .ARM.attributes
                0x000006ab       0x1d c:/users/baciu/appdata/local/arduino15/packages/arduino/tools/arm-none-eabi-gcc/4.8.3-2014q1/bin/../lib/gcc/arm-none-eabi/4.8.3/armv7-m\libgcc.a(_arm_cmpdf2.o)
 .ARM.attributes
                0x000006c8       0x1d c:/users/baciu/appdata/local/arduino15/packages/arduino/tools/arm-none-eabi-gcc/4.8.3-2014q1/bin/../lib/gcc/arm-none-eabi/4.8.3/armv7-m\libgcc.a(_arm_fixdfsi.o)
 .ARM.attributes
                0x000006e5       0x1d c:/users/baciu/appdata/local/arduino15/packages/arduino/tools/arm-none-eabi-gcc/4.8.3-2014q1/bin/../lib/gcc/arm-none-eabi/4.8.3/armv7-m\libgcc.a(_arm_muldivsf3.o)
 .ARM.attributes
                0x00000702       0x1d c:/users/baciu/appdata/local/arduino15/packages/arduino/tools/arm-none-eabi-gcc/4.8.3-2014q1/bin/../lib/gcc/arm-none-eabi/4.8.3/armv7-m\libgcc.a(_arm_cmpsf2.o)
 .ARM.attributes
                0x0000071f       0x2d c:/users/baciu/appdata/local/arduino15/packages/arduino/tools/arm-none-eabi-gcc/4.8.3-2014q1/bin/../lib/gcc/arm-none-eabi/4.8.3/../../../../arm-none-eabi/lib/armv7-m\libc.a(lib_a-atoi.o)
 .ARM.attributes
                0x0000074c       0x2d c:/users/baciu/appdata/local/arduino15/packages/arduino/tools/arm-none-eabi-gcc/4.8.3-2014q1/bin/../lib/gcc/arm-none-eabi/4.8.3/../../../../arm-none-eabi/lib/armv7-m\libc.a(lib_a-impure.o)
 .ARM.attributes
                0x00000779       0x2d c:/users/baciu/appdata/local/arduino15/packages/arduino/tools/arm-none-eabi-gcc/4.8.3-2014q1/bin/../lib/gcc/arm-none-eabi/4.8.3/../../../../arm-none-eabi/lib/armv7-m\libc.a(lib_a-init.o)
 .ARM.attributes
                0x000007a6       0x2d c:/users/baciu/appdata/local/arduino15/packages/arduino/tools/arm-none-eabi-gcc/4.8.3-2014q1/bin/../lib/gcc/arm-none-eabi/4.8.3/../../../../arm-none-eabi/lib/armv7-m\libc.a(lib_a-iprintf.o)
 .ARM.attributes
                0x000007d3       0x1b c:/users/baciu/appdata/local/arduino15/packages/arduino/tools/arm-none-eabi-gcc/4.8.3-2014q1/bin/../lib/gcc/arm-none-eabi/4.8.3/../../../../arm-none-eabi/lib/armv7-m\libc.a(lib_a-memcpy.o)
 .ARM.attributes
                0x000007ee       0x2d c:/users/baciu/appdata/local/arduino15/packages/arduino/tools/arm-none-eabi-gcc/4.8.3-2014q1/bin/../lib/gcc/arm-none-eabi/4.8.3/../../../../arm-none-eabi/lib/armv7-m\libc.a(lib_a-memset.o)
 .ARM.attributes
                0x0000081b       0x2d c:/users/baciu/appdata/local/arduino15/packages/arduino/tools/arm-none-eabi-gcc/4.8.3-2014q1/bin/../lib/gcc/arm-none-eabi/4.8.3/../../../../arm-none-eabi/lib/armv7-m\libc.a(lib_a-strlen.o)
 .ARM.attributes
                0x00000848       0x2d c:/users/baciu/appdata/local/arduino15/packages/arduino/tools/arm-none-eabi-gcc/4.8.3-2014q1/bin/../lib/gcc/arm-none-eabi/4.8.3/../../../../arm-none-eabi/lib/armv7-m\libc.a(lib_a-strncmp.o)
 .ARM.attributes
                0x00000875       0x2d c:/users/baciu/appdata/local/arduino15/packages/arduino/tools/arm-none-eabi-gcc/4.8.3-2014q1/bin/../lib/gcc/arm-none-eabi/4.8.3/../../../../arm-none-eabi/lib/armv7-m\libc.a(lib_a-strnlen.o)
 .ARM.attributes
                0x000008a2       0x2d c:/users/baciu/appdata/local/arduino15/packages/arduino/tools/arm-none-eabi-gcc/4.8.3-2014q1/bin/../lib/gcc/arm-none-eabi/4.8.3/../../../../arm-none-eabi/lib/armv7-m\libc.a(lib_a-strtok.o)
 .ARM.attributes