Archive member included because of file (symbol)

c:/Users/baciu/AppData/Local/Arduino15/packages/arduino/hardware/sam/1.6.8/variants/arduino_due_x/libsam_sam3x8e_gcc_rel.a(startup_sam3xa.o)
                              (Reset_Handler)
c:/Users/baciu/AppData/Local/Arduino15/packages/arduino/hardware/sam/1.6.8/variants/arduino_due_x/libsam_sam3x8e_gcc_rel.a(uotghs.o)
                              c:/Users/baciu/AppData/Local/Arduino15/packages/arduino/hardware/sam/1.6.8/variants/arduino_due_x/libsam_sam3x8e_gcc_rel.a(startup_sam3xa.o) (UOTGHS_Handler)
build-arduino_due_x-SAM3X8E/libcore.a(variant.cpp.o)
                              c:/Users/baciu/AppData/Local/Arduino15/packages/arduino/hardware/sam/1.6.8/variants/arduino_due_x/libsam_sam3x8e_gcc_rel.a(startup_sam3xa.o) (UART_Handler)
build-arduino_due_x-SAM3X8E/libcore.a(adc.c.o)
                              build-arduino_due_x-SAM3X8E/libcore.a(variant.cpp.o) (adc_init)
build-arduino_due_x-SAM3X8E/libcore.a(pio.c.o)
                              build-arduino_due_x-SAM3X8E/libcore.a(variant.cpp.o) (PIO_Configure)
build-arduino_due_x-SAM3X8E/libcore.a(pmc.c.o)
                              build-arduino_due_x-SAM3X8E/libcore.a(variant.cpp.o) (pmc_enable_periph_clk)
build-arduino_due_x-SAM3X8E/libcore.a(system_sam3xa.c.o)
                              build-arduino_due_x-SAM3X8E/libcore.a(variant.cpp.o) (SystemInit)
build-arduino_due_x-SAM3X8E/libcore.a(cortex_handlers.c.o)
                              c:/Users/baciu/AppData/Local/Arduino15/packages/arduino/hardware/sam/1.6.8/variants/arduino_due_x/libsam_sam3x8e_gcc_rel.a(startup_sam3xa.o) (NMI_Handler)
build-arduino_due_x-SAM3X8E/libcore.a(hooks.c.o)
                              build-arduino_due_x-SAM3X8E/libcore.a(cortex_handlers.c.o) (sysTickHook)
build-arduino_due_x-SAM3X8E/libcore.a(syscalls_sam3.c.o)
                              (_sbrk)
build-arduino_due_x-SAM3X8E/libcore.a(wiring.c.o)
                              build-arduino_due_x-SAM3X8E/internally_implemented.cpp.o (micros)
build-arduino_due_x-SAM3X8E/libcore.a(wiring_analog.c.o)
                              build-arduino_due_x-SAM3X8E/libcore.a(variant.cpp.o) (analogOutputInit)
build-arduino_due_x-SAM3X8E/libcore.a(wiring_digital.c.o)
                              build-arduino_due_x-SAM3X8E/libcore.a(wiring_analog.c.o) (pinMode)
build-arduino_due_x-SAM3X8E/libcore.a(main.cpp.o)
                              c:/users/baciu/appdata/local/arduino15/packages/arduino/tools/arm-none-eabi-gcc/4.8.3-2014q1/bin/../lib/gcc/arm-none-eabi/4.8.3/../../../../arm-none-eabi/lib/armv7-m/crt0.o (main)
build-arduino_due_x-SAM3X8E/libcore.a(Print.cpp.o)
                              build-arduino_due_x-SAM3X8E/submitter_implemented.cpp.o (Print::print(char const*))
build-arduino_due_x-SAM3X8E/libcore.a(Reset.cpp.o)
                              build-arduino_due_x-SAM3X8E/libcore.a(cortex_handlers.c.o) (tickReset)
build-arduino_due_x-SAM3X8E/libcore.a(RingBuffer.cpp.o)
                              build-arduino_due_x-SAM3X8E/libcore.a(variant.cpp.o) (RingBuffer::RingBuffer())
build-arduino_due_x-SAM3X8E/libcore.a(UARTClass.cpp.o)
                              build-arduino_due_x-SAM3X8E/avr_gcc.ino.o (UARTClass::available())
build-arduino_due_x-SAM3X8E/libcore.a(USARTClass.cpp.o)
                              build-arduino_due_x-SAM3X8E/libcore.a(variant.cpp.o) (USARTClass::USARTClass(Usart*, IRQn, unsigned long, RingBuffer*, RingBuffer*))
build-arduino_due_x-SAM3X8E/libcore.a(watchdog.cpp.o)
                              build-arduino_due_x-SAM3X8E/libcore.a(main.cpp.o) (watchdogSetup())
build-arduino_due_x-SAM3X8E/libcore.a(USBCore.cpp.o)
                              build-arduino_due_x-SAM3X8E/libcore.a(main.cpp.o) (USBDevice_::attach())
build-arduino_due_x-SAM3X8E/libcore.a(dacc.c.o)
                              build-arduino_due_x-SAM3X8E/libcore.a(wiring_analog.c.o) (dacc_reset)
build-arduino_due_x-SAM3X8E/libcore.a(interrupt_sam_nvic.c.o)
                              build-arduino_due_x-SAM3X8E/libcore.a(USBCore.cpp.o) (g_interrupt_enabled)
build-arduino_due_x-SAM3X8E/libcore.a(pwmc.c.o)
                              build-arduino_due_x-SAM3X8E/libcore.a(wiring_analog.c.o) (PWMC_ConfigureChannel)
build-arduino_due_x-SAM3X8E/libcore.a(tc.c.o)
                              build-arduino_due_x-SAM3X8E/libcore.a(wiring_analog.c.o) (TC_Configure)
build-arduino_due_x-SAM3X8E/libcore.a(timetick.c.o)
                              build-arduino_due_x-SAM3X8E/libcore.a(cortex_handlers.c.o) (TimeTick_Increment)
build-arduino_due_x-SAM3X8E/libcore.a(uotghs_device.c.o)
                              build-arduino_due_x-SAM3X8E/libcore.a(USBCore.cpp.o) (UDD_SetStack)
build-arduino_due_x-SAM3X8E/libcore.a(wdt.c.o)
                              build-arduino_due_x-SAM3X8E/libcore.a(watchdog.cpp.o) (WDT_Enable)
build-arduino_due_x-SAM3X8E/libcore.a(abi.cpp.o)
                              build-arduino_due_x-SAM3X8E/libcore.a(Print.cpp.o) (__cxa_pure_virtual)
[...]
Memory Configuration

Name             Origin             Length             Attributes
rom              0x00080000         0x00080000         xr
sram0            0x20000000         0x00010000         xrw
sram1            0x20080000         0x00008000         xrw
ram              0x20070000         0x00018000         xrw
*default*        0x00000000         0xffffffff

Linker script and memory map

LOAD c:/users/baciu/appdata/local/arduino15/packages/arduino/tools/arm-none-eabi-gcc/4.8.3-2014q1/bin/../lib/gcc/arm-none-eabi/4.8.3/armv7-m/crti.o
LOAD c:/users/baciu/appdata/local/arduino15/packages/arduino/tools/arm-none-eabi-gcc/4.8.3-2014q1/bin/../lib/gcc/arm-none-eabi/4.8.3/armv7-m/crtbegin.o
LOAD c:/users/baciu/appdata/local/arduino15/packages/arduino/tools/arm-none-eabi-gcc/4.8.3-2014q1/bin/../lib/gcc/arm-none-eabi/4.8.3/../../../../arm-none-eabi/lib/armv7-m/crt0.o
LOAD build-arduino_due_x-SAM3X8E/internally_implemented.cpp.o
LOAD build-arduino_due_x-SAM3X8E/submitter_implemented.cpp.o
LOAD build-arduino_due_x-SAM3X8E/avr_gcc.ino.o
LOAD c:/Users/baciu/AppData/Local/Arduino15/packages/arduino/hardware/sam/1.6.8/variants/arduino_due_x/libsam_sam3x8e_gcc_rel.a
START GROUP
LOAD build-arduino_due_x-SAM3X8E/libcore.a
END GROUP
LOAD c:/users/baciu/appdata/local/arduino15/packages/arduino/tools/arm-none-eabi-gcc/4.8.3-2014q1/bin/../lib/gcc/arm-none-eabi/4.8.3/../../../../arm-none-eabi/lib/armv7-m\libstdc++.a
LOAD c:/users/baciu/appdata/local/arduino15/packages/arduino/tools/arm-none-eabi-gcc/4.8.3-2014q1/bin/../lib/gcc/arm-none-eabi/4.8.3/../../../../arm-none-eabi/lib/armv7-m\libm.a
START GROUP
LOAD c:/users/baciu/appdata/local/arduino15/packages/arduino/tools/arm-none-eabi-gcc/4.8.3-2014q1/bin/../lib/gcc/arm-none-eabi/4.8.3/armv7-m\libgcc.a
LOAD c:/users/baciu/appdata/local/arduino15/packages/arduino/tools/arm-none-eabi-gcc/4.8.3-2014q1/bin/../lib/gcc/arm-none-eabi/4.8.3/../../../../arm-none-eabi/lib/armv7-m\libc.a
END GROUP
LOAD c:/users/baciu/appdata/local/arduino15/packages/arduino/tools/arm-none-eabi-gcc/4.8.3-2014q1/bin/../lib/gcc/arm-none-eabi/4.8.3/armv7-m/crtend.o
LOAD c:/users/baciu/appdata/local/arduino15/packages/arduino/tools/arm-none-eabi-gcc/4.8.3-2014q1/bin/../lib/gcc/arm-none-eabi/4.8.3/armv7-m/crtn.o

.text           0x00080000    0x24a6c
                0x00080000                . = ALIGN (0x4)
                0x00080000                _sfixed = .
 *(.vectors .vectors.*)
 .vectors       0x00080000       0xf4 c:/Users/baciu/AppData/Local/Arduino15/packages/arduino/hardware/sam/1.6.8/variants/arduino_due_x/libsam_sam3x8e_gcc_rel.a(startup_sam3xa.o)
                0x00080000                exception_table
 *(.text .text.* .gnu.linkonce.t.*)
 .text          0x000800f4       0x54 c:/users/baciu/appdata/local/arduino15/packages/arduino/tools/arm-none-eabi-gcc/4.8.3-2014q1/bin/../lib/gcc/arm-none-eabi/4.8.3/armv7-m/crtbegin.o
 .text._Z7predictPf
                0x00080148       0x9c build-arduino_due_x-SAM3X8E/internally_implemented.cpp.o
                0x00080148                predict(float*)
 .text._Z18ee_serial_callbackc
                0x000801e4       0x34 build-arduino_due_x-SAM3X8E/internally_implemented.cpp.o
                0x000801e4                ee_serial_callback(char)
 .text._Z23ee_benchmark_initializev
                0x00080218       0x2c build-arduino_due_x-SAM3X8E/internally_implemented.cpp.o
                0x00080218                ee_benchmark_initialize()
 .text._Z8ee_inferjj
                0x00080244       0x90 build-arduino_due_x-SAM3X8E/internally_implemented.cpp.o
                0x00080244                ee_infer(unsigned int, unsigned int)
 .text._Z9ee_hexdecPc
                0x000802d4       0x42 build-arduino_due_x-SAM3X8E/internally_implemented.cpp.o
                0x000802d4                ee_hexdec(char*)
 *fill*         0x00080316        0x2 
 .text._Z15ee_buffer_parsePc
                0x00080318      0x160 build-arduino_due_x-SAM3X8E/internally_implemented.cpp.o
                0x00080318                ee_buffer_parse(char*)
 .text._Z16ee_profile_parsePc
                0x00080478      0x174 build-arduino_due_x-SAM3X8E/internally_implemented.cpp.o
                0x00080478                ee_profile_parse(char*)
 .text._Z33ee_serial_command_parser_callbackPc
                0x000805ec       0x78 build-arduino_due_x-SAM3X8E/internally_implemented.cpp.o
                0x000805ec                ee_serial_command_parser_callback(char*)
 .text._Z13ee_get_bufferPhj
                0x00080664       0x24 build-arduino_due_x-SAM3X8E/internally_implemented.cpp.o
                0x00080664                ee_get_buffer(unsigned char*, unsigned int)
 .text._ZN8Eloquent2ML4Port3PCA3dotEPfz
                0x00080688       0x6c build-arduino_due_x-SAM3X8E/submitter_implemented.cpp.o
                0x00080688                Eloquent::ML::Port::PCA::dot(float*, ...)
 *fill*         0x000806f4        0x4 
 .text._ZN8Eloquent2ML4Port3PCA9transformEPfS3_
                0x000806f8    0x1ab88 build-arduino_due_x-SAM3X8E/submitter_implemented.cpp.o
                0x000806f8                Eloquent::ML::Port::PCA::transform(float*, float*)
 .text._Z9th_printfPKcz
                0x0009b280       0x34 build-arduino_due_x-SAM3X8E/submitter_implemented.cpp.o
                0x0009b280                th_printf(char const*, ...)
 .text._Z12th_timestampv
                0x0009b2b4       0x18 build-arduino_due_x-SAM3X8E/submitter_implemented.cpp.o
                0x0009b2b4                th_timestamp()
 .text._Z23th_timestamp_initializev
                0x0009b2cc       0x14 build-arduino_due_x-SAM3X8E/submitter_implemented.cpp.o
                0x0009b2cc                th_timestamp_initialize()
 .text._Z16th_command_readyPVc
                0x0009b2e0        0x4 build-arduino_due_x-SAM3X8E/submitter_implemented.cpp.o
                0x0009b2e0                th_command_ready(char volatile*)
 .text._Z10th_strnlenPKcj
                0x0009b2e4        0x4 build-arduino_due_x-SAM3X8E/submitter_implemented.cpp.o
                0x0009b2e4                th_strnlen(char const*, unsigned int)
 .text._Z16th_load_featuresv
                0x0009b2e8       0x2c build-arduino_due_x-SAM3X8E/submitter_implemented.cpp.o
                0x0009b2e8                th_load_features()
 .text._Z10th_resultsv
                0x0009b314       0x2c build-arduino_due_x-SAM3X8E/submitter_implemented.cpp.o
                0x0009b314                th_results()
 .text._Z19th_final_initializev
                0x0009b340        0x2 build-arduino_due_x-SAM3X8E/submitter_implemented.cpp.o
                0x0009b340                th_final_initialize()
 *fill*         0x0009b342        0x2 
 .text._Z6th_prev
                0x0009b344       0x18 build-arduino_due_x-SAM3X8E/submitter_implemented.cpp.o
                0x0009b344                th_pre()
 .text._Z10th_getcharv
                0x0009b35c       0x10 build-arduino_due_x-SAM3X8E/submitter_implemented.cpp.o
                0x0009b35c                th_getchar()
 .text.setup    0x0009b36c       0x18 build-arduino_due_x-SAM3X8E/avr_gcc.ino.o
                0x0009b36c                setup
 .text.loop     0x0009b384       0x1c build-arduino_due_x-SAM3X8E/avr_gcc.ino.o
                0x0009b384                loop
 .text.Reset_Handler
                0x0009b3a0       0x78 c:/Users/baciu/AppData/Local/Arduino15/packages/arduino/hardware/sam/1.6.8/variants/arduino_due_x/libsam_sam3x8e_gcc_rel.a(startup_sam3xa.o)
                0x0009b3a0                Reset_Handler
 .text.UOTGHS_Handler
                0x0009b418       0x10 c:/Users/baciu/AppData/Local/Arduino15/packages/arduino/hardware/sam/1.6.8/variants/arduino_due_x/libsam_sam3x8e_gcc_rel.a(uotghs.o)
                0x0009b418                UOTGHS_Handler
 .text._Z11serialEventv
                0x0009b428        0x2 build-arduino_due_x-SAM3X8E/libcore.a(variant.cpp.o)
                0x0009b428                serialEvent()
 *fill*         0x0009b42a        0x2 
 .text.UART_Handler
                0x0009b42c        0xc build-arduino_due_x-SAM3X8E/libcore.a(variant.cpp.o)
                0x0009b42c                UART_Handler
 .text._Z12serialEvent1v
                0x0009b438        0x2 build-arduino_due_x-SAM3X8E/libcore.a(variant.cpp.o)
                0x0009b438                serialEvent1()
 .text._Z12serialEvent2v
                0x0009b43a        0x2 build-arduino_due_x-SAM3X8E/libcore.a(variant.cpp.o)
                0x0009b43a                serialEvent2()
 .text._Z12serialEvent3v
                0x0009b43c        0x2 build-arduino_due_x-SAM3X8E/libcore.a(variant.cpp.o)
                0x0009b43c                serialEvent3()
 *fill*         0x0009b43e        0x2 
 .text.USART0_Handler
                0x0009b440        0xc build-arduino_due_x-SAM3X8E/libcore.a(variant.cpp.o)
                0x0009b440                USART0_Handler
 .text.USART1_Handler
                0x0009b44c        0xc build-arduino_due_x-SAM3X8E/libcore.a(variant.cpp.o)
                0x0009b44c                USART1_Handler
 .text.USART3_Handler
                0x0009b458        0xc build-arduino_due_x-SAM3X8E/libcore.a(variant.cpp.o)
                0x0009b458                USART3_Handler
 .text.init     0x0009b464      0x128 build-arduino_due_x-SAM3X8E/libcore.a(variant.cpp.o)
                0x0009b464                init
 .text.startup._GLOBAL__sub_I_g_APinDescription
                0x0009b58c       0xd4 build-arduino_due_x-SAM3X8E/libcore.a(variant.cpp.o)
 .text._Z14serialEventRunv
                0x0009b660       0x44 build-arduino_due_x-SAM3X8E/libcore.a(variant.cpp.o)
                0x0009b660                serialEventRun()
 .text.adc_init
                0x0009b6a4       0x98 build-arduino_due_x-SAM3X8E/libcore.a(adc.c.o)
                0x0009b6a4                adc_init
 .text.adc_configure_trigger
                0x0009b73c       0x2a build-arduino_due_x-SAM3X8E/libcore.a(adc.c.o)
                0x0009b73c                adc_configure_trigger
 .text.adc_configure_timing
                0x0009b766       0x1a build-arduino_due_x-SAM3X8E/libcore.a(adc.c.o)
                0x0009b766                adc_configure_timing
 .text.adc_disable_channel
                0x0009b780        0xa build-arduino_due_x-SAM3X8E/libcore.a(adc.c.o)
                0x0009b780                adc_disable_channel
 .text.adc_disable_all_channel
                0x0009b78a        0x8 build-arduino_due_x-SAM3X8E/libcore.a(adc.c.o)
                0x0009b78a                adc_disable_all_channel
 .text.adc_disable_interrupt
                0x0009b792        0x4 build-arduino_due_x-SAM3X8E/libcore.a(adc.c.o)
                0x0009b792                adc_disable_interrupt
 .text.PIO_PullUp
                0x0009b796        0xa build-arduino_due_x-SAM3X8E/libcore.a(pio.c.o)
                0x0009b796                PIO_PullUp
 .text.PIO_SetPeripheral
                0x0009b7a0       0x26 build-arduino_due_x-SAM3X8E/libcore.a(pio.c.o)
                0x0009b7a0                PIO_SetPeripheral
 .text.PIO_SetInput
                0x0009b7c6       0x26 build-arduino_due_x-SAM3X8E/libcore.a(pio.c.o)
                0x0009b7c6                PIO_SetInput
 .text.PIO_SetOutput
                0x0009b7ec       0x24 build-arduino_due_x-SAM3X8E/libcore.a(pio.c.o)
                0x0009b7ec                PIO_SetOutput
 .text.PIO_Configure
                0x0009b810       0x56 build-arduino_due_x-SAM3X8E/libcore.a(pio.c.o)
                0x0009b810                PIO_Configure
 .text.PIO_GetOutputDataStatus
                0x0009b866       0x14 build-arduino_due_x-SAM3X8E/libcore.a(pio.c.o)
                0x0009b866                PIO_GetOutputDataStatus
 *fill*         0x0009b87a        0x2 
 .text.pmc_enable_upll_clock
                0x0009b87c       0x14 build-arduino_due_x-SAM3X8E/libcore.a(pmc.c.o)
                0x0009b87c                pmc_enable_upll_clock
 .text.pmc_enable_periph_clk
                0x0009b890       0x44 build-arduino_due_x-SAM3X8E/libcore.a(pmc.c.o)
                0x0009b890                pmc_enable_periph_clk
 .text.pmc_disable_periph_clk
                0x0009b8d4       0x40 build-arduino_due_x-SAM3X8E/libcore.a(pmc.c.o)
                0x0009b8d4                pmc_disable_periph_clk
 .text.pmc_switch_udpck_to_upllck
                0x0009b914       0x14 build-arduino_due_x-SAM3X8E/libcore.a(pmc.c.o)
                0x0009b914                pmc_switch_udpck_to_upllck
 .text.pmc_enable_udpck
                0x0009b928        0xc build-arduino_due_x-SAM3X8E/libcore.a(pmc.c.o)
                0x0009b928                pmc_enable_udpck
 .text.SystemInit
                0x0009b934       0x88 build-arduino_due_x-SAM3X8E/libcore.a(system_sam3xa.c.o)
                0x0009b934                SystemInit
 .text.__halt   0x0009b9bc        0x2 build-arduino_due_x-SAM3X8E/libcore.a(cortex_handlers.c.o)
                0x0009b9bc                DACC_Handler
                0x0009b9bc                DebugMon_Handler
                0x0009b9bc                DMAC_Handler
                0x0009b9bc                TRNG_Handler
                0x0009b9bc                HardFault_Handler
                0x0009b9bc                TC2_Handler
                0x0009b9bc                TWI1_Handler
                0x0009b9bc                NMI_Handler
                0x0009b9bc                TC7_Handler
                0x0009b9bc                ADC_Handler
                0x0009b9bc                SMC_Handler
                0x0009b9bc                RTT_Handler
                0x0009b9bc                EFC1_Handler
                0x0009b9bc                PIOB_Handler
                0x0009b9bc                RTC_Handler
                0x0009b9bc                UsageFault_Handler
                0x0009b9bc                TC6_Handler
                0x0009b9bc                WDT_Handler
                0x0009b9bc                CAN0_Handler
                0x0009b9bc                TC4_Handler
                0x0009b9bc                TC1_Handler
                0x0009b9bc                HSMCI_Handler
                0x0009b9bc                TC3_Handler
                0x0009b9bc                TWI0_Handler
                0x0009b9bc                PIOA_Handler
                0x0009b9bc                SSC_Handler
                0x0009b9bc                EFC0_Handler
                0x0009b9bc                PMC_Handler
                0x0009b9bc                PWM_Handler
                0x0009b9bc                CAN1_Handler
                0x0009b9bc                MemManage_Handler
                0x0009b9bc                SUPC_Handler
                0x0009b9bc                TC8_Handler
                0x0009b9bc                USART2_Handler
                0x0009b9bc                PIOD_Handler
                0x0009b9bc                EMAC_Handler
                0x0009b9bc                PIOC_Handler
                0x0009b9bc                BusFault_Handler
                0x0009b9bc                RSTC_Handler
                0x0009b9bc                TC0_Handler
                0x0009b9bc                TC5_Handler
                0x0009b9bc                SPI0_Handler
 .text.SVC_Handler
                0x0009b9be        0x4 build-arduino_due_x-SAM3X8E/libcore.a(cortex_handlers.c.o)
                0x0009b9be                SVC_Handler
 .text.PendSV_Handler
                0x0009b9c2        0x4 build-arduino_due_x-SAM3X8E/libcore.a(cortex_handlers.c.o)
                0x0009b9c2                PendSV_Handler
 .text.SysTick_Handler
                0x0009b9c6       0x16 build-arduino_due_x-SAM3X8E/libcore.a(cortex_handlers.c.o)
                0x0009b9c6                SysTick_Handler
 .text.__empty  0x0009b9dc        0x2 build-arduino_due_x-SAM3X8E/libcore.a(hooks.c.o)
                0x0009b9dc                yield
 .text.__false  0x0009b9de        0x4 build-arduino_due_x-SAM3X8E/libcore.a(hooks.c.o)
                0x0009b9de                sysTickHook
 .text.__halt   0x0009b9e2        0x2 build-arduino_due_x-SAM3X8E/libcore.a(hooks.c.o)
                0x0009b9e2                svcHook
                0x0009b9e2                pendSVHook
 .text._sbrk    0x0009b9e4       0x1c build-arduino_due_x-SAM3X8E/libcore.a(syscalls_sam3.c.o)
                0x0009b9e4                _sbrk
 .text.link     0x0009ba00        0x6 build-arduino_due_x-SAM3X8E/libcore.a(syscalls_sam3.c.o)
                0x0009ba00                link
 .text._close   0x0009ba06        0x6 build-arduino_due_x-SAM3X8E/libcore.a(syscalls_sam3.c.o)
                0x0009ba06                _close
 .text._fstat   0x0009ba0c        0xa build-arduino_due_x-SAM3X8E/libcore.a(syscalls_sam3.c.o)
                0x0009ba0c                _fstat
 .text._isatty  0x0009ba16        0x4 build-arduino_due_x-SAM3X8E/libcore.a(syscalls_sam3.c.o)
                0x0009ba16                _isatty
 .text._lseek   0x0009ba1a        0x4 build-arduino_due_x-SAM3X8E/libcore.a(syscalls_sam3.c.o)
                0x0009ba1a                _lseek
 .text._read    0x0009ba1e        0x4 build-arduino_due_x-SAM3X8E/libcore.a(syscalls_sam3.c.o)
                0x0009ba1e                _read
 *fill*         0x0009ba22        0x2 
 .text._write   0x0009ba24       0x24 build-arduino_due_x-SAM3X8E/libcore.a(syscalls_sam3.c.o)
                0x0009ba24                _write
 .text._exit    0x0009ba48       0x10 build-arduino_due_x-SAM3X8E/libcore.a(syscalls_sam3.c.o)
                0x0009ba48                _exit
 .text._kill    0x0009ba58        0x2 build-arduino_due_x-SAM3X8E/libcore.a(syscalls_sam3.c.o)
                0x0009ba58                _kill
 .text._getpid  0x0009ba5a        0x6 build-arduino_due_x-SAM3X8E/libcore.a(syscalls_sam3.c.o)
                0x0009ba5a                _getpid
 .text.micros   0x0009ba60       0x74 build-arduino_due_x-SAM3X8E/libcore.a(wiring.c.o)
                0x0009ba60                micros
 .text.delay    0x0009bad4       0x1c build-arduino_due_x-SAM3X8E/libcore.a(wiring.c.o)
                0x0009bad4                delay
 .text.analogOutputInit
                0x0009baf0        0x2 build-arduino_due_x-SAM3X8E/libcore.a(wiring_analog.c.o)
                0x0009baf0                analogOutputInit
 *fill*         0x0009baf2        0x2 
 .text.pinMode  0x0009baf4      0x108 build-arduino_due_x-SAM3X8E/libcore.a(wiring_digital.c.o)
                0x0009baf4                pinMode
 .text.digitalWrite
                0x0009bbfc       0x70 build-arduino_due_x-SAM3X8E/libcore.a(wiring_digital.c.o)
                0x0009bbfc                digitalWrite
 .text.initVariant
                0x0009bc6c        0x2 build-arduino_due_x-SAM3X8E/libcore.a(main.cpp.o)
                0x0009bc6c                initVariant
 *fill*         0x0009bc6e        0x2 
 .text.startup.main
                0x0009bc70       0x38 build-arduino_due_x-SAM3X8E/libcore.a(main.cpp.o)
                0x0009bc70                main
 .text._ZN5Print5writeEPKhj
                0x0009bca8       0x22 build-arduino_due_x-SAM3X8E/libcore.a(Print.cpp.o)
                0x0009bca8                Print::write(unsigned char const*, unsigned int)
 .text._ZN5Print5writeEPKc
                0x0009bcca       0x1e build-arduino_due_x-SAM3X8E/libcore.a(Print.cpp.o)
                0x0009bcca                Print::write(char const*)
 .text._ZN5Print5printEPKc
                0x0009bce8        0x8 build-arduino_due_x-SAM3X8E/libcore.a(Print.cpp.o)
                0x0009bce8                Print::print(char const*)
 .text.initiateReset
                0x0009bcf0        0xc build-arduino_due_x-SAM3X8E/libcore.a(Reset.cpp.o)
                0x0009bcf0                initiateReset
 .text.cancelReset
                0x0009bcfc       0x10 build-arduino_due_x-SAM3X8E/libcore.a(Reset.cpp.o)
                0x0009bcfc                cancelReset
 .text.tickReset
                0x0009bd0c       0x20 build-arduino_due_x-SAM3X8E/libcore.a(Reset.cpp.o)
                0x0009bd0c                tickReset
 .text._ZN10RingBufferC2Ev
                0x0009bd2c       0x1a build-arduino_due_x-SAM3X8E/libcore.a(RingBuffer.cpp.o)
                0x0009bd2c                RingBuffer::RingBuffer()
                0x0009bd2c                RingBuffer::RingBuffer()
 .text._ZN10RingBuffer10store_charEh
                0x0009bd46       0x1e build-arduino_due_x-SAM3X8E/libcore.a(RingBuffer.cpp.o)
                0x0009bd46                RingBuffer::store_char(unsigned char)
 .text._ZN9UARTClasscvbEv
                0x0009bd64        0x4 build-arduino_due_x-SAM3X8E/libcore.a(UARTClass.cpp.o)
                0x0009bd64                UARTClass::operator bool()
 .text._ZN9UARTClass9availableEv
                0x0009bd68       0x12 build-arduino_due_x-SAM3X8E/libcore.a(UARTClass.cpp.o)
                0x0009bd68                UARTClass::available()
 .text._ZN9UARTClass4peekEv
                0x0009bd7a       0x1c build-arduino_due_x-SAM3X8E/libcore.a(UARTClass.cpp.o)
                0x0009bd7a                UARTClass::peek()
 .text._ZN9UARTClass4readEv
                0x0009bd96       0x2a build-arduino_due_x-SAM3X8E/libcore.a(UARTClass.cpp.o)
                0x0009bd96                UARTClass::read()
 .text._ZN9UARTClass5flushEv
                0x0009bdc0       0x18 build-arduino_due_x-SAM3X8E/libcore.a(UARTClass.cpp.o)
                0x0009bdc0                UARTClass::flush()
 .text._ZN9UARTClass5writeEh
                0x0009bdd8       0x54 build-arduino_due_x-SAM3X8E/libcore.a(UARTClass.cpp.o)
                0x0009bdd8                UARTClass::write(unsigned char)
 .text._ZN9UARTClass3endEv
                0x0009be2c       0x3c build-arduino_due_x-SAM3X8E/libcore.a(UARTClass.cpp.o)
                0x0009be2c                UARTClass::end()
 .text._ZN9UARTClassC2EP4Uart4IRQnmP10RingBufferS4_
                0x0009be68       0x24 build-arduino_due_x-SAM3X8E/libcore.a(UARTClass.cpp.o)
                0x0009be68                UARTClass::UARTClass(Uart*, IRQn, unsigned long, RingBuffer*, RingBuffer*)
                0x0009be68                UARTClass::UARTClass(Uart*, IRQn, unsigned long, RingBuffer*, RingBuffer*)
 .text._ZN9UARTClass4initEmm
                0x0009be8c       0x70 build-arduino_due_x-SAM3X8E/libcore.a(UARTClass.cpp.o)
                0x0009be8c                UARTClass::init(unsigned long, unsigned long)
 .text._ZN9UARTClass5beginEm
                0x0009befc        0x8 build-arduino_due_x-SAM3X8E/libcore.a(UARTClass.cpp.o)
                0x0009befc                UARTClass::begin(unsigned long)
 .text._ZN9UARTClass10IrqHandlerEv
                0x0009bf04       0x5a build-arduino_due_x-SAM3X8E/libcore.a(UARTClass.cpp.o)
                0x0009bf04                UARTClass::IrqHandler()
 .text._ZN10USARTClass5beginEm
                0x0009bf5e        0x8 build-arduino_due_x-SAM3X8E/libcore.a(USARTClass.cpp.o)
                0x0009bf5e                USARTClass::begin(unsigned long)
 *fill*         0x0009bf66        0x2 
 .text._ZN10USARTClassC2EP5Usart4IRQnmP10RingBufferS4_
                0x0009bf68       0x24 build-arduino_due_x-SAM3X8E/libcore.a(USARTClass.cpp.o)
                0x0009bf68                USARTClass::USARTClass(Usart*, IRQn, unsigned long, RingBuffer*, RingBuffer*)
                0x0009bf68                USARTClass::USARTClass(Usart*, IRQn, unsigned long, RingBuffer*, RingBuffer*)
 .text._watchdogDefaultSetup
                0x0009bf8c        0xc build-arduino_due_x-SAM3X8E/libcore.a(watchdog.cpp.o)
                0x0009bf8c                _watchdogDefaultSetup
                0x0009bf8c                watchdogSetup()
 .text.unlikely._ZL11USB_SendZlpv
                0x0009bf98       0x20 build-arduino_due_x-SAM3X8E/libcore.a(USBCore.cpp.o)
 .text._Z14USBD_Availablem
                0x0009bfb8       0x2c build-arduino_due_x-SAM3X8E/libcore.a(USBCore.cpp.o)
                0x0009bfb8                USBD_Available(unsigned long)
 .text._Z9USBD_RecvmPvm
                0x0009bfe4       0x7c build-arduino_due_x-SAM3X8E/libcore.a(USBCore.cpp.o)
                0x0009bfe4                USBD_Recv(unsigned long, void*, unsigned long)
 .text._Z9USBD_Recvm
                0x0009c060       0x22 build-arduino_due_x-SAM3X8E/libcore.a(USBCore.cpp.o)
                0x0009c060                USBD_Recv(unsigned long)
 *fill*         0x0009c082        0x2 
 .text._Z9USBD_SendmPKvm
                0x0009c084       0x4c build-arduino_due_x-SAM3X8E/libcore.a(USBCore.cpp.o)
                0x0009c084                USBD_Send(unsigned long, void const*, unsigned long)
 .text._Z16USBD_SendControlhPKvm
                0x0009c0d0       0x40 build-arduino_due_x-SAM3X8E/libcore.a(USBCore.cpp.o)
                0x0009c0d0                USBD_SendControl(unsigned char, void const*, unsigned long)
 .text.unlikely._ZL24USB_SendStringDescriptorPKhi
                0x0009c110       0x64 build-arduino_due_x-SAM3X8E/libcore.a(USBCore.cpp.o)
 .text._Z16USBD_RecvControlPvm
                0x0009c174       0x1c build-arduino_due_x-SAM3X8E/libcore.a(USBCore.cpp.o)
                0x0009c174                USBD_RecvControl(void*, unsigned long)
 .text._Z26USBD_ClassInterfaceRequestR8USBSetup
                0x0009c190       0x1e build-arduino_due_x-SAM3X8E/libcore.a(USBCore.cpp.o)
                0x0009c190                USBD_ClassInterfaceRequest(USBSetup&)
 .text._Z19USBD_SendInterfacesv
                0x0009c1ae       0x22 build-arduino_due_x-SAM3X8E/libcore.a(USBCore.cpp.o)
                0x0009c1ae                USBD_SendInterfaces()
 .text._Z24USBD_SendOtherInterfacesv
                0x0009c1d0       0x22 build-arduino_due_x-SAM3X8E/libcore.a(USBCore.cpp.o)
                0x0009c1d0                USBD_SendOtherInterfaces()
 .text._Z10USBD_Flushm
                0x0009c1f2       0x16 build-arduino_due_x-SAM3X8E/libcore.a(USBCore.cpp.o)
                0x0009c1f2                USBD_Flush(unsigned long)
 .text._ZN10USBDevice_C2Ev
                0x0009c208       0x24 build-arduino_due_x-SAM3X8E/libcore.a(USBCore.cpp.o)
                0x0009c208                USBDevice_::USBDevice_()
                0x0009c208                USBDevice_::USBDevice_()
 .text._ZN10USBDevice_6attachEv
                0x0009c22c       0x20 build-arduino_due_x-SAM3X8E/libcore.a(USBCore.cpp.o)
                0x0009c22c                USBDevice_::attach()
 .text.startup._GLOBAL__sub_I_EndPoints
                0x0009c24c        0xc build-arduino_due_x-SAM3X8E/libcore.a(USBCore.cpp.o)
 .text._ZL7USB_ISRv
                0x0009c258      0x454 build-arduino_due_x-SAM3X8E/libcore.a(USBCore.cpp.o)
 .text.TimeTick_Increment
                0x0009c6ac       0x10 build-arduino_due_x-SAM3X8E/libcore.a(timetick.c.o)
                0x0009c6ac                TimeTick_Increment
 .text.GetTickCount
                0x0009c6bc        0xc build-arduino_due_x-SAM3X8E/libcore.a(timetick.c.o)
                0x0009c6bc                GetTickCount
 .text.UDD_SetStack
                0x0009c6c8        0xc build-arduino_due_x-SAM3X8E/libcore.a(uotghs_device.c.o)
                0x0009c6c8                UDD_SetStack
 .text.UDD_Init
                0x0009c6d4       0xc0 build-arduino_due_x-SAM3X8E/libcore.a(uotghs_device.c.o)
                0x0009c6d4                UDD_Init
 .text.UDD_Attach
                0x0009c794       0x50 build-arduino_due_x-SAM3X8E/libcore.a(uotghs_device.c.o)
                0x0009c794                UDD_Attach
 .text.UDD_InitEP
                0x0009c7e4       0x2c build-arduino_due_x-SAM3X8E/libcore.a(uotghs_device.c.o)
                0x0009c7e4                UDD_InitEP
 .text.UDD_InitEndpoints
                0x0009c810       0x3c build-arduino_due_x-SAM3X8E/libcore.a(uotghs_device.c.o)
                0x0009c810                UDD_InitEndpoints
 .text.UDD_WaitIN
                0x0009c84c       0x10 build-arduino_due_x-SAM3X8E/libcore.a(uotghs_device.c.o)
                0x0009c84c                UDD_WaitIN
 .text.UDD_WaitOUT
                0x0009c85c       0x10 build-arduino_due_x-SAM3X8E/libcore.a(uotghs_device.c.o)
                0x0009c85c                UDD_WaitOUT
 .text.UDD_ClearIN
                0x0009c86c       0x18 build-arduino_due_x-SAM3X8E/libcore.a(uotghs_device.c.o)
                0x0009c86c                UDD_ClearIN
 .text.UDD_ClearOUT
                0x0009c884       0x18 build-arduino_due_x-SAM3X8E/libcore.a(uotghs_device.c.o)
                0x0009c884                UDD_ClearOUT
 .text.UDD_ReceivedSetupInt
                0x0009c89c       0x10 build-arduino_due_x-SAM3X8E/libcore.a(uotghs_device.c.o)
                0x0009c89c                UDD_ReceivedSetupInt
 .text.UDD_ClearSetupInt
                0x0009c8ac       0x10 build-arduino_due_x-SAM3X8E/libcore.a(uotghs_device.c.o)
                0x0009c8ac                UDD_ClearSetupInt
 .text.UDD_Send
                0x0009c8bc       0x84 build-arduino_due_x-SAM3X8E/libcore.a(uotghs_device.c.o)
                0x0009c8bc                UDD_Send
 .text.UDD_Send8
                0x0009c940       0x24 build-arduino_due_x-SAM3X8E/libcore.a(uotghs_device.c.o)
                0x0009c940                UDD_Send8
 .text.UDD_Recv8
                0x0009c964       0x28 build-arduino_due_x-SAM3X8E/libcore.a(uotghs_device.c.o)
                0x0009c964                UDD_Recv8
 .text.UDD_Recv
                0x0009c98c       0x34 build-arduino_due_x-SAM3X8E/libcore.a(uotghs_device.c.o)
                0x0009c98c                UDD_Recv
 .text.UDD_Stall
                0x0009c9c0       0x14 build-arduino_due_x-SAM3X8E/libcore.a(uotghs_device.c.o)
                0x0009c9c0                UDD_Stall
 .text.UDD_FifoByteCount
                0x0009c9d4       0x14 build-arduino_due_x-SAM3X8E/libcore.a(uotghs_device.c.o)
                0x0009c9d4                UDD_FifoByteCount
 .text.UDD_ReleaseRX
                0x0009c9e8       0x28 build-arduino_due_x-SAM3X8E/libcore.a(uotghs_device.c.o)
                0x0009c9e8                UDD_ReleaseRX
 .text.UDD_ReleaseTX
                0x0009ca10       0x28 build-arduino_due_x-SAM3X8E/libcore.a(uotghs_device.c.o)
                0x0009ca10                UDD_ReleaseTX
 .text.UDD_SetAddress
                0x0009ca38       0x20 build-arduino_due_x-SAM3X8E/libcore.a(uotghs_device.c.o)
                0x0009ca38                UDD_SetAddress
 .text.WDT_Disable
                0x0009ca58        0x8 build-arduino_due_x-SAM3X8E/libcore.a(wdt.c.o)
                0x0009ca58                WDT_Disable
 .text._ZN7Serial_9availableEv
                0x0009ca60       0x18 build-arduino_due_x-SAM3X8E/libcore.a(CDC.cpp.o)
                0x0009ca60                Serial_::available()
 .text._ZN7Serial_4peekEv
                0x0009ca78       0x20 build-arduino_due_x-SAM3X8E/libcore.a(CDC.cpp.o)
                0x0009ca78                Serial_::peek()
 .text._ZN7Serial_5writeEh
                0x0009ca98       0x16 build-arduino_due_x-SAM3X8E/libcore.a(CDC.cpp.o)
                0x0009ca98                Serial_::write(unsigned char)
 *fill*         0x0009caae        0x2 
 .text._ZN7Serial_4readEv
                0x0009cab0       0x44 build-arduino_due_x-SAM3X8E/libcore.a(CDC.cpp.o)
                0x0009cab0                Serial_::read()
 .text._ZN7Serial_5flushEv
                0x0009caf4        0x6 build-arduino_due_x-SAM3X8E/libcore.a(CDC.cpp.o)
                0x0009caf4                Serial_::flush()
 *fill*         0x0009cafa        0x2 
 .text._ZN7Serial_6acceptEv
                0x0009cafc       0x70 build-arduino_due_x-SAM3X8E/libcore.a(CDC.cpp.o)
                0x0009cafc                Serial_::accept()
 .text._ZN7Serial_5writeEPKhj
                0x0009cb6c       0x2c build-arduino_due_x-SAM3X8E/libcore.a(CDC.cpp.o)
                0x0009cb6c                Serial_::write(unsigned char const*, unsigned int)
 .text._Z16CDC_GetInterfacePh
                0x0009cb98       0x14 build-arduino_due_x-SAM3X8E/libcore.a(CDC.cpp.o)
                0x0009cb98                CDC_GetInterface(unsigned char*)
 .text._Z21CDC_GetOtherInterfacePh
                0x0009cbac       0x14 build-arduino_due_x-SAM3X8E/libcore.a(CDC.cpp.o)
                0x0009cbac                CDC_GetOtherInterface(unsigned char*)
 .text._Z9CDC_SetupR8USBSetup
                0x0009cbc0       0x78 build-arduino_due_x-SAM3X8E/libcore.a(CDC.cpp.o)
                0x0009cbc0                CDC_Setup(USBSetup&)
 .text.startup._GLOBAL__sub_I_cdc_rx_buffer
                0x0009cc38       0x1c build-arduino_due_x-SAM3X8E/libcore.a(CDC.cpp.o)
 .text._ZN13PluggableUSB_12getInterfaceEPh
                0x0009cc54       0x28 build-arduino_due_x-SAM3X8E/libcore.a(PluggableUSB.cpp.o)
                0x0009cc54                PluggableUSB_::getInterface(unsigned char*)
 .text._ZN13PluggableUSB_13getDescriptorER8USBSetup
                0x0009cc7c       0x1c build-arduino_due_x-SAM3X8E/libcore.a(PluggableUSB.cpp.o)
                0x0009cc7c                PluggableUSB_::getDescriptor(USBSetup&)
 .text._ZN13PluggableUSB_12getShortNameEPc
                0x0009cc98       0x1c build-arduino_due_x-SAM3X8E/libcore.a(PluggableUSB.cpp.o)
                0x0009cc98                PluggableUSB_::getShortName(char*)
 .text._ZN13PluggableUSB_5setupER8USBSetup
                0x0009ccb4       0x20 build-arduino_due_x-SAM3X8E/libcore.a(PluggableUSB.cpp.o)
                0x0009ccb4                PluggableUSB_::setup(USBSetup&)
 .text._Z12PluggableUSBv
                0x0009ccd4       0x28 build-arduino_due_x-SAM3X8E/libcore.a(PluggableUSB.cpp.o)
                0x0009ccd4                PluggableUSB()
 .text.__fpclassifyd
                0x0009ccfc       0x50 c:/users/baciu/appdata/local/arduino15/packages/arduino/tools/arm-none-eabi-gcc/4.8.3-2014q1/bin/../lib/gcc/arm-none-eabi/4.8.3/../../../../arm-none-eabi/lib/armv7-m\libm.a(lib_a-s_fpclassify.o)
                0x0009ccfc                __fpclassifyd
 .text          0x0009cd4c      0x370 c:/users/baciu/appdata/local/arduino15/packages/arduino/tools/arm-none-eabi-gcc/4.8.3-2014q1/bin/../lib/gcc/arm-none-eabi/4.8.3/armv7-m\libgcc.a(_arm_addsubdf3.o)
                0x0009cd4c                __aeabi_drsub
                0x0009cd54                __aeabi_dsub
                0x0009cd54                __subdf3
                0x0009cd58                __aeabi_dadd
                0x0009cd58                __adddf3
                0x0009cfd0                __floatunsidf
                0x0009cfd0                __aeabi_ui2d
                0x0009cff0                __floatsidf
                0x0009cff0                __aeabi_i2d
                0x0009d014                __aeabi_f2d
                0x0009d014                __extendsfdf2
                0x0009d050                __floatundidf
                0x0009d050                __aeabi_ul2d
                0x0009d060                __floatdidf
                0x0009d060                __aeabi_l2d
 .text          0x0009d0bc      0x424 c:/users/baciu/appdata/local/arduino15/packages/arduino/tools/arm-none-eabi-gcc/4.8.3-2014q1/bin/../lib/gcc/arm-none-eabi/4.8.3/armv7-m\libgcc.a(_arm_muldivdf3.o)
                0x0009d0bc                __aeabi_dmul
                0x0009d0bc                __muldf3
                0x0009d310                __divdf3
                0x0009d310                __aeabi_ddiv
 .text          0x0009d4e0      0x110 c:/users/baciu/appdata/local/arduino15/packages/arduino/tools/arm-none-eabi-gcc/4.8.3-2014q1/bin/../lib/gcc/arm-none-eabi/4.8.3/armv7-m\libgcc.a(_arm_cmpdf2.o)
                0x0009d4e0                __gtdf2
                0x0009d4e0                __gedf2
                0x0009d4e8                __ltdf2
                0x0009d4e8                __ledf2
                0x0009d4f0                __nedf2
                0x0009d4f0                __eqdf2
                0x0009d4f0                __cmpdf2
                0x0009d56c                __aeabi_cdrcmple
                0x0009d57c                __aeabi_cdcmpeq
                0x0009d57c                __aeabi_cdcmple
                0x0009d58c                __aeabi_dcmpeq
                0x0009d5a0                __aeabi_dcmplt
                0x0009d5b4                __aeabi_dcmple
                0x0009d5c8                __aeabi_dcmpge
                0x0009d5dc                __aeabi_dcmpgt
 .text          0x0009d5f0       0x50 c:/users/baciu/appdata/local/arduino15/packages/arduino/tools/arm-none-eabi-gcc/4.8.3-2014q1/bin/../lib/gcc/arm-none-eabi/4.8.3/armv7-m\libgcc.a(_arm_fixdfsi.o)
                0x0009d5f0                __aeabi_d2iz
                0x0009d5f0                __fixdfsi
 .text          0x0009d640       0xa0 c:/users/baciu/appdata/local/arduino15/packages/arduino/tools/arm-none-eabi-gcc/4.8.3-2014q1/bin/../lib/gcc/arm-none-eabi/4.8.3/armv7-m\libgcc.a(_arm_truncdfsf2.o)
                0x0009d640                __truncdfsf2
                0x0009d640                __aeabi_d2f
 .text          0x0009d6e0      0x21c c:/users/baciu/appdata/local/arduino15/packages/arduino/tools/arm-none-eabi-gcc/4.8.3-2014q1/bin/../lib/gcc/arm-none-eabi/4.8.3/armv7-m\libgcc.a(_arm_addsubsf3.o)
                0x0009d6e0                __aeabi_frsub
                0x0009d6e8                __subsf3
                0x0009d6e8                __aeabi_fsub
                0x0009d6ec                __aeabi_fadd
                0x0009d6ec                __addsf3
                0x0009d84c                __aeabi_ui2f
                0x0009d84c                __floatunsisf
                0x0009d854                __aeabi_i2f
                0x0009d854                __floatsisf
                0x0009d870                __aeabi_ul2f
                0x0009d870                __floatundisf
                0x0009d880                __aeabi_l2f
                0x0009d880                __floatdisf
 .text.atoi     0x0009d8fc        0x8 c:/users/baciu/appdata/local/arduino15/packages/arduino/tools/arm-none-eabi-gcc/4.8.3-2014q1/bin/../lib/gcc/arm-none-eabi/4.8.3/../../../../arm-none-eabi/lib/armv7-m\libc.a(lib_a-atoi.o)
                0x0009d8fc                atoi
 .text.__libc_init_array
                0x0009d904       0x50 c:/users/baciu/appdata/local/arduino15/packages/arduino/tools/arm-none-eabi-gcc/4.8.3-2014q1/bin/../lib/gcc/arm-none-eabi/4.8.3/../../../../arm-none-eabi/lib/armv7-m\libc.a(lib_a-init.o)
                0x0009d904                __libc_init_array
 .text.iprintf  0x0009d954       0x28 c:/users/baciu/appdata/local/arduino15/packages/arduino/tools/arm-none-eabi-gcc/4.8.3-2014q1/bin/../lib/gcc/arm-none-eabi/4.8.3/../../../../arm-none-eabi/lib/armv7-m\libc.a(lib_a-iprintf.o)
                0x0009d954                iprintf
 .text          0x0009d97c       0xec c:/users/baciu/appdata/local/arduino15/packages/arduino/tools/arm-none-eabi-gcc/4.8.3-2014q1/bin/../lib/gcc/arm-none-eabi/4.8.3/../../../../arm-none-eabi/lib/armv7-m\libc.a(lib_a-memcpy.o)
                0x0009d97c                memcpy
 .text.memset   0x0009da68       0x94 c:/users/baciu/appdata/local/arduino15/packages/arduino/tools/arm-none-eabi-gcc/4.8.3-2014q1/bin/../lib/gcc/arm-none-eabi/4.8.3/../../../../arm-none-eabi/lib/armv7-m\libc.a(lib_a-memset.o)
                0x0009da68                memset
 .text.strlen   0x0009dafc       0x60 c:/users/baciu/appdata/local/arduino15/packages/arduino/tools/arm-none-eabi-gcc/4.8.3-2014q1/bin/../lib/gcc/arm-none-eabi/4.8.3/../../../../arm-none-eabi/lib/armv7-m\libc.a(lib_a-strlen.o)
                0x0009dafc                strlen
 .text.strncmp  0x0009db5c       0xb4 c:/users/baciu/appdata/local/arduino15/packages/arduino/tools/arm-none-eabi-gcc/4.8.3-2014q1/bin/../lib/gcc/arm-none-eabi/4.8.3/../../../../arm-none-eabi/lib/armv7-m\libc.a(lib_a-strncmp.o)
                0x0009db5c                strncmp
 .text.strnlen  0x0009dc10       0x30 c:/users/baciu/appdata/local/arduino15/packages/arduino/tools/arm-none-eabi-gcc/4.8.3-2014q1/bin/../lib/gcc/arm-none-eabi/4.8.3/../../../../arm-none-eabi/lib/armv7-m\libc.a(lib_a-strnlen.o)
                0x0009dc10                strnlen
 .text.strtok   0x0009dc40       0x10 c:/users/baciu/appdata/local/arduino15/packages/arduino/tools/arm-none-eabi-gcc/4.8.3-2014q1/bin/../lib/gcc/arm-none-eabi/4.8.3/../../../../arm-none-eabi/lib/armv7-m\libc.a(lib_a-strtok.o)
                0x0009dc40                strtok
 .text.__strtok_r
                0x0009dc50       0x64 c:/users/baciu/appdata/local/arduino15/packages/arduino/tools/arm-none-eabi-gcc/4.8.3-2014q1/bin/../lib/gcc/arm-none-eabi/4.8.3/../../../../arm-none-eabi/lib/armv7-m\libc.a(lib_a-strtok_r.o)
                0x0009dc50                __strtok_r
 .text._strtol_r
                0x0009dcb4      0x114 c:/users/baciu/appdata/local/arduino15/packages/arduino/tools/arm-none-eabi-gcc/4.8.3-2014q1/bin/../lib/gcc/arm-none-eabi/4.8.3/../../../../arm-none-eabi/lib/armv7-m\libc.a(lib_a-strtol.o)
                0x0009dcb4                _strtol_r
 .text.strtol   0x0009ddc8       0x18 c:/users/baciu/appdata/local/arduino15/packages/arduino/tools/arm-none-eabi-gcc/4.8.3-2014q1/bin/../lib/gcc/arm-none-eabi/4.8.3/../../../../arm-none-eabi/lib/armv7-m\libc.a(lib_a-strtol.o)
                0x0009ddc8                strtol
 .text.kill     0x0009dde0       0x10 c:/users/baciu/appdata/local/arduino15/packages/arduino/tools/arm-none-eabi-gcc/4.8.3-2014q1/bin/../lib/gcc/arm-none-eabi/4.8.3/../../../../arm-none-eabi/lib/armv7-m\libc.a(lib_a-syskill.o)
                0x0009dde0                kill
 .text.__sprint_r.part.0
                0x0009ddf0       0x78 c:/users/baciu/appdata/local/arduino15/packages/arduino/tools/arm-none-eabi-gcc/4.8.3-2014q1/bin/../lib/gcc/arm-none-eabi/4.8.3/../../../../arm-none-eabi/lib/armv7-m\libc.a(lib_a-vfiprintf.o)
 .text._vfiprintf_r
                0x0009de68      0xc54 c:/users/baciu/appdata/local/arduino15/packages/arduino/tools/arm-none-eabi-gcc/4.8.3-2014q1/bin/../lib/gcc/arm-none-eabi/4.8.3/../../../../arm-none-eabi/lib/armv7-m\libc.a(lib_a-vfiprintf.o)
                0x0009de68                _vfiprintf_r
 .text.__sbprintf
                0x0009eabc       0x7c c:/users/baciu/appdata/local/arduino15/packages/arduino/tools/arm-none-eabi-gcc/4.8.3-2014q1/bin/../lib/gcc/arm-none-eabi/4.8.3/../../../../arm-none-eabi/lib/armv7-m\libc.a(lib_a-vfiprintf.o)
 .text._vsnprintf_r
                0x0009eb38       0x54 c:/users/baciu/appdata/local/arduino15/packages/arduino/tools/arm-none-eabi-gcc/4.8.3-2014q1/bin/../lib/gcc/arm-none-eabi/4.8.3/../../../../arm-none-eabi/lib/armv7-m\libc.a(lib_a-vsnprintf.o)
                0x0009eb38                _vsnprintf_r
 .text.vsnprintf
                0x0009eb8c       0x24 c:/users/baciu/appdata/local/arduino15/packages/arduino/tools/arm-none-eabi-gcc/4.8.3-2014q1/bin/../lib/gcc/arm-none-eabi/4.8.3/../../../../arm-none-eabi/lib/armv7-m\libc.a(lib_a-vsnprintf.o)
                0x0009eb8c                vsnprintf
 .text.__swsetup_r
                0x0009ebb0       0xc4 c:/users/baciu/appdata/local/arduino15/packages/arduino/tools/arm-none-eabi-gcc/4.8.3-2014q1/bin/../lib/gcc/arm-none-eabi/4.8.3/../../../../arm-none-eabi/lib/armv7-m\libc.a(lib_a-wsetup.o)
                0x0009ebb0                __swsetup_r
 .text.startup.register_fini
                0x0009ec74       0x14 c:/users/baciu/appdata/local/arduino15/packages/arduino/tools/arm-none-eabi-gcc/4.8.3-2014q1/bin/../lib/gcc/arm-none-eabi/4.8.3/../../../../arm-none-eabi/lib/armv7-m\libc.a(lib_a-__call_atexit.o)
 .text.atexit   0x0009ec88        0xc c:/users/baciu/appdata/local/arduino15/packages/arduino/tools/arm-none-eabi-gcc/4.8.3-2014q1/bin/../lib/gcc/arm-none-eabi/4.8.3/../../../../arm-none-eabi/lib/armv7-m\libc.a(lib_a-atexit.o)
                0x0009ec88                atexit
 .text.__sflush_r
                0x0009ec94      0x148 c:/users/baciu/appdata/local/arduino15/packages/arduino/tools/arm-none-eabi-gcc/4.8.3-2014q1/bin/../lib/gcc/arm-none-eabi/4.8.3/../../../../arm-none-eabi/lib/armv7-m\libc.a(lib_a-fflush.o)
                0x0009ec94                __sflush_r
 .text._fflush_r
                0x0009eddc       0x2c c:/users/baciu/appdata/local/arduino15/packages/arduino/tools/arm-none-eabi-gcc/4.8.3-2014q1/bin/../lib/gcc/arm-none-eabi/4.8.3/../../../../arm-none-eabi/lib/armv7-m\libc.a(lib_a-fflush.o)
                0x0009eddc                _fflush_r
 .text._cleanup_r
                0x0009ee08        0xc c:/users/baciu/appdata/local/arduino15/packages/arduino/tools/arm-none-eabi-gcc/4.8.3-2014q1/bin/../lib/gcc/arm-none-eabi/4.8.3/../../../../arm-none-eabi/lib/armv7-m\libc.a(lib_a-findfp.o)
                0x0009ee08                _cleanup_r
 .text.__sinit  0x0009ee14       0xf4 c:/users/baciu/appdata/local/arduino15/packages/arduino/tools/arm-none-eabi-gcc/4.8.3-2014q1/bin/../lib/gcc/arm-none-eabi/4.8.3/../../../../arm-none-eabi/lib/armv7-m\libc.a(lib_a-findfp.o)
                0x0009ee14                __sinit
 .text.__sfp_lock_acquire
                0x0009ef08        0x4 c:/users/baciu/appdata/local/arduino15/packages/arduino/tools/arm-none-eabi-gcc/4.8.3-2014q1/bin/../lib/gcc/arm-none-eabi/4.8.3/../../../../arm-none-eabi/lib/armv7-m\libc.a(lib_a-findfp.o)
                0x0009ef08                __sfp_lock_acquire
 .text.__sfp_lock_release
                0x0009ef0c        0x4 c:/users/baciu/appdata/local/arduino15/packages/arduino/tools/arm-none-eabi-gcc/4.8.3-2014q1/bin/../lib/gcc/arm-none-eabi/4.8.3/../../../../arm-none-eabi/lib/armv7-m\libc.a(lib_a-findfp.o)
                0x0009ef0c                __sfp_lock_release
 .text.__libc_fini_array
                0x0009ef10       0x30 c:/users/baciu/appdata/local/arduino15/packages/arduino/tools/arm-none-eabi-gcc/4.8.3-2014q1/bin/../lib/gcc/arm-none-eabi/4.8.3/../../../../arm-none-eabi/lib/armv7-m\libc.a(lib_a-fini.o)
                0x0009ef10                __libc_fini_array
 .text._fputwc_r
                0x0009ef40       0xc0 c:/users/baciu/appdata/local/arduino15/packages/arduino/tools/arm-none-eabi-gcc/4.8.3-2014q1/bin/../lib/gcc/arm-none-eabi/4.8.3/../../../../arm-none-eabi/lib/armv7-m\libc.a(lib_a-fputwc.o)
                0x0009ef40                _fputwc_r
 .text._malloc_trim_r
                0x0009f000       0x9c c:/users/baciu/appdata/local/arduino15/packages/arduino/tools/arm-none-eabi-gcc/4.8.3-2014q1/bin/../lib/gcc/arm-none-eabi/4.8.3/../../../../arm-none-eabi/lib/armv7-m\libc.a(lib_a-freer.o)
                0x0009f000                _malloc_trim_r
 .text._free_r  0x0009f09c      0x198 c:/users/baciu/appdata/local/arduino15/packages/arduino/tools/arm-none-eabi-gcc/4.8.3-2014q1/bin/../lib/gcc/arm-none-eabi/4.8.3/../../../../arm-none-eabi/lib/armv7-m\libc.a(lib_a-freer.o)
                0x0009f09c                _free_r
 .text.__sfvwrite_r
                0x0009f234      0x314 c:/users/baciu/appdata/local/arduino15/packages/arduino/tools/arm-none-eabi-gcc/4.8.3-2014q1/bin/../lib/gcc/arm-none-eabi/4.8.3/../../../../arm-none-eabi/lib/armv7-m\libc.a(lib_a-fvwrite.o)
                0x0009f234                __sfvwrite_r
 .text._fwalk   0x0009f548       0x48 c:/users/baciu/appdata/local/arduino15/packages/arduino/tools/arm-none-eabi-gcc/4.8.3-2014q1/bin/../lib/gcc/arm-none-eabi/4.8.3/../../../../arm-none-eabi/lib/armv7-m\libc.a(lib_a-fwalk.o)
                0x0009f548                _fwalk
 .text.__locale_charset
                0x0009f590        0x8 c:/users/baciu/appdata/local/arduino15/packages/arduino/tools/arm-none-eabi-gcc/4.8.3-2014q1/bin/../lib/gcc/arm-none-eabi/4.8.3/../../../../arm-none-eabi/lib/armv7-m\libc.a(lib_a-locale.o)
                0x0009f590                __locale_charset
 .text.__locale_mb_cur_max
                0x0009f598        0xc c:/users/baciu/appdata/local/arduino15/packages/arduino/tools/arm-none-eabi-gcc/4.8.3-2014q1/bin/../lib/gcc/arm-none-eabi/4.8.3/../../../../arm-none-eabi/lib/armv7-m\libc.a(lib_a-locale.o)
                0x0009f598                __locale_mb_cur_max
 .text._localeconv_r
                0x0009f5a4        0x8 c:/users/baciu/appdata/local/arduino15/packages/arduino/tools/arm-none-eabi-gcc/4.8.3-2014q1/bin/../lib/gcc/arm-none-eabi/4.8.3/../../../../arm-none-eabi/lib/armv7-m\libc.a(lib_a-locale.o)
                0x0009f5a4                _localeconv_r
 .text.__smakebuf_r
                0x0009f5ac       0xe0 c:/users/baciu/appdata/local/arduino15/packages/arduino/tools/arm-none-eabi-gcc/4.8.3-2014q1/bin/../lib/gcc/arm-none-eabi/4.8.3/../../../../arm-none-eabi/lib/armv7-m\libc.a(lib_a-makebuf.o)
                0x0009f5ac                __smakebuf_r
 .text._malloc_r
                0x0009f68c      0x538 c:/users/baciu/appdata/local/arduino15/packages/arduino/tools/arm-none-eabi-gcc/4.8.3-2014q1/bin/../lib/gcc/arm-none-eabi/4.8.3/../../../../arm-none-eabi/lib/armv7-m\libc.a(lib_a-mallocr.o)
                0x0009f68c                _malloc_r
 .text.memchr   0x0009fbc4       0x94 c:/users/baciu/appdata/local/arduino15/packages/arduino/tools/arm-none-eabi-gcc/4.8.3-2014q1/bin/../lib/gcc/arm-none-eabi/4.8.3/../../../../arm-none-eabi/lib/armv7-m\libc.a(lib_a-memchr-stub.o)
                0x0009fbc4                memchr
 .text.memmove  0x0009fc58       0xcc c:/users/baciu/appdata/local/arduino15/packages/arduino/tools/arm-none-eabi-gcc/4.8.3-2014q1/bin/../lib/gcc/arm-none-eabi/4.8.3/../../../../arm-none-eabi/lib/armv7-m\libc.a(lib_a-memmove.o)
                0x0009fc58                memmove
 .text.__malloc_lock
                0x0009fd24        0x4 c:/users/baciu/appdata/local/arduino15/packages/arduino/tools/arm-none-eabi-gcc/4.8.3-2014q1/bin/../lib/gcc/arm-none-eabi/4.8.3/../../../../arm-none-eabi/lib/armv7-m\libc.a(lib_a-mlock.o)
                0x0009fd24                __malloc_lock
 .text.__malloc_unlock
                0x0009fd28        0x4 c:/users/baciu/appdata/local/arduino15/packages/arduino/tools/arm-none-eabi-gcc/4.8.3-2014q1/bin/../lib/gcc/arm-none-eabi/4.8.3/../../../../arm-none-eabi/lib/armv7-m\libc.a(lib_a-mlock.o)
                0x0009fd28                __malloc_unlock
 .text._realloc_r
                0x0009fd2c      0x3c0 c:/users/baciu/appdata/local/arduino15/packages/arduino/tools/arm-none-eabi-gcc/4.8.3-2014q1/bin/../lib/gcc/arm-none-eabi/4.8.3/../../../../arm-none-eabi/lib/armv7-m\libc.a(lib_a-reallocr.o)
                0x0009fd2c                _realloc_r
 .text._sbrk_r  0x000a00ec       0x24 c:/users/baciu/appdata/local/arduino15/packages/arduino/tools/arm-none-eabi-gcc/4.8.3-2014q1/bin/../lib/gcc/arm-none-eabi/4.8.3/../../../../arm-none-eabi/lib/armv7-m\libc.a(lib_a-sbrkr.o)
                0x000a00ec                _sbrk_r
 .text._kill_r  0x000a0110       0x28 c:/users/baciu/appdata/local/arduino15/packages/arduino/tools/arm-none-eabi-gcc/4.8.3-2014q1/bin/../lib/gcc/arm-none-eabi/4.8.3/../../../../arm-none-eabi/lib/armv7-m\libc.a(lib_a-signalr.o)
                0x000a0110                _kill_r
 .text.__sread  0x000a0138       0x24 c:/users/baciu/appdata/local/arduino15/packages/arduino/tools/arm-none-eabi-gcc/4.8.3-2014q1/bin/../lib/gcc/arm-none-eabi/4.8.3/../../../../arm-none-eabi/lib/armv7-m\libc.a(lib_a-stdio.o)
                0x000a0138                __sread
 .text.__swrite
                0x000a015c       0x38 c:/users/baciu/appdata/local/arduino15/packages/arduino/tools/arm-none-eabi-gcc/4.8.3-2014q1/bin/../lib/gcc/arm-none-eabi/4.8.3/../../../../arm-none-eabi/lib/armv7-m\libc.a(lib_a-stdio.o)
                0x000a015c                __swrite
 .text.__sseek  0x000a0194       0x20 c:/users/baciu/appdata/local/arduino15/packages/arduino/tools/arm-none-eabi-gcc/4.8.3-2014q1/bin/../lib/gcc/arm-none-eabi/4.8.3/../../../../arm-none-eabi/lib/armv7-m\libc.a(lib_a-stdio.o)
                0x000a0194                __sseek
 .text.__sclose
                0x000a01b4        0x8 c:/users/baciu/appdata/local/arduino15/packages/arduino/tools/arm-none-eabi-gcc/4.8.3-2014q1/bin/../lib/gcc/arm-none-eabi/4.8.3/../../../../arm-none-eabi/lib/armv7-m\libc.a(lib_a-stdio.o)
                0x000a01b4                __sclose
 .text._svfprintf_r
                0x000a01bc     0x14e0 c:/users/baciu/appdata/local/arduino15/packages/arduino/tools/arm-none-eabi-gcc/4.8.3-2014q1/bin/../lib/gcc/arm-none-eabi/4.8.3/../../../../arm-none-eabi/lib/armv7-m\libc.a(lib_a-svfprintf.o)
                0x000a01bc                _svfprintf_r
 .text.__swbuf_r
                0x000a169c       0xa8 c:/users/baciu/appdata/local/arduino15/packages/arduino/tools/arm-none-eabi-gcc/4.8.3-2014q1/bin/../lib/gcc/arm-none-eabi/4.8.3/../../../../arm-none-eabi/lib/armv7-m\libc.a(lib_a-wbuf.o)
                0x000a169c                __swbuf_r
 .text._wcrtomb_r
                0x000a1744       0x50 c:/users/baciu/appdata/local/arduino15/packages/arduino/tools/arm-none-eabi-gcc/4.8.3-2014q1/bin/../lib/gcc/arm-none-eabi/4.8.3/../../../../arm-none-eabi/lib/armv7-m\libc.a(lib_a-wcrtomb.o)
                0x000a1744                _wcrtomb_r
 .text.__ascii_wctomb
                0x000a1794       0x1c c:/users/baciu/appdata/local/arduino15/packages/arduino/tools/arm-none-eabi-gcc/4.8.3-2014q1/bin/../lib/gcc/arm-none-eabi/4.8.3/../../../../arm-none-eabi/lib/armv7-m\libc.a(lib_a-wctomb_r.o)
                0x000a1794                __ascii_wctomb
 .text._write_r
                0x000a17b0       0x28 c:/users/baciu/appdata/local/arduino15/packages/arduino/tools/arm-none-eabi-gcc/4.8.3-2014q1/bin/../lib/gcc/arm-none-eabi/4.8.3/../../../../arm-none-eabi/lib/armv7-m\libc.a(lib_a-writer.o)
                0x000a17b0                _write_r
 .text.__register_exitproc
                0x000a17d8       0xa8 c:/users/baciu/appdata/local/arduino15/packages/arduino/tools/arm-none-eabi-gcc/4.8.3-2014q1/bin/../lib/gcc/arm-none-eabi/4.8.3/../../../../arm-none-eabi/lib/armv7-m\libc.a(lib_a-__atexit.o)
                0x000a17d8                __register_exitproc
 .text._close_r
                0x000a1880       0x24 c:/users/baciu/appdata/local/arduino15/packages/arduino/tools/arm-none-eabi-gcc/4.8.3-2014q1/bin/../lib/gcc/arm-none-eabi/4.8.3/../../../../arm-none-eabi/lib/armv7-m\libc.a(lib_a-closer.o)
                0x000a1880                _close_r
 .text.quorem   0x000a18a4      0x134 c:/users/baciu/appdata/local/arduino15/packages/arduino/tools/arm-none-eabi-gcc/4.8.3-2014q1/bin/../lib/gcc/arm-none-eabi/4.8.3/../../../../arm-none-eabi/lib/armv7-m\libc.a(lib_a-dtoa.o)
 .text._dtoa_r  0x000a19d8      0xe38 c:/users/baciu/appdata/local/arduino15/packages/arduino/tools/arm-none-eabi-gcc/4.8.3-2014q1/bin/../lib/gcc/arm-none-eabi/4.8.3/../../../../arm-none-eabi/lib/armv7-m\libc.a(lib_a-dtoa.o)
                0x000a19d8                _dtoa_r
 .text._fclose_r
                0x000a2810       0x80 c:/users/baciu/appdata/local/arduino15/packages/arduino/tools/arm-none-eabi-gcc/4.8.3-2014q1/bin/../lib/gcc/arm-none-eabi/4.8.3/../../../../arm-none-eabi/lib/armv7-m\libc.a(lib_a-fclose.o)
                0x000a2810                _fclose_r
 .text.fclose   0x000a2890       0x10 c:/users/baciu/appdata/local/arduino15/packages/arduino/tools/arm-none-eabi-gcc/4.8.3-2014q1/bin/../lib/gcc/arm-none-eabi/4.8.3/../../../../arm-none-eabi/lib/armv7-m\libc.a(lib_a-fclose.o)
                0x000a2890                fclose
 .text._fstat_r
                0x000a28a0       0x28 c:/users/baciu/appdata/local/arduino15/packages/arduino/tools/arm-none-eabi-gcc/4.8.3-2014q1/bin/../lib/gcc/arm-none-eabi/4.8.3/../../../../arm-none-eabi/lib/armv7-m\libc.a(lib_a-fstatr.o)
                0x000a28a0                _fstat_r
 .text._isatty_r
                0x000a28c8       0x24 c:/users/baciu/appdata/local/arduino15/packages/arduino/tools/arm-none-eabi-gcc/4.8.3-2014q1/bin/../lib/gcc/arm-none-eabi/4.8.3/../../../../arm-none-eabi/lib/armv7-m\libc.a(lib_a-isattyr.o)
                0x000a28c8                _isatty_r
 .text._lseek_r
                0x000a28ec       0x28 c:/users/baciu/appdata/local/arduino15/packages/arduino/tools/arm-none-eabi-gcc/4.8.3-2014q1/bin/../lib/gcc/arm-none-eabi/4.8.3/../../../../arm-none-eabi/lib/armv7-m\libc.a(lib_a-lseekr.o)
                0x000a28ec                _lseek_r
 .text._Balloc  0x000a2914       0x4c c:/users/baciu/appdata/local/arduino15/packages/arduino/tools/arm-none-eabi-gcc/4.8.3-2014q1/bin/../lib/gcc/arm-none-eabi/4.8.3/../../../../arm-none-eabi/lib/armv7-m\libc.a(lib_a-mprec.o)
                0x000a2914                _Balloc
 .text._Bfree   0x000a2960       0x14 c:/users/baciu/appdata/local/arduino15/packages/arduino/tools/arm-none-eabi-gcc/4.8.3-2014q1/bin/../lib/gcc/arm-none-eabi/4.8.3/../../../../arm-none-eabi/lib/armv7-m\libc.a(lib_a-mprec.o)
                0x000a2960                _Bfree
 .text.__multadd
                0x000a2974       0x94 c:/users/baciu/appdata/local/arduino15/packages/arduino/tools/arm-none-eabi-gcc/4.8.3-2014q1/bin/../lib/gcc/arm-none-eabi/4.8.3/../../../../arm-none-eabi/lib/armv7-m\libc.a(lib_a-mprec.o)
                0x000a2974                __multadd
 .text.__hi0bits
                0x000a2a08       0x40 c:/users/baciu/appdata/local/arduino15/packages/arduino/tools/arm-none-eabi-gcc/4.8.3-2014q1/bin/../lib/gcc/arm-none-eabi/4.8.3/../../../../arm-none-eabi/lib/armv7-m\libc.a(lib_a-mprec.o)
                0x000a2a08                __hi0bits
 .text.__lo0bits
                0x000a2a48       0x5c c:/users/baciu/appdata/local/arduino15/packages/arduino/tools/arm-none-eabi-gcc/4.8.3-2014q1/bin/../lib/gcc/arm-none-eabi/4.8.3/../../../../arm-none-eabi/lib/armv7-m\libc.a(lib_a-mprec.o)
                0x000a2a48                __lo0bits
 .text.__i2b    0x000a2aa4       0x14 c:/users/baciu/appdata/local/arduino15/packages/arduino/tools/arm-none-eabi-gcc/4.8.3-2014q1/bin/../lib/gcc/arm-none-eabi/4.8.3/../../../../arm-none-eabi/lib/armv7-m\libc.a(lib_a-mprec.o)
                0x000a2aa4                __i2b
 .text.__multiply
                0x000a2ab8      0x13c c:/users/baciu/appdata/local/arduino15/packages/arduino/tools/arm-none-eabi-gcc/4.8.3-2014q1/bin/../lib/gcc/arm-none-eabi/4.8.3/../../../../arm-none-eabi/lib/armv7-m\libc.a(lib_a-mprec.o)
                0x000a2ab8                __multiply
 .text.__pow5mult
                0x000a2bf4       0x9c c:/users/baciu/appdata/local/arduino15/packages/arduino/tools/arm-none-eabi-gcc/4.8.3-2014q1/bin/../lib/gcc/arm-none-eabi/4.8.3/../../../../arm-none-eabi/lib/armv7-m\libc.a(lib_a-mprec.o)
                0x000a2bf4                __pow5mult
 .text.__lshift
                0x000a2c90       0xbc c:/users/baciu/appdata/local/arduino15/packages/arduino/tools/arm-none-eabi-gcc/4.8.3-2014q1/bin/../lib/gcc/arm-none-eabi/4.8.3/../../../../arm-none-eabi/lib/armv7-m\libc.a(lib_a-mprec.o)
                0x000a2c90                __lshift
 .text.__mcmp   0x000a2d4c       0x48 c:/users/baciu/appdata/local/arduino15/packages/arduino/tools/arm-none-eabi-gcc/4.8.3-2014q1/bin/../lib/gcc/arm-none-eabi/4.8.3/../../../../arm-none-eabi/lib/armv7-m\libc.a(lib_a-mprec.o)
                0x000a2d4c                __mcmp
 .text.__mdiff  0x000a2d94       0xd8 c:/users/baciu/appdata/local/arduino15/packages/arduino/tools/arm-none-eabi-gcc/4.8.3-2014q1/bin/../lib/gcc/arm-none-eabi/4.8.3/../../../../arm-none-eabi/lib/armv7-m\libc.a(lib_a-mprec.o)
                0x000a2d94                __mdiff
 .text.__d2b    0x000a2e6c       0xbc c:/users/baciu/appdata/local/arduino15/packages/arduino/tools/arm-none-eabi-gcc/4.8.3-2014q1/bin/../lib/gcc/arm-none-eabi/4.8.3/../../../../arm-none-eabi/lib/armv7-m\libc.a(lib_a-mprec.o)
                0x000a2e6c                __d2b
 .text._read_r  0x000a2f28       0x28 c:/users/baciu/appdata/local/arduino15/packages/arduino/tools/arm-none-eabi-gcc/4.8.3-2014q1/bin/../lib/gcc/arm-none-eabi/4.8.3/../../../../arm-none-eabi/lib/armv7-m\libc.a(lib_a-readr.o)
                0x000a2f28                _read_r
 .text.__ssprint_r
                0x000a2f50      0x100 c:/users/baciu/appdata/local/arduino15/packages/arduino/tools/arm-none-eabi-gcc/4.8.3-2014q1/bin/../lib/gcc/arm-none-eabi/4.8.3/../../../../arm-none-eabi/lib/armv7-m\libc.a(lib_a-svfiprintf.o)
                0x000a2f50                __ssprint_r
 .text._calloc_r
                0x000a3050       0x60 c:/users/baciu/appdata/local/arduino15/packages/arduino/tools/arm-none-eabi-gcc/4.8.3-2014q1/bin/../lib/gcc/arm-none-eabi/4.8.3/../../../../arm-none-eabi/lib/armv7-m\libc.a(lib_a-callocr.o)
                0x000a3050                _calloc_r
 .text          0x000a30b0       0x2c c:/users/baciu/appdata/local/arduino15/packages/arduino/tools/arm-none-eabi-gcc/4.8.3-2014q1/bin/../lib/gcc/arm-none-eabi/4.8.3/armv7-m\libgcc.a(_aeabi_uldivmod.o)
                0x000a30b0                __aeabi_uldivmod
 .text          0x000a30dc       0x60 c:/users/baciu/appdata/local/arduino15/packages/arduino/tools/arm-none-eabi-gcc/4.8.3-2014q1/bin/../lib/gcc/arm-none-eabi/4.8.3/armv7-m\libgcc.a(bpabi.o)
                0x000a30dc                __gnu_ldivmod_helper
                0x000a310c                __gnu_uldivmod_helper
 .text          0x000a313c        0x4 c:/users/baciu/appdata/local/arduino15/packages/arduino/tools/arm-none-eabi-gcc/4.8.3-2014q1/bin/../lib/gcc/arm-none-eabi/4.8.3/armv7-m\libgcc.a(_dvmd_tls.o)
                0x000a313c                __aeabi_idiv0
                0x000a313c                __aeabi_ldiv0
 .text          0x000a3140      0x2a0 c:/users/baciu/appdata/local/arduino15/packages/arduino/tools/arm-none-eabi-gcc/4.8.3-2014q1/bin/../lib/gcc/arm-none-eabi/4.8.3/armv7-m\libgcc.a(_divdi3.o)
                0x000a3140                __divdi3
 .text          0x000a33e0      0x290 c:/users/baciu/appdata/local/arduino15/packages/arduino/tools/arm-none-eabi-gcc/4.8.3-2014q1/bin/../lib/gcc/arm-none-eabi/4.8.3/armv7-m\libgcc.a(_udivdi3.o)
                0x000a33e0                __udivdi3
 *(.glue_7t)
 .glue_7t       0x00000000        0x0 linker stubs
 *(.glue_7)
 .glue_7        0x00000000        0x0 linker stubs
 *(.rodata .rodata* .gnu.linkonce.r.*)
 .rodata.str1.1
                0x000a3670      0x4b4 build-arduino_due_x-SAM3X8E/internally_implemented.cpp.o
                                0x4b9 (size before relaxing)
 .rodata.str1.1
                0x000a3b24       0x56 build-arduino_due_x-SAM3X8E/submitter_implemented.cpp.o
                                 0x69 (size before relaxing)
 *fill*         0x000a3b7a        0x2 
 .rodata.g_APinDescription
                0x000a3b7c      0xa2c build-arduino_due_x-SAM3X8E/libcore.a(variant.cpp.o)
                0x000a3b7c                g_APinDescription
 .rodata        0x000a45a8       0x40 build-arduino_due_x-SAM3X8E/libcore.a(adc.c.o)
 .rodata.str1.1
                0x000a45e8       0x19 build-arduino_due_x-SAM3X8E/libcore.a(syscalls_sam3.c.o)
 *fill*         0x000a4601        0x7 
 .rodata._ZTV9UARTClass
                0x000a4608       0x30 build-arduino_due_x-SAM3X8E/libcore.a(UARTClass.cpp.o)
                0x000a4608                vtable for UARTClass
 .rodata._ZTV10USARTClass
                0x000a4638       0x30 build-arduino_due_x-SAM3X8E/libcore.a(USARTClass.cpp.o)
                0x000a4638                vtable for USARTClass
 .rodata.STRING_PRODUCT
                0x000a4668        0xc build-arduino_due_x-SAM3X8E/libcore.a(USBCore.cpp.o)
                0x000a4668                STRING_PRODUCT
 .rodata.USB_DeviceDescriptor
                0x000a4674       0x12 build-arduino_due_x-SAM3X8E/libcore.a(USBCore.cpp.o)
                0x000a4674                USB_DeviceDescriptor
 .rodata.STRING_LANGUAGE
                0x000a4686        0x4 build-arduino_due_x-SAM3X8E/libcore.a(USBCore.cpp.o)
                0x000a4686                STRING_LANGUAGE
 .rodata._ZL18test_packet_buffer
                0x000a468a       0x35 build-arduino_due_x-SAM3X8E/libcore.a(USBCore.cpp.o)
 .rodata.STRING_MANUFACTURER
                0x000a46bf        0xc build-arduino_due_x-SAM3X8E/libcore.a(USBCore.cpp.o)
                0x000a46bf                STRING_MANUFACTURER
 .rodata.USB_DeviceDescriptorA
                0x000a46cb       0x12 build-arduino_due_x-SAM3X8E/libcore.a(USBCore.cpp.o)
                0x000a46cb                USB_DeviceDescriptorA
 .rodata._ZL19USB_DeviceQualifier
                0x000a46dd        0x9 build-arduino_due_x-SAM3X8E/libcore.a(USBCore.cpp.o)
 *fill*         0x000a46e6        0x2 
 .rodata._ZTV7Serial_
                0x000a46e8       0x28 build-arduino_due_x-SAM3X8E/libcore.a(CDC.cpp.o)
                0x000a46e8                vtable for Serial_
 .rodata._ZL18_cdcOtherInterface
                0x000a4710       0x42 build-arduino_due_x-SAM3X8E/libcore.a(CDC.cpp.o)
 .rodata._ZL13_cdcInterface
                0x000a4752       0x42 build-arduino_due_x-SAM3X8E/libcore.a(CDC.cpp.o)
 .rodata.str1.4
                0x000a4794        0x2 c:/users/baciu/appdata/local/arduino15/packages/arduino/tools/arm-none-eabi-gcc/4.8.3-2014q1/bin/../lib/gcc/arm-none-eabi/4.8.3/../../../../arm-none-eabi/lib/armv7-m\libc.a(lib_a-impure.o)
                                  0x4 (size before relaxing)
 *fill*         0x000a4796        0x2 
 .rodata._global_impure_ptr
                0x000a4798        0x4 c:/users/baciu/appdata/local/arduino15/packages/arduino/tools/arm-none-eabi-gcc/4.8.3-2014q1/bin/../lib/gcc/arm-none-eabi/4.8.3/../../../../arm-none-eabi/lib/armv7-m\libc.a(lib_a-impure.o)
                0x000a4798                _global_impure_ptr
 .rodata.blanks.6717
                0x000a479c       0x10 c:/users/baciu/appdata/local/arduino15/packages/arduino/tools/arm-none-eabi-gcc/4.8.3-2014q1/bin/../lib/gcc/arm-none-eabi/4.8.3/../../../../arm-none-eabi/lib/armv7-m\libc.a(lib_a-vfiprintf.o)
 .rodata.str1.4
                0x000a47ac       0x2f c:/users/baciu/appdata/local/arduino15/packages/arduino/tools/arm-none-eabi-gcc/4.8.3-2014q1/bin/../lib/gcc/arm-none-eabi/4.8.3/../../../../arm-none-eabi/lib/armv7-m\libc.a(lib_a-vfiprintf.o)
                                 0x30 (size before relaxing)
 *fill*         0x000a47db        0x1 
 .rodata.zeroes.6718
                0x000a47dc       0x10 c:/users/baciu/appdata/local/arduino15/packages/arduino/tools/arm-none-eabi-gcc/4.8.3-2014q1/bin/../lib/gcc/arm-none-eabi/4.8.3/../../../../arm-none-eabi/lib/armv7-m\libc.a(lib_a-vfiprintf.o)
 .rodata._ctype_
                0x000a47ec      0x104 c:/users/baciu/appdata/local/arduino15/packages/arduino/tools/arm-none-eabi-gcc/4.8.3-2014q1/bin/../lib/gcc/arm-none-eabi/4.8.3/../../../../arm-none-eabi/lib/armv7-m\libc.a(lib_a-ctype_.o)
                0x000a47ec                _ctype_
 .rodata.str1.4
                0x000a48f0        0xa c:/users/baciu/appdata/local/arduino15/packages/arduino/tools/arm-none-eabi-gcc/4.8.3-2014q1/bin/../lib/gcc/arm-none-eabi/4.8.3/../../../../arm-none-eabi/lib/armv7-m\libc.a(lib_a-locale.o)
                                 0x14 (size before relaxing)
 *fill*         0x000a48fa        0x2 
 .rodata.zeroes.6760
                0x000a48fc       0x10 c:/users/baciu/appdata/local/arduino15/packages/arduino/tools/arm-none-eabi-gcc/4.8.3-2014q1/bin/../lib/gcc/arm-none-eabi/4.8.3/../../../../arm-none-eabi/lib/armv7-m\libc.a(lib_a-svfprintf.o)
 .rodata.str1.4
                0x000a490c       0x12 c:/users/baciu/appdata/local/arduino15/packages/arduino/tools/arm-none-eabi-gcc/4.8.3-2014q1/bin/../lib/gcc/arm-none-eabi/4.8.3/../../../../arm-none-eabi/lib/armv7-m\libc.a(lib_a-svfprintf.o)
                                 0x44 (size before relaxing)
 *fill*         0x000a491e        0x2 
 .rodata.blanks.6759
                0x000a4920       0x10 c:/users/baciu/appdata/local/arduino15/packages/arduino/tools/arm-none-eabi-gcc/4.8.3-2014q1/bin/../lib/gcc/arm-none-eabi/4.8.3/../../../../arm-none-eabi/lib/armv7-m\libc.a(lib_a-svfprintf.o)
 .rodata.str1.4
                0x000a4930       0x10 c:/users/baciu/appdata/local/arduino15/packages/arduino/tools/arm-none-eabi-gcc/4.8.3-2014q1/bin/../lib/gcc/arm-none-eabi/4.8.3/../../../../arm-none-eabi/lib/armv7-m\libc.a(lib_a-dtoa.o)
                                 0x14 (size before relaxing)
 .rodata.__mprec_tens
                0x000a4940       0xc8 c:/users/baciu/appdata/local/arduino15/packages/arduino/tools/arm-none-eabi-gcc/4.8.3-2014q1/bin/../lib/gcc/arm-none-eabi/4.8.3/../../../../arm-none-eabi/lib/armv7-m\libc.a(lib_a-mprec.o)
                0x000a4940                __mprec_tens
 .rodata.__mprec_bigtens
                0x000a4a08       0x28 c:/users/baciu/appdata/local/arduino15/packages/arduino/tools/arm-none-eabi-gcc/4.8.3-2014q1/bin/../lib/gcc/arm-none-eabi/4.8.3/../../../../arm-none-eabi/lib/armv7-m\libc.a(lib_a-mprec.o)
                0x000a4a08                __mprec_bigtens
 .rodata.p05.5266
                0x000a4a30        0xc c:/users/baciu/appdata/local/arduino15/packages/arduino/tools/arm-none-eabi-gcc/4.8.3-2014q1/bin/../lib/gcc/arm-none-eabi/4.8.3/../../../../arm-none-eabi/lib/armv7-m\libc.a(lib_a-mprec.o)
 *(.ARM.extab* .gnu.linkonce.armextab.*)
                0x000a4a3c                . = ALIGN (0x4)
 *(.init)
 .init          0x000a4a3c        0x4 c:/users/baciu/appdata/local/arduino15/packages/arduino/tools/arm-none-eabi-gcc/4.8.3-2014q1/bin/../lib/gcc/arm-none-eabi/4.8.3/armv7-m/crti.o
                0x000a4a3c                _init
 .init          0x000a4a40        0x8 c:/users/baciu/appdata/local/arduino15/packages/arduino/tools/arm-none-eabi-gcc/4.8.3-2014q1/bin/../lib/gcc/arm-none-eabi/4.8.3/armv7-m/crtn.o
                0x000a4a48                . = ALIGN (0x4)
                0x000a4a48                __preinit_array_start = .
 *(.preinit_array)
                0x000a4a48                __preinit_array_end = .
                0x000a4a48                . = ALIGN (0x4)
                0x000a4a48                __init_array_start = .
 *(SORT(.init_array.*))
 .init_array.00000
                0x000a4a48        0x4 c:/users/baciu/appdata/local/arduino15/packages/arduino/tools/arm-none-eabi-gcc/4.8.3-2014q1/bin/../lib/gcc/arm-none-eabi/4.8.3/../../../../arm-none-eabi/lib/armv7-m\libc.a(lib_a-__call_atexit.o)
 *(.init_array)
 .init_array    0x000a4a4c        0x4 c:/users/baciu/appdata/local/arduino15/packages/arduino/tools/arm-none-eabi-gcc/4.8.3-2014q1/bin/../lib/gcc/arm-none-eabi/4.8.3/armv7-m/crtbegin.o
 .init_array    0x000a4a50        0x4 build-arduino_due_x-SAM3X8E/libcore.a(variant.cpp.o)
 .init_array    0x000a4a54        0x4 build-arduino_due_x-SAM3X8E/libcore.a(USBCore.cpp.o)
 .init_array    0x000a4a58        0x4 build-arduino_due_x-SAM3X8E/libcore.a(CDC.cpp.o)
                0x000a4a5c                __init_array_end = .
                0x000a4a5c                . = ALIGN (0x4)
 *crtbegin.o(.ctors)
 *(EXCLUDE_FILE(*crtend.o) .ctors)
 *(SORT(.ctors.*))
 *crtend.o(.ctors)
                0x000a4a5c                . = ALIGN (0x4)
 *(.fini)
 .fini          0x000a4a5c        0x4 c:/users/baciu/appdata/local/arduino15/packages/arduino/tools/arm-none-eabi-gcc/4.8.3-2014q1/bin/../lib/gcc/arm-none-eabi/4.8.3/armv7-m/crti.o
                0x000a4a5c                _fini
 .fini          0x000a4a60        0x8 c:/users/baciu/appdata/local/arduino15/packages/arduino/tools/arm-none-eabi-gcc/4.8.3-2014q1/bin/../lib/gcc/arm-none-eabi/4.8.3/armv7-m/crtn.o
                0x000a4a68                . = ALIGN (0x4)
                0x000a4a68                __fini_array_start = .
 *(.fini_array)
 .fini_array    0x000a4a68        0x4 c:/users/baciu/appdata/local/arduino15/packages/arduino/tools/arm-none-eabi-gcc/4.8.3-2014q1/bin/../lib/gcc/arm-none-eabi/4.8.3/armv7-m/crtbegin.o
 *(SORT(.fini_array.*))
                0x000a4a6c                __fini_array_end = .
 *crtbegin.o(.dtors)
 *(EXCLUDE_FILE(*crtend.o) .dtors)
 *(SORT(.dtors.*))
 *crtend.o(.dtors)
                0x000a4a6c                . = ALIGN (0x4)
                0x000a4a6c                _efixed = .
                0x000a4a6c                PROVIDE (__exidx_start, .)

.vfp11_veneer   0x000a4a6c        0x0
 .vfp11_veneer  0x00000000        0x0 linker stubs

.v4_bx          0x000a4a6c        0x0
 .v4_bx         0x00000000        0x0 linker stubs

.iplt           0x000a4a6c        0x0
 .iplt          0x00000000        0x0 c:/users/baciu/appdata/local/arduino15/packages/arduino/tools/arm-none-eabi-gcc/4.8.3-2014q1/bin/../lib/gcc/arm-none-eabi/4.8.3/armv7-m/crtbegin.o

.ARM.exidx      0x000a4a6c        0x8
 *(.ARM.exidx* .gnu.linkonce.armexidx.*)
 .ARM.exidx     0x000a4a6c        0x8 c:/users/baciu/appdata/local/arduino15/packages/arduino/tools/arm-none-eabi-gcc/4.8.3-2014q1/bin/../lib/gcc/arm-none-eabi/4.8.3/armv7-m\libgcc.a(_divdi3.o)
 .ARM.exidx     0x000a4a74        0x0 c:/users/baciu/appdata/local/arduino15/packages/arduino/tools/arm-none-eabi-gcc/4.8.3-2014q1/bin/../lib/gcc/arm-none-eabi/4.8.3/armv7-m\libgcc.a(_udivdi3.o)
                                  0x8 (size before relaxing)
                0x000a4a74                PROVIDE (__exidx_end, .)

.eh_frame       0x000a4a74        0x0
 .eh_frame      0x000a4a74        0x0 c:/users/baciu/appdata/local/arduino15/packages/arduino/tools/arm-none-eabi-gcc/4.8.3-2014q1/bin/../lib/gcc/arm-none-eabi/4.8.3/armv7-m/crtbegin.o

.rel.dyn        0x000a4a74        0x0
 .rel.iplt      0x00000000        0x0 c:/users/baciu/appdata/local/arduino15/packages/arduino/tools/arm-none-eabi-gcc/4.8.3-2014q1/bin/../lib/gcc/arm-none-eabi/4.8.3/armv7-m/crtbegin.o

.jcr            0x000a4a74        0x0
 .jcr           0x000a4a74        0x0 c:/users/baciu/appdata/local/arduino15/packages/arduino/tools/arm-none-eabi-gcc/4.8.3-2014q1/bin/../lib/gcc/arm-none-eabi/4.8.3/armv7-m/crtbegin.o

.igot.plt       0x000a4a74        0x0
 .igot.plt      0x00000000        0x0 c:/users/baciu/appdata/local/arduino15/packages/arduino/tools/arm-none-eabi-gcc/4.8.3-2014q1/bin/../lib/gcc/arm-none-eabi/4.8.3/armv7-m/crtbegin.o
                0x000a4a74                . = ALIGN (0x4)
                0x000a4a74                _etext = .

.relocate       0x20070000     0x12c0 load address 0x000a4a74
                0x20070000                . = ALIGN (0x4)
                0x20070000                _srelocate = .
 *(.ramfunc .ramfunc.*)
 .ramfunc       0x20070000       0x2c build-arduino_due_x-SAM3X8E/libcore.a(Reset.cpp.o)
                0x20070000                banzai
 *(.data .data.*)
 *fill*         0x2007002c        0x4 
 .data.intercepts
                0x20070030       0x30 build-arduino_due_x-SAM3X8E/internally_implemented.cpp.o
                0x20070030                intercepts
 .data.coefficients
                0x20070060      0x780 build-arduino_due_x-SAM3X8E/internally_implemented.cpp.o
                0x20070060                coefficients
 .data._ZZN8Eloquent2ML4Port3PCA3dotEPfzE4mean
                0x200707e0      0x200 build-arduino_due_x-SAM3X8E/submitter_implemented.cpp.o
                0x200707e0                Eloquent::ML::Port::PCA::dot(float*, ...)::mean
 .data.SystemCoreClock
                0x200709e0        0x4 build-arduino_due_x-SAM3X8E/libcore.a(system_sam3xa.c.o)
                0x200709e0                SystemCoreClock
 .data._ZL5ticks
                0x200709e4        0x4 build-arduino_due_x-SAM3X8E/libcore.a(Reset.cpp.o)
 .data.EndPoints
                0x200709e8       0x28 build-arduino_due_x-SAM3X8E/libcore.a(USBCore.cpp.o)
                0x200709e8                EndPoints
 .data.g_interrupt_enabled
                0x20070a10        0x4 build-arduino_due_x-SAM3X8E/libcore.a(interrupt_sam_nvic.c.o)
                0x20070a10                g_interrupt_enabled
 .data._ZL10breakValue
                0x20070a14        0x4 build-arduino_due_x-SAM3X8E/libcore.a(CDC.cpp.o)
 .data._ZL12_usbLineInfo
                0x20070a18        0x8 build-arduino_due_x-SAM3X8E/libcore.a(CDC.cpp.o)
 .data.impure_data
                0x20070a20      0x428 c:/users/baciu/appdata/local/arduino15/packages/arduino/tools/arm-none-eabi-gcc/4.8.3-2014q1/bin/../lib/gcc/arm-none-eabi/4.8.3/../../../../arm-none-eabi/lib/armv7-m\libc.a(lib_a-impure.o)
 .data._impure_ptr
                0x20070e48        0x4 c:/users/baciu/appdata/local/arduino15/packages/arduino/tools/arm-none-eabi-gcc/4.8.3-2014q1/bin/../lib/gcc/arm-none-eabi/4.8.3/../../../../arm-none-eabi/lib/armv7-m\libc.a(lib_a-impure.o)
                0x20070e48                _impure_ptr
 .data.__ctype_ptr__
                0x20070e4c        0x4 c:/users/baciu/appdata/local/arduino15/packages/arduino/tools/arm-none-eabi-gcc/4.8.3-2014q1/bin/../lib/gcc/arm-none-eabi/4.8.3/../../../../arm-none-eabi/lib/armv7-m\libc.a(lib_a-ctype_.o)
                0x20070e4c                __ctype_ptr__
 .data.lconv    0x20070e50       0x38 c:/users/baciu/appdata/local/arduino15/packages/arduino/tools/arm-none-eabi-gcc/4.8.3-2014q1/bin/../lib/gcc/arm-none-eabi/4.8.3/../../../../arm-none-eabi/lib/armv7-m\libc.a(lib_a-locale.o)
 .data.lc_ctype_charset
                0x20070e88       0x20 c:/users/baciu/appdata/local/arduino15/packages/arduino/tools/arm-none-eabi-gcc/4.8.3-2014q1/bin/../lib/gcc/arm-none-eabi/4.8.3/../../../../arm-none-eabi/lib/armv7-m\libc.a(lib_a-locale.o)
 .data.__mb_cur_max
                0x20070ea8        0x4 c:/users/baciu/appdata/local/arduino15/packages/arduino/tools/arm-none-eabi-gcc/4.8.3-2014q1/bin/../lib/gcc/arm-none-eabi/4.8.3/../../../../arm-none-eabi/lib/armv7-m\libc.a(lib_a-locale.o)
                0x20070ea8                __mb_cur_max
 .data.__malloc_av_
                0x20070eac      0x408 c:/users/baciu/appdata/local/arduino15/packages/arduino/tools/arm-none-eabi-gcc/4.8.3-2014q1/bin/../lib/gcc/arm-none-eabi/4.8.3/../../../../arm-none-eabi/lib/armv7-m\libc.a(lib_a-mallocr.o)
                0x20070eac                __malloc_av_
 .data.__malloc_trim_threshold
                0x200712b4        0x4 c:/users/baciu/appdata/local/arduino15/packages/arduino/tools/arm-none-eabi-gcc/4.8.3-2014q1/bin/../lib/gcc/arm-none-eabi/4.8.3/../../../../arm-none-eabi/lib/armv7-m\libc.a(lib_a-mallocr.o)
                0x200712b4                __malloc_trim_threshold
 .data.__malloc_sbrk_base
                0x200712b8        0x4 c:/users/baciu/appdata/local/arduino15/packages/arduino/tools/arm-none-eabi-gcc/4.8.3-2014q1/bin/../lib/gcc/arm-none-eabi/4.8.3/../../../../arm-none-eabi/lib/armv7-m\libc.a(lib_a-mallocr.o)
                0x200712b8                __malloc_sbrk_base
 .data.__wctomb
                0x200712bc        0x4 c:/users/baciu/appdata/local/arduino15/packages/arduino/tools/arm-none-eabi-gcc/4.8.3-2014q1/bin/../lib/gcc/arm-none-eabi/4.8.3/../../../../arm-none-eabi/lib/armv7-m\libc.a(lib_a-wctomb_r.o)
                0x200712bc                __wctomb
                0x200712c0                . = ALIGN (0x4)
                0x200712c0                _erelocate = .

.bss            0x200712c0      0xd7c load address 0x000a5d34
                0x200712c0                . = ALIGN (0x4)
                0x200712c0                _sbss = .
                0x200712c0                _szero = .
 *(.bss .bss.*)
 .bss           0x200712c0       0x1c c:/users/baciu/appdata/local/arduino15/packages/arduino/tools/arm-none-eabi-gcc/4.8.3-2014q1/bin/../lib/gcc/arm-none-eabi/4.8.3/armv7-m/crtbegin.o
 .bss.g_cmd_buf
                0x200712dc       0x51 build-arduino_due_x-SAM3X8E/internally_implemented.cpp.o
                0x200712dc                g_cmd_buf
 .bss.g_state_parser_enabled
                0x2007132d        0x1 build-arduino_due_x-SAM3X8E/internally_implemented.cpp.o
                0x2007132d                g_state_parser_enabled
 *fill*         0x2007132e        0x2 
 .bss.input     0x20071330      0x200 build-arduino_due_x-SAM3X8E/internally_implemented.cpp.o
                0x20071330                input
 .bss.g_buff_size
                0x20071530        0x4 build-arduino_due_x-SAM3X8E/internally_implemented.cpp.o
                0x20071530                g_buff_size
 .bss.model_output
                0x20071534        0x4 build-arduino_due_x-SAM3X8E/internally_implemented.cpp.o
                0x20071534                model_output
 .bss.g_buff_pos
                0x20071538        0x4 build-arduino_due_x-SAM3X8E/internally_implemented.cpp.o
                0x20071538                g_buff_pos
 .bss.gp_buff   0x2007153c      0x200 build-arduino_due_x-SAM3X8E/internally_implemented.cpp.o
                0x2007153c                gp_buff
 .bss.g_cmd_pos
                0x2007173c        0x4 build-arduino_due_x-SAM3X8E/internally_implemented.cpp.o
                0x2007173c                g_cmd_pos
 .bss._ZZN8Eloquent2ML4Port3PCA9transformEPfS3_E1u
                0x20071740       0xa0 build-arduino_due_x-SAM3X8E/submitter_implemented.cpp.o
                0x20071740                Eloquent::ML::Port::PCA::transform(float*, float*)::u
 .bss._ZZ9th_printfPKczE9print_buf
                0x200717e0       0x50 build-arduino_due_x-SAM3X8E/submitter_implemented.cpp.o
 .bss.gpf_isr   0x20071830        0x4 c:/Users/baciu/AppData/Local/Arduino15/packages/arduino/hardware/sam/1.6.8/variants/arduino_due_x/libsam_sam3x8e_gcc_rel.a(uotghs.o)
                0x20071830                gpf_isr
 .bss.tx_buffer2
                0x20071834       0x88 build-arduino_due_x-SAM3X8E/libcore.a(variant.cpp.o)
                0x20071834                tx_buffer2
 .bss.tx_buffer1
                0x200718bc       0x88 build-arduino_due_x-SAM3X8E/libcore.a(variant.cpp.o)
                0x200718bc                tx_buffer1
 .bss.Serial    0x20071944       0x24 build-arduino_due_x-SAM3X8E/libcore.a(variant.cpp.o)
                0x20071944                Serial
 .bss.rx_buffer1
                0x20071968       0x88 build-arduino_due_x-SAM3X8E/libcore.a(variant.cpp.o)
                0x20071968                rx_buffer1
 .bss.Serial1   0x200719f0       0x28 build-arduino_due_x-SAM3X8E/libcore.a(variant.cpp.o)
                0x200719f0                Serial1
 .bss.Serial2   0x20071a18       0x28 build-arduino_due_x-SAM3X8E/libcore.a(variant.cpp.o)
                0x20071a18                Serial2
 .bss.Serial3   0x20071a40       0x28 build-arduino_due_x-SAM3X8E/libcore.a(variant.cpp.o)
                0x20071a40                Serial3
 .bss.tx_buffer3
                0x20071a68       0x88 build-arduino_due_x-SAM3X8E/libcore.a(variant.cpp.o)
                0x20071a68                tx_buffer3
 .bss.tx_buffer4
                0x20071af0       0x88 build-arduino_due_x-SAM3X8E/libcore.a(variant.cpp.o)
                0x20071af0                tx_buffer4
 .bss.g_pinStatus
                0x20071b78       0x4f build-arduino_due_x-SAM3X8E/libcore.a(variant.cpp.o)
                0x20071b78                g_pinStatus
 *fill*         0x20071bc7        0x1 
 .bss.rx_buffer2
                0x20071bc8       0x88 build-arduino_due_x-SAM3X8E/libcore.a(variant.cpp.o)
                0x20071bc8                rx_buffer2
 .bss.rx_buffer3
                0x20071c50       0x88 build-arduino_due_x-SAM3X8E/libcore.a(variant.cpp.o)
                0x20071c50                rx_buffer3
 .bss.rx_buffer4
                0x20071cd8       0x88 build-arduino_due_x-SAM3X8E/libcore.a(variant.cpp.o)
                0x20071cd8                rx_buffer4
 .bss.heap.6420
                0x20071d60        0x4 build-arduino_due_x-SAM3X8E/libcore.a(syscalls_sam3.c.o)
 .bss._cmark    0x20071d64        0x2 build-arduino_due_x-SAM3X8E/libcore.a(USBCore.cpp.o)
                0x20071d64                _cmark
 .bss._ZL14isEndpointHalt
                0x20071d66        0x1 build-arduino_due_x-SAM3X8E/libcore.a(USBCore.cpp.o)
 *fill*         0x20071d67        0x1 
 .bss._cdcComposite
                0x20071d68        0x4 build-arduino_due_x-SAM3X8E/libcore.a(USBCore.cpp.o)
                0x20071d68                _cdcComposite
 .bss._ZL21isRemoteWakeUpEnabled
                0x20071d6c        0x1 build-arduino_due_x-SAM3X8E/libcore.a(USBCore.cpp.o)
 *fill*         0x20071d6d        0x3 
 .bss._usbInitialized
                0x20071d70        0x4 build-arduino_due_x-SAM3X8E/libcore.a(USBCore.cpp.o)
                0x20071d70                _usbInitialized
 .bss.USBDevice
                0x20071d74        0x1 build-arduino_due_x-SAM3X8E/libcore.a(USBCore.cpp.o)
                0x20071d74                USBDevice
 *fill*         0x20071d75        0x3 
 .bss._usbSetInterface
                0x20071d78        0x4 build-arduino_due_x-SAM3X8E/libcore.a(USBCore.cpp.o)
                0x20071d78                _usbSetInterface
 .bss._cend     0x20071d7c        0x2 build-arduino_due_x-SAM3X8E/libcore.a(USBCore.cpp.o)
                0x20071d7c                _cend
 *fill*         0x20071d7e        0x2 
 .bss._usbConfiguration
                0x20071d80        0x4 build-arduino_due_x-SAM3X8E/libcore.a(USBCore.cpp.o)
                0x20071d80                _usbConfiguration
 .bss._dwTickCount
                0x20071d84        0x4 build-arduino_due_x-SAM3X8E/libcore.a(timetick.c.o)
 .bss.ul_recv_fifo_ptr
                0x20071d88       0x28 build-arduino_due_x-SAM3X8E/libcore.a(uotghs_device.c.o)
 .bss.ul_send_fifo_ptr
                0x20071db0       0x28 build-arduino_due_x-SAM3X8E/libcore.a(uotghs_device.c.o)
 .bss.cdc_rx_buffer
                0x20071dd8      0x208 build-arduino_due_x-SAM3X8E/libcore.a(CDC.cpp.o)
                0x20071dd8                cdc_rx_buffer
 .bss._ZZN7Serial_6acceptEvE5guard
                0x20071fe0        0x4 build-arduino_due_x-SAM3X8E/libcore.a(CDC.cpp.o)
 .bss.SerialUSB
                0x20071fe4       0x14 build-arduino_due_x-SAM3X8E/libcore.a(CDC.cpp.o)
                0x20071fe4                SerialUSB
 .bss._ZZ12PluggableUSBvE3obj
                0x20071ff8        0x8 build-arduino_due_x-SAM3X8E/libcore.a(PluggableUSB.cpp.o)
 .bss._ZGVZ12PluggableUSBvE3obj
                0x20072000        0x4 build-arduino_due_x-SAM3X8E/libcore.a(PluggableUSB.cpp.o)
 .bss.__malloc_max_total_mem
                0x20072004        0x4 c:/users/baciu/appdata/local/arduino15/packages/arduino/tools/arm-none-eabi-gcc/4.8.3-2014q1/bin/../lib/gcc/arm-none-eabi/4.8.3/../../../../arm-none-eabi/lib/armv7-m\libc.a(lib_a-mallocr.o)
                0x20072004                __malloc_max_total_mem
 .bss.__malloc_max_sbrked_mem
                0x20072008        0x4 c:/users/baciu/appdata/local/arduino15/packages/arduino/tools/arm-none-eabi-gcc/4.8.3-2014q1/bin/../lib/gcc/arm-none-eabi/4.8.3/../../../../arm-none-eabi/lib/armv7-m\libc.a(lib_a-mallocr.o)
                0x20072008                __malloc_max_sbrked_mem
 .bss.__malloc_top_pad
                0x2007200c        0x4 c:/users/baciu/appdata/local/arduino15/packages/arduino/tools/arm-none-eabi-gcc/4.8.3-2014q1/bin/../lib/gcc/arm-none-eabi/4.8.3/../../../../arm-none-eabi/lib/armv7-m\libc.a(lib_a-mallocr.o)
                0x2007200c                __malloc_top_pad
 .bss.__malloc_current_mallinfo
                0x20072010       0x28 c:/users/baciu/appdata/local/arduino15/packages/arduino/tools/arm-none-eabi-gcc/4.8.3-2014q1/bin/../lib/gcc/arm-none-eabi/4.8.3/../../../../arm-none-eabi/lib/armv7-m\libc.a(lib_a-mallocr.o)
                0x20072010                __malloc_current_mallinfo
 *(COMMON)
 COMMON         0x20072038        0x4 c:/users/baciu/appdata/local/arduino15/packages/arduino/tools/arm-none-eabi-gcc/4.8.3-2014q1/bin/../lib/gcc/arm-none-eabi/4.8.3/../../../../arm-none-eabi/lib/armv7-m\libc.a(lib_a-reent.o)
                0x20072038                errno
                0x2007203c                . = ALIGN (0x4)
                0x2007203c                _ebss = .
                0x2007203c                _ezero = .
                0x2007203c                . = ALIGN (0x4)
                0x2007203c                _end = .

.stack_dummy    0x2007203c        0x0
 *(.stack*)
                0x20088000                __StackTop = (ORIGIN (ram) + 0x18000)
                0x20088000                __StackLimit = (__StackTop - SIZEOF (.stack_dummy))
                0x20088000                PROVIDE (_sstack, __StackLimit)
                0x20088000                PROVIDE (_estack, __StackTop)
OUTPUT(build-arduino_due_x-SAM3X8E/avr_gcc.elf elf32-littlearm)

.ARM.attributes
                0x00000000       0x29
 .ARM.attributes
                0x00000000       0x1d c:/users/baciu/appdata/local/arduino15/packages/arduino/tools/arm-none-eabi-gcc/4.8.3-2014q1/bin/../lib/gcc/arm-none-eabi/4.8.3/armv7-m/crti.o
 .ARM.attributes
                0x0000001d       0x2d c:/users/baciu/appdata/local/arduino15/packages/arduino/tools/arm-none-eabi-gcc/4.8.3-2014q1/bin/../lib/gcc/arm-none-eabi/4.8.3/armv7-m/crtbegin.o
 .ARM.attributes
                0x0000004a       0x33 build-arduino_due_x-SAM3X8E/internally_implemented.cpp.o
 .ARM.attributes
                0x0000007d       0x33 build-arduino_due_x-SAM3X8E/submitter_implemented.cpp.o
 .ARM.attributes
                0x000000b0       0x33 build-arduino_due_x-SAM3X8E/avr_gcc.ino.o
 .ARM.attributes
                0x000000e3       0x33 c:/Users/baciu/AppData/Local/Arduino15/packages/arduino/hardware/sam/1.6.8/variants/arduino_due_x/libsam_sam3x8e_gcc_rel.a(startup_sam3xa.o)
 .ARM.attributes
                0x00000116       0x33 c:/Users/baciu/AppData/Local/Arduino15/packages/arduino/hardware/sam/1.6.8/variants/arduino_due_x/libsam_sam3x8e_gcc_rel.a(uotghs.o)
 .ARM.attributes
                0x00000149       0x33 build-arduino_due_x-SAM3X8E/libcore.a(variant.cpp.o)
 .ARM.attributes
                0x0000017c       0x33 build-arduino_due_x-SAM3X8E/libcore.a(adc.c.o)
 .ARM.attributes
                0x000001af       0x33 build-arduino_due_x-SAM3X8E/libcore.a(pio.c.o)
 .ARM.attributes
                0x000001e2       0x33 build-arduino_due_x-SAM3X8E/libcore.a(pmc.c.o)
 .ARM.attributes
                0x00000215       0x33 build-arduino_due_x-SAM3X8E/libcore.a(system_sam3xa.c.o)
 .ARM.attributes
                0x00000248       0x33 build-arduino_due_x-SAM3X8E/libcore.a(cortex_handlers.c.o)
 .ARM.attributes
                0x0000027b       0x33 build-arduino_due_x-SAM3X8E/libcore.a(hooks.c.o)
 .ARM.attributes
                0x000002ae       0x33 build-arduino_due_x-SAM3X8E/libcore.a(syscalls_sam3.c.o)
 .ARM.attributes
                0x000002e1       0x33 build-arduino_due_x-SAM3X8E/libcore.a(wiring.c.o)
 .ARM.attributes
                0x00000314       0x33 build-arduino_due_x-SAM3X8E/libcore.a(wiring_analog.c.o)
 .ARM.attributes
                0x00000347       0x33 build-arduino_due_x-SAM3X8E/libcore.a(wiring_digital.c.o)
 .ARM.attributes
                0x0000037a       0x33 build-arduino_due_x-SAM3X8E/libcore.a(main.cpp.o)
 .ARM.attributes
                0x000003ad       0x33 build-arduino_due_x-SAM3X8E/libcore.a(Print.cpp.o)
 .ARM.attributes
                0x000003e0       0x33 build-arduino_due_x-SAM3X8E/libcore.a(Reset.cpp.o)
 .ARM.attributes
                0x00000413       0x33 build-arduino_due_x-SAM3X8E/libcore.a(RingBuffer.cpp.o)
 .ARM.attributes
                0x00000446       0x33 build-arduino_due_x-SAM3X8E/libcore.a(UARTClass.cpp.o)
 .ARM.attributes
                0x00000479       0x33 build-arduino_due_x-SAM3X8E/libcore.a(USARTClass.cpp.o)
 .ARM.attributes
                0x000004ac       0x33 build-arduino_due_x-SAM3X8E/libcore.a(watchdog.cpp.o)
 .ARM.attributes
                0x000004df       0x33 build-arduino_due_x-SAM3X8E/libcore.a(USBCore.cpp.o)
 .ARM.attributes
                0x00000512       0x33 build-arduino_due_x-SAM3X8E/libcore.a(interrupt_sam_nvic.c.o)
 .ARM.attributes
                0x00000545       0x33 build-arduino_due_x-SAM3X8E/libcore.a(timetick.c.o)
 .ARM.attributes
                0x00000578       0x33 build-arduino_due_x-SAM3X8E/libcore.a(uotghs_device.c.o)
 .ARM.attributes
                0x000005ab       0x33 build-arduino_due_x-SAM3X8E/libcore.a(wdt.c.o)
 .ARM.attributes
                0x000005de       0x33 build-arduino_due_x-SAM3X8E/libcore.a(CDC.cpp.o)
 .ARM.attributes
                0x00000611       0x33 build-arduino_due_x-SAM3X8E/libcore.a(PluggableUSB.cpp.o)
 .ARM.attributes
                0x00000644       0x2d c:/users/baciu/appdata/local/arduino15/packages/arduino/tools/arm-none-eabi-gcc/4.8.3-2014q1/bin/../lib/gcc/arm-none-eabi/4.8.3/../../../../arm-none-eabi/lib/armv7-m\libm.a(lib_a-s_fpclassify.o)
 .ARM.attributes
                0x00000671       0x1d c:/users/baciu/appdata/local/arduino15/packages/arduino/tools/arm-none-eabi-gcc/4.8.3-2014q1/bin/../lib/gcc/arm-none-eabi/4.8.3/armv7-m\libgcc.a(_arm_addsubdf3.o)
 .ARM.attributes
                0x0000068e       0x1d c:/users/baciu/appdata/local/arduino15/packages/arduino/tools/arm-none-eabi-gcc/4.8.3-2014q1/bin/../lib/gcc/arm-none-eabi/4.8.3/armv7-m\libgcc.a(_arm_muldivdf3.o)
 .ARM.attributes
                0x000006ab       0x1d c:/users/baciu/appdata/local/arduino15/packages/arduino/tools/arm-none-eabi-gcc/4.8.3-2014q1/bin/../lib/gcc/arm-none-eabi/4.8.3/armv7-m\libgcc.a(_arm_cmpdf2.o)
 .ARM.attributes
                0x000006c8       0x1d c:/users/baciu/appdata/local/arduino15/packages/arduino/tools/arm-none-eabi-gcc/4.8.3-2014q1/bin/../lib/gcc/arm-none-eabi/4.8.3/armv7-m\libgcc.a(_arm_fixdfsi.o)
 .ARM.attributes
                0x000006e5       0x1d c:/users/baciu/appdata/local/arduino15/packages/arduino/tools/arm-none-eabi-gcc/4.8.3-2014q1/bin/../lib/gcc/arm-none-eabi/4.8.3/armv7-m\libgcc.a(_arm_truncdfsf2.o)
 .ARM.attributes
                0x00000702       0x1d c:/users/baciu/appdata/local/arduino15/packages/arduino/tools/arm-none-eabi-gcc/4.8.3-2014q1/bin/../lib/gcc/arm-none-eabi/4.8.3/armv7-m\libgcc.a(_arm_addsubsf3.o)
 .ARM.attributes
                0x0000071f       0x2d c:/users/baciu/appdata/local/arduino15/packages/arduino/tools/arm-none-eabi-gcc/4.8.3-2014q1/bin/../lib/gcc/arm-none-eabi/4.8.3/../../../../arm-none-eabi/lib/armv7-m\libc.a(lib_a-atoi.o)
 .ARM.attributes
                0x0000074c       0x2d c:/users/baciu/appdata/local/arduino15/packages/arduino/tools/arm-none-eabi-gcc/4.8.3-2014q1/bin/../lib/gcc/arm-none-eabi/4.8.3/../../../../arm-none-eabi/lib/armv7-m\libc.a(lib_a-impure.o)
 .ARM.attributes
                0x00000779       0x2d c:/users/baciu/appdata/local/arduino15/packages/arduino/tools/arm-none-eabi-gcc/4.8.3-2014q1/bin/../lib/gcc/arm-none-eabi/4.8.3/../../../../arm-none-eabi/lib/armv7-m\libc.a(lib_a-init.o)
 .ARM.attributes
                0x000007a6       0x2d c:/users/baciu/appdata/local/arduino15/packages/arduino/tools/arm-none-eabi-gcc/4.8.3-2014q1/bin/../lib/gcc/arm-none-eabi/4.8.3/../../../../arm-none-eabi/lib/armv7-m\libc.a(lib_a-iprintf.o)
 .ARM.attributes
                0x000007d3       0x1b c:/users/baciu/appdata/local/arduino15/packages/arduino/tools/arm-none-eabi-gcc/4.8.3-2014q1/bin/../lib/gcc/arm-none-eabi/4.8.3/../../../../arm-none-eabi/lib/armv7-m\libc.a(lib_a-memcpy.o)
 .ARM.attributes
                0x000007ee       0x2d c:/users/baciu/appdata/local/arduino15/packages/arduino/tools/arm-none-eabi-gcc/4.8.3-2014q1/bin/../lib/gcc/arm-none-eabi/4.8.3/../../../../arm-none-eabi/lib/armv7-m\libc.a(lib_a-memset.o)
 .ARM.attributes