Archive member included to satisfy reference by file (symbol)

build-mega-atmega2560/libcore.a(wiring.c.o)
                              build-mega-atmega2560/core_benchmark.cpp.o (micros)
build-mega-atmega2560/libcore.a(HardwareSerial.cpp.o)
                              build-mega-atmega2560/avr_gcc.ino.o (_ZN14HardwareSerial9availableEv)
build-mega-atmega2560/libcore.a(HardwareSerial0.cpp.o)
                              build-mega-atmega2560/specific_benchmark.cpp.o (Serial)
build-mega-atmega2560/libcore.a(main.cpp.o)
                              c:/users/baciu/appdata/local/arduino15/packages/arduino/tools/avr-gcc/7.3.0-atmel3.6.1-arduino7/bin/../lib/gcc/avr/7.3.0/../../../../avr/lib/avr6/crtatmega2560.o (main)
build-mega-atmega2560/libcore.a(Print.cpp.o)
                              build-mega-atmega2560/libcore.a(HardwareSerial.cpp.o) (_ZN5Print5writeEPKhj)
build-mega-atmega2560/libcore.a(hooks.c.o)
                              build-mega-atmega2560/libcore.a(wiring.c.o) (yield)
build-mega-atmega2560/libcore.a(abi.cpp.o)
                              build-mega-atmega2560/libcore.a(Print.cpp.o) (__cxa_pure_virtual)
c:/users/baciu/appdata/local/arduino15/packages/arduino/tools/avr-gcc/7.3.0-atmel3.6.1-arduino7/bin/../lib/gcc/avr/7.3.0/../../../../avr/lib/avr6\libc.a(abort.o)
                              build-mega-atmega2560/libcore.a(abi.cpp.o) (abort)
c:/users/baciu/appdata/local/arduino15/packages/arduino/tools/avr-gcc/7.3.0-atmel3.6.1-arduino7/bin/../lib/gcc/avr/7.3.0/../../../../avr/lib/avr6\libc.a(atoi.o)
                              build-mega-atmega2560/core_benchmark.cpp.o (atoi)
c:/users/baciu/appdata/local/arduino15/packages/arduino/tools/avr-gcc/7.3.0-atmel3.6.1-arduino7/bin/../lib/gcc/avr/7.3.0/../../../../avr/lib/avr6\libc.a(exit.o)
                              c:/users/baciu/appdata/local/arduino15/packages/arduino/tools/avr-gcc/7.3.0-atmel3.6.1-arduino7/bin/../lib/gcc/avr/7.3.0/../../../../avr/lib/avr6/crtatmega2560.o (exit)
c:/users/baciu/appdata/local/arduino15/packages/arduino/tools/avr-gcc/7.3.0-atmel3.6.1-arduino7/bin/../lib/gcc/avr/7.3.0/../../../../avr/lib/avr6\libc.a(strtok.o)
                              build-mega-atmega2560/core_benchmark.cpp.o (strtok)
c:/users/baciu/appdata/local/arduino15/packages/arduino/tools/avr-gcc/7.3.0-atmel3.6.1-arduino7/bin/../lib/gcc/avr/7.3.0/../../../../avr/lib/avr6\libc.a(memcpy.o)
                              build-mega-atmega2560/core_benchmark.cpp.o (memcpy)
c:/users/baciu/appdata/local/arduino15/packages/arduino/tools/avr-gcc/7.3.0-atmel3.6.1-arduino7/bin/../lib/gcc/avr/7.3.0/../../../../avr/lib/avr6\libc.a(strncmp.o)
                              build-mega-atmega2560/core_benchmark.cpp.o (strncmp)
c:/users/baciu/appdata/local/arduino15/packages/arduino/tools/avr-gcc/7.3.0-atmel3.6.1-arduino7/bin/../lib/gcc/avr/7.3.0/../../../../avr/lib/avr6\libc.a(strnlen.o)
                              build-mega-atmega2560/specific_benchmark.cpp.o (strnlen)
c:/users/baciu/appdata/local/arduino15/packages/arduino/tools/avr-gcc/7.3.0-atmel3.6.1-arduino7/bin/../lib/gcc/avr/7.3.0/../../../../avr/lib/avr6\libc.a(strtok_r.o)
                              c:/users/baciu/appdata/local/arduino15/packages/arduino/tools/avr-gcc/7.3.0-atmel3.6.1-arduino7/bin/../lib/gcc/avr/7.3.0/../../../../avr/lib/avr6\libc.a(strtok.o) (strtok_r)
c:/users/baciu/appdata/local/arduino15/packages/arduino/tools/avr-gcc/7.3.0-atmel3.6.1-arduino7/bin/../lib/gcc/avr/7.3.0/../../../../avr/lib/avr6\libc.a(mul10.o)
                              c:/users/baciu/appdata/local/arduino15/packages/arduino/tools/avr-gcc/7.3.0-atmel3.6.1-arduino7/bin/../lib/gcc/avr/7.3.0/../../../../avr/lib/avr6\libc.a(atoi.o) (__mulhi_const_10)
c:/users/baciu/appdata/local/arduino15/packages/arduino/tools/avr-gcc/7.3.0-atmel3.6.1-arduino7/bin/../lib/gcc/avr/7.3.0/../../../../avr/lib/avr6\libc.a(vsnprintf.o)
                              build-mega-atmega2560/specific_benchmark.cpp.o (vsnprintf)
c:/users/baciu/appdata/local/arduino15/packages/arduino/tools/avr-gcc/7.3.0-atmel3.6.1-arduino7/bin/../lib/gcc/avr/7.3.0/../../../../avr/lib/avr6\libc.a(addsf3.o)
                              build-mega-atmega2560/libcore.a(Print.cpp.o) (__subsf3)
c:/users/baciu/appdata/local/arduino15/packages/arduino/tools/avr-gcc/7.3.0-atmel3.6.1-arduino7/bin/../lib/gcc/avr/7.3.0/../../../../avr/lib/avr6\libc.a(addsf3x.o)
                              c:/users/baciu/appdata/local/arduino15/packages/arduino/tools/avr-gcc/7.3.0-atmel3.6.1-arduino7/bin/../lib/gcc/avr/7.3.0/../../../../avr/lib/avr6\libc.a(addsf3.o) (__addsf3x)
c:/users/baciu/appdata/local/arduino15/packages/arduino/tools/avr-gcc/7.3.0-atmel3.6.1-arduino7/bin/../lib/gcc/avr/7.3.0/../../../../avr/lib/avr6\libc.a(cmpsf2.o)
                              build-mega-atmega2560/libcore.a(Print.cpp.o) (__ltsf2)
c:/users/baciu/appdata/local/arduino15/packages/arduino/tools/avr-gcc/7.3.0-atmel3.6.1-arduino7/bin/../lib/gcc/avr/7.3.0/../../../../avr/lib/avr6\libc.a(divsf3.o)
                              build-mega-atmega2560/libcore.a(Print.cpp.o) (__divsf3)
c:/users/baciu/appdata/local/arduino15/packages/arduino/tools/avr-gcc/7.3.0-atmel3.6.1-arduino7/bin/../lib/gcc/avr/7.3.0/../../../../avr/lib/avr6\libc.a(divsf3x.o)
                              c:/users/baciu/appdata/local/arduino15/packages/arduino/tools/avr-gcc/7.3.0-atmel3.6.1-arduino7/bin/../lib/gcc/avr/7.3.0/../../../../avr/lib/avr6\libc.a(divsf3.o) (__divsf3x)
c:/users/baciu/appdata/local/arduino15/packages/arduino/tools/avr-gcc/7.3.0-atmel3.6.1-arduino7/bin/../lib/gcc/avr/7.3.0/../../../../avr/lib/avr6\libc.a(fixunssfsi.o)
                              build-mega-atmega2560/libcore.a(Print.cpp.o) (__fixunssfsi)
c:/users/baciu/appdata/local/arduino15/packages/arduino/tools/avr-gcc/7.3.0-atmel3.6.1-arduino7/bin/../lib/gcc/avr/7.3.0/../../../../avr/lib/avr6\libc.a(floatsisf.o)
                              build-mega-atmega2560/libcore.a(Print.cpp.o) (__floatunsisf)
c:/users/baciu/appdata/local/arduino15/packages/arduino/tools/avr-gcc/7.3.0-atmel3.6.1-arduino7/bin/../lib/gcc/avr/7.3.0/../../../../avr/lib/avr6\libc.a(fp_cmp.o)
                              c:/users/baciu/appdata/local/arduino15/packages/arduino/tools/avr-gcc/7.3.0-atmel3.6.1-arduino7/bin/../lib/gcc/avr/7.3.0/../../../../avr/lib/avr6\libc.a(cmpsf2.o) (__fp_cmp)
c:/users/baciu/appdata/local/arduino15/packages/arduino/tools/avr-gcc/7.3.0-atmel3.6.1-arduino7/bin/../lib/gcc/avr/7.3.0/../../../../avr/lib/avr6\libc.a(fp_inf.o)
                              c:/users/baciu/appdata/local/arduino15/packages/arduino/tools/avr-gcc/7.3.0-atmel3.6.1-arduino7/bin/../lib/gcc/avr/7.3.0/../../../../avr/lib/avr6\libc.a(addsf3x.o) (__fp_inf)
c:/users/baciu/appdata/local/arduino15/packages/arduino/tools/avr-gcc/7.3.0-atmel3.6.1-arduino7/bin/../lib/gcc/avr/7.3.0/../../../../avr/lib/avr6\libc.a(fp_nan.o)
                              c:/users/baciu/appdata/local/arduino15/packages/arduino/tools/avr-gcc/7.3.0-atmel3.6.1-arduino7/bin/../lib/gcc/avr/7.3.0/../../../../avr/lib/avr6\libc.a(addsf3x.o) (__fp_nan)
c:/users/baciu/appdata/local/arduino15/packages/arduino/tools/avr-gcc/7.3.0-atmel3.6.1-arduino7/bin/../lib/gcc/avr/7.3.0/../../../../avr/lib/avr6\libc.a(fp_pscA.o)
                              c:/users/baciu/appdata/local/arduino15/packages/arduino/tools/avr-gcc/7.3.0-atmel3.6.1-arduino7/bin/../lib/gcc/avr/7.3.0/../../../../avr/lib/avr6\libc.a(addsf3x.o) (__fp_pscA)
c:/users/baciu/appdata/local/arduino15/packages/arduino/tools/avr-gcc/7.3.0-atmel3.6.1-arduino7/bin/../lib/gcc/avr/7.3.0/../../../../avr/lib/avr6\libc.a(fp_pscB.o)
                              c:/users/baciu/appdata/local/arduino15/packages/arduino/tools/avr-gcc/7.3.0-atmel3.6.1-arduino7/bin/../lib/gcc/avr/7.3.0/../../../../avr/lib/avr6\libc.a(addsf3x.o) (__fp_pscB)
c:/users/baciu/appdata/local/arduino15/packages/arduino/tools/avr-gcc/7.3.0-atmel3.6.1-arduino7/bin/../lib/gcc/avr/7.3.0/../../../../avr/lib/avr6\libc.a(fp_round.o)
                              c:/users/baciu/appdata/local/arduino15/packages/arduino/tools/avr-gcc/7.3.0-atmel3.6.1-arduino7/bin/../lib/gcc/avr/7.3.0/../../../../avr/lib/avr6\libc.a(addsf3.o) (__fp_round)
c:/users/baciu/appdata/local/arduino15/packages/arduino/tools/avr-gcc/7.3.0-atmel3.6.1-arduino7/bin/../lib/gcc/avr/7.3.0/../../../../avr/lib/avr6\libc.a(fp_split3.o)
                              c:/users/baciu/appdata/local/arduino15/packages/arduino/tools/avr-gcc/7.3.0-atmel3.6.1-arduino7/bin/../lib/gcc/avr/7.3.0/../../../../avr/lib/avr6\libc.a(addsf3x.o) (__fp_split3)
c:/users/baciu/appdata/local/arduino15/packages/arduino/tools/avr-gcc/7.3.0-atmel3.6.1-arduino7/bin/../lib/gcc/avr/7.3.0/../../../../avr/lib/avr6\libc.a(fp_zero.o)
                              c:/users/baciu/appdata/local/arduino15/packages/arduino/tools/avr-gcc/7.3.0-atmel3.6.1-arduino7/bin/../lib/gcc/avr/7.3.0/../../../../avr/lib/avr6\libc.a(addsf3x.o) (__fp_zero)
c:/users/baciu/appdata/local/arduino15/packages/arduino/tools/avr-gcc/7.3.0-atmel3.6.1-arduino7/bin/../lib/gcc/avr/7.3.0/../../../../avr/lib/avr6\libc.a(gesf2.o)
                              build-mega-atmega2560/libcore.a(Print.cpp.o) (__gtsf2)
c:/users/baciu/appdata/local/arduino15/packages/arduino/tools/avr-gcc/7.3.0-atmel3.6.1-arduino7/bin/../lib/gcc/avr/7.3.0/../../../../avr/lib/avr6\libc.a(mulsf3.o)
                              build-mega-atmega2560/libcore.a(Print.cpp.o) (__mulsf3)
c:/users/baciu/appdata/local/arduino15/packages/arduino/tools/avr-gcc/7.3.0-atmel3.6.1-arduino7/bin/../lib/gcc/avr/7.3.0/../../../../avr/lib/avr6\libc.a(mulsf3x.o)
                              c:/users/baciu/appdata/local/arduino15/packages/arduino/tools/avr-gcc/7.3.0-atmel3.6.1-arduino7/bin/../lib/gcc/avr/7.3.0/../../../../avr/lib/avr6\libc.a(mulsf3.o) (__mulsf3x)
c:/users/baciu/appdata/local/arduino15/packages/arduino/tools/avr-gcc/7.3.0-atmel3.6.1-arduino7/bin/../lib/gcc/avr/7.3.0/../../../../avr/lib/avr6\libc.a(unordsf2.o)
                              build-mega-atmega2560/libcore.a(Print.cpp.o) (__unordsf2)
c:/users/baciu/appdata/local/arduino15/packages/arduino/tools/avr-gcc/7.3.0-atmel3.6.1-arduino7/bin/../lib/gcc/avr/7.3.0/../../../../avr/lib/avr6\libc.a(vfprintf_std.o)
                              c:/users/baciu/appdata/local/arduino15/packages/arduino/tools/avr-gcc/7.3.0-atmel3.6.1-arduino7/bin/../lib/gcc/avr/7.3.0/../../../../avr/lib/avr6\libc.a(vsnprintf.o) (vfprintf)
c:/users/baciu/appdata/local/arduino15/packages/arduino/tools/avr-gcc/7.3.0-atmel3.6.1-arduino7/bin/../lib/gcc/avr/7.3.0/../../../../avr/lib/avr6\libc.a(strnlen_P.o)
                              c:/users/baciu/appdata/local/arduino15/packages/arduino/tools/avr-gcc/7.3.0-atmel3.6.1-arduino7/bin/../lib/gcc/avr/7.3.0/../../../../avr/lib/avr6\libc.a(vfprintf_std.o) (strnlen_P)
c:/users/baciu/appdata/local/arduino15/packages/arduino/tools/avr-gcc/7.3.0-atmel3.6.1-arduino7/bin/../lib/gcc/avr/7.3.0/../../../../avr/lib/avr6\libc.a(fputc.o)
                              c:/users/baciu/appdata/local/arduino15/packages/arduino/tools/avr-gcc/7.3.0-atmel3.6.1-arduino7/bin/../lib/gcc/avr/7.3.0/../../../../avr/lib/avr6\libc.a(vfprintf_std.o) (fputc)
c:/users/baciu/appdata/local/arduino15/packages/arduino/tools/avr-gcc/7.3.0-atmel3.6.1-arduino7/bin/../lib/gcc/avr/7.3.0/../../../../avr/lib/avr6\libc.a(ultoa_invert.o)
                              c:/users/baciu/appdata/local/arduino15/packages/arduino/tools/avr-gcc/7.3.0-atmel3.6.1-arduino7/bin/../lib/gcc/avr/7.3.0/../../../../avr/lib/avr6\libc.a(vfprintf_std.o) (__ultoa_invert)
c:/users/baciu/appdata/local/arduino15/packages/arduino/tools/avr-gcc/7.3.0-atmel3.6.1-arduino7/bin/../lib/gcc/avr/7.3.0/avr6\libgcc.a(_udivmodsi4.o)
                              build-mega-atmega2560/libcore.a(HardwareSerial.cpp.o) (__udivmodsi4)
c:/users/baciu/appdata/local/arduino15/packages/arduino/tools/avr-gcc/7.3.0-atmel3.6.1-arduino7/bin/../lib/gcc/avr/7.3.0/avr6\libgcc.a(_exit.o)
                              c:/users/baciu/appdata/local/arduino15/packages/arduino/tools/avr-gcc/7.3.0-atmel3.6.1-arduino7/bin/../lib/gcc/avr/7.3.0/../../../../avr/lib/avr6\libc.a(abort.o) (_exit)
c:/users/baciu/appdata/local/arduino15/packages/arduino/tools/avr-gcc/7.3.0-atmel3.6.1-arduino7/bin/../lib/gcc/avr/7.3.0/avr6\libgcc.a(_copy_data.o)
                              build-mega-atmega2560/core_benchmark.cpp.o (__do_copy_data)
c:/users/baciu/appdata/local/arduino15/packages/arduino/tools/avr-gcc/7.3.0-atmel3.6.1-arduino7/bin/../lib/gcc/avr/7.3.0/avr6\libgcc.a(_clear_bss.o)
                              build-mega-atmega2560/core_benchmark.cpp.o (__do_clear_bss)
c:/users/baciu/appdata/local/arduino15/packages/arduino/tools/avr-gcc/7.3.0-atmel3.6.1-arduino7/bin/../lib/gcc/avr/7.3.0/avr6\libgcc.a(_ctors.o)
                              build-mega-atmega2560/libcore.a(HardwareSerial0.cpp.o) (__do_global_ctors)
c:/users/baciu/appdata/local/arduino15/packages/arduino/tools/avr-gcc/7.3.0-atmel3.6.1-arduino7/bin/../lib/gcc/avr/7.3.0/avr6\libgcc.a(_tablejump2.o)
                              c:/users/baciu/appdata/local/arduino15/packages/arduino/tools/avr-gcc/7.3.0-atmel3.6.1-arduino7/bin/../lib/gcc/avr/7.3.0/avr6\libgcc.a(_ctors.o) (__tablejump2__)

Discarded input sections

 .data          0x00000000        0x0 c:/users/baciu/appdata/local/arduino15/packages/arduino/tools/avr-gcc/7.3.0-atmel3.6.1-arduino7/bin/../lib/gcc/avr/7.3.0/../../../../avr/lib/avr6/crtatmega2560.o
 .bss           0x00000000        0x0 c:/users/baciu/appdata/local/arduino15/packages/arduino/tools/avr-gcc/7.3.0-atmel3.6.1-arduino7/bin/../lib/gcc/avr/7.3.0/../../../../avr/lib/avr6/crtatmega2560.o
 .group         0x00000000        0x8 build-mega-atmega2560/core_benchmark.cpp.o
 .text          0x00000000        0x0 build-mega-atmega2560/core_benchmark.cpp.o
 .data          0x00000000        0x0 build-mega-atmega2560/core_benchmark.cpp.o
 .bss           0x00000000        0x0 build-mega-atmega2560/core_benchmark.cpp.o
 .text          0x00000000        0x0 build-mega-atmega2560/specific_benchmark.cpp.o
 .data          0x00000000        0x0 build-mega-atmega2560/specific_benchmark.cpp.o
 .bss           0x00000000        0x0 build-mega-atmega2560/specific_benchmark.cpp.o
 .text._Z7th_postv
                0x00000000        0x2 build-mega-atmega2560/specific_benchmark.cpp.o
 .text          0x00000000        0x0 build-mega-atmega2560/avr_gcc.ino.o
 .data          0x00000000        0x0 build-mega-atmega2560/avr_gcc.ino.o
 .bss           0x00000000        0x0 build-mega-atmega2560/avr_gcc.ino.o
 .text          0x00000000        0x0 build-mega-atmega2560/libcore.a(wiring.c.o)
 .data          0x00000000        0x0 build-mega-atmega2560/libcore.a(wiring.c.o)
 .bss           0x00000000        0x0 build-mega-atmega2560/libcore.a(wiring.c.o)
 .text.millis   0x00000000       0x18 build-mega-atmega2560/libcore.a(wiring.c.o)
 .text.delay    0x00000000       0x72 build-mega-atmega2560/libcore.a(wiring.c.o)
 .text.delayMicroseconds
                0x00000000       0x16 build-mega-atmega2560/libcore.a(wiring.c.o)
 .group         0x00000000        0x8 build-mega-atmega2560/libcore.a(HardwareSerial.cpp.o)
 .text          0x00000000        0x0 build-mega-atmega2560/libcore.a(HardwareSerial.cpp.o)
 .data          0x00000000        0x0 build-mega-atmega2560/libcore.a(HardwareSerial.cpp.o)
 .bss           0x00000000        0x0 build-mega-atmega2560/libcore.a(HardwareSerial.cpp.o)
 .text._ZN14HardwareSerial3endEv
                0x00000000       0x44 build-mega-atmega2560/libcore.a(HardwareSerial.cpp.o)
 .text          0x00000000        0x0 build-mega-atmega2560/libcore.a(HardwareSerial0.cpp.o)
 .data          0x00000000        0x0 build-mega-atmega2560/libcore.a(HardwareSerial0.cpp.o)
 .bss           0x00000000        0x0 build-mega-atmega2560/libcore.a(HardwareSerial0.cpp.o)
 .text          0x00000000        0x0 build-mega-atmega2560/libcore.a(main.cpp.o)
 .data          0x00000000        0x0 build-mega-atmega2560/libcore.a(main.cpp.o)
 .bss           0x00000000        0x0 build-mega-atmega2560/libcore.a(main.cpp.o)
 .text.atexit   0x00000000        0x6 build-mega-atmega2560/libcore.a(main.cpp.o)
 .text._Z8setupUSBv
                0x00000000        0x2 build-mega-atmega2560/libcore.a(main.cpp.o)
 .group         0x00000000        0x8 build-mega-atmega2560/libcore.a(Print.cpp.o)
 .group         0x00000000        0x8 build-mega-atmega2560/libcore.a(Print.cpp.o)
 .group         0x00000000        0x8 build-mega-atmega2560/libcore.a(Print.cpp.o)
 .text          0x00000000        0x0 build-mega-atmega2560/libcore.a(Print.cpp.o)
 .data          0x00000000        0x0 build-mega-atmega2560/libcore.a(Print.cpp.o)
 .bss           0x00000000        0x0 build-mega-atmega2560/libcore.a(Print.cpp.o)
 .text._ZN5Print17availableForWriteEv
                0x00000000        0x6 build-mega-atmega2560/libcore.a(Print.cpp.o)
 .text._ZN5Print5flushEv
                0x00000000        0x2 build-mega-atmega2560/libcore.a(Print.cpp.o)
 .text._ZN5Print5printEPK19__FlashStringHelper
                0x00000000       0x48 build-mega-atmega2560/libcore.a(Print.cpp.o)
 .text._ZN5Print5printERK6String
                0x00000000       0x1c build-mega-atmega2560/libcore.a(Print.cpp.o)
 .text._ZN5Print5printEc
                0x00000000        0xe build-mega-atmega2560/libcore.a(Print.cpp.o)
 .text._ZN5Print5printERK9Printable
                0x00000000       0x14 build-mega-atmega2560/libcore.a(Print.cpp.o)
 .rodata._ZN5Print7printlnEv.str1.1
                0x00000000        0x3 build-mega-atmega2560/libcore.a(Print.cpp.o)
 .text._ZN5Print7printlnEv
                0x00000000        0x8 build-mega-atmega2560/libcore.a(Print.cpp.o)
 .text._ZN5Print7printlnEPK19__FlashStringHelper
                0x00000000       0x24 build-mega-atmega2560/libcore.a(Print.cpp.o)
 .text._ZN5Print7printlnERK6String
                0x00000000       0x24 build-mega-atmega2560/libcore.a(Print.cpp.o)
 .text._ZN5Print7printlnEPKc
                0x00000000       0x2e build-mega-atmega2560/libcore.a(Print.cpp.o)
 .text._ZN5Print7printlnEc
                0x00000000       0x24 build-mega-atmega2560/libcore.a(Print.cpp.o)
 .text._ZN5Print7printlnERK9Printable
                0x00000000       0x24 build-mega-atmega2560/libcore.a(Print.cpp.o)
 .text._ZN5Print11printNumberEmh
                0x00000000       0x98 build-mega-atmega2560/libcore.a(Print.cpp.o)
 .text._ZN5Print5printEli
                0x00000000       0x90 build-mega-atmega2560/libcore.a(Print.cpp.o)
 .text._ZN5Print5printEii
                0x00000000        0xe build-mega-atmega2560/libcore.a(Print.cpp.o)
 .text._ZN5Print7printlnEii
                0x00000000       0x24 build-mega-atmega2560/libcore.a(Print.cpp.o)
 .text._ZN5Print7printlnEli
                0x00000000       0x24 build-mega-atmega2560/libcore.a(Print.cpp.o)
 .text._ZN5Print5printEmi
                0x00000000       0x1a build-mega-atmega2560/libcore.a(Print.cpp.o)
 .text._ZN5Print5printEhi
                0x00000000        0xe build-mega-atmega2560/libcore.a(Print.cpp.o)
 .text._ZN5Print7printlnEhi
                0x00000000       0x24 build-mega-atmega2560/libcore.a(Print.cpp.o)
 .text._ZN5Print5printEji
                0x00000000        0xc build-mega-atmega2560/libcore.a(Print.cpp.o)
 .text._ZN5Print7printlnEji
                0x00000000       0x24 build-mega-atmega2560/libcore.a(Print.cpp.o)
 .text._ZN5Print7printlnEmi
                0x00000000       0x24 build-mega-atmega2560/libcore.a(Print.cpp.o)
 .rodata._ZN5Print10printFloatEdh.str1.1
                0x00000000        0xc build-mega-atmega2560/libcore.a(Print.cpp.o)
 .text._ZN5Print10printFloatEdh
                0x00000000      0x1c8 build-mega-atmega2560/libcore.a(Print.cpp.o)
 .text._ZN5Print5printEdi
                0x00000000        0x4 build-mega-atmega2560/libcore.a(Print.cpp.o)
 .text._ZN5Print7printlnEdi
                0x00000000       0x24 build-mega-atmega2560/libcore.a(Print.cpp.o)
 .rodata._ZTV5Print
                0x00000000        0xc build-mega-atmega2560/libcore.a(Print.cpp.o)
 .text          0x00000000        0x0 build-mega-atmega2560/libcore.a(hooks.c.o)
 .data          0x00000000        0x0 build-mega-atmega2560/libcore.a(hooks.c.o)
 .bss           0x00000000        0x0 build-mega-atmega2560/libcore.a(hooks.c.o)
 .text.__empty  0x00000000        0x2 build-mega-atmega2560/libcore.a(hooks.c.o)
 .comment       0x00000000       0x12 build-mega-atmega2560/libcore.a(hooks.c.o)
 .text          0x00000000        0x0 build-mega-atmega2560/libcore.a(abi.cpp.o)
 .data          0x00000000        0x0 build-mega-atmega2560/libcore.a(abi.cpp.o)
 .bss           0x00000000        0x0 build-mega-atmega2560/libcore.a(abi.cpp.o)
 .text.__cxa_pure_virtual
                0x00000000        0x4 build-mega-atmega2560/libcore.a(abi.cpp.o)
 .text.__cxa_deleted_virtual
                0x00000000        0x4 build-mega-atmega2560/libcore.a(abi.cpp.o)
 .comment       0x00000000       0x12 build-mega-atmega2560/libcore.a(abi.cpp.o)
 .text          0x00000000        0x0 c:/users/baciu/appdata/local/arduino15/packages/arduino/tools/avr-gcc/7.3.0-atmel3.6.1-arduino7/bin/../lib/gcc/avr/7.3.0/../../../../avr/lib/avr6\libc.a(abort.o)
 .data          0x00000000        0x0 c:/users/baciu/appdata/local/arduino15/packages/arduino/tools/avr-gcc/7.3.0-atmel3.6.1-arduino7/bin/../lib/gcc/avr/7.3.0/../../../../avr/lib/avr6\libc.a(abort.o)
 .bss           0x00000000        0x0 c:/users/baciu/appdata/local/arduino15/packages/arduino/tools/avr-gcc/7.3.0-atmel3.6.1-arduino7/bin/../lib/gcc/avr/7.3.0/../../../../avr/lib/avr6\libc.a(abort.o)
 .text.avr-libc
                0x00000000        0xa c:/users/baciu/appdata/local/arduino15/packages/arduino/tools/avr-gcc/7.3.0-atmel3.6.1-arduino7/bin/../lib/gcc/avr/7.3.0/../../../../avr/lib/avr6\libc.a(abort.o)
 .text          0x00000000        0x0 c:/users/baciu/appdata/local/arduino15/packages/arduino/tools/avr-gcc/7.3.0-atmel3.6.1-arduino7/bin/../lib/gcc/avr/7.3.0/../../../../avr/lib/avr6\libc.a(atoi.o)
 .data          0x00000000        0x0 c:/users/baciu/appdata/local/arduino15/packages/arduino/tools/avr-gcc/7.3.0-atmel3.6.1-arduino7/bin/../lib/gcc/avr/7.3.0/../../../../avr/lib/avr6\libc.a(atoi.o)
 .bss           0x00000000        0x0 c:/users/baciu/appdata/local/arduino15/packages/arduino/tools/avr-gcc/7.3.0-atmel3.6.1-arduino7/bin/../lib/gcc/avr/7.3.0/../../../../avr/lib/avr6\libc.a(atoi.o)
 .text          0x00000000        0x0 c:/users/baciu/appdata/local/arduino15/packages/arduino/tools/avr-gcc/7.3.0-atmel3.6.1-arduino7/bin/../lib/gcc/avr/7.3.0/../../../../avr/lib/avr6\libc.a(exit.o)
 .data          0x00000000        0x0 c:/users/baciu/appdata/local/arduino15/packages/arduino/tools/avr-gcc/7.3.0-atmel3.6.1-arduino7/bin/../lib/gcc/avr/7.3.0/../../../../avr/lib/avr6\libc.a(exit.o)
 .bss           0x00000000        0x0 c:/users/baciu/appdata/local/arduino15/packages/arduino/tools/avr-gcc/7.3.0-atmel3.6.1-arduino7/bin/../lib/gcc/avr/7.3.0/../../../../avr/lib/avr6\libc.a(exit.o)
 .text          0x00000000        0x0 c:/users/baciu/appdata/local/arduino15/packages/arduino/tools/avr-gcc/7.3.0-atmel3.6.1-arduino7/bin/../lib/gcc/avr/7.3.0/../../../../avr/lib/avr6\libc.a(strtok.o)
 .data          0x00000000        0x0 c:/users/baciu/appdata/local/arduino15/packages/arduino/tools/avr-gcc/7.3.0-atmel3.6.1-arduino7/bin/../lib/gcc/avr/7.3.0/../../../../avr/lib/avr6\libc.a(strtok.o)
 .text          0x00000000        0x0 c:/users/baciu/appdata/local/arduino15/packages/arduino/tools/avr-gcc/7.3.0-atmel3.6.1-arduino7/bin/../lib/gcc/avr/7.3.0/../../../../avr/lib/avr6\libc.a(memcpy.o)
 .data          0x00000000        0x0 c:/users/baciu/appdata/local/arduino15/packages/arduino/tools/avr-gcc/7.3.0-atmel3.6.1-arduino7/bin/../lib/gcc/avr/7.3.0/../../../../avr/lib/avr6\libc.a(memcpy.o)
 .bss           0x00000000        0x0 c:/users/baciu/appdata/local/arduino15/packages/arduino/tools/avr-gcc/7.3.0-atmel3.6.1-arduino7/bin/../lib/gcc/avr/7.3.0/../../../../avr/lib/avr6\libc.a(memcpy.o)
 .text          0x00000000        0x0 c:/users/baciu/appdata/local/arduino15/packages/arduino/tools/avr-gcc/7.3.0-atmel3.6.1-arduino7/bin/../lib/gcc/avr/7.3.0/../../../../avr/lib/avr6\libc.a(strncmp.o)
 .data          0x00000000        0x0 c:/users/baciu/appdata/local/arduino15/packages/arduino/tools/avr-gcc/7.3.0-atmel3.6.1-arduino7/bin/../lib/gcc/avr/7.3.0/../../../../avr/lib/avr6\libc.a(strncmp.o)
 .bss           0x00000000        0x0 c:/users/baciu/appdata/local/arduino15/packages/arduino/tools/avr-gcc/7.3.0-atmel3.6.1-arduino7/bin/../lib/gcc/avr/7.3.0/../../../../avr/lib/avr6\libc.a(strncmp.o)
 .text          0x00000000        0x0 c:/users/baciu/appdata/local/arduino15/packages/arduino/tools/avr-gcc/7.3.0-atmel3.6.1-arduino7/bin/../lib/gcc/avr/7.3.0/../../../../avr/lib/avr6\libc.a(strnlen.o)
 .data          0x00000000        0x0 c:/users/baciu/appdata/local/arduino15/packages/arduino/tools/avr-gcc/7.3.0-atmel3.6.1-arduino7/bin/../lib/gcc/avr/7.3.0/../../../../avr/lib/avr6\libc.a(strnlen.o)
 .bss           0x00000000        0x0 c:/users/baciu/appdata/local/arduino15/packages/arduino/tools/avr-gcc/7.3.0-atmel3.6.1-arduino7/bin/../lib/gcc/avr/7.3.0/../../../../avr/lib/avr6\libc.a(strnlen.o)
 .text          0x00000000        0x0 c:/users/baciu/appdata/local/arduino15/packages/arduino/tools/avr-gcc/7.3.0-atmel3.6.1-arduino7/bin/../lib/gcc/avr/7.3.0/../../../../avr/lib/avr6\libc.a(strtok_r.o)
 .data          0x00000000        0x0 c:/users/baciu/appdata/local/arduino15/packages/arduino/tools/avr-gcc/7.3.0-atmel3.6.1-arduino7/bin/../lib/gcc/avr/7.3.0/../../../../avr/lib/avr6\libc.a(strtok_r.o)
 .bss           0x00000000        0x0 c:/users/baciu/appdata/local/arduino15/packages/arduino/tools/avr-gcc/7.3.0-atmel3.6.1-arduino7/bin/../lib/gcc/avr/7.3.0/../../../../avr/lib/avr6\libc.a(strtok_r.o)
 .text          0x00000000        0x0 c:/users/baciu/appdata/local/arduino15/packages/arduino/tools/avr-gcc/7.3.0-atmel3.6.1-arduino7/bin/../lib/gcc/avr/7.3.0/../../../../avr/lib/avr6\libc.a(mul10.o)
 .data          0x00000000        0x0 c:/users/baciu/appdata/local/arduino15/packages/arduino/tools/avr-gcc/7.3.0-atmel3.6.1-arduino7/bin/../lib/gcc/avr/7.3.0/../../../../avr/lib/avr6\libc.a(mul10.o)
 .bss           0x00000000        0x0 c:/users/baciu/appdata/local/arduino15/packages/arduino/tools/avr-gcc/7.3.0-atmel3.6.1-arduino7/bin/../lib/gcc/avr/7.3.0/../../../../avr/lib/avr6\libc.a(mul10.o)
 .text          0x00000000        0x0 c:/users/baciu/appdata/local/arduino15/packages/arduino/tools/avr-gcc/7.3.0-atmel3.6.1-arduino7/bin/../lib/gcc/avr/7.3.0/../../../../avr/lib/avr6\libc.a(vsnprintf.o)
 .data          0x00000000        0x0 c:/users/baciu/appdata/local/arduino15/packages/arduino/tools/avr-gcc/7.3.0-atmel3.6.1-arduino7/bin/../lib/gcc/avr/7.3.0/../../../../avr/lib/avr6\libc.a(vsnprintf.o)
 .bss           0x00000000        0x0 c:/users/baciu/appdata/local/arduino15/packages/arduino/tools/avr-gcc/7.3.0-atmel3.6.1-arduino7/bin/../lib/gcc/avr/7.3.0/../../../../avr/lib/avr6\libc.a(vsnprintf.o)
 .text          0x00000000        0x0 c:/users/baciu/appdata/local/arduino15/packages/arduino/tools/avr-gcc/7.3.0-atmel3.6.1-arduino7/bin/../lib/gcc/avr/7.3.0/../../../../avr/lib/avr6\libc.a(addsf3.o)
 .data          0x00000000        0x0 c:/users/baciu/appdata/local/arduino15/packages/arduino/tools/avr-gcc/7.3.0-atmel3.6.1-arduino7/bin/../lib/gcc/avr/7.3.0/../../../../avr/lib/avr6\libc.a(addsf3.o)
 .bss           0x00000000        0x0 c:/users/baciu/appdata/local/arduino15/packages/arduino/tools/avr-gcc/7.3.0-atmel3.6.1-arduino7/bin/../lib/gcc/avr/7.3.0/../../../../avr/lib/avr6\libc.a(addsf3.o)
 .text.avr-libc.fplib
                0x00000000        0xe c:/users/baciu/appdata/local/arduino15/packages/arduino/tools/avr-gcc/7.3.0-atmel3.6.1-arduino7/bin/../lib/gcc/avr/7.3.0/../../../../avr/lib/avr6\libc.a(addsf3.o)
 .text          0x00000000        0x0 c:/users/baciu/appdata/local/arduino15/packages/arduino/tools/avr-gcc/7.3.0-atmel3.6.1-arduino7/bin/../lib/gcc/avr/7.3.0/../../../../avr/lib/avr6\libc.a(addsf3x.o)
 .data          0x00000000        0x0 c:/users/baciu/appdata/local/arduino15/packages/arduino/tools/avr-gcc/7.3.0-atmel3.6.1-arduino7/bin/../lib/gcc/avr/7.3.0/../../../../avr/lib/avr6\libc.a(addsf3x.o)
 .bss           0x00000000        0x0 c:/users/baciu/appdata/local/arduino15/packages/arduino/tools/avr-gcc/7.3.0-atmel3.6.1-arduino7/bin/../lib/gcc/avr/7.3.0/../../../../avr/lib/avr6\libc.a(addsf3x.o)
 .text.avr-libc.fplib
                0x00000000       0xcc c:/users/baciu/appdata/local/arduino15/packages/arduino/tools/avr-gcc/7.3.0-atmel3.6.1-arduino7/bin/../lib/gcc/avr/7.3.0/../../../../avr/lib/avr6\libc.a(addsf3x.o)
 .text          0x00000000        0x0 c:/users/baciu/appdata/local/arduino15/packages/arduino/tools/avr-gcc/7.3.0-atmel3.6.1-arduino7/bin/../lib/gcc/avr/7.3.0/../../../../avr/lib/avr6\libc.a(cmpsf2.o)
 .data          0x00000000        0x0 c:/users/baciu/appdata/local/arduino15/packages/arduino/tools/avr-gcc/7.3.0-atmel3.6.1-arduino7/bin/../lib/gcc/avr/7.3.0/../../../../avr/lib/avr6\libc.a(cmpsf2.o)
 .bss           0x00000000        0x0 c:/users/baciu/appdata/local/arduino15/packages/arduino/tools/avr-gcc/7.3.0-atmel3.6.1-arduino7/bin/../lib/gcc/avr/7.3.0/../../../../avr/lib/avr6\libc.a(cmpsf2.o)
 .text          0x00000000        0x0 c:/users/baciu/appdata/local/arduino15/packages/arduino/tools/avr-gcc/7.3.0-atmel3.6.1-arduino7/bin/../lib/gcc/avr/7.3.0/../../../../avr/lib/avr6\libc.a(divsf3.o)
 .data          0x00000000        0x0 c:/users/baciu/appdata/local/arduino15/packages/arduino/tools/avr-gcc/7.3.0-atmel3.6.1-arduino7/bin/../lib/gcc/avr/7.3.0/../../../../avr/lib/avr6\libc.a(divsf3.o)
 .bss           0x00000000        0x0 c:/users/baciu/appdata/local/arduino15/packages/arduino/tools/avr-gcc/7.3.0-atmel3.6.1-arduino7/bin/../lib/gcc/avr/7.3.0/../../../../avr/lib/avr6\libc.a(divsf3.o)
 .text.avr-libc.fplib
                0x00000000        0x8 c:/users/baciu/appdata/local/arduino15/packages/arduino/tools/avr-gcc/7.3.0-atmel3.6.1-arduino7/bin/../lib/gcc/avr/7.3.0/../../../../avr/lib/avr6\libc.a(divsf3.o)
 .text          0x00000000        0x0 c:/users/baciu/appdata/local/arduino15/packages/arduino/tools/avr-gcc/7.3.0-atmel3.6.1-arduino7/bin/../lib/gcc/avr/7.3.0/../../../../avr/lib/avr6\libc.a(divsf3x.o)
 .data          0x00000000        0x0 c:/users/baciu/appdata/local/arduino15/packages/arduino/tools/avr-gcc/7.3.0-atmel3.6.1-arduino7/bin/../lib/gcc/avr/7.3.0/../../../../avr/lib/avr6\libc.a(divsf3x.o)
 .bss           0x00000000        0x0 c:/users/baciu/appdata/local/arduino15/packages/arduino/tools/avr-gcc/7.3.0-atmel3.6.1-arduino7/bin/../lib/gcc/avr/7.3.0/../../../../avr/lib/avr6\libc.a(divsf3x.o)
 .text.avr-libc.fplib
                0x00000000       0xdc c:/users/baciu/appdata/local/arduino15/packages/arduino/tools/avr-gcc/7.3.0-atmel3.6.1-arduino7/bin/../lib/gcc/avr/7.3.0/../../../../avr/lib/avr6\libc.a(divsf3x.o)
 .text          0x00000000        0x0 c:/users/baciu/appdata/local/arduino15/packages/arduino/tools/avr-gcc/7.3.0-atmel3.6.1-arduino7/bin/../lib/gcc/avr/7.3.0/../../../../avr/lib/avr6\libc.a(fixunssfsi.o)
 .data          0x00000000        0x0 c:/users/baciu/appdata/local/arduino15/packages/arduino/tools/avr-gcc/7.3.0-atmel3.6.1-arduino7/bin/../lib/gcc/avr/7.3.0/../../../../avr/lib/avr6\libc.a(fixunssfsi.o)
 .bss           0x00000000        0x0 c:/users/baciu/appdata/local/arduino15/packages/arduino/tools/avr-gcc/7.3.0-atmel3.6.1-arduino7/bin/../lib/gcc/avr/7.3.0/../../../../avr/lib/avr6\libc.a(fixunssfsi.o)
 .text.avr-libc.fplib
                0x00000000       0x5e c:/users/baciu/appdata/local/arduino15/packages/arduino/tools/avr-gcc/7.3.0-atmel3.6.1-arduino7/bin/../lib/gcc/avr/7.3.0/../../../../avr/lib/avr6\libc.a(fixunssfsi.o)
 .text          0x00000000        0x0 c:/users/baciu/appdata/local/arduino15/packages/arduino/tools/avr-gcc/7.3.0-atmel3.6.1-arduino7/bin/../lib/gcc/avr/7.3.0/../../../../avr/lib/avr6\libc.a(floatsisf.o)
 .data          0x00000000        0x0 c:/users/baciu/appdata/local/arduino15/packages/arduino/tools/avr-gcc/7.3.0-atmel3.6.1-arduino7/bin/../lib/gcc/avr/7.3.0/../../../../avr/lib/avr6\libc.a(floatsisf.o)
 .bss           0x00000000        0x0 c:/users/baciu/appdata/local/arduino15/packages/arduino/tools/avr-gcc/7.3.0-atmel3.6.1-arduino7/bin/../lib/gcc/avr/7.3.0/../../../../avr/lib/avr6\libc.a(floatsisf.o)
 .text.avr-libc.fplib
                0x00000000       0x7a c:/users/baciu/appdata/local/arduino15/packages/arduino/tools/avr-gcc/7.3.0-atmel3.6.1-arduino7/bin/../lib/gcc/avr/7.3.0/../../../../avr/lib/avr6\libc.a(floatsisf.o)
 .text          0x00000000        0x0 c:/users/baciu/appdata/local/arduino15/packages/arduino/tools/avr-gcc/7.3.0-atmel3.6.1-arduino7/bin/../lib/gcc/avr/7.3.0/../../../../avr/lib/avr6\libc.a(fp_cmp.o)
 .data          0x00000000        0x0 c:/users/baciu/appdata/local/arduino15/packages/arduino/tools/avr-gcc/7.3.0-atmel3.6.1-arduino7/bin/../lib/gcc/avr/7.3.0/../../../../avr/lib/avr6\libc.a(fp_cmp.o)
 .bss           0x00000000        0x0 c:/users/baciu/appdata/local/arduino15/packages/arduino/tools/avr-gcc/7.3.0-atmel3.6.1-arduino7/bin/../lib/gcc/avr/7.3.0/../../../../avr/lib/avr6\libc.a(fp_cmp.o)
 .text          0x00000000        0x0 c:/users/baciu/appdata/local/arduino15/packages/arduino/tools/avr-gcc/7.3.0-atmel3.6.1-arduino7/bin/../lib/gcc/avr/7.3.0/../../../../avr/lib/avr6\libc.a(fp_inf.o)
 .data          0x00000000        0x0 c:/users/baciu/appdata/local/arduino15/packages/arduino/tools/avr-gcc/7.3.0-atmel3.6.1-arduino7/bin/../lib/gcc/avr/7.3.0/../../../../avr/lib/avr6\libc.a(fp_inf.o)
 .bss           0x00000000        0x0 c:/users/baciu/appdata/local/arduino15/packages/arduino/tools/avr-gcc/7.3.0-atmel3.6.1-arduino7/bin/../lib/gcc/avr/7.3.0/../../../../avr/lib/avr6\libc.a(fp_inf.o)
 .text.avr-libc.fplib
                0x00000000        0xc c:/users/baciu/appdata/local/arduino15/packages/arduino/tools/avr-gcc/7.3.0-atmel3.6.1-arduino7/bin/../lib/gcc/avr/7.3.0/../../../../avr/lib/avr6\libc.a(fp_inf.o)
 .text          0x00000000        0x0 c:/users/baciu/appdata/local/arduino15/packages/arduino/tools/avr-gcc/7.3.0-atmel3.6.1-arduino7/bin/../lib/gcc/avr/7.3.0/../../../../avr/lib/avr6\libc.a(fp_nan.o)
 .data          0x00000000        0x0 c:/users/baciu/appdata/local/arduino15/packages/arduino/tools/avr-gcc/7.3.0-atmel3.6.1-arduino7/bin/../lib/gcc/avr/7.3.0/../../../../avr/lib/avr6\libc.a(fp_nan.o)
 .bss           0x00000000        0x0 c:/users/baciu/appdata/local/arduino15/packages/arduino/tools/avr-gcc/7.3.0-atmel3.6.1-arduino7/bin/../lib/gcc/avr/7.3.0/../../../../avr/lib/avr6\libc.a(fp_nan.o)
 .text.avr-libc.fplib
                0x00000000        0x6 c:/users/baciu/appdata/local/arduino15/packages/arduino/tools/avr-gcc/7.3.0-atmel3.6.1-arduino7/bin/../lib/gcc/avr/7.3.0/../../../../avr/lib/avr6\libc.a(fp_nan.o)
 .text          0x00000000        0x0 c:/users/baciu/appdata/local/arduino15/packages/arduino/tools/avr-gcc/7.3.0-atmel3.6.1-arduino7/bin/../lib/gcc/avr/7.3.0/../../../../avr/lib/avr6\libc.a(fp_pscA.o)
 .data          0x00000000        0x0 c:/users/baciu/appdata/local/arduino15/packages/arduino/tools/avr-gcc/7.3.0-atmel3.6.1-arduino7/bin/../lib/gcc/avr/7.3.0/../../../../avr/lib/avr6\libc.a(fp_pscA.o)
 .bss           0x00000000        0x0 c:/users/baciu/appdata/local/arduino15/packages/arduino/tools/avr-gcc/7.3.0-atmel3.6.1-arduino7/bin/../lib/gcc/avr/7.3.0/../../../../avr/lib/avr6\libc.a(fp_pscA.o)
 .text.avr-libc.fplib
                0x00000000        0xe c:/users/baciu/appdata/local/arduino15/packages/arduino/tools/avr-gcc/7.3.0-atmel3.6.1-arduino7/bin/../lib/gcc/avr/7.3.0/../../../../avr/lib/avr6\libc.a(fp_pscA.o)
 .text          0x00000000        0x0 c:/users/baciu/appdata/local/arduino15/packages/arduino/tools/avr-gcc/7.3.0-atmel3.6.1-arduino7/bin/../lib/gcc/avr/7.3.0/../../../../avr/lib/avr6\libc.a(fp_pscB.o)
 .data          0x00000000        0x0 c:/users/baciu/appdata/local/arduino15/packages/arduino/tools/avr-gcc/7.3.0-atmel3.6.1-arduino7/bin/../lib/gcc/avr/7.3.0/../../../../avr/lib/avr6\libc.a(fp_pscB.o)
 .bss           0x00000000        0x0 c:/users/baciu/appdata/local/arduino15/packages/arduino/tools/avr-gcc/7.3.0-atmel3.6.1-arduino7/bin/../lib/gcc/avr/7.3.0/../../../../avr/lib/avr6\libc.a(fp_pscB.o)
 .text.avr-libc.fplib
                0x00000000        0xe c:/users/baciu/appdata/local/arduino15/packages/arduino/tools/avr-gcc/7.3.0-atmel3.6.1-arduino7/bin/../lib/gcc/avr/7.3.0/../../../../avr/lib/avr6\libc.a(fp_pscB.o)
 .text          0x00000000        0x0 c:/users/baciu/appdata/local/arduino15/packages/arduino/tools/avr-gcc/7.3.0-atmel3.6.1-arduino7/bin/../lib/gcc/avr/7.3.0/../../../../avr/lib/avr6\libc.a(fp_round.o)
 .data          0x00000000        0x0 c:/users/baciu/appdata/local/arduino15/packages/arduino/tools/avr-gcc/7.3.0-atmel3.6.1-arduino7/bin/../lib/gcc/avr/7.3.0/../../../../avr/lib/avr6\libc.a(fp_round.o)
 .bss           0x00000000        0x0 c:/users/baciu/appdata/local/arduino15/packages/arduino/tools/avr-gcc/7.3.0-atmel3.6.1-arduino7/bin/../lib/gcc/avr/7.3.0/../../../../avr/lib/avr6\libc.a(fp_round.o)
 .text.avr-libc.fplib
                0x00000000       0x22 c:/users/baciu/appdata/local/arduino15/packages/arduino/tools/avr-gcc/7.3.0-atmel3.6.1-arduino7/bin/../lib/gcc/avr/7.3.0/../../../../avr/lib/avr6\libc.a(fp_round.o)
 .text          0x00000000        0x0 c:/users/baciu/appdata/local/arduino15/packages/arduino/tools/avr-gcc/7.3.0-atmel3.6.1-arduino7/bin/../lib/gcc/avr/7.3.0/../../../../avr/lib/avr6\libc.a(fp_split3.o)
 .data          0x00000000        0x0 c:/users/baciu/appdata/local/arduino15/packages/arduino/tools/avr-gcc/7.3.0-atmel3.6.1-arduino7/bin/../lib/gcc/avr/7.3.0/../../../../avr/lib/avr6\libc.a(fp_split3.o)
 .bss           0x00000000        0x0 c:/users/baciu/appdata/local/arduino15/packages/arduino/tools/avr-gcc/7.3.0-atmel3.6.1-arduino7/bin/../lib/gcc/avr/7.3.0/../../../../avr/lib/avr6\libc.a(fp_split3.o)
 .text.avr-libc.fplib
                0x00000000       0x44 c:/users/baciu/appdata/local/arduino15/packages/arduino/tools/avr-gcc/7.3.0-atmel3.6.1-arduino7/bin/../lib/gcc/avr/7.3.0/../../../../avr/lib/avr6\libc.a(fp_split3.o)
 .text          0x00000000        0x0 c:/users/baciu/appdata/local/arduino15/packages/arduino/tools/avr-gcc/7.3.0-atmel3.6.1-arduino7/bin/../lib/gcc/avr/7.3.0/../../../../avr/lib/avr6\libc.a(fp_zero.o)
 .data          0x00000000        0x0 c:/users/baciu/appdata/local/arduino15/packages/arduino/tools/avr-gcc/7.3.0-atmel3.6.1-arduino7/bin/../lib/gcc/avr/7.3.0/../../../../avr/lib/avr6\libc.a(fp_zero.o)
 .bss           0x00000000        0x0 c:/users/baciu/appdata/local/arduino15/packages/arduino/tools/avr-gcc/7.3.0-atmel3.6.1-arduino7/bin/../lib/gcc/avr/7.3.0/../../../../avr/lib/avr6\libc.a(fp_zero.o)
 .text.avr-libc.fplib
                0x00000000        0xe c:/users/baciu/appdata/local/arduino15/packages/arduino/tools/avr-gcc/7.3.0-atmel3.6.1-arduino7/bin/../lib/gcc/avr/7.3.0/../../../../avr/lib/avr6\libc.a(fp_zero.o)
 .text          0x00000000        0x0 c:/users/baciu/appdata/local/arduino15/packages/arduino/tools/avr-gcc/7.3.0-atmel3.6.1-arduino7/bin/../lib/gcc/avr/7.3.0/../../../../avr/lib/avr6\libc.a(gesf2.o)
 .data          0x00000000        0x0 c:/users/baciu/appdata/local/arduino15/packages/arduino/tools/avr-gcc/7.3.0-atmel3.6.1-arduino7/bin/../lib/gcc/avr/7.3.0/../../../../avr/lib/avr6\libc.a(gesf2.o)
 .bss           0x00000000        0x0 c:/users/baciu/appdata/local/arduino15/packages/arduino/tools/avr-gcc/7.3.0-atmel3.6.1-arduino7/bin/../lib/gcc/avr/7.3.0/../../../../avr/lib/avr6\libc.a(gesf2.o)
 .text.avr-libc.fplib
                0x00000000        0xa c:/users/baciu/appdata/local/arduino15/packages/arduino/tools/avr-gcc/7.3.0-atmel3.6.1-arduino7/bin/../lib/gcc/avr/7.3.0/../../../../avr/lib/avr6\libc.a(gesf2.o)
 .text          0x00000000        0x0 c:/users/baciu/appdata/local/arduino15/packages/arduino/tools/avr-gcc/7.3.0-atmel3.6.1-arduino7/bin/../lib/gcc/avr/7.3.0/../../../../avr/lib/avr6\libc.a(mulsf3.o)
 .data          0x00000000        0x0 c:/users/baciu/appdata/local/arduino15/packages/arduino/tools/avr-gcc/7.3.0-atmel3.6.1-arduino7/bin/../lib/gcc/avr/7.3.0/../../../../avr/lib/avr6\libc.a(mulsf3.o)
 .bss           0x00000000        0x0 c:/users/baciu/appdata/local/arduino15/packages/arduino/tools/avr-gcc/7.3.0-atmel3.6.1-arduino7/bin/../lib/gcc/avr/7.3.0/../../../../avr/lib/avr6\libc.a(mulsf3.o)
 .text.avr-libc.fplib
                0x00000000        0x8 c:/users/baciu/appdata/local/arduino15/packages/arduino/tools/avr-gcc/7.3.0-atmel3.6.1-arduino7/bin/../lib/gcc/avr/7.3.0/../../../../avr/lib/avr6\libc.a(mulsf3.o)
 .text          0x00000000        0x0 c:/users/baciu/appdata/local/arduino15/packages/arduino/tools/avr-gcc/7.3.0-atmel3.6.1-arduino7/bin/../lib/gcc/avr/7.3.0/../../../../avr/lib/avr6\libc.a(mulsf3x.o)
 .data          0x00000000        0x0 c:/users/baciu/appdata/local/arduino15/packages/arduino/tools/avr-gcc/7.3.0-atmel3.6.1-arduino7/bin/../lib/gcc/avr/7.3.0/../../../../avr/lib/avr6\libc.a(mulsf3x.o)
 .bss           0x00000000        0x0 c:/users/baciu/appdata/local/arduino15/packages/arduino/tools/avr-gcc/7.3.0-atmel3.6.1-arduino7/bin/../lib/gcc/avr/7.3.0/../../../../avr/lib/avr6\libc.a(mulsf3x.o)
 .text.avr-libc.fplib
                0x00000000       0xd2 c:/users/baciu/appdata/local/arduino15/packages/arduino/tools/avr-gcc/7.3.0-atmel3.6.1-arduino7/bin/../lib/gcc/avr/7.3.0/../../../../avr/lib/avr6\libc.a(mulsf3x.o)
 .text          0x00000000        0x0 c:/users/baciu/appdata/local/arduino15/packages/arduino/tools/avr-gcc/7.3.0-atmel3.6.1-arduino7/bin/../lib/gcc/avr/7.3.0/../../../../avr/lib/avr6\libc.a(unordsf2.o)
 .data          0x00000000        0x0 c:/users/baciu/appdata/local/arduino15/packages/arduino/tools/avr-gcc/7.3.0-atmel3.6.1-arduino7/bin/../lib/gcc/avr/7.3.0/../../../../avr/lib/avr6\libc.a(unordsf2.o)
 .bss           0x00000000        0x0 c:/users/baciu/appdata/local/arduino15/packages/arduino/tools/avr-gcc/7.3.0-atmel3.6.1-arduino7/bin/../lib/gcc/avr/7.3.0/../../../../avr/lib/avr6\libc.a(unordsf2.o)
 .text.avr-libc.fplib
                0x00000000        0xa c:/users/baciu/appdata/local/arduino15/packages/arduino/tools/avr-gcc/7.3.0-atmel3.6.1-arduino7/bin/../lib/gcc/avr/7.3.0/../../../../avr/lib/avr6\libc.a(unordsf2.o)
 .text          0x00000000        0x0 c:/users/baciu/appdata/local/arduino15/packages/arduino/tools/avr-gcc/7.3.0-atmel3.6.1-arduino7/bin/../lib/gcc/avr/7.3.0/../../../../avr/lib/avr6\libc.a(vfprintf_std.o)
 .data          0x00000000        0x0 c:/users/baciu/appdata/local/arduino15/packages/arduino/tools/avr-gcc/7.3.0-atmel3.6.1-arduino7/bin/../lib/gcc/avr/7.3.0/../../../../avr/lib/avr6\libc.a(vfprintf_std.o)
 .bss           0x00000000        0x0 c:/users/baciu/appdata/local/arduino15/packages/arduino/tools/avr-gcc/7.3.0-atmel3.6.1-arduino7/bin/../lib/gcc/avr/7.3.0/../../../../avr/lib/avr6\libc.a(vfprintf_std.o)
 .text          0x00000000        0x0 c:/users/baciu/appdata/local/arduino15/packages/arduino/tools/avr-gcc/7.3.0-atmel3.6.1-arduino7/bin/../lib/gcc/avr/7.3.0/../../../../avr/lib/avr6\libc.a(strnlen_P.o)
 .data          0x00000000        0x0 c:/users/baciu/appdata/local/arduino15/packages/arduino/tools/avr-gcc/7.3.0-atmel3.6.1-arduino7/bin/../lib/gcc/avr/7.3.0/../../../../avr/lib/avr6\libc.a(strnlen_P.o)
 .bss           0x00000000        0x0 c:/users/baciu/appdata/local/arduino15/packages/arduino/tools/avr-gcc/7.3.0-atmel3.6.1-arduino7/bin/../lib/gcc/avr/7.3.0/../../../../avr/lib/avr6\libc.a(strnlen_P.o)
 .text          0x00000000        0x0 c:/users/baciu/appdata/local/arduino15/packages/arduino/tools/avr-gcc/7.3.0-atmel3.6.1-arduino7/bin/../lib/gcc/avr/7.3.0/../../../../avr/lib/avr6\libc.a(fputc.o)
 .data          0x00000000        0x0 c:/users/baciu/appdata/local/arduino15/packages/arduino/tools/avr-gcc/7.3.0-atmel3.6.1-arduino7/bin/../lib/gcc/avr/7.3.0/../../../../avr/lib/avr6\libc.a(fputc.o)
 .bss           0x00000000        0x0 c:/users/baciu/appdata/local/arduino15/packages/arduino/tools/avr-gcc/7.3.0-atmel3.6.1-arduino7/bin/../lib/gcc/avr/7.3.0/../../../../avr/lib/avr6\libc.a(fputc.o)
 .text          0x00000000        0x0 c:/users/baciu/appdata/local/arduino15/packages/arduino/tools/avr-gcc/7.3.0-atmel3.6.1-arduino7/bin/../lib/gcc/avr/7.3.0/../../../../avr/lib/avr6\libc.a(ultoa_invert.o)
 .data          0x00000000        0x0 c:/users/baciu/appdata/local/arduino15/packages/arduino/tools/avr-gcc/7.3.0-atmel3.6.1-arduino7/bin/../lib/gcc/avr/7.3.0/../../../../avr/lib/avr6\libc.a(ultoa_invert.o)
 .bss           0x00000000        0x0 c:/users/baciu/appdata/local/arduino15/packages/arduino/tools/avr-gcc/7.3.0-atmel3.6.1-arduino7/bin/../lib/gcc/avr/7.3.0/../../../../avr/lib/avr6\libc.a(ultoa_invert.o)
 .text          0x00000000        0x0 c:/users/baciu/appdata/local/arduino15/packages/arduino/tools/avr-gcc/7.3.0-atmel3.6.1-arduino7/bin/../lib/gcc/avr/7.3.0/avr6\libgcc.a(_udivmodsi4.o)
 .data          0x00000000        0x0 c:/users/baciu/appdata/local/arduino15/packages/arduino/tools/avr-gcc/7.3.0-atmel3.6.1-arduino7/bin/../lib/gcc/avr/7.3.0/avr6\libgcc.a(_udivmodsi4.o)
 .bss           0x00000000        0x0 c:/users/baciu/appdata/local/arduino15/packages/arduino/tools/avr-gcc/7.3.0-atmel3.6.1-arduino7/bin/../lib/gcc/avr/7.3.0/avr6\libgcc.a(_udivmodsi4.o)
 .text.libgcc.mul
                0x00000000        0x0 c:/users/baciu/appdata/local/arduino15/packages/arduino/tools/avr-gcc/7.3.0-atmel3.6.1-arduino7/bin/../lib/gcc/avr/7.3.0/avr6\libgcc.a(_udivmodsi4.o)
 .text.libgcc   0x00000000        0x0 c:/users/baciu/appdata/local/arduino15/packages/arduino/tools/avr-gcc/7.3.0-atmel3.6.1-arduino7/bin/../lib/gcc/avr/7.3.0/avr6\libgcc.a(_udivmodsi4.o)
 .text.libgcc.prologue
                0x00000000        0x0 c:/users/baciu/appdata/local/arduino15/packages/arduino/tools/avr-gcc/7.3.0-atmel3.6.1-arduino7/bin/../lib/gcc/avr/7.3.0/avr6\libgcc.a(_udivmodsi4.o)
 .text.libgcc.builtins
                0x00000000        0x0 c:/users/baciu/appdata/local/arduino15/packages/arduino/tools/avr-gcc/7.3.0-atmel3.6.1-arduino7/bin/../lib/gcc/avr/7.3.0/avr6\libgcc.a(_udivmodsi4.o)
 .text.libgcc.fmul
                0x00000000        0x0 c:/users/baciu/appdata/local/arduino15/packages/arduino/tools/avr-gcc/7.3.0-atmel3.6.1-arduino7/bin/../lib/gcc/avr/7.3.0/avr6\libgcc.a(_udivmodsi4.o)
 .text.libgcc.fixed
                0x00000000        0x0 c:/users/baciu/appdata/local/arduino15/packages/arduino/tools/avr-gcc/7.3.0-atmel3.6.1-arduino7/bin/../lib/gcc/avr/7.3.0/avr6\libgcc.a(_udivmodsi4.o)
 .text          0x00000000        0x0 c:/users/baciu/appdata/local/arduino15/packages/arduino/tools/avr-gcc/7.3.0-atmel3.6.1-arduino7/bin/../lib/gcc/avr/7.3.0/avr6\libgcc.a(_exit.o)
 .data          0x00000000        0x0 c:/users/baciu/appdata/local/arduino15/packages/arduino/tools/avr-gcc/7.3.0-atmel3.6.1-arduino7/bin/../lib/gcc/avr/7.3.0/avr6\libgcc.a(_exit.o)
 .bss           0x00000000        0x0 c:/users/baciu/appdata/local/arduino15/packages/arduino/tools/avr-gcc/7.3.0-atmel3.6.1-arduino7/bin/../lib/gcc/avr/7.3.0/avr6\libgcc.a(_exit.o)
 .text.libgcc.mul
                0x00000000        0x0 c:/users/baciu/appdata/local/arduino15/packages/arduino/tools/avr-gcc/7.3.0-atmel3.6.1-arduino7/bin/../lib/gcc/avr/7.3.0/avr6\libgcc.a(_exit.o)
 .text.libgcc.div
                0x00000000        0x0 c:/users/baciu/appdata/local/arduino15/packages/arduino/tools/avr-gcc/7.3.0-atmel3.6.1-arduino7/bin/../lib/gcc/avr/7.3.0/avr6\libgcc.a(_exit.o)
 .text.libgcc   0x00000000        0x0 c:/users/baciu/appdata/local/arduino15/packages/arduino/tools/avr-gcc/7.3.0-atmel3.6.1-arduino7/bin/../lib/gcc/avr/7.3.0/avr6\libgcc.a(_exit.o)
 .text.libgcc.prologue
                0x00000000        0x0 c:/users/baciu/appdata/local/arduino15/packages/arduino/tools/avr-gcc/7.3.0-atmel3.6.1-arduino7/bin/../lib/gcc/avr/7.3.0/avr6\libgcc.a(_exit.o)
 .text.libgcc.builtins
                0x00000000        0x0 c:/users/baciu/appdata/local/arduino15/packages/arduino/tools/avr-gcc/7.3.0-atmel3.6.1-arduino7/bin/../lib/gcc/avr/7.3.0/avr6\libgcc.a(_exit.o)
 .text.libgcc.fmul
                0x00000000        0x0 c:/users/baciu/appdata/local/arduino15/packages/arduino/tools/avr-gcc/7.3.0-atmel3.6.1-arduino7/bin/../lib/gcc/avr/7.3.0/avr6\libgcc.a(_exit.o)
 .text.libgcc.fixed
                0x00000000        0x0 c:/users/baciu/appdata/local/arduino15/packages/arduino/tools/avr-gcc/7.3.0-atmel3.6.1-arduino7/bin/../lib/gcc/avr/7.3.0/avr6\libgcc.a(_exit.o)
 .text          0x00000000        0x0 c:/users/baciu/appdata/local/arduino15/packages/arduino/tools/avr-gcc/7.3.0-atmel3.6.1-arduino7/bin/../lib/gcc/avr/7.3.0/avr6\libgcc.a(_copy_data.o)
 .data          0x00000000        0x0 c:/users/baciu/appdata/local/arduino15/packages/arduino/tools/avr-gcc/7.3.0-atmel3.6.1-arduino7/bin/../lib/gcc/avr/7.3.0/avr6\libgcc.a(_copy_data.o)
 .bss           0x00000000        0x0 c:/users/baciu/appdata/local/arduino15/packages/arduino/tools/avr-gcc/7.3.0-atmel3.6.1-arduino7/bin/../lib/gcc/avr/7.3.0/avr6\libgcc.a(_copy_data.o)
 .text.libgcc.mul
                0x00000000        0x0 c:/users/baciu/appdata/local/arduino15/packages/arduino/tools/avr-gcc/7.3.0-atmel3.6.1-arduino7/bin/../lib/gcc/avr/7.3.0/avr6\libgcc.a(_copy_data.o)
 .text.libgcc.div
                0x00000000        0x0 c:/users/baciu/appdata/local/arduino15/packages/arduino/tools/avr-gcc/7.3.0-atmel3.6.1-arduino7/bin/../lib/gcc/avr/7.3.0/avr6\libgcc.a(_copy_data.o)
 .text.libgcc   0x00000000        0x0 c:/users/baciu/appdata/local/arduino15/packages/arduino/tools/avr-gcc/7.3.0-atmel3.6.1-arduino7/bin/../lib/gcc/avr/7.3.0/avr6\libgcc.a(_copy_data.o)
 .text.libgcc.prologue
                0x00000000        0x0 c:/users/baciu/appdata/local/arduino15/packages/arduino/tools/avr-gcc/7.3.0-atmel3.6.1-arduino7/bin/../lib/gcc/avr/7.3.0/avr6\libgcc.a(_copy_data.o)
 .text.libgcc.builtins
                0x00000000        0x0 c:/users/baciu/appdata/local/arduino15/packages/arduino/tools/avr-gcc/7.3.0-atmel3.6.1-arduino7/bin/../lib/gcc/avr/7.3.0/avr6\libgcc.a(_copy_data.o)
 .text.libgcc.fmul
                0x00000000        0x0 c:/users/baciu/appdata/local/arduino15/packages/arduino/tools/avr-gcc/7.3.0-atmel3.6.1-arduino7/bin/../lib/gcc/avr/7.3.0/avr6\libgcc.a(_copy_data.o)
 .text.libgcc.fixed
                0x00000000        0x0 c:/users/baciu/appdata/local/arduino15/packages/arduino/tools/avr-gcc/7.3.0-atmel3.6.1-arduino7/bin/../lib/gcc/avr/7.3.0/avr6\libgcc.a(_copy_data.o)
 .text          0x00000000        0x0 c:/users/baciu/appdata/local/arduino15/packages/arduino/tools/avr-gcc/7.3.0-atmel3.6.1-arduino7/bin/../lib/gcc/avr/7.3.0/avr6\libgcc.a(_clear_bss.o)
 .data          0x00000000        0x0 c:/users/baciu/appdata/local/arduino15/packages/arduino/tools/avr-gcc/7.3.0-atmel3.6.1-arduino7/bin/../lib/gcc/avr/7.3.0/avr6\libgcc.a(_clear_bss.o)
 .bss           0x00000000        0x0 c:/users/baciu/appdata/local/arduino15/packages/arduino/tools/avr-gcc/7.3.0-atmel3.6.1-arduino7/bin/../lib/gcc/avr/7.3.0/avr6\libgcc.a(_clear_bss.o)
 .text.libgcc.mul
                0x00000000        0x0 c:/users/baciu/appdata/local/arduino15/packages/arduino/tools/avr-gcc/7.3.0-atmel3.6.1-arduino7/bin/../lib/gcc/avr/7.3.0/avr6\libgcc.a(_clear_bss.o)
 .text.libgcc.div
                0x00000000        0x0 c:/users/baciu/appdata/local/arduino15/packages/arduino/tools/avr-gcc/7.3.0-atmel3.6.1-arduino7/bin/../lib/gcc/avr/7.3.0/avr6\libgcc.a(_clear_bss.o)
 .text.libgcc   0x00000000        0x0 c:/users/baciu/appdata/local/arduino15/packages/arduino/tools/avr-gcc/7.3.0-atmel3.6.1-arduino7/bin/../lib/gcc/avr/7.3.0/avr6\libgcc.a(_clear_bss.o)
 .text.libgcc.prologue
                0x00000000        0x0 c:/users/baciu/appdata/local/arduino15/packages/arduino/tools/avr-gcc/7.3.0-atmel3.6.1-arduino7/bin/../lib/gcc/avr/7.3.0/avr6\libgcc.a(_clear_bss.o)
 .text.libgcc.builtins
                0x00000000        0x0 c:/users/baciu/appdata/local/arduino15/packages/arduino/tools/avr-gcc/7.3.0-atmel3.6.1-arduino7/bin/../lib/gcc/avr/7.3.0/avr6\libgcc.a(_clear_bss.o)
 .text.libgcc.fmul
                0x00000000        0x0 c:/users/baciu/appdata/local/arduino15/packages/arduino/tools/avr-gcc/7.3.0-atmel3.6.1-arduino7/bin/../lib/gcc/avr/7.3.0/avr6\libgcc.a(_clear_bss.o)
 .text.libgcc.fixed
                0x00000000        0x0 c:/users/baciu/appdata/local/arduino15/packages/arduino/tools/avr-gcc/7.3.0-atmel3.6.1-arduino7/bin/../lib/gcc/avr/7.3.0/avr6\libgcc.a(_clear_bss.o)
 .text          0x00000000        0x0 c:/users/baciu/appdata/local/arduino15/packages/arduino/tools/avr-gcc/7.3.0-atmel3.6.1-arduino7/bin/../lib/gcc/avr/7.3.0/avr6\libgcc.a(_ctors.o)
 .data          0x00000000        0x0 c:/users/baciu/appdata/local/arduino15/packages/arduino/tools/avr-gcc/7.3.0-atmel3.6.1-arduino7/bin/../lib/gcc/avr/7.3.0/avr6\libgcc.a(_ctors.o)
 .bss           0x00000000        0x0 c:/users/baciu/appdata/local/arduino15/packages/arduino/tools/avr-gcc/7.3.0-atmel3.6.1-arduino7/bin/../lib/gcc/avr/7.3.0/avr6\libgcc.a(_ctors.o)
 .text.libgcc.mul
                0x00000000        0x0 c:/users/baciu/appdata/local/arduino15/packages/arduino/tools/avr-gcc/7.3.0-atmel3.6.1-arduino7/bin/../lib/gcc/avr/7.3.0/avr6\libgcc.a(_ctors.o)
 .text.libgcc.div
                0x00000000        0x0 c:/users/baciu/appdata/local/arduino15/packages/arduino/tools/avr-gcc/7.3.0-atmel3.6.1-arduino7/bin/../lib/gcc/avr/7.3.0/avr6\libgcc.a(_ctors.o)
 .text.libgcc   0x00000000        0x0 c:/users/baciu/appdata/local/arduino15/packages/arduino/tools/avr-gcc/7.3.0-atmel3.6.1-arduino7/bin/../lib/gcc/avr/7.3.0/avr6\libgcc.a(_ctors.o)
 .text.libgcc.prologue
                0x00000000        0x0 c:/users/baciu/appdata/local/arduino15/packages/arduino/tools/avr-gcc/7.3.0-atmel3.6.1-arduino7/bin/../lib/gcc/avr/7.3.0/avr6\libgcc.a(_ctors.o)
 .text.libgcc.builtins
                0x00000000        0x0 c:/users/baciu/appdata/local/arduino15/packages/arduino/tools/avr-gcc/7.3.0-atmel3.6.1-arduino7/bin/../lib/gcc/avr/7.3.0/avr6\libgcc.a(_ctors.o)
 .text.libgcc.fmul
                0x00000000        0x0 c:/users/baciu/appdata/local/arduino15/packages/arduino/tools/avr-gcc/7.3.0-atmel3.6.1-arduino7/bin/../lib/gcc/avr/7.3.0/avr6\libgcc.a(_ctors.o)
 .text.libgcc.fixed
                0x00000000        0x0 c:/users/baciu/appdata/local/arduino15/packages/arduino/tools/avr-gcc/7.3.0-atmel3.6.1-arduino7/bin/../lib/gcc/avr/7.3.0/avr6\libgcc.a(_ctors.o)
 .text          0x00000000        0x0 c:/users/baciu/appdata/local/arduino15/packages/arduino/tools/avr-gcc/7.3.0-atmel3.6.1-arduino7/bin/../lib/gcc/avr/7.3.0/avr6\libgcc.a(_tablejump2.o)
 .data          0x00000000        0x0 c:/users/baciu/appdata/local/arduino15/packages/arduino/tools/avr-gcc/7.3.0-atmel3.6.1-arduino7/bin/../lib/gcc/avr/7.3.0/avr6\libgcc.a(_tablejump2.o)
 .bss           0x00000000        0x0 c:/users/baciu/appdata/local/arduino15/packages/arduino/tools/avr-gcc/7.3.0-atmel3.6.1-arduino7/bin/../lib/gcc/avr/7.3.0/avr6\libgcc.a(_tablejump2.o)
 .text.libgcc.mul
                0x00000000        0x0 c:/users/baciu/appdata/local/arduino15/packages/arduino/tools/avr-gcc/7.3.0-atmel3.6.1-arduino7/bin/../lib/gcc/avr/7.3.0/avr6\libgcc.a(_tablejump2.o)
 .text.libgcc.div
                0x00000000        0x0 c:/users/baciu/appdata/local/arduino15/packages/arduino/tools/avr-gcc/7.3.0-atmel3.6.1-arduino7/bin/../lib/gcc/avr/7.3.0/avr6\libgcc.a(_tablejump2.o)
 .text.libgcc.prologue
                0x00000000        0x0 c:/users/baciu/appdata/local/arduino15/packages/arduino/tools/avr-gcc/7.3.0-atmel3.6.1-arduino7/bin/../lib/gcc/avr/7.3.0/avr6\libgcc.a(_tablejump2.o)
 .text.libgcc.builtins
                0x00000000        0x0 c:/users/baciu/appdata/local/arduino15/packages/arduino/tools/avr-gcc/7.3.0-atmel3.6.1-arduino7/bin/../lib/gcc/avr/7.3.0/avr6\libgcc.a(_tablejump2.o)
 .text.libgcc.fmul
                0x00000000        0x0 c:/users/baciu/appdata/local/arduino15/packages/arduino/tools/avr-gcc/7.3.0-atmel3.6.1-arduino7/bin/../lib/gcc/avr/7.3.0/avr6\libgcc.a(_tablejump2.o)
 .text.libgcc.fixed
                0x00000000        0x0 c:/users/baciu/appdata/local/arduino15/packages/arduino/tools/avr-gcc/7.3.0-atmel3.6.1-arduino7/bin/../lib/gcc/avr/7.3.0/avr6\libgcc.a(_tablejump2.o)

Memory Configuration

Name             Origin             Length             Attributes
text             0x00000000         0x00100000         xr
data             0x00800200         0x0000fe00         rw !x
eeprom           0x00810000         0x00010000         rw !x
fuse             0x00820000         0x00000003         rw !x
lock             0x00830000         0x00000400         rw !x
signature        0x00840000         0x00000400         rw !x
user_signatures  0x00850000         0x00000400         rw !x
*default*        0x00000000         0xffffffff

Linker script and memory map

Address of section .data set to 0x800200
LOAD c:/users/baciu/appdata/local/arduino15/packages/arduino/tools/avr-gcc/7.3.0-atmel3.6.1-arduino7/bin/../lib/gcc/avr/7.3.0/../../../../avr/lib/avr6/crtatmega2560.o
LOAD build-mega-atmega2560/core_benchmark.cpp.o
LOAD build-mega-atmega2560/specific_benchmark.cpp.o
LOAD build-mega-atmega2560/avr_gcc.ino.o
LOAD build-mega-atmega2560/libcore.a
LOAD c:/users/baciu/appdata/local/arduino15/packages/arduino/tools/avr-gcc/7.3.0-atmel3.6.1-arduino7/bin/../lib/gcc/avr/7.3.0/../../../../avr/lib/avr6\libc.a
LOAD c:/users/baciu/appdata/local/arduino15/packages/arduino/tools/avr-gcc/7.3.0-atmel3.6.1-arduino7/bin/../lib/gcc/avr/7.3.0/../../../../avr/lib/avr6\libm.a
START GROUP
LOAD c:/users/baciu/appdata/local/arduino15/packages/arduino/tools/avr-gcc/7.3.0-atmel3.6.1-arduino7/bin/../lib/gcc/avr/7.3.0/avr6\libgcc.a
LOAD c:/users/baciu/appdata/local/arduino15/packages/arduino/tools/avr-gcc/7.3.0-atmel3.6.1-arduino7/bin/../lib/gcc/avr/7.3.0/../../../../avr/lib/avr6\libm.a
LOAD c:/users/baciu/appdata/local/arduino15/packages/arduino/tools/avr-gcc/7.3.0-atmel3.6.1-arduino7/bin/../lib/gcc/avr/7.3.0/../../../../avr/lib/avr6\libc.a
LOAD c:/users/baciu/appdata/local/arduino15/packages/arduino/tools/avr-gcc/7.3.0-atmel3.6.1-arduino7/bin/../lib/gcc/avr/7.3.0/../../../../avr/lib/avr6\libatmega2560.a
END GROUP
                0x00100000                __TEXT_REGION_LENGTH__ = DEFINED (__TEXT_REGION_LENGTH__)?__TEXT_REGION_LENGTH__:0x100000
                0x0000fe00                __DATA_REGION_LENGTH__ = DEFINED (__DATA_REGION_LENGTH__)?__DATA_REGION_LENGTH__:0xfe00
                0x00010000                __EEPROM_REGION_LENGTH__ = DEFINED (__EEPROM_REGION_LENGTH__)?__EEPROM_REGION_LENGTH__:0x10000
                [0x00000003]                __FUSE_REGION_LENGTH__ = DEFINED (__FUSE_REGION_LENGTH__)?__FUSE_REGION_LENGTH__:0x400
                0x00000400                __LOCK_REGION_LENGTH__ = DEFINED (__LOCK_REGION_LENGTH__)?__LOCK_REGION_LENGTH__:0x400
                0x00000400                __SIGNATURE_REGION_LENGTH__ = DEFINED (__SIGNATURE_REGION_LENGTH__)?__SIGNATURE_REGION_LENGTH__:0x400
                0x00000400                __USER_SIGNATURE_REGION_LENGTH__ = DEFINED (__USER_SIGNATURE_REGION_LENGTH__)?__USER_SIGNATURE_REGION_LENGTH__:0x400
                0x00800200                __DATA_REGION_ORIGIN__ = DEFINED (__DATA_REGION_ORIGIN__)?__DATA_REGION_ORIGIN__:0x800200

.hash
 *(.hash)

.dynsym
 *(.dynsym)

.dynstr
 *(.dynstr)

.gnu.version
 *(.gnu.version)

.gnu.version_d
 *(.gnu.version_d)

.gnu.version_r
 *(.gnu.version_r)

.rel.init
 *(.rel.init)

.rela.init
 *(.rela.init)

.rel.text
 *(.rel.text)
 *(.rel.text.*)
 *(.rel.gnu.linkonce.t*)

.rela.text
 *(.rela.text)
 *(.rela.text.*)
 *(.rela.gnu.linkonce.t*)

.rel.fini
 *(.rel.fini)

.rela.fini
 *(.rela.fini)

.rel.rodata
 *(.rel.rodata)
 *(.rel.rodata.*)
 *(.rel.gnu.linkonce.r*)

.rela.rodata
 *(.rela.rodata)
 *(.rela.rodata.*)
 *(.rela.gnu.linkonce.r*)

.rel.data
 *(.rel.data)
 *(.rel.data.*)
 *(.rel.gnu.linkonce.d*)

.rela.data
 *(.rela.data)
 *(.rela.data.*)
 *(.rela.gnu.linkonce.d*)

.rel.ctors
 *(.rel.ctors)

.rela.ctors
 *(.rela.ctors)

.rel.dtors
 *(.rel.dtors)

.rela.dtors
 *(.rela.dtors)

.rel.got
 *(.rel.got)

.rela.got
 *(.rela.got)

.rel.bss
 *(.rel.bss)

.rela.bss
 *(.rela.bss)

.rel.plt
 *(.rel.plt)

.rela.plt
 *(.rela.plt)

.text           0x00000000     0x183c
 *(.vectors)
 .vectors       0x00000000       0xe4 c:/users/baciu/appdata/local/arduino15/packages/arduino/tools/avr-gcc/7.3.0-atmel3.6.1-arduino7/bin/../lib/gcc/avr/7.3.0/../../../../avr/lib/avr6/crtatmega2560.o
                0x00000000                __vector_default
                0x00000000                __vectors
 *(.vectors)
 *(.progmem.gcc*)
                0x000000e4                . = ALIGN (0x2)
                0x000000e4                __trampolines_start = .
 *(.trampolines)
 .trampolines   0x000000e4       0x28 linker stubs
 *(.trampolines*)
                0x0000010c                __trampolines_end = .
 *libprintf_flt.a:*(.progmem.data)
 *libc.a:*(.progmem.data)
 *(.progmem*)
                0x0000010c                . = ALIGN (0x2)
 *(.jumptables)
 *(.jumptables*)
 *(.lowtext)
 *(.lowtext*)
                0x0000010c                __ctors_start = .
 *(.ctors)
 .ctors         0x0000010c        0x2 build-mega-atmega2560/libcore.a(HardwareSerial0.cpp.o)
                0x0000010e                __ctors_end = .
                0x0000010e                __dtors_start = .
 *(.dtors)
                0x0000010e                __dtors_end = .
 SORT(*)(.ctors)
 SORT(*)(.dtors)
 *(.init0)
 .init0         0x0000010e        0x0 c:/users/baciu/appdata/local/arduino15/packages/arduino/tools/avr-gcc/7.3.0-atmel3.6.1-arduino7/bin/../lib/gcc/avr/7.3.0/../../../../avr/lib/avr6/crtatmega2560.o
                0x0000010e                __init
 *(.init0)
 *(.init1)
 *(.init1)
 *(.init2)
 .init2         0x0000010e       0x10 c:/users/baciu/appdata/local/arduino15/packages/arduino/tools/avr-gcc/7.3.0-atmel3.6.1-arduino7/bin/../lib/gcc/avr/7.3.0/../../../../avr/lib/avr6/crtatmega2560.o
 *(.init2)
 *(.init3)
 *(.init3)
 *(.init4)
 .init4         0x0000011e       0x1a c:/users/baciu/appdata/local/arduino15/packages/arduino/tools/avr-gcc/7.3.0-atmel3.6.1-arduino7/bin/../lib/gcc/avr/7.3.0/avr6\libgcc.a(_copy_data.o)
                0x0000011e                __do_copy_data
 .init4         0x00000138       0x10 c:/users/baciu/appdata/local/arduino15/packages/arduino/tools/avr-gcc/7.3.0-atmel3.6.1-arduino7/bin/../lib/gcc/avr/7.3.0/avr6\libgcc.a(_clear_bss.o)
                0x00000138                __do_clear_bss
 *(.init4)
 *(.init5)
 *(.init5)
 *(.init6)
 .init6         0x00000148       0x20 c:/users/baciu/appdata/local/arduino15/packages/arduino/tools/avr-gcc/7.3.0-atmel3.6.1-arduino7/bin/../lib/gcc/avr/7.3.0/avr6\libgcc.a(_ctors.o)
                0x00000148                __do_global_ctors
 *(.init6)
 *(.init7)
 *(.init7)
 *(.init8)
 *(.init8)
 *(.init9)
 .init9         0x00000168        0x8 c:/users/baciu/appdata/local/arduino15/packages/arduino/tools/avr-gcc/7.3.0-atmel3.6.1-arduino7/bin/../lib/gcc/avr/7.3.0/../../../../avr/lib/avr6/crtatmega2560.o
 *(.init9)
 *(.text)
 .text          0x00000170        0x4 c:/users/baciu/appdata/local/arduino15/packages/arduino/tools/avr-gcc/7.3.0-atmel3.6.1-arduino7/bin/../lib/gcc/avr/7.3.0/../../../../avr/lib/avr6/crtatmega2560.o
                0x00000170                __vector_38
                0x00000170                __vector_22
                0x00000170                __vector_28
                0x00000170                __vector_1
                0x00000170                __vector_32
                0x00000170                __vector_34
                0x00000170                __vector_24
                0x00000170                __vector_12
                0x00000170                __vector_55
                0x00000170                __vector_46
                0x00000170                __bad_interrupt
                0x00000170                __vector_6
                0x00000170                __vector_31
                0x00000170                __vector_35
                0x00000170                __vector_39
                0x00000170                __vector_3
                0x00000170                __vector_30
                0x00000170                __vector_45
                0x00000170                __vector_11
                0x00000170                __vector_54
                0x00000170                __vector_13
                0x00000170                __vector_17
                0x00000170                __vector_19
                0x00000170                __vector_56
                0x00000170                __vector_7
                0x00000170                __vector_49
                0x00000170                __vector_41
                0x00000170                __vector_43
                0x00000170                __vector_27
                0x00000170                __vector_5
                0x00000170                __vector_33
                0x00000170                __vector_47
                0x00000170                __vector_52
                0x00000170                __vector_37
                0x00000170                __vector_4
                0x00000170                __vector_44
                0x00000170                __vector_51
                0x00000170                __vector_9
                0x00000170                __vector_2
                0x00000170                __vector_21
                0x00000170                __vector_15
                0x00000170                __vector_36
                0x00000170                __vector_29
                0x00000170                __vector_40
                0x00000170                __vector_8
                0x00000170                __vector_48
                0x00000170                __vector_14
                0x00000170                __vector_53
                0x00000170                __vector_10
                0x00000170                __vector_50
                0x00000170                __vector_16
                0x00000170                __vector_18
                0x00000170                __vector_20
                0x00000170                __vector_42
                0x00000174                . = ALIGN (0x2)
 *(.text.*)
 .text._ZN8Eloquent2ML4Port12DecisionTree7predictEPf
                0x00000174       0xfc build-mega-atmega2560/core_benchmark.cpp.o
                0x00000174                _ZN8Eloquent2ML4Port12DecisionTree7predictEPf
 .text._Z18ee_serial_callbackc
                0x00000270       0x4e build-mega-atmega2560/core_benchmark.cpp.o
                0x00000270                _Z18ee_serial_callbackc
 .text._Z23ee_benchmark_initializev
                0x000002be       0x30 build-mega-atmega2560/core_benchmark.cpp.o
                0x000002be                _Z23ee_benchmark_initializev
 .text._Z8ee_inferjj
                0x000002ee      0x106 build-mega-atmega2560/core_benchmark.cpp.o
                0x000002ee                _Z8ee_inferjj
 .text._Z9ee_hexdecPc
                0x000003f4       0x7c build-mega-atmega2560/core_benchmark.cpp.o
                0x000003f4                _Z9ee_hexdecPc
 .text._Z15ee_buffer_parsePc
                0x00000470      0x24a build-mega-atmega2560/core_benchmark.cpp.o
                0x00000470                _Z15ee_buffer_parsePc
 .text._Z16ee_profile_parsePc
                0x000006ba      0x1f4 build-mega-atmega2560/core_benchmark.cpp.o
                0x000006ba                _Z16ee_profile_parsePc
 .text._Z33ee_serial_command_parser_callbackPc
                0x000008ae       0xa0 build-mega-atmega2560/core_benchmark.cpp.o
                0x000008ae                _Z33ee_serial_command_parser_callbackPc
 .text._Z13ee_get_bufferPhj
                0x0000094e       0x2a build-mega-atmega2560/core_benchmark.cpp.o
                0x0000094e                _Z13ee_get_bufferPhj
 .text._Z9th_printfPKcz
                0x00000978       0x3a build-mega-atmega2560/specific_benchmark.cpp.o
                0x00000978                _Z9th_printfPKcz
 .text._Z12th_timestampv
                0x000009b2       0x26 build-mega-atmega2560/specific_benchmark.cpp.o
                0x000009b2                _Z12th_timestampv
 .text._Z23th_timestamp_initializev
                0x000009d8       0x14 build-mega-atmega2560/specific_benchmark.cpp.o
                0x000009d8                _Z23th_timestamp_initializev
 .text._Z16th_command_readyPVc
                0x000009ec        0x4 build-mega-atmega2560/specific_benchmark.cpp.o
                0x000009ec                _Z16th_command_readyPVc
 .text._Z10th_strnlenPKcj
                0x000009f0        0x4 build-mega-atmega2560/specific_benchmark.cpp.o
                0x000009f0                _Z10th_strnlenPKcj
 .text._Z16th_load_featuresv
                0x000009f4       0x4c build-mega-atmega2560/specific_benchmark.cpp.o
                0x000009f4                _Z16th_load_featuresv
 .text._Z10th_resultsv
                0x00000a40       0x42 build-mega-atmega2560/specific_benchmark.cpp.o
                0x00000a40                _Z10th_resultsv
 .text._Z19th_final_initializev
                0x00000a82        0x2 build-mega-atmega2560/specific_benchmark.cpp.o
                0x00000a82                _Z19th_final_initializev
 .text._Z6th_prev
                0x00000a84        0x2 build-mega-atmega2560/specific_benchmark.cpp.o
                0x00000a84                _Z6th_prev
 .text._Z10th_getcharv
                0x00000a86        0xa build-mega-atmega2560/specific_benchmark.cpp.o
                0x00000a86                _Z10th_getcharv
 .text.setup    0x00000a90       0x16 build-mega-atmega2560/avr_gcc.ino.o
                0x00000a90                setup
 .text.loop     0x00000aa6       0x1a build-mega-atmega2560/avr_gcc.ino.o
                0x00000aa6                loop
 .text.__vector_23
                0x00000ac0       0x94 build-mega-atmega2560/libcore.a(wiring.c.o)
                0x00000ac0                __vector_23
 .text.micros   0x00000b54       0x4a build-mega-atmega2560/libcore.a(wiring.c.o)
                0x00000b54                micros
 .text.init     0x00000b9e       0xc4 build-mega-atmega2560/libcore.a(wiring.c.o)
                0x00000b9e                init
 .text._ZN14HardwareSerial9availableEv
                0x00000c62       0x18 build-mega-atmega2560/libcore.a(HardwareSerial.cpp.o)
                0x00000c62                _ZN14HardwareSerial9availableEv
 .text._ZN14HardwareSerial4peekEv
                0x00000c7a       0x1c build-mega-atmega2560/libcore.a(HardwareSerial.cpp.o)
                0x00000c7a                _ZN14HardwareSerial4peekEv
 .text._ZN14HardwareSerial4readEv
                0x00000c96       0x28 build-mega-atmega2560/libcore.a(HardwareSerial.cpp.o)
                0x00000c96                _ZN14HardwareSerial4readEv
 .text._ZN14HardwareSerial17availableForWriteEv
                0x00000cbe       0x1e build-mega-atmega2560/libcore.a(HardwareSerial.cpp.o)
                0x00000cbe                _ZN14HardwareSerial17availableForWriteEv
 .text._Z14serialEventRunv
                0x00000cdc       0x6a build-mega-atmega2560/libcore.a(HardwareSerial.cpp.o)
                0x00000cdc                _Z14serialEventRunv
 .text._ZN14HardwareSerial17_tx_udr_empty_irqEv
                0x00000d46       0x44 build-mega-atmega2560/libcore.a(HardwareSerial.cpp.o)
                0x00000d46                _ZN14HardwareSerial17_tx_udr_empty_irqEv
 .text._ZN14HardwareSerial5flushEv
                0x00000d8a       0x40 build-mega-atmega2560/libcore.a(HardwareSerial.cpp.o)
                0x00000d8a                _ZN14HardwareSerial5flushEv
 .text._ZN14HardwareSerial5writeEh
                0x00000dca       0x9a build-mega-atmega2560/libcore.a(HardwareSerial.cpp.o)
                0x00000dca                _ZN14HardwareSerial5writeEh
 .text._ZN14HardwareSerial5beginEmh
                0x00000e64       0xc4 build-mega-atmega2560/libcore.a(HardwareSerial.cpp.o)
                0x00000e64                _ZN14HardwareSerial5beginEmh
 .text.__vector_25
                0x00000f28       0x6c build-mega-atmega2560/libcore.a(HardwareSerial0.cpp.o)
                0x00000f28                __vector_25
 .text.__vector_26
                0x00000f94       0x54 build-mega-atmega2560/libcore.a(HardwareSerial0.cpp.o)
                0x00000f94                __vector_26
 .text._Z17Serial0_availablev
                0x00000fe8       0x14 build-mega-atmega2560/libcore.a(HardwareSerial0.cpp.o)
                0x00000fe8                _Z17Serial0_availablev
 .text.startup._GLOBAL__sub_I___vector_25
                0x00000ffc       0x5a build-mega-atmega2560/libcore.a(HardwareSerial0.cpp.o)
 .text.initVariant
                0x00001056        0x2 build-mega-atmega2560/libcore.a(main.cpp.o)
                0x00001056                initVariant
 .text.startup.main
                0x00001058       0x1e build-mega-atmega2560/libcore.a(main.cpp.o)
                0x00001058                main
 .text._ZN5Print5writeEPKhj
                0x00001076       0x5a build-mega-atmega2560/libcore.a(Print.cpp.o)
                0x00001076                _ZN5Print5writeEPKhj
 .text._ZN5Print5writeEPKc.part.2
                0x000010d0       0x1e build-mega-atmega2560/libcore.a(Print.cpp.o)
 .text._ZN5Print5printEPKc
                0x000010ee       0x10 build-mega-atmega2560/libcore.a(Print.cpp.o)
                0x000010ee                _ZN5Print5printEPKc
 .text.avr-libc
                0x000010fe       0x3c c:/users/baciu/appdata/local/arduino15/packages/arduino/tools/avr-gcc/7.3.0-atmel3.6.1-arduino7/bin/../lib/gcc/avr/7.3.0/../../../../avr/lib/avr6\libc.a(atoi.o)
                0x000010fe                atoi
 .text.avr-libc
                0x0000113a        0x6 c:/users/baciu/appdata/local/arduino15/packages/arduino/tools/avr-gcc/7.3.0-atmel3.6.1-arduino7/bin/../lib/gcc/avr/7.3.0/../../../../avr/lib/avr6\libc.a(exit.o)
                0x0000113a                exit
 .text.avr-libc
                0x00001140        0x8 c:/users/baciu/appdata/local/arduino15/packages/arduino/tools/avr-gcc/7.3.0-atmel3.6.1-arduino7/bin/../lib/gcc/avr/7.3.0/../../../../avr/lib/avr6\libc.a(strtok.o)
                0x00001140                strtok
 .text.avr-libc
                0x00001148       0x12 c:/users/baciu/appdata/local/arduino15/packages/arduino/tools/avr-gcc/7.3.0-atmel3.6.1-arduino7/bin/../lib/gcc/avr/7.3.0/../../../../avr/lib/avr6\libc.a(memcpy.o)
                0x00001148                memcpy
 .text.avr-libc
                0x0000115a       0x1c c:/users/baciu/appdata/local/arduino15/packages/arduino/tools/avr-gcc/7.3.0-atmel3.6.1-arduino7/bin/../lib/gcc/avr/7.3.0/../../../../avr/lib/avr6\libc.a(strncmp.o)
                0x0000115a                strncmp
 .text.avr-libc
                0x00001176       0x16 c:/users/baciu/appdata/local/arduino15/packages/arduino/tools/avr-gcc/7.3.0-atmel3.6.1-arduino7/bin/../lib/gcc/avr/7.3.0/../../../../avr/lib/avr6\libc.a(strnlen.o)
                0x00001176                strnlen
 .text.avr-libc
                0x0000118c       0x4e c:/users/baciu/appdata/local/arduino15/packages/arduino/tools/avr-gcc/7.3.0-atmel3.6.1-arduino7/bin/../lib/gcc/avr/7.3.0/../../../../avr/lib/avr6\libc.a(strtok_r.o)
                0x0000118c                strtok_r
 .text.avr-libc
                0x000011da       0x10 c:/users/baciu/appdata/local/arduino15/packages/arduino/tools/avr-gcc/7.3.0-atmel3.6.1-arduino7/bin/../lib/gcc/avr/7.3.0/../../../../avr/lib/avr6\libc.a(mul10.o)
                0x000011da                __mulhi_const_10
 .text.avr-libc
                0x000011ea       0x72 c:/users/baciu/appdata/local/arduino15/packages/arduino/tools/avr-gcc/7.3.0-atmel3.6.1-arduino7/bin/../lib/gcc/avr/7.3.0/../../../../avr/lib/avr6\libc.a(vsnprintf.o)
                0x000011ea                vsnprintf
 .text.avr-libc.fplib
                0x0000125c        0xa c:/users/baciu/appdata/local/arduino15/packages/arduino/tools/avr-gcc/7.3.0-atmel3.6.1-arduino7/bin/../lib/gcc/avr/7.3.0/../../../../avr/lib/avr6\libc.a(cmpsf2.o)
                0x0000125c                __nesf2
                0x0000125c                __eqsf2
                0x0000125c                __cmpsf2
                0x0000125c                __ltsf2
                0x0000125c                __lesf2
 .text.avr-libc.fplib
                0x00001266       0x48 c:/users/baciu/appdata/local/arduino15/packages/arduino/tools/avr-gcc/7.3.0-atmel3.6.1-arduino7/bin/../lib/gcc/avr/7.3.0/../../../../avr/lib/avr6\libc.a(fp_cmp.o)
                0x00001266                __fp_cmp
 .text.avr-libc
                0x000012ae      0x404 c:/users/baciu/appdata/local/arduino15/packages/arduino/tools/avr-gcc/7.3.0-atmel3.6.1-arduino7/bin/../lib/gcc/avr/7.3.0/../../../../avr/lib/avr6\libc.a(vfprintf_std.o)
                0x000012ae                vfprintf
 .text.avr-libc
                0x000016b2       0x16 c:/users/baciu/appdata/local/arduino15/packages/arduino/tools/avr-gcc/7.3.0-atmel3.6.1-arduino7/bin/../lib/gcc/avr/7.3.0/../../../../avr/lib/avr6\libc.a(strnlen_P.o)
                0x000016b2                strnlen_P
 .text.avr-libc
                0x000016c8       0x60 c:/users/baciu/appdata/local/arduino15/packages/arduino/tools/avr-gcc/7.3.0-atmel3.6.1-arduino7/bin/../lib/gcc/avr/7.3.0/../../../../avr/lib/avr6\libc.a(fputc.o)
                0x000016c8                fputc
 .text.avr-libc
                0x00001728       0xbc c:/users/baciu/appdata/local/arduino15/packages/arduino/tools/avr-gcc/7.3.0-atmel3.6.1-arduino7/bin/../lib/gcc/avr/7.3.0/../../../../avr/lib/avr6\libc.a(ultoa_invert.o)
                0x00001728                __ultoa_invert
 .text.libgcc.div
                0x000017e4       0x44 c:/users/baciu/appdata/local/arduino15/packages/arduino/tools/avr-gcc/7.3.0-atmel3.6.1-arduino7/bin/../lib/gcc/avr/7.3.0/avr6\libgcc.a(_udivmodsi4.o)
                0x000017e4                __udivmodsi4
 .text.libgcc   0x00001828       0x10 c:/users/baciu/appdata/local/arduino15/packages/arduino/tools/avr-gcc/7.3.0-atmel3.6.1-arduino7/bin/../lib/gcc/avr/7.3.0/avr6\libgcc.a(_tablejump2.o)
                0x00001828                __tablejump2__
                0x00001838                . = ALIGN (0x2)
 *(.fini9)
 .fini9         0x00001838        0x0 c:/users/baciu/appdata/local/arduino15/packages/arduino/tools/avr-gcc/7.3.0-atmel3.6.1-arduino7/bin/../lib/gcc/avr/7.3.0/avr6\libgcc.a(_exit.o)
                0x00001838                _exit
 *(.fini9)
 *(.fini8)
 *(.fini8)
 *(.fini7)
 *(.fini7)
 *(.fini6)
 *(.fini6)
 *(.fini5)
 *(.fini5)
 *(.fini4)
 *(.fini4)
 *(.fini3)
 *(.fini3)
 *(.fini2)
 *(.fini2)
 *(.fini1)
 *(.fini1)
 *(.fini0)
 .fini0         0x00001838        0x4 c:/users/baciu/appdata/local/arduino15/packages/arduino/tools/avr-gcc/7.3.0-atmel3.6.1-arduino7/bin/../lib/gcc/avr/7.3.0/avr6\libgcc.a(_exit.o)
 *(.fini0)
                0x0000183c                _etext = .

.data           0x00800200      0x51c load address 0x0000183c
                0x00800200                PROVIDE (__data_start, .)
 *(.data)
 *(.data*)
 *(.gnu.linkonce.d*)
 *(.rodata)
 *(.rodata*)
 .rodata._Z23ee_benchmark_initializev.str1.1
                0x00800200       0x18 build-mega-atmega2560/core_benchmark.cpp.o
 .rodata._Z8ee_inferjj.str1.1
                0x00800218       0x55 build-mega-atmega2560/core_benchmark.cpp.o
 .rodata._Z15ee_buffer_parsePc.str1.1
                0x0080026d      0x13b build-mega-atmega2560/core_benchmark.cpp.o
                                0x140 (size before relaxing)
 .rodata._Z16ee_profile_parsePc.str1.1
                0x008003a8      0x2cd build-mega-atmega2560/core_benchmark.cpp.o
 .rodata._Z33ee_serial_command_parser_callbackPc.str1.1
                0x00800675       0x3e build-mega-atmega2560/core_benchmark.cpp.o
 .rodata._Z12th_timestampv.str1.1
                0x008006b3        0xf build-mega-atmega2560/specific_benchmark.cpp.o
 .rodata._Z23th_timestamp_initializev.str1.1
                0x008006b3       0x1f build-mega-atmega2560/specific_benchmark.cpp.o
 .rodata._Z16th_load_featuresv.str1.1
                0x008006d2       0x28 build-mega-atmega2560/specific_benchmark.cpp.o
 .rodata._Z10th_resultsv.str1.1
                0x008006fa        0xf build-mega-atmega2560/specific_benchmark.cpp.o
                                 0x13 (size before relaxing)
 .rodata._ZTV14HardwareSerial
                0x00800709       0x12 build-mega-atmega2560/libcore.a(HardwareSerial.cpp.o)
                0x00800709                _ZTV14HardwareSerial
 *(.gnu.linkonce.r*)
                0x0080071c                . = ALIGN (0x2)
 *fill*         0x0080071b        0x1 
                0x0080071c                _edata = .
                0x0080071c                PROVIDE (__data_end, .)

.bss            0x0080071c      0x173
                0x0080071c                PROVIDE (__bss_start, .)
 *(.bss)
 .bss           0x0080071c        0x2 c:/users/baciu/appdata/local/arduino15/packages/arduino/tools/avr-gcc/7.3.0-atmel3.6.1-arduino7/bin/../lib/gcc/avr/7.3.0/../../../../avr/lib/avr6\libc.a(strtok.o)
 *(.bss*)
 .bss.g_state_parser_enabled
                0x0080071e        0x1 build-mega-atmega2560/core_benchmark.cpp.o
                0x0080071e                g_state_parser_enabled
 .bss.g_buff_pos
                0x0080071f        0x2 build-mega-atmega2560/core_benchmark.cpp.o
                0x0080071f                g_buff_pos
 .bss.g_buff_size
                0x00800721        0x2 build-mega-atmega2560/core_benchmark.cpp.o
                0x00800721                g_buff_size
 .bss.gp_buff   0x00800723       0x10 build-mega-atmega2560/core_benchmark.cpp.o
                0x00800723                gp_buff
 .bss.g_cmd_pos
                0x00800733        0x2 build-mega-atmega2560/core_benchmark.cpp.o
                0x00800733                g_cmd_pos
 .bss.g_cmd_buf
                0x00800735       0x51 build-mega-atmega2560/core_benchmark.cpp.o
                0x00800735                g_cmd_buf
 .bss.classifier
                0x00800786        0x1 build-mega-atmega2560/core_benchmark.cpp.o
                0x00800786                classifier
 .bss.input     0x00800787       0x10 build-mega-atmega2560/core_benchmark.cpp.o
                0x00800787                input
 .bss.model_output
                0x00800797        0x2 build-mega-atmega2560/core_benchmark.cpp.o
                0x00800797                model_output
 .bss._ZZ9th_printfPKczE9print_buf
                0x00800799       0x50 build-mega-atmega2560/specific_benchmark.cpp.o
 .bss.timer0_fract
                0x008007e9        0x1 build-mega-atmega2560/libcore.a(wiring.c.o)
 .bss.timer0_millis
                0x008007ea        0x4 build-mega-atmega2560/libcore.a(wiring.c.o)
                0x008007ea                timer0_millis
 .bss.timer0_overflow_count
                0x008007ee        0x4 build-mega-atmega2560/libcore.a(wiring.c.o)
                0x008007ee                timer0_overflow_count
 .bss.Serial    0x008007f2       0x9d build-mega-atmega2560/libcore.a(HardwareSerial0.cpp.o)
                0x008007f2                Serial
 *(COMMON)
                0x0080088f                PROVIDE (__bss_end, .)
                0x0000183c                __data_load_start = LOADADDR (.data)
                0x00001d58                __data_load_end = (__data_load_start + SIZEOF (.data))

.noinit         0x0080088f        0x0
                [!provide]                PROVIDE (__noinit_start, .)
 *(.noinit*)
                [!provide]                PROVIDE (__noinit_end, .)
                0x0080088f                _end = .
                [!provide]                PROVIDE (__heap_start, .)

.eeprom         0x00810000        0x0
 *(.eeprom*)
                0x00810000                __eeprom_end = .

.fuse
 *(.fuse)
 *(.lfuse)
 *(.hfuse)
 *(.efuse)

.lock
 *(.lock*)

.signature
 *(.signature*)

.user_signatures
 *(.user_signatures*)

.stab
 *(.stab)

.stabstr
 *(.stabstr)

.stab.excl
 *(.stab.excl)

.stab.exclstr
 *(.stab.exclstr)

.stab.index
 *(.stab.index)

.stab.indexstr
 *(.stab.indexstr)

.comment        0x00000000       0x11
 *(.comment)
 .comment       0x00000000       0x11 build-mega-atmega2560/core_benchmark.cpp.o
                                 0x12 (size before relaxing)
 .comment       0x00000011       0x12 build-mega-atmega2560/specific_benchmark.cpp.o
 .comment       0x00000011       0x12 build-mega-atmega2560/avr_gcc.ino.o
 .comment       0x00000011       0x12 build-mega-atmega2560/libcore.a(wiring.c.o)
 .comment       0x00000011       0x12 build-mega-atmega2560/libcore.a(HardwareSerial.cpp.o)
 .comment       0x00000011       0x12 build-mega-atmega2560/libcore.a(HardwareSerial0.cpp.o)
 .comment       0x00000011       0x12 build-mega-atmega2560/libcore.a(main.cpp.o)
 .comment       0x00000011       0x12 build-mega-atmega2560/libcore.a(Print.cpp.o)
 .comment       0x00000011       0x12 c:/users/baciu/appdata/local/arduino15/packages/arduino/tools/avr-gcc/7.3.0-atmel3.6.1-arduino7/bin/../lib/gcc/avr/7.3.0/../../../../avr/lib/avr6\libc.a(strtok.o)
 .comment       0x00000011       0x12 c:/users/baciu/appdata/local/arduino15/packages/arduino/tools/avr-gcc/7.3.0-atmel3.6.1-arduino7/bin/../lib/gcc/avr/7.3.0/../../../../avr/lib/avr6\libc.a(vsnprintf.o)
 .comment       0x00000011       0x12 c:/users/baciu/appdata/local/arduino15/packages/arduino/tools/avr-gcc/7.3.0-atmel3.6.1-arduino7/bin/../lib/gcc/avr/7.3.0/../../../../avr/lib/avr6\libc.a(vfprintf_std.o)
 .comment       0x00000011       0x12 c:/users/baciu/appdata/local/arduino15/packages/arduino/tools/avr-gcc/7.3.0-atmel3.6.1-arduino7/bin/../lib/gcc/avr/7.3.0/../../../../avr/lib/avr6\libc.a(fputc.o)

.note.gnu.avr.deviceinfo
                0x00000000       0x40
 .note.gnu.avr.deviceinfo
                0x00000000       0x40 c:/users/baciu/appdata/local/arduino15/packages/arduino/tools/avr-gcc/7.3.0-atmel3.6.1-arduino7/bin/../lib/gcc/avr/7.3.0/../../../../avr/lib/avr6/crtatmega2560.o

.note.gnu.build-id
 *(.note.gnu.build-id)

.debug
 *(.debug)

.line
 *(.line)

.debug_srcinfo
 *(.debug_srcinfo)

.debug_sfnames
 *(.debug_sfnames)

.debug_aranges  0x00000000       0xc0
 *(.debug_aranges)
 .debug_aranges
                0x00000000       0x20 c:/users/baciu/appdata/local/arduino15/packages/arduino/tools/avr-gcc/7.3.0-atmel3.6.1-arduino7/bin/../lib/gcc/avr/7.3.0/avr6\libgcc.a(_udivmodsi4.o)
 .debug_aranges
                0x00000020       0x20 c:/users/baciu/appdata/local/arduino15/packages/arduino/tools/avr-gcc/7.3.0-atmel3.6.1-arduino7/bin/../lib/gcc/avr/7.3.0/avr6\libgcc.a(_exit.o)
 .debug_aranges
                0x00000040       0x20 c:/users/baciu/appdata/local/arduino15/packages/arduino/tools/avr-gcc/7.3.0-atmel3.6.1-arduino7/bin/../lib/gcc/avr/7.3.0/avr6\libgcc.a(_copy_data.o)
 .debug_aranges
                0x00000060       0x20 c:/users/baciu/appdata/local/arduino15/packages/arduino/tools/avr-gcc/7.3.0-atmel3.6.1-arduino7/bin/../lib/gcc/avr/7.3.0/avr6\libgcc.a(_clear_bss.o)
 .debug_aranges
                0x00000080       0x20 c:/users/baciu/appdata/local/arduino15/packages/arduino/tools/avr-gcc/7.3.0-atmel3.6.1-arduino7/bin/../lib/gcc/avr/7.3.0/avr6\libgcc.a(_ctors.o)
 .debug_aranges
                0x000000a0       0x20 c:/users/baciu/appdata/local/arduino15/packages/arduino/tools/avr-gcc/7.3.0-atmel3.6.1-arduino7/bin/../lib/gcc/avr/7.3.0/avr6\libgcc.a(_tablejump2.o)

.debug_pubnames
 *(.debug_pubnames)

.debug_info     0x00000000     0x101e
 *(.debug_info .gnu.linkonce.wi.*)
 .debug_info    0x00000000      0xbbc c:/users/baciu/appdata/local/arduino15/packages/arduino/tools/avr-gcc/7.3.0-atmel3.6.1-arduino7/bin/../lib/gcc/avr/7.3.0/../../../../avr/lib/avr6/crtatmega2560.o
 .debug_info    0x00000bbc       0xbb c:/users/baciu/appdata/local/arduino15/packages/arduino/tools/avr-gcc/7.3.0-atmel3.6.1-arduino7/bin/../lib/gcc/avr/7.3.0/avr6\libgcc.a(_udivmodsi4.o)
 .debug_info    0x00000c77       0xbb c:/users/baciu/appdata/local/arduino15/packages/arduino/tools/avr-gcc/7.3.0-atmel3.6.1-arduino7/bin/../lib/gcc/avr/7.3.0/avr6\libgcc.a(_exit.o)
 .debug_info    0x00000d32       0xbb c:/users/baciu/appdata/local/arduino15/packages/arduino/tools/avr-gcc/7.3.0-atmel3.6.1-arduino7/bin/../lib/gcc/avr/7.3.0/avr6\libgcc.a(_copy_data.o)
 .debug_info    0x00000ded       0xbb c:/users/baciu/appdata/local/arduino15/packages/arduino/tools/avr-gcc/7.3.0-atmel3.6.1-arduino7/bin/../lib/gcc/avr/7.3.0/avr6\libgcc.a(_clear_bss.o)
 .debug_info    0x00000ea8       0xbb c:/users/baciu/appdata/local/arduino15/packages/arduino/tools/avr-gcc/7.3.0-atmel3.6.1-arduino7/bin/../lib/gcc/avr/7.3.0/avr6\libgcc.a(_ctors.o)
 .debug_info    0x00000f63       0xbb c:/users/baciu/appdata/local/arduino15/packages/arduino/tools/avr-gcc/7.3.0-atmel3.6.1-arduino7/bin/../lib/gcc/avr/7.3.0/avr6\libgcc.a(_tablejump2.o)

.debug_abbrev   0x00000000      0xb92
 *(.debug_abbrev)
 .debug_abbrev  0x00000000      0xb1a c:/users/baciu/appdata/local/arduino15/packages/arduino/tools/avr-gcc/7.3.0-atmel3.6.1-arduino7/bin/../lib/gcc/avr/7.3.0/../../../../avr/lib/avr6/crtatmega2560.o
 .debug_abbrev  0x00000b1a       0x14 c:/users/baciu/appdata/local/arduino15/packages/arduino/tools/avr-gcc/7.3.0-atmel3.6.1-arduino7/bin/../lib/gcc/avr/7.3.0/avr6\libgcc.a(_udivmodsi4.o)
 .debug_abbrev  0x00000b2e       0x14 c:/users/baciu/appdata/local/arduino15/packages/arduino/tools/avr-gcc/7.3.0-atmel3.6.1-arduino7/bin/../lib/gcc/avr/7.3.0/avr6\libgcc.a(_exit.o)
 .debug_abbrev  0x00000b42       0x14 c:/users/baciu/appdata/local/arduino15/packages/arduino/tools/avr-gcc/7.3.0-atmel3.6.1-arduino7/bin/../lib/gcc/avr/7.3.0/avr6\libgcc.a(_copy_data.o)
 .debug_abbrev  0x00000b56       0x14 c:/users/baciu/appdata/local/arduino15/packages/arduino/tools/avr-gcc/7.3.0-atmel3.6.1-arduino7/bin/../lib/gcc/avr/7.3.0/avr6\libgcc.a(_clear_bss.o)
 .debug_abbrev  0x00000b6a       0x14 c:/users/baciu/appdata/local/arduino15/packages/arduino/tools/avr-gcc/7.3.0-atmel3.6.1-arduino7/bin/../lib/gcc/avr/7.3.0/avr6\libgcc.a(_ctors.o)
 .debug_abbrev  0x00000b7e       0x14 c:/users/baciu/appdata/local/arduino15/packages/arduino/tools/avr-gcc/7.3.0-atmel3.6.1-arduino7/bin/../lib/gcc/avr/7.3.0/avr6\libgcc.a(_tablejump2.o)

.debug_line     0x00000000      0x3fe
 *(.debug_line .debug_line.* .debug_line_end)
 .debug_line    0x00000000       0x1a c:/users/baciu/appdata/local/arduino15/packages/arduino/tools/avr-gcc/7.3.0-atmel3.6.1-arduino7/bin/../lib/gcc/avr/7.3.0/../../../../avr/lib/avr6/crtatmega2560.o
 .debug_line    0x0000001a      0x122 c:/users/baciu/appdata/local/arduino15/packages/arduino/tools/avr-gcc/7.3.0-atmel3.6.1-arduino7/bin/../lib/gcc/avr/7.3.0/avr6\libgcc.a(_udivmodsi4.o)
 .debug_line    0x0000013c       0x62 c:/users/baciu/appdata/local/arduino15/packages/arduino/tools/avr-gcc/7.3.0-atmel3.6.1-arduino7/bin/../lib/gcc/avr/7.3.0/avr6\libgcc.a(_exit.o)
 .debug_line    0x0000019e       0xa4 c:/users/baciu/appdata/local/arduino15/packages/arduino/tools/avr-gcc/7.3.0-atmel3.6.1-arduino7/bin/../lib/gcc/avr/7.3.0/avr6\libgcc.a(_copy_data.o)
 .debug_line    0x00000242       0x86 c:/users/baciu/appdata/local/arduino15/packages/arduino/tools/avr-gcc/7.3.0-atmel3.6.1-arduino7/bin/../lib/gcc/avr/7.3.0/avr6\libgcc.a(_clear_bss.o)
 .debug_line    0x000002c8       0xb0 c:/users/baciu/appdata/local/arduino15/packages/arduino/tools/avr-gcc/7.3.0-atmel3.6.1-arduino7/bin/../lib/gcc/avr/7.3.0/avr6\libgcc.a(_ctors.o)
 .debug_line    0x00000378       0x86 c:/users/baciu/appdata/local/arduino15/packages/arduino/tools/avr-gcc/7.3.0-atmel3.6.1-arduino7/bin/../lib/gcc/avr/7.3.0/avr6\libgcc.a(_tablejump2.o)

.debug_frame
 *(.debug_frame)

.debug_str      0x00000000      0x3e6
 *(.debug_str)
 .debug_str     0x00000000      0x3e6 c:/users/baciu/appdata/local/arduino15/packages/arduino/tools/avr-gcc/7.3.0-atmel3.6.1-arduino7/bin/../lib/gcc/avr/7.3.0/../../../../avr/lib/avr6/crtatmega2560.o

.debug_loc
 *(.debug_loc)

.debug_macinfo
 *(.debug_macinfo)

.debug_weaknames
 *(.debug_weaknames)

.debug_funcnames
 *(.debug_funcnames)

.debug_typenames
 *(.debug_typenames)

.debug_varnames
 *(.debug_varnames)

.debug_pubtypes
 *(.debug_pubtypes)

.debug_ranges
 *(.debug_ranges)

.debug_macro
 *(.debug_macro)
OUTPUT(build-mega-atmega2560/avr_gcc.elf elf32-avr)
LOAD linker stubs
